###############################################################################
#
# IAR ELF Linker V3.11.1.207 for STM8                     13/Sep/2019  22:01:04
# Copyright 2010-2019 IAR Systems AB.
#
#    Output file  =  
#        C:\Amit_Chaudhary\STM8\STM8L\Code\STM8L101F3_FW\STM8L101F3P6_CPP -
#        Txn\Debug\Exe\STM8L101F3_FW_CPP.out
#    Map file     =  
#        C:\Amit_Chaudhary\STM8\STM8L\Code\STM8L101F3_FW\STM8L101F3P6_CPP -
#        Txn\Debug\List\STM8L101F3_FW_CPP.map
#    Command line =  
#        -f C:\Users\amit4\AppData\Local\Temp\EW1B40.tmp
#        ("C:\Amit_Chaudhary\STM8\STM8L\Code\STM8L101F3_FW\STM8L101F3P6_CPP -
#        Txn\Debug\Obj\gpio_tests.o"
#        "C:\Amit_Chaudhary\STM8\STM8L\Code\STM8L101F3_FW\STM8L101F3P6_CPP -
#        Txn\Debug\Obj\i2c.o"
#        "C:\Amit_Chaudhary\STM8\STM8L\Code\STM8L101F3_FW\STM8L101F3P6_CPP -
#        Txn\Debug\Obj\i2c_tests.o"
#        "C:\Amit_Chaudhary\STM8\STM8L\Code\STM8L101F3_FW\STM8L101F3P6_CPP -
#        Txn\Debug\Obj\main.o"
#        "C:\Amit_Chaudhary\STM8\STM8L\Code\STM8L101F3_FW\STM8L101F3P6_CPP -
#        Txn\Debug\Obj\stm8l10x_clk.o"
#        "C:\Amit_Chaudhary\STM8\STM8L\Code\STM8L101F3_FW\STM8L101F3P6_CPP -
#        Txn\Debug\Obj\stm8l10x_i2c.o"
#        "C:\Amit_Chaudhary\STM8\STM8L\Code\STM8L101F3_FW\STM8L101F3P6_CPP -
#        Txn\Debug\Obj\stm8l10x_it.o"
#        "C:\Amit_Chaudhary\STM8\STM8L\Code\STM8L101F3_FW\STM8L101F3P6_CPP -
#        Txn\Debug\Obj\system.o" --redirect _Printf=_PrintfFullNoMb --redirect
#        _Scanf=_ScanfFullNoMb --no_out_extension -o
#        "C:\Amit_Chaudhary\STM8\STM8L\Code\STM8L101F3_FW\STM8L101F3P6_CPP -
#        Txn\Debug\Exe\STM8L101F3_FW_CPP.out" --map
#        "C:\Amit_Chaudhary\STM8\STM8L\Code\STM8L101F3_FW\STM8L101F3P6_CPP -
#        Txn\Debug\List\STM8L101F3_FW_CPP.map" --config "C:\Program Files
#        (x86)\IAR Systems\Embedded Workbench
#        8.0\stm8\config\lnkstm8l101f3.icf" --config_def _CSTACK_SIZE=0x100
#        --config_def _HEAP_SIZE=0x100 --entry __iar_program_start --debug_lib)
#
###############################################################################

*******************************************************************************
*** RUNTIME MODEL ATTRIBUTES
***

__SystemLibrary            = DLib
__code_model               = small
__core                     = stm8
__data_model               = medium
__dlib_file_descriptor     = 0
__dlib_full_locale_support = 0
__rt_version               = 4


*******************************************************************************
*** PLACEMENT SUMMARY
***

"A0":  place at start of [0x000000-0x0000ff] { rw section .vregs };
"A1":  place at end of [0x000000-0x0005ff] { block CSTACK };
"P2":  place in [from 0x000000 to 0x0005ff] {
          block HEAP, rw section __DLIB_PERTHREAD, rw section .far.bss,
          rw section .far.data, rw section .far.noinit,
          rw section .far_func.textrw, rw section .huge.bss,
          rw section .huge.data, rw section .huge.noinit,
          rw section .huge_func.textrw, rw section .iar.dynexit,
          rw section .near.bss, rw section .near.data, rw section .near.noinit,
          rw section .near_func.textrw };
"A2":  place at start of [0x008000-0x009fff] { block INTVEC };
"P3":  place in [from 0x008000 to 0x009fff] {
          ro section __DLIB_PERTHREAD_init, ro section .far.data_init,
          ro section .far_func.textrw_init, ro section .huge.data_init,
          ro section .huge_func.textrw_init, ro section .iar.init_table,
          ro section .init_array, ro section .near.data_init,
          ro section .near.rodata, ro section .near_func.text,
          ro section .near_func.textrw_init, ro section .tiny.data_init,
          ro section .tiny.rodata_init };
"P4":  place in [from 0x008000 to 0x009fff] {
          ro section .far.rodata, ro section .far_func.text };
"P5":  place in [from 0x008000 to 0x009fff] {
          ro section .huge.rodata, ro section .huge_func.text };
do not initialize {
   rw section .far.noinit, rw section .huge.noinit, rw section .near.noinit,
   rw section .tiny.noinit, rw section .vregs };
initialize by copy {
   rw section .far.bss, rw section .far.data, rw section .far_func.textrw,
   rw section .huge.bss, rw section .huge.data, rw section .huge_func.textrw,
   rw section .iar.dynexit, rw section .near.bss, rw section .near.data,
   rw section .near_func.textrw, rw section .tiny.bss, rw section .tiny.data,
   ro section .tiny.rodata };

No sections matched the following patterns:

  ro section .far.data_init          in "P3-P5"
  ro section .far.rodata             in "P3-P5"
  ro section .far_func.text          in "P3-P5"
  ro section .far_func.textrw_init   in "P3-P5"
  ro section .huge.data_init         in "P3-P5"
  ro section .huge.rodata            in "P3-P5"
  ro section .huge_func.text         in "P3-P5"
  ro section .huge_func.textrw_init  in "P3-P5"
  ro section .iar.init_table         in "P3-P5"
  ro section .init_array             in "P3-P5"
  ro section .near_func.textrw_init  in "P3-P5"
  ro section .tiny.data_init         in "P3-P5"
  ro section .tiny.rodata_init       in "P3-P5"
  ro section __DLIB_PERTHREAD_init   in "P3-P5"
  rw section .far.bss                in "P2"
  rw section .far.data               in "P2"
  rw section .far.noinit             in "P2"
  rw section .far_func.textrw        in "P2"
  rw section .huge.bss               in "P2"
  rw section .huge.data              in "P2"
  rw section .huge.noinit            in "P2"
  rw section .huge_func.textrw       in "P2"
  rw section .iar.dynexit            in "P2"
  rw section .near.noinit            in "P2"
  rw section .near_func.textrw       in "P2"
  rw section .tiny.bss               in "P1"
  rw section .tiny.data              in "P1"
  rw section .tiny.noinit            in "P1"
  rw section .tiny.rodata            in "P1"
  rw section __DLIB_PERTHREAD        in "P2"


  Section            Kind      Address    Size  Object
  -------            ----      -------    ----  ------
"A0":                                     0x10
  .vregs             uninit   0x000000    0x10  vregs.o [4]
                            - 0x000010    0x10

"P2", part 1 of 2:                        0x11
  P2-1                        0x000010    0x11  <Init block>
    .near.data       inited   0x000010     0x1  i2c_tests.o [1]
    .near.data       inited   0x000011    0x10  system.o [1]
                            - 0x000021    0x11

"P2", part 2 of 2:                       0x132
  .near.bss          zero     0x000021   0x10a  i2c_tests.o [1]
  .near.bss          zero     0x00012b     0xa  i2c_tests.o [1]
  .near.bss          zero     0x000135     0xa  i2c_tests.o [1]
  .near.bss          zero     0x00013f     0xa  i2c_tests.o [1]
  .near.bss          zero     0x000149     0x2  i2c.o [1]
  .near.bss          zero     0x00014b     0x2  i2c.o [1]
  .near.bss          zero     0x00014d     0x1  i2c_tests.o [1]
  .near.bss          zero     0x00014e     0x1  i2c_tests.o [1]
  .near.bss          zero     0x00014f     0x1  i2c_tests.o [1]
  .near.bss          zero     0x000150     0x1  i2c_tests.o [1]
  .near.bss          zero     0x000151     0x1  i2c_tests.o [1]
  .near.bss          zero     0x000152     0x1  i2c_tests.o [1]
                            - 0x000153   0x132

"A1":                                    0x100
  CSTACK                      0x000500   0x100  <Block>
    CSTACK           uninit   0x000500   0x100  <Block tail>
                            - 0x000600   0x100

"A2":                                     0x80
  INTVEC                      0x008000    0x80  <Block>
    .intvec          const    0x008000    0x80  interrupt.o [4]
                            - 0x008080    0x80

"P3-P5":                                0x1257
  .near_func.text    ro code  0x008080   0x253  i2c_tests.o [1]
  .near_func.text    ro code  0x0082d3   0x219  i2c.o [1]
  .near_func.text    ro code  0x0084ec   0x1fd  i2c.o [1]
  .near_func.text    ro code  0x0086e9   0x15f  stm8l10x_i2c.o [1]
  .near_func.text    ro code  0x008848   0x110  long.o [4]
  .near_func.text    ro code  0x008958    0xf2  vreg_util.o [4]
  .near_func.text    ro code  0x008a4a    0x82  i2c.o [1]
  .near_func.text    ro code  0x008acc    0x80  i2c.o [1]
  .near_func.text    ro code  0x008b4c    0x7f  i2c.o [1]
  .near.rodata       const    0x008bcb    0x74  stm8l10x_i2c.o [1]
  .near_func.text    ro code  0x008c3f    0x73  i2c.o [1]
  .near_func.text    ro code  0x008cb2    0x4a  i2c.o [1]
  .near_func.text    ro code  0x008cfc    0x3f  short.o [4]
  .near_func.text    ro code  0x008d3b    0x34  i2c.o [1]
  .near_func.text    ro code  0x008d6f    0x30  memcmp.o [4]
  .near_func.text    ro code  0x008d9f    0x28  i2c.o [1]
  .near_func.text    ro code  0x008dc7    0x28  init_small.o [4]
  .near_func.text    ro code  0x008def    0x25  dc_util.o [4]
  .near_func.text    ro code  0x008e14    0x24  i2c_tests.o [1]
  .near_func.text    ro code  0x008e38    0x24  i2c_tests.o [1]
  .iar.init_table    const    0x008e5c    0x12  - Linker created -
  .near_func.text    ro code  0x008e6e    0x20  i2c.o [1]
  .near_func.text    ro code  0x008e8e    0x1e  init_small.o [4]
  .near_func.text    ro code  0x008eac    0x1b  i2c.o [1]
  .near_func.text    ro code  0x008ec7    0x18  stm8l10x_clk.o [1]
  .near_func.text    ro code  0x008edf    0x18  stm8l10x_it.o [1]
  .near_func.text    ro code  0x008ef7    0x18  stm8l10x_it.o [1]
  .near_func.text    ro code  0x008f0f    0x18  stm8l10x_it.o [1]
  .near_func.text    ro code  0x008f27    0x18  stm8l10x_it.o [1]
  .near_func.text    ro code  0x008f3f    0x18  stm8l10x_it.o [1]
  .near_func.text    ro code  0x008f57    0x18  stm8l10x_it.o [1]
  .near_func.text    ro code  0x008f6f    0x18  stm8l10x_it.o [1]
  .near_func.text    ro code  0x008f87    0x18  stm8l10x_it.o [1]
  .near_func.text    ro code  0x008f9f    0x18  long_util.o [4]
  .near_func.text    ro code  0x008fb7    0x16  i2c.o [1]
  .near_func.text    ro code  0x008fcd    0x16  i2c_tests.o [1]
  .near_func.text    ro code  0x008fe3    0x16  stm8l10x_i2c.o [1]
  .near_func.text    ro code  0x008ff9    0x14  init.o [4]
  .near_func.text    ro code  0x00900d    0x14  __dbg_xxexit.o [3]
  .near_func.text    ro code  0x009021    0x13  i2c_tests.o [1]
  .near_func.text    ro code  0x009034    0x13  stm8l10x_it.o [1]
  .near_func.text    ro code  0x009047    0x13  cstartup.o [4]
  .near_func.text    ro code  0x00905a    0x12  main.o [1]
  Initializer bytes  const    0x00906c    0x11  <for P2-1>
  .near_func.text    ro code  0x00907d     0xe  i2c.o [1]
  .near_func.text    ro code  0x00908b     0xe  i2c.o [1]
  .near_func.text    ro code  0x009099     0xd  i2c.o [1]
  .near_func.text    ro code  0x0090a6     0xd  i2c.o [1]
  .near_func.text    ro code  0x0090b3     0xd  i2c.o [1]
  .near_func.text    ro code  0x0090c0     0xd  i2c_tests.o [1]
  .near_func.text    ro code  0x0090cd     0xc  i2c.o [1]
  .near_func.text    ro code  0x0090d9     0xc  i2c.o [1]
  .near_func.text    ro code  0x0090e5     0xc  i2c_tests.o [1]
  .near_func.text    ro code  0x0090f1     0xb  i2c.o [1]
  .near_func.text    ro code  0x0090fc     0xb  i2c.o [1]
  .near_func.text    ro code  0x009107     0xb  i2c.o [1]
  .near_func.text    ro code  0x009112     0xb  stm8l10x_i2c.o [1]
  .near_func.text    ro code  0x00911d     0xa  i2c.o [1]
  .near_func.text    ro code  0x009127     0xa  i2c.o [1]
  .near_func.text    ro code  0x009131     0xa  i2c.o [1]
  .near_func.text    ro code  0x00913b     0x9  i2c.o [1]
  .near_func.text    ro code  0x009144     0x9  i2c.o [1]
  .near_func.text    ro code  0x00914d     0x9  i2c.o [1]
  .near_func.text    ro code  0x009156     0x9  i2c.o [1]
  .near_func.text    ro code  0x00915f     0x9  i2c.o [1]
  .near_func.text    ro code  0x009168     0x9  i2c.o [1]
  .near_func.text    ro code  0x009171     0x9  i2c.o [1]
  .near_func.text    ro code  0x00917a     0x9  i2c.o [1]
  .near_func.text    ro code  0x009183     0x9  i2c_tests.o [1]
  .near_func.text    ro code  0x00918c     0x9  i2c_tests.o [1]
  .near_func.text    ro code  0x009195     0x9  i2c_tests.o [1]
  .near_func.text    ro code  0x00919e     0x9  i2c_tests.o [1]
  .near_func.text    ro code  0x0091a7     0x9  i2c_tests.o [1]
  .near_func.text    ro code  0x0091b0     0x9  i2c_tests.o [1]
  .near_func.text    ro code  0x0091b9     0x9  i2c_tests.o [1]
  .near_func.text    ro code  0x0091c2     0x9  stm8l10x_i2c.o [1]
  .near_func.text    ro code  0x0091cb     0x8  i2c.o [1]
  .near_func.text    ro code  0x0091d3     0x8  i2c.o [1]
  .near_func.text    ro code  0x0091db     0x8  i2c.o [1]
  .near_func.text    ro code  0x0091e3     0x8  i2c.o [1]
  .near_func.text    ro code  0x0091eb     0x8  i2c.o [1]
  .near_func.text    ro code  0x0091f3     0x8  i2c.o [1]
  .near_func.text    ro code  0x0091fb     0x8  i2c.o [1]
  .near_func.text    ro code  0x009203     0x8  i2c.o [1]
  .near_func.text    ro code  0x00920b     0x7  i2c.o [1]
  .near_func.text    ro code  0x009212     0x7  i2c.o [1]
  .near_func.text    ro code  0x009219     0x7  i2c.o [1]
  .near_func.text    ro code  0x009220     0x7  i2c.o [1]
  .near_func.text    ro code  0x009227     0x7  i2c.o [1]
  .near_func.text    ro code  0x00922e     0x7  i2c.o [1]
  .near_func.text    ro code  0x009235     0x7  i2c.o [1]
  .near_func.text    ro code  0x00923c     0x7  stm8l10x_it.o [1]
  .near_func.text    ro code  0x009243     0x6  i2c.o [1]
  .near_func.text    ro code  0x009249     0x6  i2c.o [1]
  .near_func.text    ro code  0x00924f     0x6  i2c.o [1]
  .near_func.text    ro code  0x009255     0x6  i2c.o [1]
  .near_func.text    ro code  0x00925b     0x6  i2c.o [1]
  .near_func.text    ro code  0x009261     0x6  i2c.o [1]
  .near_func.text    ro code  0x009267     0x6  stm8l10x_i2c.o [1]
  .near_func.text    ro code  0x00926d     0x5  i2c.o [1]
  .near_func.text    ro code  0x009272     0x5  i2c.o [1]
  .near_func.text    ro code  0x009277     0x5  i2c.o [1]
  .near_func.text    ro code  0x00927c     0x5  i2c_tests.o [1]
  .near_func.text    ro code  0x009281     0x5  i2c_tests.o [1]
  .near_func.text    ro code  0x009286     0x5  i2c_tests.o [1]
  .near_func.text    ro code  0x00928b     0x5  i2c_tests.o [1]
  .near_func.text    ro code  0x009290     0x5  cexit.o [4]
  .near.rodata       const    0x009295     0x4  stm8l10x_clk.o [1]
  .near_func.text    ro code  0x009299     0x4  i2c.o [1]
  .near_func.text    ro code  0x00929d     0x4  i2c.o [1]
  .near_func.text    ro code  0x0092a1     0x4  i2c.o [1]
  .near_func.text    ro code  0x0092a5     0x4  i2c.o [1]
  .near_func.text    ro code  0x0092a9     0x4  i2c.o [1]
  .near_func.text    ro code  0x0092ad     0x4  i2c_tests.o [1]
  .near_func.text    ro code  0x0092b1     0x4  i2c_tests.o [1]
  .near_func.text    ro code  0x0092b5     0x4  i2c_tests.o [1]
  .near_func.text    ro code  0x0092b9     0x3  interrupt.o [4]
  .near_func.text    ro code  0x0092bc     0x3  low_level_init.o [4]
  .near_func.text    ro code  0x0092bf     0x3  exit.o [4]
  .near_func.text    ro code  0x0092c2     0x3  unhandled_exception.o [4]
  .near_func.text    ro code  0x0092c5     0x2  main.o [1]
  .near_func.text    ro code  0x0092c7     0x1  stm8l10x_it.o [1]
  .near_func.text    ro code  0x0092c8     0x1  stm8l10x_it.o [1]
  .near_func.text    ro code  0x0092c9     0x1  stm8l10x_it.o [1]
  .near_func.text    ro code  0x0092ca     0x1  stm8l10x_it.o [1]
  .near_func.text    ro code  0x0092cb     0x1  stm8l10x_it.o [1]
  .near_func.text    ro code  0x0092cc     0x1  stm8l10x_it.o [1]
  .near_func.text    ro code  0x0092cd     0x1  stm8l10x_it.o [1]
  .near_func.text    ro code  0x0092ce     0x1  stm8l10x_it.o [1]
  .near_func.text    ro code  0x0092cf     0x1  stm8l10x_it.o [1]
  .near_func.text    ro code  0x0092d0     0x1  stm8l10x_it.o [1]
  .near_func.text    ro code  0x0092d1     0x1  stm8l10x_it.o [1]
  .near_func.text    ro code  0x0092d2     0x1  stm8l10x_it.o [1]
  .near_func.text    ro code  0x0092d3     0x1  stm8l10x_it.o [1]
  .near_func.text    ro code  0x0092d4     0x1  stm8l10x_it.o [1]
  .near_func.text    ro code  0x0092d5     0x1  system.o [1]
  .near_func.text    ro code  0x0092d6     0x1  __dbg_break.o [3]
                            - 0x0092d7  0x1257


*******************************************************************************
*** INIT TABLE
***

          Address   Size
          -------   ----
Zero (__iar_zero_init2)
    1 destination range, total size 0x132:
          0x000021  0x132

Copy (__iar_copy_init2)
    1 source range, total size 0x11:
          0x00906c   0x11
    1 destination range, total size 0x11:
          0x000010   0x11



*******************************************************************************
*** MODULE SUMMARY
***

    Module                 ro code  ro data  rw data
    ------                 -------  -------  -------
C:\Amit_Chaudhary\STM8\STM8L\Code\STM8L101F3_FW\STM8L101F3P6_CPP - Txn\Debug\Obj: [1]
    i2c.o                    2 203                 4
    i2c_tests.o                828        1      303
    main.o                      20
    stm8l10x_clk.o              24        4
    stm8l10x_i2c.o             399      116
    stm8l10x_it.o              232
    system.o                     1       16       16
    ------------------------------------------------
    Total:                   3 707      137      323

command line: [2]
    ------------------------------------------------
    Total:

dbgstm8smd.a: [3]
    __dbg_break.o                1
    __dbg_xxexit.o              20
    ------------------------------------------------
    Total:                      21

dlstm8smn.a: [4]
    cexit.o                      5
    cstartup.o                  19
    dc_util.o                   37
    exit.o                       3
    init.o                      20
    init_small.o                70
    interrupt.o                  3      128
    long.o                     272
    long_util.o                 24
    low_level_init.o             3
    memcmp.o                    48
    short.o                     63
    unhandled_exception.o        3
    vreg_util.o                242
    vregs.o                                       16
    ------------------------------------------------
    Total:                     812      128       16

    Linker created                       18      256
----------------------------------------------------
    Grand Total:             4 540      283      595


*******************************************************************************
*** ENTRY LIST
***

Entry                    Address   Size  Type      Object
-----                    -------   ----  ----      ------
.iar.init_table$$Base   0x008e5c          --   Gb  - Linker created -
.iar.init_table$$Limit  0x008e6e          --   Gb  - Linker created -
?b0                     0x000000         Data  Gb  vregs.o [4]
?b1                     0x000001         Data  Gb  vregs.o [4]
?b10                    0x00000a         Data  Gb  vregs.o [4]
?b11                    0x00000b         Data  Gb  vregs.o [4]
?b12                    0x00000c         Data  Gb  vregs.o [4]
?b13                    0x00000d         Data  Gb  vregs.o [4]
?b14                    0x00000e         Data  Gb  vregs.o [4]
?b15                    0x00000f         Data  Gb  vregs.o [4]
?b2                     0x000002         Data  Gb  vregs.o [4]
?b3                     0x000003         Data  Gb  vregs.o [4]
?b4                     0x000004         Data  Gb  vregs.o [4]
?b5                     0x000005         Data  Gb  vregs.o [4]
?b6                     0x000006         Data  Gb  vregs.o [4]
?b7                     0x000007         Data  Gb  vregs.o [4]
?b8                     0x000008         Data  Gb  vregs.o [4]
?b9                     0x000009         Data  Gb  vregs.o [4]
?dc32_l0                0x008def         Code  Gb  dc_util.o [4]
?dc32_l1                0x008dfc         Code  Gb  dc_util.o [4]
?dc32_px                0x008e09         Code  Gb  dc_util.o [4]
?e0                     0x000001         Data  Gb  vregs.o [4]
?e1                     0x000005         Data  Gb  vregs.o [4]
?e2                     0x000009         Data  Gb  vregs.o [4]
?e3                     0x00000d         Data  Gb  vregs.o [4]
?epilogue_l2            0x0089f3         Code  Gb  vreg_util.o [4]
?epilogue_l2_l3         0x0089f0         Code  Gb  vreg_util.o [4]
?epilogue_l2_w6         0x0089f7         Code  Gb  vreg_util.o [4]
?epilogue_w4            0x0089fe         Code  Gb  vreg_util.o [4]
?l0                     0x000000         Data  Gb  vregs.o [4]
?l1                     0x000004         Data  Gb  vregs.o [4]
?l2                     0x000008         Data  Gb  vregs.o [4]
?l3                     0x00000c         Data  Gb  vregs.o [4]
?load32_l0_0x           0x008f9f         Code  Gb  long_util.o [4]
?load32_l1_0x           0x008fab         Code  Gb  long_util.o [4]
?mov_e0_e2              0x008a0c         Code  Gb  vreg_util.o [4]
?mov_e0_e3              0x008a19         Code  Gb  vreg_util.o [4]
?mov_e1_e0              0x008a26         Code  Gb  vreg_util.o [4]
?mov_e2_e0              0x008a33         Code  Gb  vreg_util.o [4]
?mov_e3_e0              0x008a40         Code  Gb  vreg_util.o [4]
?mov_l0_l2              0x008a09         Code  Gb  vreg_util.o [4]
?mov_l0_l3              0x008a16         Code  Gb  vreg_util.o [4]
?mov_l1_l0              0x008a23         Code  Gb  vreg_util.o [4]
?mov_l2_l0              0x008a30         Code  Gb  vreg_util.o [4]
?mov_l3_l0              0x008a3d         Code  Gb  vreg_util.o [4]
?mov_w1_w5              0x008a0f         Code  Gb  vreg_util.o [4]
?mov_w1_w7              0x008a1c         Code  Gb  vreg_util.o [4]
?mov_w3_w1              0x008a29         Code  Gb  vreg_util.o [4]
?mov_w4_w1              0x008a02         Code  Gb  vreg_util.o [4]
?mov_w5_w1              0x008a36         Code  Gb  vreg_util.o [4]
?mov_w7_w1              0x008a43         Code  Gb  vreg_util.o [4]
?mul16_x_x_w0           0x008cfc         Code  Gb  short.o [4]
?mul32_l0_l0_0x         0x00884b         Code  Gb  long.o [4]
?mul32_l0_l0_dl         0x008848         Code  Gb  long.o [4]
?mul32_l0_l0_l1         0x008854         Code  Gb  long.o [4]
?pop_l0                 0x0089bc         Code  Gb  vreg_util.o [4]
?pop_l1                 0x0089c7         Code  Gb  vreg_util.o [4]
?pop_l2                 0x0089d2         Code  Gb  vreg_util.o [4]
?pop_l3                 0x0089dd         Code  Gb  vreg_util.o [4]
?pop_w4                 0x008975         Code  Gb  vreg_util.o [4]
?pop_w6                 0x00897c         Code  Gb  vreg_util.o [4]
?push_l0                0x00898b         Code  Gb  vreg_util.o [4]
?push_l1                0x008990         Code  Gb  vreg_util.o [4]
?push_l2                0x008995         Code  Gb  vreg_util.o [4]
?push_l3                0x00899a         Code  Gb  vreg_util.o [4]
?push_w4                0x008958         Code  Gb  vreg_util.o [4]
?push_w6                0x00895d         Code  Gb  vreg_util.o [4]
?sdiv16_x_x_y           0x008d1a         Code  Gb  short.o [4]
?sll32_0x_0x_a          0x00894a         Code  Gb  long.o [4]
?sll32_l0_l0_a          0x008947         Code  Gb  long.o [4]
?srl16_x_x_4            0x008d36         Code  Gb  short.o [4]
?srl16_x_x_5            0x008d35         Code  Gb  short.o [4]
?srl16_x_x_6            0x008d34         Code  Gb  short.o [4]
?srl16_x_x_7            0x008d33         Code  Gb  short.o [4]
?udiv32_l0_dl_l1        0x0088d2         Code  Gb  long.o [4]
?udiv32_l0_l0_dl        0x0088d7         Code  Gb  long.o [4]
?udiv32_l0_l0_l1        0x0088da         Code  Gb  long.o [4]
?umod32_l1_l0_l1        0x0088da         Code  Gb  long.o [4]
?w0                     0x000000         Data  Gb  vregs.o [4]
?w1                     0x000002         Data  Gb  vregs.o [4]
?w2                     0x000004         Data  Gb  vregs.o [4]
?w3                     0x000006         Data  Gb  vregs.o [4]
?w4                     0x000008         Data  Gb  vregs.o [4]
?w5                     0x00000a         Data  Gb  vregs.o [4]
?w6                     0x00000c         Data  Gb  vregs.o [4]
?w7                     0x00000e         Data  Gb  vregs.o [4]
AWU_IRQHandler()        0x0092c9    0x1  Code  Gb  stm8l10x_it.o [1]
CLK_GetClockFreq()      0x008ec7   0x18  Code  Gb  stm8l10x_clk.o [1]
COMP_IRQHandler()       0x0092cc    0x1  Code  Gb  stm8l10x_it.o [1]
CSTACK$$Base            0x000500          --   Gb  - Linker created -
CSTACK$$Limit           0x000600          --   Gb  - Linker created -
DigitalOut<(Port_t)20490, (PIN_t)1, (Mode_t)6>::SetOutputMode()
                        0x009099    0xd  Code  Gb  i2c.o [1]
DigitalOut<(Port_t)20490, (PIN_t)2, (Mode_t)6>::SetOutputMode()
                        0x0090a6    0xd  Code  Gb  i2c.o [1]
Dummy_ISR()             0x0092d5    0x1  Code  Gb  system.o [1]
EXTI0_IRQHandler()      0x008edf   0x18  Code  Gb  stm8l10x_it.o [1]
EXTI1_IRQHandler()      0x008ef7   0x18  Code  Gb  stm8l10x_it.o [1]
EXTI2_IRQHandler()      0x008f0f   0x18  Code  Gb  stm8l10x_it.o [1]
EXTI3_IRQHandler()      0x008f27   0x18  Code  Gb  stm8l10x_it.o [1]
EXTI4_IRQHandler()      0x008f3f   0x18  Code  Gb  stm8l10x_it.o [1]
EXTI5_IRQHandler()      0x008f57   0x18  Code  Gb  stm8l10x_it.o [1]
EXTI6_IRQHandler()      0x008f6f   0x18  Code  Gb  stm8l10x_it.o [1]
EXTI7_IRQHandler()      0x008f87   0x18  Code  Gb  stm8l10x_it.o [1]
EXTIB_IRQHandler()      0x0092ca    0x1  Code  Gb  stm8l10x_it.o [1]
EXTID_IRQHandler()      0x0092cb    0x1  Code  Gb  stm8l10x_it.o [1]
EXTI_ISRs               0x000011   0x10  Data  Gb  system.o [1]
Err                     0x00014b    0x2  Data  Gb  i2c.o [1]
FLASH_IRQHandler()      0x0092c8    0x1  Code  Gb  stm8l10x_it.o [1]
HSIDivFactor            0x009295    0x4  Data  Lc  stm8l10x_clk.o [1]
I2CCallback(i2c::I2CStatus_t)
                        0x00928b    0x5  Code  Gb  i2c_tests.o [1]
I2CCallback(i2c::I2CStatus_t)::count
                        0x000150    0x1  Data  Lc  i2c_tests.o [1]
I2CDevIntr              0x000021  0x10a  Data  Gb  i2c_tests.o [1]
I2C_Cmd(FunctionalState)
                        0x008fe3   0x16  Code  Gb  stm8l10x_i2c.o [1]
I2C_IRQHandler()        0x009034   0x13  Code  Gb  stm8l10x_it.o [1]
I2C_Init(unsigned long, unsigned short, I2C_DutyCycle_TypeDef, I2C_Ack_TypeDef, I2C_AcknowledgedAddress_TypeDef)
                        0x0086e9  0x15f  Code  Gb  stm8l10x_i2c.o [1]
I2c_Poll_Tests()        0x008080  0x253  Code  Gb  i2c_tests.o [1]
INTVEC$$Base            0x008000          --   Gb  - Linker created -
INTVEC$$Limit           0x008080          --   Gb  - Linker created -
Region$$Table$$Base     0x008e5c          --   Gb  - Linker created -
Region$$Table$$Limit    0x008e6e          --   Gb  - Linker created -
RepeatedStart           0x00014d    0x1  Data  Gb  i2c_tests.o [1]
RxBuf                   0x000135    0xa  Data  Gb  i2c_tests.o [1]
RxLen                   0x00014f    0x1  Data  Gb  i2c_tests.o [1]
SPI_IRQHandler()        0x0092d2    0x1  Code  Gb  stm8l10x_it.o [1]
SlaveAddress            0x000010    0x1  Data  Gb  i2c_tests.o [1]
TIM2_CAP_IRQHandler()   0x0092ce    0x1  Code  Gb  stm8l10x_it.o [1]
TIM2_UPD_OVF_TRG_BRK_IRQHandler()
                        0x0092cd    0x1  Code  Gb  stm8l10x_it.o [1]
TIM3_CAP_IRQHandler()   0x0092d0    0x1  Code  Gb  stm8l10x_it.o [1]
TIM3_UPD_OVF_TRG_BRK_IRQHandler()
                        0x0092cf    0x1  Code  Gb  stm8l10x_it.o [1]
TIM4_UPD_OVF_IRQHandler()
                        0x0092d1    0x1  Code  Gb  stm8l10x_it.o [1]
TRAP_IRQHandler()       0x0092c7    0x1  Code  Gb  stm8l10x_it.o [1]
Transaction             0x00013f    0xa  Data  Gb  i2c_tests.o [1]
TxBuf                   0x00012b    0xa  Data  Gb  i2c_tests.o [1]
TxLen                   0x00014e    0x1  Data  Gb  i2c_tests.o [1]
USART_RX_IRQHandler()   0x0092d4    0x1  Code  Gb  stm8l10x_it.o [1]
USART_TX_IRQHandler()   0x0092d3    0x1  Code  Gb  stm8l10x_it.o [1]
__DebugBreak            0x0092d6    0x1  Code  Gb  __dbg_break.o [3]
__exit                  0x00900d   0x14  Code  Gb  __dbg_xxexit.o [3]
__iar_copy_init2        0x008dc7         Code  Gb  init_small.o [4]
__iar_data_init2        0x008ff9   0x14  Code  Gb  init.o [4]
__iar_program_start     0x009047         Code  Gb  cstartup.o [4]
__iar_unhandled_exception
                        0x0092c2         Code  Gb  unhandled_exception.o [4]
__iar_zero_init2        0x008e8e         Code  Gb  init_small.o [4]
__intvec                0x008000         Data  Gb  interrupt.o [4]
__low_level_init        0x0092bc    0x3  Code  Gb  low_level_init.o [4]
_exit                   0x009290         Code  Gb  cexit.o [4]
_interrupt_1            0x0092c7         Code  Gb  stm8l10x_it.o [1]
_interrupt_10           0x008edf         Code  Gb  stm8l10x_it.o [1]
_interrupt_11           0x008ef7         Code  Gb  stm8l10x_it.o [1]
_interrupt_12           0x008f0f         Code  Gb  stm8l10x_it.o [1]
_interrupt_13           0x008f27         Code  Gb  stm8l10x_it.o [1]
_interrupt_14           0x008f3f         Code  Gb  stm8l10x_it.o [1]
_interrupt_15           0x008f57         Code  Gb  stm8l10x_it.o [1]
_interrupt_16           0x008f6f         Code  Gb  stm8l10x_it.o [1]
_interrupt_17           0x008f87         Code  Gb  stm8l10x_it.o [1]
_interrupt_20           0x0092cc         Code  Gb  stm8l10x_it.o [1]
_interrupt_21           0x0092cd         Code  Gb  stm8l10x_it.o [1]
_interrupt_22           0x0092ce         Code  Gb  stm8l10x_it.o [1]
_interrupt_23           0x0092cf         Code  Gb  stm8l10x_it.o [1]
_interrupt_24           0x0092d0         Code  Gb  stm8l10x_it.o [1]
_interrupt_27           0x0092d1         Code  Gb  stm8l10x_it.o [1]
_interrupt_28           0x0092d2         Code  Gb  stm8l10x_it.o [1]
_interrupt_29           0x0092d3         Code  Gb  stm8l10x_it.o [1]
_interrupt_3            0x0092c8         Code  Gb  stm8l10x_it.o [1]
_interrupt_30           0x0092d4         Code  Gb  stm8l10x_it.o [1]
_interrupt_31           0x009034         Code  Gb  stm8l10x_it.o [1]
_interrupt_6            0x0092c9         Code  Gb  stm8l10x_it.o [1]
_interrupt_8            0x0092ca         Code  Gb  stm8l10x_it.o [1]
_interrupt_9            0x0092cb         Code  Gb  stm8l10x_it.o [1]
assert_failed(unsigned char __near *, unsigned long)
                        0x0092c5    0x2  Code  Gb  main.o [1]
exit                    0x0092bf    0x3  Code  Gb  exit.o [4]
fail                    0x000152    0x1  Data  Lc  i2c_tests.o [1]
i2c::ADDR_Handler()     0x008acc   0x80  Code  Gb  i2c.o [1]
i2c::HwInit()           0x008d3b   0x34  Code  Gb  i2c.o [1]
i2c::I2C_ISR()          0x0082d3  0x219  Code  Gb  i2c.o [1]
i2c::I2cLogStates(i2c::I2CLogs_t)
                        0x008e6e   0x20  Code  Gb  i2c.o [1]
i2c::ScanBus(unsigned char __near *, unsigned char)
                        0x008cb2   0x4a  Code  Gb  i2c.o [1]
i2c::SendSlaveAddress(unsigned char, unsigned char)
                        0x008b4c   0x7f  Code  Gb  i2c.o [1]
i2c::TxnDoneHandler(unsigned char)
                        0x008a4a   0x82  Code  Gb  i2c.o [1]
i2c::WaitOnFlag(unsigned char volatile __near *, unsigned char, unsigned char, unsigned short)
                        0x008d9f   0x28  Code  Gb  i2c.o [1]
i2c::XferIntr(i2c::MasterTxn_t __near *)
                        0x008c3f   0x73  Code  Gb  i2c.o [1]
i2c::XferPoll(unsigned char, unsigned char __near *, unsigned char, unsigned char __near *, unsigned char, unsigned char)
                        0x0084ec  0x1fd  Code  Gb  i2c.o [1]
i2c::m_i2c_this         0x000149    0x2  Data  Gb  i2c.o [1]
main                    0x00905a   0x12  Code  Gb  main.o [1]
memcmp                  0x008d6f   0x30  Code  Gb  memcmp.o [4]
pass                    0x000151    0x1  Data  Lc  i2c_tests.o [1]


[1] = C:\Amit_Chaudhary\STM8\STM8L\Code\STM8L101F3_FW\STM8L101F3P6_CPP - Txn\Debug\Obj
[2] = command line
[3] = dbgstm8smd.a
[4] = dlstm8smn.a

  4 540 bytes of readonly  code memory
    283 bytes of readonly  data memory
    595 bytes of readwrite data memory

Errors: none
Warnings: none
