###############################################################################
#
# IAR ELF Linker V3.11.1.207 for STM8                     06/Jun/2020  09:56:50
# Copyright 2010-2019 IAR Systems AB.
#
#    Output file  =  
#        C:\Amit_Chaudhary\STM8\STM8L101\code\STM8L101F3_FW\STM8L101F3P6_CPP -
#        Spi - Har\Debug\Exe\STM8L101F3_FW_CPP.out
#    Map file     =  
#        C:\Amit_Chaudhary\STM8\STM8L101\code\STM8L101F3_FW\STM8L101F3P6_CPP -
#        Spi - Har\Debug\List\STM8L101F3_FW_CPP.map
#    Command line =  
#        -f C:\Users\AMITCH~1\AppData\Local\Temp\EWD158.tmp
#        ("C:\Amit_Chaudhary\STM8\STM8L101\code\STM8L101F3_FW\STM8L101F3P6_CPP
#        - Spi - Har\Debug\Obj\CmdSvr.o"
#        "C:\Amit_Chaudhary\STM8\STM8L101\code\STM8L101F3_FW\STM8L101F3P6_CPP -
#        Spi - Har\Debug\Obj\gpio_tests.o"
#        "C:\Amit_Chaudhary\STM8\STM8L101\code\STM8L101F3_FW\STM8L101F3P6_CPP -
#        Spi - Har\Debug\Obj\i2c.o"
#        "C:\Amit_Chaudhary\STM8\STM8L101\code\STM8L101F3_FW\STM8L101F3P6_CPP -
#        Spi - Har\Debug\Obj\I2C_Commands.o"
#        "C:\Amit_Chaudhary\STM8\STM8L101\code\STM8L101F3_FW\STM8L101F3P6_CPP -
#        Spi - Har\Debug\Obj\i2c_tests.o"
#        "C:\Amit_Chaudhary\STM8\STM8L101\code\STM8L101F3_FW\STM8L101F3P6_CPP -
#        Spi - Har\Debug\Obj\main.o"
#        "C:\Amit_Chaudhary\STM8\STM8L101\code\STM8L101F3_FW\STM8L101F3P6_CPP -
#        Spi - Har\Debug\Obj\Spi.o"
#        "C:\Amit_Chaudhary\STM8\STM8L101\code\STM8L101F3_FW\STM8L101F3P6_CPP -
#        Spi - Har\Debug\Obj\Spi_tests.o"
#        "C:\Amit_Chaudhary\STM8\STM8L101\code\STM8L101F3_FW\STM8L101F3P6_CPP -
#        Spi - Har\Debug\Obj\stm8l10x_clk.o"
#        "C:\Amit_Chaudhary\STM8\STM8L101\code\STM8L101F3_FW\STM8L101F3P6_CPP -
#        Spi - Har\Debug\Obj\stm8l10x_i2c.o"
#        "C:\Amit_Chaudhary\STM8\STM8L101\code\STM8L101F3_FW\STM8L101F3P6_CPP -
#        Spi - Har\Debug\Obj\stm8l10x_it.o"
#        "C:\Amit_Chaudhary\STM8\STM8L101\code\STM8L101F3_FW\STM8L101F3P6_CPP -
#        Spi - Har\Debug\Obj\stm8l10x_spi.o"
#        "C:\Amit_Chaudhary\STM8\STM8L101\code\STM8L101F3_FW\STM8L101F3P6_CPP -
#        Spi - Har\Debug\Obj\system.o" --redirect _Printf=_PrintfFullNoMb
#        --redirect _Scanf=_ScanfFullNoMb --no_out_extension -o
#        "C:\Amit_Chaudhary\STM8\STM8L101\code\STM8L101F3_FW\STM8L101F3P6_CPP -
#        Spi - Har\Debug\Exe\STM8L101F3_FW_CPP.out" --map
#        "C:\Amit_Chaudhary\STM8\STM8L101\code\STM8L101F3_FW\STM8L101F3P6_CPP -
#        Spi - Har\Debug\List\STM8L101F3_FW_CPP.map" --config "C:\Program Files
#        (x86)\IAR Systems\Embedded Workbench
#        8.3\stm8\config\lnkstm8l101f3.icf" --config_def _CSTACK_SIZE=0x100
#        --config_def _HEAP_SIZE=0x100 --entry __iar_program_start --debug_lib)
#
###############################################################################

*******************************************************************************
*** RUNTIME MODEL ATTRIBUTES
***

__SystemLibrary            = DLib
__code_model               = small
__core                     = stm8
__data_model               = medium
__dlib_file_descriptor     = 0
__dlib_full_locale_support = 0
__rt_version               = 4


*******************************************************************************
*** PLACEMENT SUMMARY
***

"A0":  place at start of [0x000000-0x0000ff] { rw section .vregs };
"A1":  place at end of [0x000000-0x0005ff] { block CSTACK };
"P2":  place in [from 0x000000 to 0x0005ff] {
          block HEAP, rw section __DLIB_PERTHREAD, rw section .far.bss,
          rw section .far.data, rw section .far.noinit,
          rw section .far_func.textrw, rw section .huge.bss,
          rw section .huge.data, rw section .huge.noinit,
          rw section .huge_func.textrw, rw section .iar.dynexit,
          rw section .near.bss, rw section .near.data, rw section .near.noinit,
          rw section .near_func.textrw };
"A2":  place at start of [0x008000-0x009fff] { block INTVEC };
"P3":  place in [from 0x008000 to 0x009fff] {
          ro section __DLIB_PERTHREAD_init, ro section .far.data_init,
          ro section .far_func.textrw_init, ro section .huge.data_init,
          ro section .huge_func.textrw_init, ro section .iar.init_table,
          ro section .init_array, ro section .near.data_init,
          ro section .near.rodata, ro section .near_func.text,
          ro section .near_func.textrw_init, ro section .tiny.data_init,
          ro section .tiny.rodata_init };
"P4":  place in [from 0x008000 to 0x009fff] {
          ro section .far.rodata, ro section .far_func.text };
"P5":  place in [from 0x008000 to 0x009fff] {
          ro section .huge.rodata, ro section .huge_func.text };
do not initialize {
   rw section .far.noinit, rw section .huge.noinit, rw section .near.noinit,
   rw section .tiny.noinit, rw section .vregs };
initialize by copy {
   rw section .far.bss, rw section .far.data, rw section .far_func.textrw,
   rw section .huge.bss, rw section .huge.data, rw section .huge_func.textrw,
   rw section .iar.dynexit, rw section .near.bss, rw section .near.data,
   rw section .near_func.textrw, rw section .tiny.bss, rw section .tiny.data,
   ro section .tiny.rodata };

No sections matched the following patterns:

  ro section .far.data_init          in "P3-P5"
  ro section .far.rodata             in "P3-P5"
  ro section .far_func.text          in "P3-P5"
  ro section .far_func.textrw_init   in "P3-P5"
  ro section .huge.data_init         in "P3-P5"
  ro section .huge.rodata            in "P3-P5"
  ro section .huge_func.text         in "P3-P5"
  ro section .huge_func.textrw_init  in "P3-P5"
  ro section .iar.init_table         in "P3-P5"
  ro section .near_func.textrw_init  in "P3-P5"
  ro section .tiny.data_init         in "P3-P5"
  ro section .tiny.rodata_init       in "P3-P5"
  ro section __DLIB_PERTHREAD_init   in "P3-P5"
  rw section .far.bss                in "P2"
  rw section .far.data               in "P2"
  rw section .far.noinit             in "P2"
  rw section .far_func.textrw        in "P2"
  rw section .huge.bss               in "P2"
  rw section .huge.data              in "P2"
  rw section .huge.noinit            in "P2"
  rw section .huge_func.textrw       in "P2"
  rw section .near.noinit            in "P2"
  rw section .near_func.textrw       in "P2"
  rw section .tiny.bss               in "P1"
  rw section .tiny.data              in "P1"
  rw section .tiny.noinit            in "P1"
  rw section .tiny.rodata            in "P1"
  rw section __DLIB_PERTHREAD        in "P2"


  Section             Kind      Address   Size  Object
  -------             ----      -------   ----  ------
"A0":                                     0x10
  .vregs              uninit   0x000000   0x10  vregs.o [4]
                             - 0x000010   0x10

"P2", part 1 of 3:                        0x21
  P2-1                         0x000010   0x21  <Init block>
    .near.data        inited   0x000010    0x7  CmdSvr.o [1]
    .near.data        inited   0x000017    0x4  CmdSvr.o [1]
    .near.data        inited   0x00001b    0x4  CmdSvr.o [1]
    .near.data        inited   0x00001f   0x10  system.o [1]
    .near.data        inited   0x00002f    0x2  cppinit.o [4]
                             - 0x000031   0x21

"P2", part 2 of 3:                        0xc6
  .iar.dynexit                 0x000031   0xc6  <Block>
    .iar.dynexit      uninit   0x000031    0x6  cppinit.o [4]
    .iar.dynexit      uninit   0x000037   0xc0  <Block tail>
                             - 0x0000f7   0xc6

"P2", part 3 of 3:                       0x121
  .near.bss           zero     0x0000f7  0x100  Spi_tests.o [1]
  .near.bss           zero     0x0001f7   0x13  Spi_tests.o [1]
  .near.bss           zero     0x00020a    0x4  CmdSvr.o [1]
  .near.bss           zero     0x00020e    0x4  Spi_tests.o [1]
  .near.bss           zero     0x000212    0x2  i2c.o [1]
  .near.bss           zero     0x000214    0x2  stm8l10x_it.o [1]
  .near.bss           zero     0x000216    0x2  cppinit.o [4]
                             - 0x000218  0x121

"A1":                                    0x100
  CSTACK                       0x000500  0x100  <Block>
    CSTACK            uninit   0x000500  0x100  <Block tail>
                             - 0x000600  0x100

"A2":                                     0x80
  INTVEC                       0x008000   0x80  <Block>
    .intvec           const    0x008000   0x80  interrupt.o [4]
                             - 0x008080   0x80

"P3-P5":                                 0xa20
  .near_func.text     ro code  0x008080  0x12e  i2c.o [1]
  .near_func.text     ro code  0x0081ae   0xd8  stm8l10x_spi.o [1]
  .near_func.text     ro code  0x008286   0x9e  vreg_util.o [4]
  .near.rodata        const    0x008324   0x7d  stm8l10x_spi.o [1]
  .near_func.text     ro code  0x0083a1   0x50  Spi.o [1]
  .near_func.text     ro code  0x0083f1   0x4e  cppinit.o [4]
  .near_func.text     ro code  0x00843f   0x49  Spi_tests.o [1]
  .near_func.text     ro code  0x008488   0x41  Spi.o [1]
  .near_func.text     ro code  0x0084c9   0x3e  Spi.o [1]
  .near_func.text     ro code  0x008507   0x35  cppinit.o [4]
  .near_func.text     ro code  0x00853c   0x2d  Spi.o [1]
  .near_func.text     ro code  0x008569   0x28  Spi.o [1]
  .near_func.text     ro code  0x008591   0x28  init_small.o [4]
  .near_func.text     ro code  0x0085b9   0x23  Spi_tests.o [1]
  Initializer bytes   const    0x0085dc   0x21  <for P2-1>
  .iar.init_table     const    0x0085fd   0x12  - Linker created -
  .near_func.text     ro code  0x00860f   0x20  i2c.o [1]
  .near_func.text     ro code  0x00862f   0x1f  i2c.o [1]
  .near_func.text     ro code  0x00864e   0x1f  Spi.o [1]
  .near_func.text     ro code  0x00866d   0x1f  memcpy.o [4]
  .near_func.text     ro code  0x00868c   0x1e  init_small.o [4]
  .near_func.text     ro code  0x0086aa   0x1d  cstartup.o [4]
  .near_func.text     ro code  0x0086c7   0x1d  cppinit.o [4]
  .near_func.text     ro code  0x0086e4   0x1c  Spi.o [1]
  .near_func.text     ro code  0x008700   0x1a  long_util.o [4]
  .near_func.text     ro code  0x00871a   0x18  Spi.o [1]
  .near_func.text     ro code  0x008732   0x18  stm8l10x_it.o [1]
  .near_func.text     ro code  0x00874a   0x18  stm8l10x_it.o [1]
  .near_func.text     ro code  0x008762   0x18  stm8l10x_it.o [1]
  .near_func.text     ro code  0x00877a   0x18  stm8l10x_it.o [1]
  .near_func.text     ro code  0x008792   0x18  stm8l10x_it.o [1]
  .near_func.text     ro code  0x0087aa   0x18  stm8l10x_it.o [1]
  .near_func.text     ro code  0x0087c2   0x18  stm8l10x_it.o [1]
  .near_func.text     ro code  0x0087da   0x18  stm8l10x_it.o [1]
  .near_func.text     ro code  0x0087f2   0x16  stm8l10x_it.o [1]
  .near_func.text     ro code  0x008808   0x16  memset.o [4]
  .near_func.text     ro code  0x00881e   0x14  Spi.o [1]
  .near_func.text     ro code  0x008832   0x14  Spi_tests.o [1]
  .near_func.text     ro code  0x008846   0x14  init.o [4]
  .near_func.text     ro code  0x00885a   0x14  __dbg_xxexit.o [3]
  .near_func.text     ro code  0x00886e   0x13  stm8l10x_it.o [1]
  .near_func.text     ro code  0x008881   0x13  long.o [4]
  .near_func.text     ro code  0x008894   0x12  i2c.o [1]
  .near_func.text     ro code  0x0088a6   0x12  i2c.o [1]
  .near_func.text     ro code  0x0088b8   0x12  main.o [1]
  .near_func.text     ro code  0x0088ca   0x12  Spi.o [1]
  .near_func.text     ro code  0x0088dc    0xf  i2c.o [1]
  .near_func.text     ro code  0x0088eb    0xf  i2c.o [1]
  .near_func.text     ro code  0x0088fa    0xf  Spi_tests.o [1]
  .near_func.text     ro code  0x008909    0xd  CmdSvr.o [1]
  .near_func.text     ro code  0x008916    0xd  i2c.o [1]
  .near_func.text     ro code  0x008923    0xd  i2c.o [1]
  .near_func.text     ro code  0x008930    0xd  Spi.o [1]
  .near_func.text     ro code  0x00893d    0xd  Spi.o [1]
  .near_func.text     ro code  0x00894a    0xd  Spi.o [1]
  .near_func.text     ro code  0x008957    0xd  Spi.o [1]
  .near_func.text     ro code  0x008964    0xd  Spi.o [1]
  .near_func.text     ro code  0x008971    0xd  Spi.o [1]
  .near_func.text     ro code  0x00897e    0xd  Spi.o [1]
  .near_func.text     ro code  0x00898b    0xd  move.o [4]
  .near_func.text     ro code  0x008998    0xc  i2c.o [1]
  .near_func.text     ro code  0x0089a4    0xb  i2c.o [1]
  .near_func.text     ro code  0x0089af    0xb  i2c.o [1]
  .near_func.text     ro code  0x0089ba    0xb  Spi.o [1]
  .near_func.text     ro code  0x0089c5    0xb  stm8l10x_spi.o [1]
  .near_func.text     ro code  0x0089d0    0xa  i2c.o [1]
  .near_func.text     ro code  0x0089da    0x9  i2c.o [1]
  .near_func.text     ro code  0x0089e3    0x9  i2c.o [1]
  .near_func.text     ro code  0x0089ec    0x9  i2c.o [1]
  .near_func.text     ro code  0x0089f5    0x9  Spi.o [1]
  .near_func.text     ro code  0x0089fe    0x8  i2c.o [1]
  .near_func.text     ro code  0x008a06    0x8  i2c.o [1]
  .near_func.text     ro code  0x008a0e    0x8  i2c.o [1]
  .near_func.text     ro code  0x008a16    0x8  i2c.o [1]
  .near_func.text     ro code  0x008a1e    0x8  i2c.o [1]
  .near_func.text     ro code  0x008a26    0x8  cexit.o [4]
  .near_func.text     ro code  0x008a2e    0x7  i2c.o [1]
  .near_func.text     ro code  0x008a35    0x7  i2c.o [1]
  .near_func.text     ro code  0x008a3c    0x7  i2c.o [1]
  .near_func.text     ro code  0x008a43    0x7  stm8l10x_it.o [1]
  .near_func.text     ro code  0x008a4a    0x6  i2c.o [1]
  .near_func.text     ro code  0x008a50    0x6  i2c.o [1]
  .near_func.text     ro code  0x008a56    0x6  i2c.o [1]
  .near_func.text     ro code  0x008a5c    0x6  i2c.o [1]
  .near_func.text     ro code  0x008a62    0x5  i2c.o [1]
  .near_func.text     ro code  0x008a67    0x5  Spi.o [1]
  .near.rodata        const    0x008a6c    0x4  Spi.o [1]
  .near_func.text     ro code  0x008a70    0x4  i2c.o [1]
  .near_func.text     ro code  0x008a74    0x4  i2c.o [1]
  .near_func.text     ro code  0x008a78    0x4  i2c.o [1]
  SHT$$PREINIT_ARRAY           0x008a7c    0x0  <Block>
  SHT$$INIT_ARRAY              0x008a7c    0x4  <Block>
    .difunct          const    0x008a7c    0x2  CmdSvr.o [1]
    .difunct          const    0x008a7e    0x2  Spi_tests.o [1]
  .near_func.text     ro code  0x008a80    0x3  interrupt.o [4]
  .near_func.text     ro code  0x008a83    0x3  low_level_init.o [4]
  .near_func.text     ro code  0x008a86    0x3  exit.o [4]
  .near_func.text     ro code  0x008a89    0x3  unhandled_exception.o [4]
  .near_func.text     ro code  0x008a8c    0x2  main.o [1]
  .near_func.text     ro code  0x008a8e    0x2  Spi.o [1]
  .near_func.text     ro code  0x008a90    0x1  Spi_tests.o [1]
  .near_func.text     ro code  0x008a91    0x1  stm8l10x_it.o [1]
  .near_func.text     ro code  0x008a92    0x1  stm8l10x_it.o [1]
  .near_func.text     ro code  0x008a93    0x1  stm8l10x_it.o [1]
  .near_func.text     ro code  0x008a94    0x1  stm8l10x_it.o [1]
  .near_func.text     ro code  0x008a95    0x1  stm8l10x_it.o [1]
  .near_func.text     ro code  0x008a96    0x1  stm8l10x_it.o [1]
  .near_func.text     ro code  0x008a97    0x1  stm8l10x_it.o [1]
  .near_func.text     ro code  0x008a98    0x1  stm8l10x_it.o [1]
  .near_func.text     ro code  0x008a99    0x1  stm8l10x_it.o [1]
  .near_func.text     ro code  0x008a9a    0x1  stm8l10x_it.o [1]
  .near_func.text     ro code  0x008a9b    0x1  stm8l10x_it.o [1]
  .near_func.text     ro code  0x008a9c    0x1  stm8l10x_it.o [1]
  .near_func.text     ro code  0x008a9d    0x1  stm8l10x_it.o [1]
  .near_func.text     ro code  0x008a9e    0x1  system.o [1]
  .near_func.text     ro code  0x008a9f    0x1  __dbg_break.o [3]
                             - 0x008aa0  0xa20


*******************************************************************************
*** INIT TABLE
***

          Address   Size
          -------   ----
Zero (__iar_zero_init2)
    1 destination range, total size 0x121:
          0x0000f7  0x121

Copy (__iar_copy_init2)
    1 source range, total size 0x21:
          0x0085dc   0x21
    1 destination range, total size 0x21:
          0x000010   0x21



*******************************************************************************
*** MODULE SUMMARY
***

    Module                 ro code  ro data  rw data
    ------                 -------  -------  -------
C:\Amit_Chaudhary\STM8\STM8L101\code\STM8L101F3_FW\STM8L101F3P6_CPP - Spi - Har\Debug\Obj: [1]
    CmdSvr.o                    13       17       19
    Spi.o                      531        4
    Spi_tests.o                144        2      279
    i2c.o                      630                 2
    main.o                      20
    stm8l10x_it.o              253                 2
    stm8l10x_spi.o             227      125
    system.o                     1       16       16
    ------------------------------------------------
    Total:                   1 819      164      318

command line: [2]
    ------------------------------------------------
    Total:

dbgstm8smd.a: [3]
    __dbg_break.o                1
    __dbg_xxexit.o              20
    ------------------------------------------------
    Total:                      21

dlstm8smn.a: [4]
    cexit.o                      8
    cppinit.o                  160        2       10
    cstartup.o                  29
    exit.o                       3
    init.o                      20
    init_small.o                70
    interrupt.o                  3      128
    long.o                      19
    long_util.o                 26
    low_level_init.o             3
    memcpy.o                    31
    memset.o                    22
    move.o                      13
    unhandled_exception.o        3
    vreg_util.o                158
    vregs.o                                       16
    ------------------------------------------------
    Total:                     568      130       26

    Linker created                       18      448
----------------------------------------------------
    Grand Total:             2 408      312      792


*******************************************************************************
*** ENTRY LIST
***

Entry                    Address   Size  Type      Object
-----                    -------   ----  ----      ------
.iar.dynexit$$Base      0x000031          --   Gb  - Linker created -
.iar.dynexit$$Limit     0x0000f7          --   Gb  - Linker created -
.iar.init_table$$Base   0x0085fd          --   Gb  - Linker created -
.iar.init_table$$Limit  0x00860f          --   Gb  - Linker created -
??call_ctors            0x0086b7         Code  Gb  cstartup.o [4]
?b0                     0x000000         Data  Gb  vregs.o [4]
?b1                     0x000001         Data  Gb  vregs.o [4]
?b10                    0x00000a         Data  Gb  vregs.o [4]
?b11                    0x00000b         Data  Gb  vregs.o [4]
?b12                    0x00000c         Data  Gb  vregs.o [4]
?b13                    0x00000d         Data  Gb  vregs.o [4]
?b14                    0x00000e         Data  Gb  vregs.o [4]
?b15                    0x00000f         Data  Gb  vregs.o [4]
?b2                     0x000002         Data  Gb  vregs.o [4]
?b3                     0x000003         Data  Gb  vregs.o [4]
?b4                     0x000004         Data  Gb  vregs.o [4]
?b5                     0x000005         Data  Gb  vregs.o [4]
?b6                     0x000006         Data  Gb  vregs.o [4]
?b7                     0x000007         Data  Gb  vregs.o [4]
?b8                     0x000008         Data  Gb  vregs.o [4]
?b9                     0x000009         Data  Gb  vregs.o [4]
?e0                     0x000001         Data  Gb  vregs.o [4]
?e1                     0x000005         Data  Gb  vregs.o [4]
?e2                     0x000009         Data  Gb  vregs.o [4]
?e3                     0x00000d         Data  Gb  vregs.o [4]
?epilogue_l2            0x00830e         Code  Gb  vreg_util.o [4]
?epilogue_l2_w6         0x008312         Code  Gb  vreg_util.o [4]
?epilogue_w4            0x008319         Code  Gb  vreg_util.o [4]
?inc32_0x_0x            0x008886         Code  Gb  long.o [4]
?inc32_l0_l0            0x008881         Code  Gb  long.o [4]
?l0                     0x000000         Data  Gb  vregs.o [4]
?l1                     0x000004         Data  Gb  vregs.o [4]
?l2                     0x000008         Data  Gb  vregs.o [4]
?l3                     0x00000c         Data  Gb  vregs.o [4]
?load32_0x_l0           0x00870c         Code  Gb  long_util.o [4]
?load32_l0_0x           0x008700         Code  Gb  long_util.o [4]
?mov_w2_w1              0x00831d         Code  Gb  vreg_util.o [4]
?move1616_v_x_y_a       0x00898b         Code  Gb  move.o [4]
?pop_l0                 0x0082e5         Code  Gb  vreg_util.o [4]
?pop_l1                 0x0082f0         Code  Gb  vreg_util.o [4]
?pop_l2                 0x0082fb         Code  Gb  vreg_util.o [4]
?pop_w4                 0x0082a3         Code  Gb  vreg_util.o [4]
?pop_w6                 0x0082aa         Code  Gb  vreg_util.o [4]
?push_l0                0x0082b9         Code  Gb  vreg_util.o [4]
?push_l1                0x0082be         Code  Gb  vreg_util.o [4]
?push_l2                0x0082c3         Code  Gb  vreg_util.o [4]
?push_w4                0x008286         Code  Gb  vreg_util.o [4]
?push_w6                0x00828b         Code  Gb  vreg_util.o [4]
?w0                     0x000000         Data  Gb  vregs.o [4]
?w1                     0x000002         Data  Gb  vregs.o [4]
?w2                     0x000004         Data  Gb  vregs.o [4]
?w3                     0x000006         Data  Gb  vregs.o [4]
?w4                     0x000008         Data  Gb  vregs.o [4]
?w5                     0x00000a         Data  Gb  vregs.o [4]
?w6                     0x00000c         Data  Gb  vregs.o [4]
?w7                     0x00000e         Data  Gb  vregs.o [4]
AWU_IRQHandler()        0x008a93    0x1  Code  Gb  stm8l10x_it.o [1]
COMP_IRQHandler()       0x008a96    0x1  Code  Gb  stm8l10x_it.o [1]
CSTACK$$Base            0x000500          --   Gb  - Linker created -
CSTACK$$Limit           0x000600          --   Gb  - Linker created -
CmdSvrContext           0x00020a    0x4  Data  Gb  CmdSvr.o [1]
CmdSvr_Buf              0x000010    0x7  Data  Gb  CmdSvr.o [1]
CmdSvr_RxBuf            0x00001b    0x4  Data  Gb  CmdSvr.o [1]
CmdSvr_TxBuf            0x000017    0x4  Data  Gb  CmdSvr.o [1]
DigitalIn<(Port_t)20485, (PIN_t)128, (Mode_t)1, (IntEdge_t)4, (&Dummy_ISR)>::HwInit()
                        0x0088ca   0x12  Code  Gb  Spi.o [1]
DigitalIn<(Port_t)20485, (PIN_t)128, (Mode_t)1, (IntEdge_t)4, (&Dummy_ISR)>::SetInputMode()
                        0x008957    0xd  Code  Gb  Spi.o [1]
DigitalIn<(Port_t)20485, (PIN_t)128, (Mode_t)1, (IntEdge_t)4, (&Dummy_ISR)>::SetInterrupt()
                        0x00881e   0x14  Code  Gb  Spi.o [1]
DigitalIn<(Port_t)20485, (PIN_t)16, (Mode_t)1, (IntEdge_t)4, (&Dummy_ISR)>::SetInputMode()
                        0x008964    0xd  Code  Gb  Spi.o [1]
DigitalIn<(Port_t)20485, (PIN_t)32, (Mode_t)1, (IntEdge_t)4, (&Dummy_ISR)>::SetInputMode()
                        0x008971    0xd  Code  Gb  Spi.o [1]
DigitalIn<(Port_t)20485, (PIN_t)64, (Mode_t)0, (IntEdge_t)4, (&Dummy_ISR)>::SetInputMode()
                        0x00897e    0xd  Code  Gb  Spi.o [1]
DigitalOut<(Port_t)20485, (PIN_t)128, (Mode_t)7>::SetOutputMode()
                        0x00894a    0xd  Code  Gb  Spi.o [1]
DigitalOut<(Port_t)20485, (PIN_t)32, (Mode_t)7>::SetOutputMode()
                        0x008930    0xd  Code  Gb  Spi.o [1]
DigitalOut<(Port_t)20485, (PIN_t)64, (Mode_t)7>::SetOutputMode()
                        0x00893d    0xd  Code  Gb  Spi.o [1]
DtorRecArray            0x000031    0x6  Data  Lc  cppinit.o [4]
Dummy_ISR()             0x008a9e    0x1  Code  Gb  system.o [1]
EXTI0_IRQHandler()      0x008732   0x18  Code  Gb  stm8l10x_it.o [1]
EXTI1_IRQHandler()      0x00874a   0x18  Code  Gb  stm8l10x_it.o [1]
EXTI2_IRQHandler()      0x008762   0x18  Code  Gb  stm8l10x_it.o [1]
EXTI3_IRQHandler()      0x00877a   0x18  Code  Gb  stm8l10x_it.o [1]
EXTI4_IRQHandler()      0x008792   0x18  Code  Gb  stm8l10x_it.o [1]
EXTI5_IRQHandler()      0x0087aa   0x18  Code  Gb  stm8l10x_it.o [1]
EXTI6_IRQHandler()      0x0087c2   0x18  Code  Gb  stm8l10x_it.o [1]
EXTI7_IRQHandler()      0x0087da   0x18  Code  Gb  stm8l10x_it.o [1]
EXTIB_IRQHandler()      0x008a94    0x1  Code  Gb  stm8l10x_it.o [1]
EXTID_IRQHandler()      0x008a95    0x1  Code  Gb  stm8l10x_it.o [1]
EXTI_ISRs               0x00001f   0x10  Data  Gb  system.o [1]
FLASH_IRQHandler()      0x008a92    0x1  Code  Gb  stm8l10x_it.o [1]
HAL::Spi::CheckAndLoadTxn(HAL::Spi::Transaction_t const __near *)
                        0x0083a1   0x50  Code  Gb  Spi.o [1]
HAL::Spi::HwInit(bool)  0x0084c9   0x3e  Code  Gb  Spi.o [1]
HAL::Spi::ISR()         0x008488   0x41  Code  Gb  Spi.o [1]
HAL::Spi::PinsInitMaster()
                        0x00871a   0x18  Code  Gb  Spi.o [1]
HAL::Spi::PinsInitSlave()
                        0x00864e   0x1f  Code  Gb  Spi.o [1]
HAL::Spi::Slave_Rx_8bit_Isr()
                        0x00853c   0x2d  Code  Gb  Spi.o [1]
HAL::Spi::Spi()         0x008a8e    0x2  Code  Gb  Spi.o [1]
HAL::Spi::SrartListeningRXIntr8bit(unsigned char __near *, unsigned short)
                        0x0086e4   0x1c  Code  Gb  Spi.o [1]
HAL::Spi::WaitOnFlag(unsigned char volatile __near *, unsigned char, unsigned char, unsigned short)
                        0x008569   0x28  Code  Gb  Spi.o [1]
HAL::Spi::~Spi()        0x008a90    0x1  Code  Gb  Spi_tests.o [1]
I2C_IRQHandler()        0x00886e   0x13  Code  Gb  stm8l10x_it.o [1]
INTVEC$$Base            0x008000          --   Gb  - Linker created -
INTVEC$$Limit           0x008080          --   Gb  - Linker created -
Region$$Table$$Base     0x0085fd          --   Gb  - Linker created -
Region$$Table$$Limit    0x00860f          --   Gb  - Linker created -
SHT$$INIT_ARRAY$$Base   0x008a7c          --   Gb  - Linker created -
SHT$$INIT_ARRAY$$Limit  0x008a80          --   Gb  - Linker created -
SHT$$PREINIT_ARRAY$$Base
                        0x008a7c          --   Gb  - Linker created -
SHT$$PREINIT_ARRAY$$Limit
                        0x008a7c          --   Gb  - Linker created -
SPI_IRQHandler()        0x0087f2   0x16  Code  Gb  stm8l10x_it.o [1]
SPI_Init(SPI_FirstBit_TypeDef, SPI_BaudRatePrescaler_TypeDef, SPI_Mode_TypeDef, SPI_CPOL_TypeDef, SPI_CPHA_TypeDef, SPI_DirectionMode_TypeDef, SPI_NSS_TypeDef)
                        0x0081ae   0xd8  Code  Gb  stm8l10x_spi.o [1]
SPI_RxBuf               0x0000f7  0x100  Data  Gb  Spi_tests.o [1]
SpiCallback(HAL::Spi::SpiStatus_t)
                        0x0085b9   0x23  Code  Gb  Spi_tests.o [1]
SpiCallback(HAL::Spi::SpiStatus_t)::SpiTxnCount
                        0x00020e    0x4  Data  Lc  Spi_tests.o [1]
Spi_Master_Tests()      0x00843f   0x49  Code  Gb  Spi_tests.o [1]
TIM2_CAP_IRQHandler()   0x008a98    0x1  Code  Gb  stm8l10x_it.o [1]
TIM2_UPD_OVF_TRG_BRK_IRQHandler()
                        0x008a97    0x1  Code  Gb  stm8l10x_it.o [1]
TIM3_CAP_IRQHandler()   0x008a9a    0x1  Code  Gb  stm8l10x_it.o [1]
TIM3_UPD_OVF_TRG_BRK_IRQHandler()
                        0x008a99    0x1  Code  Gb  stm8l10x_it.o [1]
TIM4_UPD_OVF_IRQHandler()
                        0x008a9b    0x1  Code  Gb  stm8l10x_it.o [1]
TRAP_IRQHandler()       0x008a91    0x1  Code  Gb  stm8l10x_it.o [1]
USART_RX_IRQHandler()   0x008a9d    0x1  Code  Gb  stm8l10x_it.o [1]
USART_TX_IRQHandler()   0x008a9c    0x1  Code  Gb  stm8l10x_it.o [1]
__DebugBreak            0x008a9f    0x1  Code  Gb  __dbg_break.o [3]
__call_ctors            0x0086c7   0x1d  Code  Gb  cppinit.o [4]
__call_dtors            0x00843b    0x4  Code  Gb  cppinit.o [4]
__cstart_call_dtors     0x008a27         Code  Gb  cexit.o [4]
__cxa_atexit            0x008507   0x35  Code  Gb  cppinit.o [4]
__cxa_finalize          0x0083f1   0x4a  Code  Gb  cppinit.o [4]
__dso_handle            0x000216    0x2  Data  Gb  cppinit.o [4]
__exit                  0x00885a   0x14  Code  Gb  __dbg_xxexit.o [3]
__iar_copy_init2        0x008591         Code  Gb  init_small.o [4]
__iar_cstart_call_ctors
                        0x0086b7         Code  Gb  cstartup.o [4]
__iar_data_init2        0x008846   0x14  Code  Gb  init.o [4]
__iar_program_start     0x0086aa         Code  Gb  cstartup.o [4]
__iar_unhandled_exception
                        0x008a89         Code  Gb  unhandled_exception.o [4]
__iar_zero_init2        0x00868c         Code  Gb  init_small.o [4]
__intvec                0x008000         Data  Gb  interrupt.o [4]
__low_level_init        0x008a83    0x3  Code  Gb  low_level_init.o [4]
__sti__routine          0x008909    0xd  Code  Lc  CmdSvr.o [1]
__sti__routine          0x008832   0x14  Code  Lc  Spi_tests.o [1]
_exit                   0x008a26         Code  Gb  cexit.o [4]
_interrupt_1            0x008a91         Code  Gb  stm8l10x_it.o [1]
_interrupt_10           0x008732         Code  Gb  stm8l10x_it.o [1]
_interrupt_11           0x00874a         Code  Gb  stm8l10x_it.o [1]
_interrupt_12           0x008762         Code  Gb  stm8l10x_it.o [1]
_interrupt_13           0x00877a         Code  Gb  stm8l10x_it.o [1]
_interrupt_14           0x008792         Code  Gb  stm8l10x_it.o [1]
_interrupt_15           0x0087aa         Code  Gb  stm8l10x_it.o [1]
_interrupt_16           0x0087c2         Code  Gb  stm8l10x_it.o [1]
_interrupt_17           0x0087da         Code  Gb  stm8l10x_it.o [1]
_interrupt_20           0x008a96         Code  Gb  stm8l10x_it.o [1]
_interrupt_21           0x008a97         Code  Gb  stm8l10x_it.o [1]
_interrupt_22           0x008a98         Code  Gb  stm8l10x_it.o [1]
_interrupt_23           0x008a99         Code  Gb  stm8l10x_it.o [1]
_interrupt_24           0x008a9a         Code  Gb  stm8l10x_it.o [1]
_interrupt_27           0x008a9b         Code  Gb  stm8l10x_it.o [1]
_interrupt_28           0x0087f2         Code  Gb  stm8l10x_it.o [1]
_interrupt_29           0x008a9c         Code  Gb  stm8l10x_it.o [1]
_interrupt_3            0x008a92         Code  Gb  stm8l10x_it.o [1]
_interrupt_30           0x008a9d         Code  Gb  stm8l10x_it.o [1]
_interrupt_31           0x00886e         Code  Gb  stm8l10x_it.o [1]
_interrupt_6            0x008a93         Code  Gb  stm8l10x_it.o [1]
_interrupt_8            0x008a94         Code  Gb  stm8l10x_it.o [1]
_interrupt_9            0x008a95         Code  Gb  stm8l10x_it.o [1]
assert_failed(unsigned char __near *, unsigned long)
                        0x008a8c    0x2  Code  Gb  main.o [1]
exit                    0x008a86    0x3  Code  Gb  exit.o [4]
i2c::I2C_ISR_Slave()    0x008080  0x12e  Code  Gb  i2c.o [1]
i2c::I2cLogStates(i2c::I2CLogs_t)
                        0x00860f   0x20  Code  Gb  i2c.o [1]
i2c::m_i2c_this         0x000212    0x2  Data  Gb  i2c.o [1]
m_Spi_ISR               0x000214    0x2  Data  Gb  stm8l10x_it.o [1]
main                    0x0088b8   0x12  Code  Gb  main.o [1]
memcpy                  0x00866d   0x1f  Code  Gb  memcpy.o [4]
memset                  0x008808   0x16  Code  Gb  memset.o [4]
next_abi_dtor_rec       0x00002f    0x2  Data  Lc  cppinit.o [4]
spi                     0x0001f7   0x13  Data  Gb  Spi_tests.o [1]


[1] = C:\Amit_Chaudhary\STM8\STM8L101\code\STM8L101F3_FW\STM8L101F3P6_CPP - Spi - Har\Debug\Obj
[2] = command line
[3] = dbgstm8smd.a
[4] = dlstm8smn.a

  2 408 bytes of readonly  code memory
    312 bytes of readonly  data memory
    792 bytes of readwrite data memory

Errors: none
Warnings: none
