###############################################################################
#
# IAR ELF Linker V3.11.1.207 for STM8                     02/Oct/2019  19:23:25
# Copyright 2010-2019 IAR Systems AB.
#
#    Output file  =  
#        C:\Amit_Chaudhary\STM8\STM8L\Code\STM8L101F3_FW\STM8L101F3P6_CPP -
#        Txn_SW_AF_CmdSvr_TxBuf_container\Debug\Exe\STM8L101F3_FW_CPP.out
#    Map file     =  
#        C:\Amit_Chaudhary\STM8\STM8L\Code\STM8L101F3_FW\STM8L101F3P6_CPP -
#        Txn_SW_AF_CmdSvr_TxBuf_container\Debug\List\STM8L101F3_FW_CPP.map
#    Command line =  
#        -f C:\Users\amit4\AppData\Local\Temp\EW171D.tmp
#        ("C:\Amit_Chaudhary\STM8\STM8L\Code\STM8L101F3_FW\STM8L101F3P6_CPP -
#        Txn_SW_AF_CmdSvr_TxBuf_container\Debug\Obj\CmdSvr.o"
#        "C:\Amit_Chaudhary\STM8\STM8L\Code\STM8L101F3_FW\STM8L101F3P6_CPP -
#        Txn_SW_AF_CmdSvr_TxBuf_container\Debug\Obj\gpio_tests.o"
#        "C:\Amit_Chaudhary\STM8\STM8L\Code\STM8L101F3_FW\STM8L101F3P6_CPP -
#        Txn_SW_AF_CmdSvr_TxBuf_container\Debug\Obj\i2c.o"
#        "C:\Amit_Chaudhary\STM8\STM8L\Code\STM8L101F3_FW\STM8L101F3P6_CPP -
#        Txn_SW_AF_CmdSvr_TxBuf_container\Debug\Obj\I2C_Commands.o"
#        "C:\Amit_Chaudhary\STM8\STM8L\Code\STM8L101F3_FW\STM8L101F3P6_CPP -
#        Txn_SW_AF_CmdSvr_TxBuf_container\Debug\Obj\i2c_tests.o"
#        "C:\Amit_Chaudhary\STM8\STM8L\Code\STM8L101F3_FW\STM8L101F3P6_CPP -
#        Txn_SW_AF_CmdSvr_TxBuf_container\Debug\Obj\main.o"
#        "C:\Amit_Chaudhary\STM8\STM8L\Code\STM8L101F3_FW\STM8L101F3P6_CPP -
#        Txn_SW_AF_CmdSvr_TxBuf_container\Debug\Obj\stm8l10x_clk.o"
#        "C:\Amit_Chaudhary\STM8\STM8L\Code\STM8L101F3_FW\STM8L101F3P6_CPP -
#        Txn_SW_AF_CmdSvr_TxBuf_container\Debug\Obj\stm8l10x_i2c.o"
#        "C:\Amit_Chaudhary\STM8\STM8L\Code\STM8L101F3_FW\STM8L101F3P6_CPP -
#        Txn_SW_AF_CmdSvr_TxBuf_container\Debug\Obj\stm8l10x_it.o"
#        "C:\Amit_Chaudhary\STM8\STM8L\Code\STM8L101F3_FW\STM8L101F3P6_CPP -
#        Txn_SW_AF_CmdSvr_TxBuf_container\Debug\Obj\system.o" --redirect
#        _Printf=_PrintfFullNoMb --redirect _Scanf=_ScanfFullNoMb
#        --no_out_extension -o
#        "C:\Amit_Chaudhary\STM8\STM8L\Code\STM8L101F3_FW\STM8L101F3P6_CPP -
#        Txn_SW_AF_CmdSvr_TxBuf_container\Debug\Exe\STM8L101F3_FW_CPP.out"
#        --map
#        "C:\Amit_Chaudhary\STM8\STM8L\Code\STM8L101F3_FW\STM8L101F3P6_CPP -
#        Txn_SW_AF_CmdSvr_TxBuf_container\Debug\List\STM8L101F3_FW_CPP.map"
#        --config "C:\Program Files (x86)\IAR Systems\Embedded Workbench
#        8.0\stm8\config\lnkstm8l101f3.icf" --config_def _CSTACK_SIZE=0x100
#        --config_def _HEAP_SIZE=0x100 --entry __iar_program_start --debug_lib)
#
###############################################################################

*******************************************************************************
*** RUNTIME MODEL ATTRIBUTES
***

__SystemLibrary            = DLib
__code_model               = small
__core                     = stm8
__data_model               = medium
__dlib_file_descriptor     = 0
__dlib_full_locale_support = 0
__rt_version               = 4


*******************************************************************************
*** PLACEMENT SUMMARY
***

"A0":  place at start of [0x000000-0x0000ff] { rw section .vregs };
"A1":  place at end of [0x000000-0x0005ff] { block CSTACK };
"P2":  place in [from 0x000000 to 0x0005ff] {
          block HEAP, rw section __DLIB_PERTHREAD, rw section .far.bss,
          rw section .far.data, rw section .far.noinit,
          rw section .far_func.textrw, rw section .huge.bss,
          rw section .huge.data, rw section .huge.noinit,
          rw section .huge_func.textrw, rw section .iar.dynexit,
          rw section .near.bss, rw section .near.data, rw section .near.noinit,
          rw section .near_func.textrw };
"A2":  place at start of [0x008000-0x009fff] { block INTVEC };
"P3":  place in [from 0x008000 to 0x009fff] {
          ro section __DLIB_PERTHREAD_init, ro section .far.data_init,
          ro section .far_func.textrw_init, ro section .huge.data_init,
          ro section .huge_func.textrw_init, ro section .iar.init_table,
          ro section .init_array, ro section .near.data_init,
          ro section .near.rodata, ro section .near_func.text,
          ro section .near_func.textrw_init, ro section .tiny.data_init,
          ro section .tiny.rodata_init };
"P4":  place in [from 0x008000 to 0x009fff] {
          ro section .far.rodata, ro section .far_func.text };
"P5":  place in [from 0x008000 to 0x009fff] {
          ro section .huge.rodata, ro section .huge_func.text };
do not initialize {
   rw section .far.noinit, rw section .huge.noinit, rw section .near.noinit,
   rw section .tiny.noinit, rw section .vregs };
initialize by copy {
   rw section .far.bss, rw section .far.data, rw section .far_func.textrw,
   rw section .huge.bss, rw section .huge.data, rw section .huge_func.textrw,
   rw section .iar.dynexit, rw section .near.bss, rw section .near.data,
   rw section .near_func.textrw, rw section .tiny.bss, rw section .tiny.data,
   ro section .tiny.rodata };

No sections matched the following patterns:

  ro section .far.data_init          in "P3-P5"
  ro section .far.rodata             in "P3-P5"
  ro section .far_func.text          in "P3-P5"
  ro section .far_func.textrw_init   in "P3-P5"
  ro section .huge.data_init         in "P3-P5"
  ro section .huge.rodata            in "P3-P5"
  ro section .huge_func.text         in "P3-P5"
  ro section .huge_func.textrw_init  in "P3-P5"
  ro section .iar.init_table         in "P3-P5"
  ro section .near_func.textrw_init  in "P3-P5"
  ro section .tiny.data_init         in "P3-P5"
  ro section .tiny.rodata_init       in "P3-P5"
  ro section __DLIB_PERTHREAD_init   in "P3-P5"
  rw section .far.bss                in "P2"
  rw section .far.data               in "P2"
  rw section .far.noinit             in "P2"
  rw section .far_func.textrw        in "P2"
  rw section .huge.bss               in "P2"
  rw section .huge.data              in "P2"
  rw section .huge.noinit            in "P2"
  rw section .huge_func.textrw       in "P2"
  rw section .iar.dynexit            in "P2"
  rw section .near.noinit            in "P2"
  rw section .near_func.textrw       in "P2"
  rw section .tiny.bss               in "P1"
  rw section .tiny.data              in "P1"
  rw section .tiny.noinit            in "P1"
  rw section .tiny.rodata            in "P1"
  rw section __DLIB_PERTHREAD        in "P2"


  Section             Kind      Address   Size  Object
  -------             ----      -------   ----  ------
"A0":                                     0x10
  .vregs              uninit   0x000000   0x10  vregs.o [4]
                             - 0x000010   0x10

"P2", part 1 of 2:                        0x31
  P2-1                         0x000010   0x31  <Init block>
    .near.data        inited   0x000010   0x14  CmdSvr.o [1]
    .near.data        inited   0x000024    0x4  CmdSvr.o [1]
    .near.data        inited   0x000028    0x4  CmdSvr.o [1]
    .near.data        inited   0x00002c    0x5  CmdSvr.o [1]
    .near.data        inited   0x000031   0x10  system.o [1]
                             - 0x000041   0x31

"P2", part 2 of 2:                       0x126
  .near.bss           zero     0x000041  0x10f  CmdSvr.o [1]
  .near.bss           zero     0x000150    0xf  I2C_Commands.o [1]
  .near.bss           zero     0x00015f    0x4  CmdSvr.o [1]
  .near.bss           zero     0x000163    0x2  i2c.o [1]
  .near.bss           zero     0x000165    0x2  i2c.o [1]
                             - 0x000167  0x126

"A1":                                    0x100
  CSTACK                       0x000500  0x100  <Block>
    CSTACK            uninit   0x000500  0x100  <Block tail>
                             - 0x000600  0x100

"A2":                                     0x80
  INTVEC                       0x008000   0x80  <Block>
    .intvec           const    0x008000   0x80  interrupt.o [4]
                             - 0x008080   0x80

"P3-P5":                                 0xde7
  .near_func.text     ro code  0x008080  0x369  i2c.o [1]
  .near_func.text     ro code  0x0083e9  0x15f  stm8l10x_i2c.o [1]
  .near_func.text     ro code  0x008548  0x110  long.o [4]
  .near_func.text     ro code  0x008658   0xcc  vreg_util.o [4]
  .near.rodata        const    0x008724   0x91  stm8l10x_i2c.o [1]
  .near_func.text     ro code  0x0087b5   0x82  i2c.o [1]
  .near_func.text     ro code  0x008837   0x66  CmdSvr.o [1]
  .near_func.text     ro code  0x00889d   0x63  I2C_Commands.o [1]
  .near_func.text     ro code  0x008900   0x3f  short.o [4]
  .near_func.text     ro code  0x00893f   0x37  i2c.o [1]
  .near_func.text     ro code  0x008976   0x34  i2c.o [1]
  Initializer bytes   const    0x0089aa   0x31  <for P2-1>
  .near_func.text     ro code  0x0089db   0x28  i2c.o [1]
  .near_func.text     ro code  0x008a03   0x28  init_small.o [4]
  .near_func.text     ro code  0x008a2b   0x25  CmdSvr.o [1]
  .near_func.text     ro code  0x008a50   0x25  dc_util.o [4]
  .near_func.text     ro code  0x008a75   0x24  CmdSvr.o [1]
  .iar.init_table     const    0x008a99   0x12  - Linker created -
  .near_func.text     ro code  0x008aab   0x20  i2c.o [1]
  .near_func.text     ro code  0x008acb   0x1e  init_small.o [4]
  .near_func.text     ro code  0x008ae9   0x1d  cstartup.o [4]
  .near_func.text     ro code  0x008b06   0x1d  cppinit.o [4]
  .near_func.text     ro code  0x008b23   0x1b  CmdSvr.o [1]
  .near_func.text     ro code  0x008b3e   0x1b  i2c.o [1]
  .near_func.text     ro code  0x008b59   0x19  CmdSvr.o [1]
  .near_func.text     ro code  0x008b72   0x18  stm8l10x_clk.o [1]
  .near_func.text     ro code  0x008b8a   0x18  stm8l10x_it.o [1]
  .near_func.text     ro code  0x008ba2   0x18  stm8l10x_it.o [1]
  .near_func.text     ro code  0x008bba   0x18  stm8l10x_it.o [1]
  .near_func.text     ro code  0x008bd2   0x18  stm8l10x_it.o [1]
  .near_func.text     ro code  0x008bea   0x18  stm8l10x_it.o [1]
  .near_func.text     ro code  0x008c02   0x18  stm8l10x_it.o [1]
  .near_func.text     ro code  0x008c1a   0x18  stm8l10x_it.o [1]
  .near_func.text     ro code  0x008c32   0x18  stm8l10x_it.o [1]
  .near_func.text     ro code  0x008c4a   0x18  long_util.o [4]
  .near_func.text     ro code  0x008c62   0x16  i2c.o [1]
  .near_func.text     ro code  0x008c78   0x16  i2c.o [1]
  .near_func.text     ro code  0x008c8e   0x16  stm8l10x_i2c.o [1]
  .near_func.text     ro code  0x008ca4   0x15  main.o [1]
  .near_func.text     ro code  0x008cb9   0x14  init.o [4]
  .near_func.text     ro code  0x008ccd   0x14  __dbg_xxexit.o [3]
  .near_func.text     ro code  0x008ce1   0x13  stm8l10x_it.o [1]
  .near_func.text     ro code  0x008cf4   0x12  I2C_Commands.o [1]
  .near_func.text     ro code  0x008d06    0xf  i2c.o [1]
  .near_func.text     ro code  0x008d15    0xe  i2c.o [1]
  .near_func.text     ro code  0x008d23    0xe  i2c.o [1]
  .near_func.text     ro code  0x008d31    0xd  i2c.o [1]
  .near_func.text     ro code  0x008d3e    0xd  i2c.o [1]
  .near_func.text     ro code  0x008d4b    0xc  i2c.o [1]
  .near_func.text     ro code  0x008d57    0xc  i2c.o [1]
  .near_func.text     ro code  0x008d63    0xb  stm8l10x_i2c.o [1]
  .near_func.text     ro code  0x008d6e    0xa  i2c.o [1]
  .near_func.text     ro code  0x008d78    0x9  i2c.o [1]
  .near_func.text     ro code  0x008d81    0x9  i2c.o [1]
  .near_func.text     ro code  0x008d8a    0x9  i2c.o [1]
  .near_func.text     ro code  0x008d93    0x9  i2c.o [1]
  .near_func.text     ro code  0x008d9c    0x9  i2c.o [1]
  .near_func.text     ro code  0x008da5    0x9  I2C_Commands.o [1]
  .near_func.text     ro code  0x008dae    0x9  stm8l10x_i2c.o [1]
  .near_func.text     ro code  0x008db7    0x8  i2c.o [1]
  .near_func.text     ro code  0x008dbf    0x8  i2c.o [1]
  .near_func.text     ro code  0x008dc7    0x8  i2c.o [1]
  .near_func.text     ro code  0x008dcf    0x7  i2c.o [1]
  .near_func.text     ro code  0x008dd6    0x7  i2c.o [1]
  .near_func.text     ro code  0x008ddd    0x7  i2c.o [1]
  .near_func.text     ro code  0x008de4    0x7  i2c.o [1]
  .near_func.text     ro code  0x008deb    0x7  i2c.o [1]
  .near_func.text     ro code  0x008df2    0x7  i2c.o [1]
  .near_func.text     ro code  0x008df9    0x7  i2c.o [1]
  .near_func.text     ro code  0x008e00    0x7  i2c.o [1]
  .near_func.text     ro code  0x008e07    0x7  i2c.o [1]
  .near_func.text     ro code  0x008e0e    0x7  stm8l10x_it.o [1]
  .near_func.text     ro code  0x008e15    0x6  i2c.o [1]
  .near_func.text     ro code  0x008e1b    0x6  i2c.o [1]
  .near_func.text     ro code  0x008e21    0x6  stm8l10x_i2c.o [1]
  .near_func.text     ro code  0x008e27    0x5  i2c.o [1]
  .near_func.text     ro code  0x008e2c    0x5  i2c.o [1]
  .near_func.text     ro code  0x008e31    0x5  i2c.o [1]
  .near_func.text     ro code  0x008e36    0x5  cexit.o [4]
  .near.rodata        const    0x008e3b    0x4  stm8l10x_clk.o [1]
  .near_func.text     ro code  0x008e3f    0x4  i2c.o [1]
  .near_func.text     ro code  0x008e43    0x4  I2C_Commands.o [1]
  .near_func.text     ro code  0x008e47    0x3  interrupt.o [4]
  .near_func.text     ro code  0x008e4a    0x3  low_level_init.o [4]
  .near_func.text     ro code  0x008e4d    0x3  exit.o [4]
  .near_func.text     ro code  0x008e50    0x3  unhandled_exception.o [4]
  .near_func.text     ro code  0x008e53    0x2  main.o [1]
  SHT$$PREINIT_ARRAY           0x008e55    0x0  <Block>
  SHT$$INIT_ARRAY              0x008e55    0x2  <Block>
    .difunct          const    0x008e55    0x2  CmdSvr.o [1]
  .near_func.text     ro code  0x008e57    0x1  stm8l10x_it.o [1]
  .near_func.text     ro code  0x008e58    0x1  stm8l10x_it.o [1]
  .near_func.text     ro code  0x008e59    0x1  stm8l10x_it.o [1]
  .near_func.text     ro code  0x008e5a    0x1  stm8l10x_it.o [1]
  .near_func.text     ro code  0x008e5b    0x1  stm8l10x_it.o [1]
  .near_func.text     ro code  0x008e5c    0x1  stm8l10x_it.o [1]
  .near_func.text     ro code  0x008e5d    0x1  stm8l10x_it.o [1]
  .near_func.text     ro code  0x008e5e    0x1  stm8l10x_it.o [1]
  .near_func.text     ro code  0x008e5f    0x1  stm8l10x_it.o [1]
  .near_func.text     ro code  0x008e60    0x1  stm8l10x_it.o [1]
  .near_func.text     ro code  0x008e61    0x1  stm8l10x_it.o [1]
  .near_func.text     ro code  0x008e62    0x1  stm8l10x_it.o [1]
  .near_func.text     ro code  0x008e63    0x1  stm8l10x_it.o [1]
  .near_func.text     ro code  0x008e64    0x1  stm8l10x_it.o [1]
  .near_func.text     ro code  0x008e65    0x1  system.o [1]
  .near_func.text     ro code  0x008e66    0x1  __dbg_break.o [3]
                             - 0x008e67  0xde7


*******************************************************************************
*** INIT TABLE
***

          Address   Size
          -------   ----
Zero (__iar_zero_init2)
    1 destination range, total size 0x126:
          0x000041  0x126

Copy (__iar_copy_init2)
    1 source range, total size 0x31:
          0x0089aa   0x31
    1 destination range, total size 0x31:
          0x000010   0x31



*******************************************************************************
*** MODULE SUMMARY
***

    Module                 ro code  ro data  rw data
    ------                 -------  -------  -------
C:\Amit_Chaudhary\STM8\STM8L\Code\STM8L101F3_FW\STM8L101F3P6_CPP - Txn_SW_AF_CmdSvr_TxBuf_container\Debug\Obj: [1]
    CmdSvr.o                   227       35      308
    I2C_Commands.o             130                15
    i2c.o                    1 519                 4
    main.o                      23
    stm8l10x_clk.o              24        4
    stm8l10x_i2c.o             399      145
    stm8l10x_it.o              232
    system.o                     1       16       16
    ------------------------------------------------
    Total:                   2 555      200      343

command line: [2]
    ------------------------------------------------
    Total:

dbgstm8smd.a: [3]
    __dbg_break.o                1
    __dbg_xxexit.o              20
    ------------------------------------------------
    Total:                      21

dlstm8smn.a: [4]
    cexit.o                      5
    cppinit.o                   29
    cstartup.o                  29
    dc_util.o                   37
    exit.o                       3
    init.o                      20
    init_small.o                70
    interrupt.o                  3      128
    long.o                     272
    long_util.o                 24
    low_level_init.o             3
    short.o                     63
    unhandled_exception.o        3
    vreg_util.o                204
    vregs.o                                       16
    ------------------------------------------------
    Total:                     765      128       16

    Linker created                       18      256
----------------------------------------------------
    Grand Total:             3 341      346      615


*******************************************************************************
*** ENTRY LIST
***

Entry                    Address   Size  Type      Object
-----                    -------   ----  ----      ------
.iar.init_table$$Base   0x008a99          --   Gb  - Linker created -
.iar.init_table$$Limit  0x008aab          --   Gb  - Linker created -
??call_ctors            0x008af6         Code  Gb  cstartup.o [4]
?b0                     0x000000         Data  Gb  vregs.o [4]
?b1                     0x000001         Data  Gb  vregs.o [4]
?b10                    0x00000a         Data  Gb  vregs.o [4]
?b11                    0x00000b         Data  Gb  vregs.o [4]
?b12                    0x00000c         Data  Gb  vregs.o [4]
?b13                    0x00000d         Data  Gb  vregs.o [4]
?b14                    0x00000e         Data  Gb  vregs.o [4]
?b15                    0x00000f         Data  Gb  vregs.o [4]
?b2                     0x000002         Data  Gb  vregs.o [4]
?b3                     0x000003         Data  Gb  vregs.o [4]
?b4                     0x000004         Data  Gb  vregs.o [4]
?b5                     0x000005         Data  Gb  vregs.o [4]
?b6                     0x000006         Data  Gb  vregs.o [4]
?b7                     0x000007         Data  Gb  vregs.o [4]
?b8                     0x000008         Data  Gb  vregs.o [4]
?b9                     0x000009         Data  Gb  vregs.o [4]
?dc32_l0                0x008a50         Code  Gb  dc_util.o [4]
?dc32_l1                0x008a5d         Code  Gb  dc_util.o [4]
?dc32_px                0x008a6a         Code  Gb  dc_util.o [4]
?e0                     0x000001         Data  Gb  vregs.o [4]
?e1                     0x000005         Data  Gb  vregs.o [4]
?e2                     0x000009         Data  Gb  vregs.o [4]
?e3                     0x00000d         Data  Gb  vregs.o [4]
?epilogue_l2            0x0086d8         Code  Gb  vreg_util.o [4]
?epilogue_l2_l3         0x0086d5         Code  Gb  vreg_util.o [4]
?l0                     0x000000         Data  Gb  vregs.o [4]
?l1                     0x000004         Data  Gb  vregs.o [4]
?l2                     0x000008         Data  Gb  vregs.o [4]
?l3                     0x00000c         Data  Gb  vregs.o [4]
?load32_l0_0x           0x008c4a         Code  Gb  long_util.o [4]
?load32_l1_0x           0x008c56         Code  Gb  long_util.o [4]
?mov_e0_e2              0x0086e6         Code  Gb  vreg_util.o [4]
?mov_e0_e3              0x0086f3         Code  Gb  vreg_util.o [4]
?mov_e1_e0              0x008700         Code  Gb  vreg_util.o [4]
?mov_e2_e0              0x00870d         Code  Gb  vreg_util.o [4]
?mov_e3_e0              0x00871a         Code  Gb  vreg_util.o [4]
?mov_l0_l2              0x0086e3         Code  Gb  vreg_util.o [4]
?mov_l0_l3              0x0086f0         Code  Gb  vreg_util.o [4]
?mov_l1_l0              0x0086fd         Code  Gb  vreg_util.o [4]
?mov_l2_l0              0x00870a         Code  Gb  vreg_util.o [4]
?mov_l3_l0              0x008717         Code  Gb  vreg_util.o [4]
?mov_w1_w0              0x0086dc         Code  Gb  vreg_util.o [4]
?mov_w1_w5              0x0086e9         Code  Gb  vreg_util.o [4]
?mov_w1_w7              0x0086f6         Code  Gb  vreg_util.o [4]
?mov_w3_w1              0x008703         Code  Gb  vreg_util.o [4]
?mov_w5_w1              0x008710         Code  Gb  vreg_util.o [4]
?mov_w7_w1              0x00871d         Code  Gb  vreg_util.o [4]
?mul16_x_x_w0           0x008900         Code  Gb  short.o [4]
?mul32_l0_l0_0x         0x00854b         Code  Gb  long.o [4]
?mul32_l0_l0_dl         0x008548         Code  Gb  long.o [4]
?mul32_l0_l0_l1         0x008554         Code  Gb  long.o [4]
?pop_l0                 0x0086a1         Code  Gb  vreg_util.o [4]
?pop_l1                 0x0086ac         Code  Gb  vreg_util.o [4]
?pop_l2                 0x0086b7         Code  Gb  vreg_util.o [4]
?pop_l3                 0x0086c2         Code  Gb  vreg_util.o [4]
?push_l0                0x008670         Code  Gb  vreg_util.o [4]
?push_l1                0x008675         Code  Gb  vreg_util.o [4]
?push_l2                0x00867a         Code  Gb  vreg_util.o [4]
?push_l3                0x00867f         Code  Gb  vreg_util.o [4]
?push_w4                0x008658         Code  Gb  vreg_util.o [4]
?sdiv16_x_x_y           0x00891e         Code  Gb  short.o [4]
?sll32_0x_0x_a          0x00864a         Code  Gb  long.o [4]
?sll32_l0_l0_a          0x008647         Code  Gb  long.o [4]
?srl16_x_x_4            0x00893a         Code  Gb  short.o [4]
?srl16_x_x_5            0x008939         Code  Gb  short.o [4]
?srl16_x_x_6            0x008938         Code  Gb  short.o [4]
?srl16_x_x_7            0x008937         Code  Gb  short.o [4]
?udiv32_l0_dl_l1        0x0085d2         Code  Gb  long.o [4]
?udiv32_l0_l0_dl        0x0085d7         Code  Gb  long.o [4]
?udiv32_l0_l0_l1        0x0085da         Code  Gb  long.o [4]
?umod32_l1_l0_l1        0x0085da         Code  Gb  long.o [4]
?w0                     0x000000         Data  Gb  vregs.o [4]
?w1                     0x000002         Data  Gb  vregs.o [4]
?w2                     0x000004         Data  Gb  vregs.o [4]
?w3                     0x000006         Data  Gb  vregs.o [4]
?w4                     0x000008         Data  Gb  vregs.o [4]
?w5                     0x00000a         Data  Gb  vregs.o [4]
?w6                     0x00000c         Data  Gb  vregs.o [4]
?w7                     0x00000e         Data  Gb  vregs.o [4]
AWU_IRQHandler()        0x008e59    0x1  Code  Gb  stm8l10x_it.o [1]
CLK_GetClockFreq()      0x008b72   0x18  Code  Gb  stm8l10x_clk.o [1]
COMP_IRQHandler()       0x008e5c    0x1  Code  Gb  stm8l10x_it.o [1]
CSTACK$$Base            0x000500          --   Gb  - Linker created -
CSTACK$$Limit           0x000600          --   Gb  - Linker created -
CmdSvrContext           0x00002c    0x5  Data  Gb  CmdSvr.o [1]
CmdSvr_Buf              0x000010   0x14  Data  Gb  CmdSvr.o [1]
CmdSvr_Cmd              0x00015f    0x4  Data  Gb  CmdSvr.o [1]
CmdSvr_Run()            0x008b23   0x1b  Code  Gb  CmdSvr.o [1]
CmdSvr_RxBuf            0x000028    0x4  Data  Gb  CmdSvr.o [1]
CmdSvr_TxBuf            0x000024    0x4  Data  Gb  CmdSvr.o [1]
Cmdsvr_DispatchResponse(Cmd_t __near *)
                        0x008a75   0x24  Code  Gb  CmdSvr.o [1]
Cmdsvr_Init()           0x008a2b   0x25  Code  Gb  CmdSvr.o [1]
DigitalOut<(Port_t)20490, (PIN_t)1, (Mode_t)6>::SetOutputMode()
                        0x008d31    0xd  Code  Gb  i2c.o [1]
DigitalOut<(Port_t)20490, (PIN_t)2, (Mode_t)6>::SetOutputMode()
                        0x008d3e    0xd  Code  Gb  i2c.o [1]
Dummy_ISR()             0x008e65    0x1  Code  Gb  system.o [1]
EXTI0_IRQHandler()      0x008b8a   0x18  Code  Gb  stm8l10x_it.o [1]
EXTI1_IRQHandler()      0x008ba2   0x18  Code  Gb  stm8l10x_it.o [1]
EXTI2_IRQHandler()      0x008bba   0x18  Code  Gb  stm8l10x_it.o [1]
EXTI3_IRQHandler()      0x008bd2   0x18  Code  Gb  stm8l10x_it.o [1]
EXTI4_IRQHandler()      0x008bea   0x18  Code  Gb  stm8l10x_it.o [1]
EXTI5_IRQHandler()      0x008c02   0x18  Code  Gb  stm8l10x_it.o [1]
EXTI6_IRQHandler()      0x008c1a   0x18  Code  Gb  stm8l10x_it.o [1]
EXTI7_IRQHandler()      0x008c32   0x18  Code  Gb  stm8l10x_it.o [1]
EXTIB_IRQHandler()      0x008e5a    0x1  Code  Gb  stm8l10x_it.o [1]
EXTID_IRQHandler()      0x008e5b    0x1  Code  Gb  stm8l10x_it.o [1]
EXTI_ISRs               0x000031   0x10  Data  Gb  system.o [1]
Err                     0x000165    0x2  Data  Gb  i2c.o [1]
FLASH_IRQHandler()      0x008e58    0x1  Code  Gb  stm8l10x_it.o [1]
HSIDivFactor            0x008e3b    0x4  Data  Lc  stm8l10x_clk.o [1]
I2CDevIntr              0x000041  0x10f  Data  Lc  CmdSvr.o [1]
I2C_Cmd(FunctionalState)
                        0x008c8e   0x16  Code  Gb  stm8l10x_i2c.o [1]
I2C_CmdHandler1(Cmd_t __near *)
                        0x00889d   0x63  Code  Gb  I2C_Commands.o [1]
I2C_CmdSvr_Callback(i2c::I2CStatus_t)
                        0x008837   0x66  Code  Gb  CmdSvr.o [1]
I2C_IRQHandler()        0x008ce1   0x13  Code  Gb  stm8l10x_it.o [1]
I2C_Init(unsigned long, unsigned short, I2C_DutyCycle_TypeDef, I2C_Ack_TypeDef, I2C_AcknowledgedAddress_TypeDef)
                        0x0083e9  0x15f  Code  Gb  stm8l10x_i2c.o [1]
I2c_Cmd_response        0x000150    0xf  Data  Gb  I2C_Commands.o [1]
INTVEC$$Base            0x008000          --   Gb  - Linker created -
INTVEC$$Limit           0x008080          --   Gb  - Linker created -
Region$$Table$$Base     0x008a99          --   Gb  - Linker created -
Region$$Table$$Limit    0x008aab          --   Gb  - Linker created -
SHT$$INIT_ARRAY$$Base   0x008e55          --   Gb  - Linker created -
SHT$$INIT_ARRAY$$Limit  0x008e57          --   Gb  - Linker created -
SHT$$PREINIT_ARRAY$$Base
                        0x008e55          --   Gb  - Linker created -
SHT$$PREINIT_ARRAY$$Limit
                        0x008e55          --   Gb  - Linker created -
SPI_IRQHandler()        0x008e62    0x1  Code  Gb  stm8l10x_it.o [1]
TIM2_CAP_IRQHandler()   0x008e5e    0x1  Code  Gb  stm8l10x_it.o [1]
TIM2_UPD_OVF_TRG_BRK_IRQHandler()
                        0x008e5d    0x1  Code  Gb  stm8l10x_it.o [1]
TIM3_CAP_IRQHandler()   0x008e60    0x1  Code  Gb  stm8l10x_it.o [1]
TIM3_UPD_OVF_TRG_BRK_IRQHandler()
                        0x008e5f    0x1  Code  Gb  stm8l10x_it.o [1]
TIM4_UPD_OVF_IRQHandler()
                        0x008e61    0x1  Code  Gb  stm8l10x_it.o [1]
TRAP_IRQHandler()       0x008e57    0x1  Code  Gb  stm8l10x_it.o [1]
USART_RX_IRQHandler()   0x008e64    0x1  Code  Gb  stm8l10x_it.o [1]
USART_TX_IRQHandler()   0x008e63    0x1  Code  Gb  stm8l10x_it.o [1]
__DebugBreak            0x008e66    0x1  Code  Gb  __dbg_break.o [3]
__call_ctors            0x008b06   0x1d  Code  Gb  cppinit.o [4]
__exit                  0x008ccd   0x14  Code  Gb  __dbg_xxexit.o [3]
__iar_copy_init2        0x008a03         Code  Gb  init_small.o [4]
__iar_cstart_call_ctors
                        0x008af6         Code  Gb  cstartup.o [4]
__iar_data_init2        0x008cb9   0x14  Code  Gb  init.o [4]
__iar_program_start     0x008ae9         Code  Gb  cstartup.o [4]
__iar_unhandled_exception
                        0x008e50         Code  Gb  unhandled_exception.o [4]
__iar_zero_init2        0x008acb         Code  Gb  init_small.o [4]
__intvec                0x008000         Data  Gb  interrupt.o [4]
__low_level_init        0x008e4a    0x3  Code  Gb  low_level_init.o [4]
__sti__routine          0x008b59   0x19  Code  Lc  CmdSvr.o [1]
_exit                   0x008e36         Code  Gb  cexit.o [4]
_interrupt_1            0x008e57         Code  Gb  stm8l10x_it.o [1]
_interrupt_10           0x008b8a         Code  Gb  stm8l10x_it.o [1]
_interrupt_11           0x008ba2         Code  Gb  stm8l10x_it.o [1]
_interrupt_12           0x008bba         Code  Gb  stm8l10x_it.o [1]
_interrupt_13           0x008bd2         Code  Gb  stm8l10x_it.o [1]
_interrupt_14           0x008bea         Code  Gb  stm8l10x_it.o [1]
_interrupt_15           0x008c02         Code  Gb  stm8l10x_it.o [1]
_interrupt_16           0x008c1a         Code  Gb  stm8l10x_it.o [1]
_interrupt_17           0x008c32         Code  Gb  stm8l10x_it.o [1]
_interrupt_20           0x008e5c         Code  Gb  stm8l10x_it.o [1]
_interrupt_21           0x008e5d         Code  Gb  stm8l10x_it.o [1]
_interrupt_22           0x008e5e         Code  Gb  stm8l10x_it.o [1]
_interrupt_23           0x008e5f         Code  Gb  stm8l10x_it.o [1]
_interrupt_24           0x008e60         Code  Gb  stm8l10x_it.o [1]
_interrupt_27           0x008e61         Code  Gb  stm8l10x_it.o [1]
_interrupt_28           0x008e62         Code  Gb  stm8l10x_it.o [1]
_interrupt_29           0x008e63         Code  Gb  stm8l10x_it.o [1]
_interrupt_3            0x008e58         Code  Gb  stm8l10x_it.o [1]
_interrupt_30           0x008e64         Code  Gb  stm8l10x_it.o [1]
_interrupt_31           0x008ce1         Code  Gb  stm8l10x_it.o [1]
_interrupt_6            0x008e59         Code  Gb  stm8l10x_it.o [1]
_interrupt_8            0x008e5a         Code  Gb  stm8l10x_it.o [1]
_interrupt_9            0x008e5b         Code  Gb  stm8l10x_it.o [1]
assert_failed(unsigned char __near *, unsigned long)
                        0x008e53    0x2  Code  Gb  main.o [1]
exit                    0x008e4d    0x3  Code  Gb  exit.o [4]
i2c::HwInit()           0x008976   0x34  Code  Gb  i2c.o [1]
i2c::I2C_ISR()          0x008080  0x369  Code  Gb  i2c.o [1]
i2c::I2cLogStates(i2c::I2CLogs_t)
                        0x008aab   0x20  Code  Gb  i2c.o [1]
i2c::SlaveStartListening(i2c::i2cBuf_t __near *, i2c::i2cBuf_t __near *)
                        0x00893f   0x37  Code  Gb  i2c.o [1]
i2c::TxnDoneHandler(unsigned char)
                        0x0087b5   0x82  Code  Gb  i2c.o [1]
i2c::WaitOnFlag(unsigned char volatile __near *, unsigned char, unsigned char, unsigned short)
                        0x0089db   0x28  Code  Gb  i2c.o [1]
i2c::m_i2c_this         0x000163    0x2  Data  Gb  i2c.o [1]
main                    0x008ca4   0x15  Code  Gb  main.o [1]


[1] = C:\Amit_Chaudhary\STM8\STM8L\Code\STM8L101F3_FW\STM8L101F3P6_CPP - Txn_SW_AF_CmdSvr_TxBuf_container\Debug\Obj
[2] = command line
[3] = dbgstm8smd.a
[4] = dlstm8smn.a

  3 341 bytes of readonly  code memory
    346 bytes of readonly  data memory
    615 bytes of readwrite data memory

Errors: none
Warnings: none
