###############################################################################
#
# IAR ELF Linker V3.11.1.207 for STM8                     05/Oct/2019  12:24:10
# Copyright 2010-2019 IAR Systems AB.
#
#    Output file  =  
#        C:\Amit_Chaudhary\STM8\STM8L\Code\STM8L101F3_FW\STM8L101F3P6_CPP -
#        Txn_SW_AF_CmdSvr_TxBuf_container\Debug\Exe\STM8L101F3_FW_CPP.out
#    Map file     =  
#        C:\Amit_Chaudhary\STM8\STM8L\Code\STM8L101F3_FW\STM8L101F3P6_CPP -
#        Txn_SW_AF_CmdSvr_TxBuf_container\Debug\List\STM8L101F3_FW_CPP.map
#    Command line =  
#        -f C:\Users\amit4\AppData\Local\Temp\EW5319.tmp
#        ("C:\Amit_Chaudhary\STM8\STM8L\Code\STM8L101F3_FW\STM8L101F3P6_CPP -
#        Txn_SW_AF_CmdSvr_TxBuf_container\Debug\Obj\CmdSvr.o"
#        "C:\Amit_Chaudhary\STM8\STM8L\Code\STM8L101F3_FW\STM8L101F3P6_CPP -
#        Txn_SW_AF_CmdSvr_TxBuf_container\Debug\Obj\gpio_tests.o"
#        "C:\Amit_Chaudhary\STM8\STM8L\Code\STM8L101F3_FW\STM8L101F3P6_CPP -
#        Txn_SW_AF_CmdSvr_TxBuf_container\Debug\Obj\i2c.o"
#        "C:\Amit_Chaudhary\STM8\STM8L\Code\STM8L101F3_FW\STM8L101F3P6_CPP -
#        Txn_SW_AF_CmdSvr_TxBuf_container\Debug\Obj\I2C_Commands.o"
#        "C:\Amit_Chaudhary\STM8\STM8L\Code\STM8L101F3_FW\STM8L101F3P6_CPP -
#        Txn_SW_AF_CmdSvr_TxBuf_container\Debug\Obj\i2c_tests.o"
#        "C:\Amit_Chaudhary\STM8\STM8L\Code\STM8L101F3_FW\STM8L101F3P6_CPP -
#        Txn_SW_AF_CmdSvr_TxBuf_container\Debug\Obj\main.o"
#        "C:\Amit_Chaudhary\STM8\STM8L\Code\STM8L101F3_FW\STM8L101F3P6_CPP -
#        Txn_SW_AF_CmdSvr_TxBuf_container\Debug\Obj\stm8l10x_clk.o"
#        "C:\Amit_Chaudhary\STM8\STM8L\Code\STM8L101F3_FW\STM8L101F3P6_CPP -
#        Txn_SW_AF_CmdSvr_TxBuf_container\Debug\Obj\stm8l10x_i2c.o"
#        "C:\Amit_Chaudhary\STM8\STM8L\Code\STM8L101F3_FW\STM8L101F3P6_CPP -
#        Txn_SW_AF_CmdSvr_TxBuf_container\Debug\Obj\stm8l10x_it.o"
#        "C:\Amit_Chaudhary\STM8\STM8L\Code\STM8L101F3_FW\STM8L101F3P6_CPP -
#        Txn_SW_AF_CmdSvr_TxBuf_container\Debug\Obj\system.o" --redirect
#        _Printf=_PrintfFullNoMb --redirect _Scanf=_ScanfFullNoMb
#        --no_out_extension -o
#        "C:\Amit_Chaudhary\STM8\STM8L\Code\STM8L101F3_FW\STM8L101F3P6_CPP -
#        Txn_SW_AF_CmdSvr_TxBuf_container\Debug\Exe\STM8L101F3_FW_CPP.out"
#        --map
#        "C:\Amit_Chaudhary\STM8\STM8L\Code\STM8L101F3_FW\STM8L101F3P6_CPP -
#        Txn_SW_AF_CmdSvr_TxBuf_container\Debug\List\STM8L101F3_FW_CPP.map"
#        --config "C:\Program Files (x86)\IAR Systems\Embedded Workbench
#        8.0\stm8\config\lnkstm8l101f3.icf" --config_def _CSTACK_SIZE=0x100
#        --config_def _HEAP_SIZE=0x100 --entry __iar_program_start --debug_lib)
#
###############################################################################

*******************************************************************************
*** RUNTIME MODEL ATTRIBUTES
***

__SystemLibrary            = DLib
__code_model               = small
__core                     = stm8
__data_model               = medium
__dlib_file_descriptor     = 0
__dlib_full_locale_support = 0
__rt_version               = 4


*******************************************************************************
*** PLACEMENT SUMMARY
***

"A0":  place at start of [0x000000-0x0000ff] { rw section .vregs };
"A1":  place at end of [0x000000-0x0005ff] { block CSTACK };
"P2":  place in [from 0x000000 to 0x0005ff] {
          block HEAP, rw section __DLIB_PERTHREAD, rw section .far.bss,
          rw section .far.data, rw section .far.noinit,
          rw section .far_func.textrw, rw section .huge.bss,
          rw section .huge.data, rw section .huge.noinit,
          rw section .huge_func.textrw, rw section .iar.dynexit,
          rw section .near.bss, rw section .near.data, rw section .near.noinit,
          rw section .near_func.textrw };
"A2":  place at start of [0x008000-0x009fff] { block INTVEC };
"P3":  place in [from 0x008000 to 0x009fff] {
          ro section __DLIB_PERTHREAD_init, ro section .far.data_init,
          ro section .far_func.textrw_init, ro section .huge.data_init,
          ro section .huge_func.textrw_init, ro section .iar.init_table,
          ro section .init_array, ro section .near.data_init,
          ro section .near.rodata, ro section .near_func.text,
          ro section .near_func.textrw_init, ro section .tiny.data_init,
          ro section .tiny.rodata_init };
"P4":  place in [from 0x008000 to 0x009fff] {
          ro section .far.rodata, ro section .far_func.text };
"P5":  place in [from 0x008000 to 0x009fff] {
          ro section .huge.rodata, ro section .huge_func.text };
do not initialize {
   rw section .far.noinit, rw section .huge.noinit, rw section .near.noinit,
   rw section .tiny.noinit, rw section .vregs };
initialize by copy {
   rw section .far.bss, rw section .far.data, rw section .far_func.textrw,
   rw section .huge.bss, rw section .huge.data, rw section .huge_func.textrw,
   rw section .iar.dynexit, rw section .near.bss, rw section .near.data,
   rw section .near_func.textrw, rw section .tiny.bss, rw section .tiny.data,
   ro section .tiny.rodata };

No sections matched the following patterns:

  ro section .far.data_init          in "P3-P5"
  ro section .far.rodata             in "P3-P5"
  ro section .far_func.text          in "P3-P5"
  ro section .far_func.textrw_init   in "P3-P5"
  ro section .huge.data_init         in "P3-P5"
  ro section .huge.rodata            in "P3-P5"
  ro section .huge_func.text         in "P3-P5"
  ro section .huge_func.textrw_init  in "P3-P5"
  ro section .iar.init_table         in "P3-P5"
  ro section .near_func.textrw_init  in "P3-P5"
  ro section .tiny.data_init         in "P3-P5"
  ro section .tiny.rodata_init       in "P3-P5"
  ro section __DLIB_PERTHREAD_init   in "P3-P5"
  rw section .far.bss                in "P2"
  rw section .far.data               in "P2"
  rw section .far.noinit             in "P2"
  rw section .far_func.textrw        in "P2"
  rw section .huge.bss               in "P2"
  rw section .huge.data              in "P2"
  rw section .huge.noinit            in "P2"
  rw section .huge_func.textrw       in "P2"
  rw section .iar.dynexit            in "P2"
  rw section .near.noinit            in "P2"
  rw section .near_func.textrw       in "P2"
  rw section .tiny.bss               in "P1"
  rw section .tiny.data              in "P1"
  rw section .tiny.noinit            in "P1"
  rw section .tiny.rodata            in "P1"
  rw section __DLIB_PERTHREAD        in "P2"


  Section             Kind      Address   Size  Object
  -------             ----      -------   ----  ------
"A0":                                     0x10
  .vregs              uninit   0x000000   0x10  vregs.o [4]
                             - 0x000010   0x10

"P2", part 1 of 2:                        0x1f
  P2-1                         0x000010   0x1f  <Init block>
    .near.data        inited   0x000010    0x7  CmdSvr.o [1]
    .near.data        inited   0x000017    0x4  CmdSvr.o [1]
    .near.data        inited   0x00001b    0x4  CmdSvr.o [1]
    .near.data        inited   0x00001f   0x10  system.o [1]
                             - 0x00002f   0x1f

"P2", part 2 of 2:                       0x122
  .near.bss           zero     0x00002f  0x10f  CmdSvr.o [1]
  .near.bss           zero     0x00013e    0xb  I2C_Commands.o [1]
  .near.bss           zero     0x000149    0x4  CmdSvr.o [1]
  .near.bss           zero     0x00014d    0x2  i2c.o [1]
  .near.bss           zero     0x00014f    0x2  i2c.o [1]
                             - 0x000151  0x122

"A1":                                    0x100
  CSTACK                       0x000500  0x100  <Block>
    CSTACK            uninit   0x000500  0x100  <Block tail>
                             - 0x000600  0x100

"A2":                                     0x80
  INTVEC                       0x008000   0x80  <Block>
    .intvec           const    0x008000   0x80  interrupt.o [4]
                             - 0x008080   0x80

"P3-P5":                                 0xcc8
  .near_func.text     ro code  0x008080  0x2f9  i2c.o [1]
  .near_func.text     ro code  0x008379  0x15f  stm8l10x_i2c.o [1]
  .near_func.text     ro code  0x0084d8  0x110  long.o [4]
  .near_func.text     ro code  0x0085e8   0xdf  vreg_util.o [4]
  .near_func.text     ro code  0x0086c7   0x92  i2c.o [1]
  .near.rodata        const    0x008759   0x91  stm8l10x_i2c.o [1]
  .near_func.text     ro code  0x0087ea   0x6b  I2C_Commands.o [1]
  .near_func.text     ro code  0x008855   0x48  CmdSvr.o [1]
  .near_func.text     ro code  0x00889d   0x3f  short.o [4]
  .near_func.text     ro code  0x0088dc   0x37  i2c.o [1]
  .near_func.text     ro code  0x008913   0x28  init_small.o [4]
  .near_func.text     ro code  0x00893b   0x27  i2c.o [1]
  .near_func.text     ro code  0x008962   0x25  CmdSvr.o [1]
  .near_func.text     ro code  0x008987   0x25  CmdSvr.o [1]
  .near_func.text     ro code  0x0089ac   0x25  i2c.o [1]
  .near_func.text     ro code  0x0089d1   0x25  dc_util.o [4]
  .iar.init_table     const    0x0089f6   0x12  - Linker created -
  Initializer bytes   const    0x008a08   0x1f  <for P2-1>
  .near_func.text     ro code  0x008a27   0x1e  init_small.o [4]
  .near_func.text     ro code  0x008a45   0x1d  cstartup.o [4]
  .near_func.text     ro code  0x008a62   0x1d  cppinit.o [4]
  .near_func.text     ro code  0x008a7f   0x1b  CmdSvr.o [1]
  .near_func.text     ro code  0x008a9a   0x1b  i2c.o [1]
  .near_func.text     ro code  0x008ab5   0x19  i2c.o [1]
  .near_func.text     ro code  0x008ace   0x18  stm8l10x_clk.o [1]
  .near_func.text     ro code  0x008ae6   0x18  stm8l10x_it.o [1]
  .near_func.text     ro code  0x008afe   0x18  stm8l10x_it.o [1]
  .near_func.text     ro code  0x008b16   0x18  stm8l10x_it.o [1]
  .near_func.text     ro code  0x008b2e   0x18  stm8l10x_it.o [1]
  .near_func.text     ro code  0x008b46   0x18  stm8l10x_it.o [1]
  .near_func.text     ro code  0x008b5e   0x18  stm8l10x_it.o [1]
  .near_func.text     ro code  0x008b76   0x18  stm8l10x_it.o [1]
  .near_func.text     ro code  0x008b8e   0x18  stm8l10x_it.o [1]
  .near_func.text     ro code  0x008ba6   0x18  long_util.o [4]
  .near_func.text     ro code  0x008bbe   0x16  stm8l10x_i2c.o [1]
  .near_func.text     ro code  0x008bd4   0x15  main.o [1]
  .near_func.text     ro code  0x008be9   0x14  init.o [4]
  .near_func.text     ro code  0x008bfd   0x14  __dbg_xxexit.o [3]
  .near_func.text     ro code  0x008c11   0x13  stm8l10x_it.o [1]
  .near_func.text     ro code  0x008c24   0x12  I2C_Commands.o [1]
  .near_func.text     ro code  0x008c36    0xf  i2c.o [1]
  .near_func.text     ro code  0x008c45    0xe  i2c.o [1]
  .near_func.text     ro code  0x008c53    0xd  CmdSvr.o [1]
  .near_func.text     ro code  0x008c60    0xc  i2c.o [1]
  .near_func.text     ro code  0x008c6c    0xc  i2c.o [1]
  .near_func.text     ro code  0x008c78    0xb  i2c.o [1]
  .near_func.text     ro code  0x008c83    0xb  stm8l10x_i2c.o [1]
  .near_func.text     ro code  0x008c8e    0xa  i2c.o [1]
  .near_func.text     ro code  0x008c98    0x9  i2c.o [1]
  .near_func.text     ro code  0x008ca1    0x9  i2c.o [1]
  .near_func.text     ro code  0x008caa    0x9  i2c.o [1]
  .near_func.text     ro code  0x008cb3    0x9  I2C_Commands.o [1]
  .near_func.text     ro code  0x008cbc    0x9  stm8l10x_i2c.o [1]
  .near_func.text     ro code  0x008cc5    0x8  i2c.o [1]
  .near_func.text     ro code  0x008ccd    0x7  i2c.o [1]
  .near_func.text     ro code  0x008cd4    0x7  i2c.o [1]
  .near_func.text     ro code  0x008cdb    0x7  i2c.o [1]
  .near_func.text     ro code  0x008ce2    0x7  stm8l10x_it.o [1]
  .near_func.text     ro code  0x008ce9    0x6  i2c.o [1]
  .near_func.text     ro code  0x008cef    0x6  i2c.o [1]
  .near_func.text     ro code  0x008cf5    0x6  i2c.o [1]
  .near_func.text     ro code  0x008cfb    0x6  stm8l10x_i2c.o [1]
  .near_func.text     ro code  0x008d01    0x5  i2c.o [1]
  .near_func.text     ro code  0x008d06    0x5  i2c.o [1]
  .near_func.text     ro code  0x008d0b    0x5  cexit.o [4]
  .near.rodata        const    0x008d10    0x4  stm8l10x_clk.o [1]
  .near_func.text     ro code  0x008d14    0x4  i2c.o [1]
  .near_func.text     ro code  0x008d18    0x4  i2c.o [1]
  .near_func.text     ro code  0x008d1c    0x4  i2c.o [1]
  .near_func.text     ro code  0x008d20    0x4  i2c.o [1]
  .near_func.text     ro code  0x008d24    0x4  I2C_Commands.o [1]
  .near_func.text     ro code  0x008d28    0x3  interrupt.o [4]
  .near_func.text     ro code  0x008d2b    0x3  low_level_init.o [4]
  .near_func.text     ro code  0x008d2e    0x3  exit.o [4]
  .near_func.text     ro code  0x008d31    0x3  unhandled_exception.o [4]
  .near_func.text     ro code  0x008d34    0x2  main.o [1]
  SHT$$PREINIT_ARRAY           0x008d36    0x0  <Block>
  SHT$$INIT_ARRAY              0x008d36    0x2  <Block>
    .difunct          const    0x008d36    0x2  CmdSvr.o [1]
  .near_func.text     ro code  0x008d38    0x1  stm8l10x_it.o [1]
  .near_func.text     ro code  0x008d39    0x1  stm8l10x_it.o [1]
  .near_func.text     ro code  0x008d3a    0x1  stm8l10x_it.o [1]
  .near_func.text     ro code  0x008d3b    0x1  stm8l10x_it.o [1]
  .near_func.text     ro code  0x008d3c    0x1  stm8l10x_it.o [1]
  .near_func.text     ro code  0x008d3d    0x1  stm8l10x_it.o [1]
  .near_func.text     ro code  0x008d3e    0x1  stm8l10x_it.o [1]
  .near_func.text     ro code  0x008d3f    0x1  stm8l10x_it.o [1]
  .near_func.text     ro code  0x008d40    0x1  stm8l10x_it.o [1]
  .near_func.text     ro code  0x008d41    0x1  stm8l10x_it.o [1]
  .near_func.text     ro code  0x008d42    0x1  stm8l10x_it.o [1]
  .near_func.text     ro code  0x008d43    0x1  stm8l10x_it.o [1]
  .near_func.text     ro code  0x008d44    0x1  stm8l10x_it.o [1]
  .near_func.text     ro code  0x008d45    0x1  stm8l10x_it.o [1]
  .near_func.text     ro code  0x008d46    0x1  system.o [1]
  .near_func.text     ro code  0x008d47    0x1  __dbg_break.o [3]
                             - 0x008d48  0xcc8


*******************************************************************************
*** INIT TABLE
***

          Address   Size
          -------   ----
Zero (__iar_zero_init2)
    1 destination range, total size 0x122:
          0x00002f  0x122

Copy (__iar_copy_init2)
    1 source range, total size 0x1f:
          0x008a08   0x1f
    1 destination range, total size 0x1f:
          0x000010   0x1f



*******************************************************************************
*** MODULE SUMMARY
***

    Module                 ro code  ro data  rw data
    ------                 -------  -------  -------
C:\Amit_Chaudhary\STM8\STM8L\Code\STM8L101F3_FW\STM8L101F3P6_CPP - Txn_SW_AF_CmdSvr_TxBuf_container\Debug\Obj: [1]
    CmdSvr.o                   186       17      290
    I2C_Commands.o             138                11
    i2c.o                    1 264                 4
    main.o                      23
    stm8l10x_clk.o              24        4
    stm8l10x_i2c.o             399      145
    stm8l10x_it.o              232
    system.o                     1       16       16
    ------------------------------------------------
    Total:                   2 267      182      321

command line: [2]
    ------------------------------------------------
    Total:

dbgstm8smd.a: [3]
    __dbg_break.o                1
    __dbg_xxexit.o              20
    ------------------------------------------------
    Total:                      21

dlstm8smn.a: [4]
    cexit.o                      5
    cppinit.o                   29
    cstartup.o                  29
    dc_util.o                   37
    exit.o                       3
    init.o                      20
    init_small.o                70
    interrupt.o                  3      128
    long.o                     272
    long_util.o                 24
    low_level_init.o             3
    short.o                     63
    unhandled_exception.o        3
    vreg_util.o                223
    vregs.o                                       16
    ------------------------------------------------
    Total:                     784      128       16

    Linker created                       18      256
----------------------------------------------------
    Grand Total:             3 072      328      593


*******************************************************************************
*** ENTRY LIST
***

Entry                    Address   Size  Type      Object
-----                    -------   ----  ----      ------
.iar.init_table$$Base   0x0089f6          --   Gb  - Linker created -
.iar.init_table$$Limit  0x008a08          --   Gb  - Linker created -
??call_ctors            0x008a52         Code  Gb  cstartup.o [4]
?b0                     0x000000         Data  Gb  vregs.o [4]
?b1                     0x000001         Data  Gb  vregs.o [4]
?b10                    0x00000a         Data  Gb  vregs.o [4]
?b11                    0x00000b         Data  Gb  vregs.o [4]
?b12                    0x00000c         Data  Gb  vregs.o [4]
?b13                    0x00000d         Data  Gb  vregs.o [4]
?b14                    0x00000e         Data  Gb  vregs.o [4]
?b15                    0x00000f         Data  Gb  vregs.o [4]
?b2                     0x000002         Data  Gb  vregs.o [4]
?b3                     0x000003         Data  Gb  vregs.o [4]
?b4                     0x000004         Data  Gb  vregs.o [4]
?b5                     0x000005         Data  Gb  vregs.o [4]
?b6                     0x000006         Data  Gb  vregs.o [4]
?b7                     0x000007         Data  Gb  vregs.o [4]
?b8                     0x000008         Data  Gb  vregs.o [4]
?b9                     0x000009         Data  Gb  vregs.o [4]
?dc32_l0                0x0089d1         Code  Gb  dc_util.o [4]
?dc32_l1                0x0089de         Code  Gb  dc_util.o [4]
?dc32_px                0x0089eb         Code  Gb  dc_util.o [4]
?e0                     0x000001         Data  Gb  vregs.o [4]
?e1                     0x000005         Data  Gb  vregs.o [4]
?e2                     0x000009         Data  Gb  vregs.o [4]
?e3                     0x00000d         Data  Gb  vregs.o [4]
?epilogue_l2            0x008677         Code  Gb  vreg_util.o [4]
?epilogue_l2_l3         0x008674         Code  Gb  vreg_util.o [4]
?epilogue_w4            0x00867b         Code  Gb  vreg_util.o [4]
?l0                     0x000000         Data  Gb  vregs.o [4]
?l1                     0x000004         Data  Gb  vregs.o [4]
?l2                     0x000008         Data  Gb  vregs.o [4]
?l3                     0x00000c         Data  Gb  vregs.o [4]
?load32_l0_0x           0x008ba6         Code  Gb  long_util.o [4]
?load32_l1_0x           0x008bb2         Code  Gb  long_util.o [4]
?mov_e0_e2              0x008689         Code  Gb  vreg_util.o [4]
?mov_e0_e3              0x008696         Code  Gb  vreg_util.o [4]
?mov_e1_e0              0x0086a3         Code  Gb  vreg_util.o [4]
?mov_e2_e0              0x0086b0         Code  Gb  vreg_util.o [4]
?mov_e3_e0              0x0086bd         Code  Gb  vreg_util.o [4]
?mov_l0_l2              0x008686         Code  Gb  vreg_util.o [4]
?mov_l0_l3              0x008693         Code  Gb  vreg_util.o [4]
?mov_l1_l0              0x0086a0         Code  Gb  vreg_util.o [4]
?mov_l2_l0              0x0086ad         Code  Gb  vreg_util.o [4]
?mov_l3_l0              0x0086ba         Code  Gb  vreg_util.o [4]
?mov_w1_w0              0x00867f         Code  Gb  vreg_util.o [4]
?mov_w1_w5              0x00868c         Code  Gb  vreg_util.o [4]
?mov_w1_w7              0x008699         Code  Gb  vreg_util.o [4]
?mov_w3_w1              0x0086a6         Code  Gb  vreg_util.o [4]
?mov_w5_w1              0x0086b3         Code  Gb  vreg_util.o [4]
?mov_w7_w1              0x0086c0         Code  Gb  vreg_util.o [4]
?mul16_x_x_w0           0x00889d         Code  Gb  short.o [4]
?mul32_l0_l0_0x         0x0084db         Code  Gb  long.o [4]
?mul32_l0_l0_dl         0x0084d8         Code  Gb  long.o [4]
?mul32_l0_l0_l1         0x0084e4         Code  Gb  long.o [4]
?pop_l0                 0x008640         Code  Gb  vreg_util.o [4]
?pop_l1                 0x00864b         Code  Gb  vreg_util.o [4]
?pop_l2                 0x008656         Code  Gb  vreg_util.o [4]
?pop_l3                 0x008661         Code  Gb  vreg_util.o [4]
?pop_w4                 0x008600         Code  Gb  vreg_util.o [4]
?push_l0                0x00860f         Code  Gb  vreg_util.o [4]
?push_l1                0x008614         Code  Gb  vreg_util.o [4]
?push_l2                0x008619         Code  Gb  vreg_util.o [4]
?push_l3                0x00861e         Code  Gb  vreg_util.o [4]
?push_w4                0x0085e8         Code  Gb  vreg_util.o [4]
?sdiv16_x_x_y           0x0088bb         Code  Gb  short.o [4]
?sll32_0x_0x_a          0x0085da         Code  Gb  long.o [4]
?sll32_l0_l0_a          0x0085d7         Code  Gb  long.o [4]
?srl16_x_x_4            0x0088d7         Code  Gb  short.o [4]
?srl16_x_x_5            0x0088d6         Code  Gb  short.o [4]
?srl16_x_x_6            0x0088d5         Code  Gb  short.o [4]
?srl16_x_x_7            0x0088d4         Code  Gb  short.o [4]
?udiv32_l0_dl_l1        0x008562         Code  Gb  long.o [4]
?udiv32_l0_l0_dl        0x008567         Code  Gb  long.o [4]
?udiv32_l0_l0_l1        0x00856a         Code  Gb  long.o [4]
?umod32_l1_l0_l1        0x00856a         Code  Gb  long.o [4]
?w0                     0x000000         Data  Gb  vregs.o [4]
?w1                     0x000002         Data  Gb  vregs.o [4]
?w2                     0x000004         Data  Gb  vregs.o [4]
?w3                     0x000006         Data  Gb  vregs.o [4]
?w4                     0x000008         Data  Gb  vregs.o [4]
?w5                     0x00000a         Data  Gb  vregs.o [4]
?w6                     0x00000c         Data  Gb  vregs.o [4]
?w7                     0x00000e         Data  Gb  vregs.o [4]
AWU_IRQHandler()        0x008d3a    0x1  Code  Gb  stm8l10x_it.o [1]
CLK_GetClockFreq()      0x008ace   0x18  Code  Gb  stm8l10x_clk.o [1]
COMP_IRQHandler()       0x008d3d    0x1  Code  Gb  stm8l10x_it.o [1]
CSTACK$$Base            0x000500          --   Gb  - Linker created -
CSTACK$$Limit           0x000600          --   Gb  - Linker created -
CmdSvrContext           0x000149    0x4  Data  Gb  CmdSvr.o [1]
CmdSvr_Buf              0x000010    0x7  Data  Gb  CmdSvr.o [1]
CmdSvr_Run()            0x008a7f   0x1b  Code  Gb  CmdSvr.o [1]
CmdSvr_RxBuf            0x00001b    0x4  Data  Gb  CmdSvr.o [1]
CmdSvr_TxBuf            0x000017    0x4  Data  Gb  CmdSvr.o [1]
Cmdsvr_DispatchResponse(Cmd_t __near *)
                        0x008962   0x25  Code  Gb  CmdSvr.o [1]
Cmdsvr_Init()           0x008987   0x25  Code  Gb  CmdSvr.o [1]
Dummy_ISR()             0x008d46    0x1  Code  Gb  system.o [1]
EXTI0_IRQHandler()      0x008ae6   0x18  Code  Gb  stm8l10x_it.o [1]
EXTI1_IRQHandler()      0x008afe   0x18  Code  Gb  stm8l10x_it.o [1]
EXTI2_IRQHandler()      0x008b16   0x18  Code  Gb  stm8l10x_it.o [1]
EXTI3_IRQHandler()      0x008b2e   0x18  Code  Gb  stm8l10x_it.o [1]
EXTI4_IRQHandler()      0x008b46   0x18  Code  Gb  stm8l10x_it.o [1]
EXTI5_IRQHandler()      0x008b5e   0x18  Code  Gb  stm8l10x_it.o [1]
EXTI6_IRQHandler()      0x008b76   0x18  Code  Gb  stm8l10x_it.o [1]
EXTI7_IRQHandler()      0x008b8e   0x18  Code  Gb  stm8l10x_it.o [1]
EXTIB_IRQHandler()      0x008d3b    0x1  Code  Gb  stm8l10x_it.o [1]
EXTID_IRQHandler()      0x008d3c    0x1  Code  Gb  stm8l10x_it.o [1]
EXTI_ISRs               0x00001f   0x10  Data  Gb  system.o [1]
Err                     0x00014f    0x2  Data  Gb  i2c.o [1]
FLASH_IRQHandler()      0x008d39    0x1  Code  Gb  stm8l10x_it.o [1]
HSIDivFactor            0x008d10    0x4  Data  Lc  stm8l10x_clk.o [1]
I2CDevIntr              0x00002f  0x10f  Data  Lc  CmdSvr.o [1]
I2C_Cmd(FunctionalState)
                        0x008bbe   0x16  Code  Gb  stm8l10x_i2c.o [1]
I2C_CmdHandler(Cmd_t __near *)
                        0x0087ea   0x6b  Code  Gb  I2C_Commands.o [1]
I2C_CmdSvr_Callback(i2c::I2CStatus_t)
                        0x008855   0x48  Code  Gb  CmdSvr.o [1]
I2C_IRQHandler()        0x008c11   0x13  Code  Gb  stm8l10x_it.o [1]
I2C_Init(unsigned long, unsigned short, I2C_DutyCycle_TypeDef, I2C_Ack_TypeDef, I2C_AcknowledgedAddress_TypeDef)
                        0x008379  0x15f  Code  Gb  stm8l10x_i2c.o [1]
I2c_Cmd_response        0x00013e    0xb  Data  Gb  I2C_Commands.o [1]
INTVEC$$Base            0x008000          --   Gb  - Linker created -
INTVEC$$Limit           0x008080          --   Gb  - Linker created -
Region$$Table$$Base     0x0089f6          --   Gb  - Linker created -
Region$$Table$$Limit    0x008a08          --   Gb  - Linker created -
SHT$$INIT_ARRAY$$Base   0x008d36          --   Gb  - Linker created -
SHT$$INIT_ARRAY$$Limit  0x008d38          --   Gb  - Linker created -
SHT$$PREINIT_ARRAY$$Base
                        0x008d36          --   Gb  - Linker created -
SHT$$PREINIT_ARRAY$$Limit
                        0x008d36          --   Gb  - Linker created -
SPI_IRQHandler()        0x008d43    0x1  Code  Gb  stm8l10x_it.o [1]
TIM2_CAP_IRQHandler()   0x008d3f    0x1  Code  Gb  stm8l10x_it.o [1]
TIM2_UPD_OVF_TRG_BRK_IRQHandler()
                        0x008d3e    0x1  Code  Gb  stm8l10x_it.o [1]
TIM3_CAP_IRQHandler()   0x008d41    0x1  Code  Gb  stm8l10x_it.o [1]
TIM3_UPD_OVF_TRG_BRK_IRQHandler()
                        0x008d40    0x1  Code  Gb  stm8l10x_it.o [1]
TIM4_UPD_OVF_IRQHandler()
                        0x008d42    0x1  Code  Gb  stm8l10x_it.o [1]
TRAP_IRQHandler()       0x008d38    0x1  Code  Gb  stm8l10x_it.o [1]
USART_RX_IRQHandler()   0x008d45    0x1  Code  Gb  stm8l10x_it.o [1]
USART_TX_IRQHandler()   0x008d44    0x1  Code  Gb  stm8l10x_it.o [1]
__DebugBreak            0x008d47    0x1  Code  Gb  __dbg_break.o [3]
__call_ctors            0x008a62   0x1d  Code  Gb  cppinit.o [4]
__exit                  0x008bfd   0x14  Code  Gb  __dbg_xxexit.o [3]
__iar_copy_init2        0x008913         Code  Gb  init_small.o [4]
__iar_cstart_call_ctors
                        0x008a52         Code  Gb  cstartup.o [4]
__iar_data_init2        0x008be9   0x14  Code  Gb  init.o [4]
__iar_program_start     0x008a45         Code  Gb  cstartup.o [4]
__iar_unhandled_exception
                        0x008d31         Code  Gb  unhandled_exception.o [4]
__iar_zero_init2        0x008a27         Code  Gb  init_small.o [4]
__intvec                0x008000         Data  Gb  interrupt.o [4]
__low_level_init        0x008d2b    0x3  Code  Gb  low_level_init.o [4]
__sti__routine          0x008c53    0xd  Code  Lc  CmdSvr.o [1]
_exit                   0x008d0b         Code  Gb  cexit.o [4]
_interrupt_1            0x008d38         Code  Gb  stm8l10x_it.o [1]
_interrupt_10           0x008ae6         Code  Gb  stm8l10x_it.o [1]
_interrupt_11           0x008afe         Code  Gb  stm8l10x_it.o [1]
_interrupt_12           0x008b16         Code  Gb  stm8l10x_it.o [1]
_interrupt_13           0x008b2e         Code  Gb  stm8l10x_it.o [1]
_interrupt_14           0x008b46         Code  Gb  stm8l10x_it.o [1]
_interrupt_15           0x008b5e         Code  Gb  stm8l10x_it.o [1]
_interrupt_16           0x008b76         Code  Gb  stm8l10x_it.o [1]
_interrupt_17           0x008b8e         Code  Gb  stm8l10x_it.o [1]
_interrupt_20           0x008d3d         Code  Gb  stm8l10x_it.o [1]
_interrupt_21           0x008d3e         Code  Gb  stm8l10x_it.o [1]
_interrupt_22           0x008d3f         Code  Gb  stm8l10x_it.o [1]
_interrupt_23           0x008d40         Code  Gb  stm8l10x_it.o [1]
_interrupt_24           0x008d41         Code  Gb  stm8l10x_it.o [1]
_interrupt_27           0x008d42         Code  Gb  stm8l10x_it.o [1]
_interrupt_28           0x008d43         Code  Gb  stm8l10x_it.o [1]
_interrupt_29           0x008d44         Code  Gb  stm8l10x_it.o [1]
_interrupt_3            0x008d39         Code  Gb  stm8l10x_it.o [1]
_interrupt_30           0x008d45         Code  Gb  stm8l10x_it.o [1]
_interrupt_31           0x008c11         Code  Gb  stm8l10x_it.o [1]
_interrupt_6            0x008d3a         Code  Gb  stm8l10x_it.o [1]
_interrupt_8            0x008d3b         Code  Gb  stm8l10x_it.o [1]
_interrupt_9            0x008d3c         Code  Gb  stm8l10x_it.o [1]
assert_failed(unsigned char __near *, unsigned long)
                        0x008d34    0x2  Code  Gb  main.o [1]
exit                    0x008d2e    0x3  Code  Gb  exit.o [4]
i2c::HwInit()           0x00893b   0x27  Code  Gb  i2c.o [1]
i2c::I2C_ISR()          0x008080  0x2f9  Code  Gb  i2c.o [1]
i2c::SlaveStartListening(i2c::i2cBuf_t __near *, i2c::i2cBuf_t __near *)
                        0x0088dc   0x37  Code  Gb  i2c.o [1]
i2c::TxnDoneHandler(unsigned char)
                        0x0086c7   0x92  Code  Gb  i2c.o [1]
i2c::m_i2c_this         0x00014d    0x2  Data  Gb  i2c.o [1]
main                    0x008bd4   0x15  Code  Gb  main.o [1]


[1] = C:\Amit_Chaudhary\STM8\STM8L\Code\STM8L101F3_FW\STM8L101F3P6_CPP - Txn_SW_AF_CmdSvr_TxBuf_container\Debug\Obj
[2] = command line
[3] = dbgstm8smd.a
[4] = dlstm8smn.a

  3 072 bytes of readonly  code memory
    328 bytes of readonly  data memory
    593 bytes of readwrite data memory

Errors: none
Warnings: none
