###############################################################################
#
# IAR ELF Linker V3.10.1.201 for STM8                     28/Jul/2019  23:11:45
# Copyright 2010-2017 IAR Systems AB.
#
#    Output file  =  
#        C:\Amit_Chaudhary\STM8\STM8L\STM8L101F3_FW\Debug\Exe\STM8L101F3_FW.out
#    Map file     =  
#        C:\Amit_Chaudhary\STM8\STM8L\STM8L101F3_FW\Debug\List\STM8L101F3_FW.map
#    Command line =  
#        -f C:\Users\amit4\AppData\Local\Temp\EW3424.tmp
#        (C:\Amit_Chaudhary\STM8\STM8L\STM8L101F3_FW\Debug\Obj\Gpio.o
#        C:\Amit_Chaudhary\STM8\STM8L\STM8L101F3_FW\Debug\Obj\main.o
#        C:\Amit_Chaudhary\STM8\STM8L\STM8L101F3_FW\Debug\Obj\stm8l10x_exti.o
#        C:\Amit_Chaudhary\STM8\STM8L\STM8L101F3_FW\Debug\Obj\stm8l10x_it.o
#        --redirect _Printf=_PrintfFullNoMb --redirect _Scanf=_ScanfFullNoMb -o
#        C:\Amit_Chaudhary\STM8\STM8L\STM8L101F3_FW\Debug\Exe\STM8L101F3_FW.out
#        --map
#        C:\Amit_Chaudhary\STM8\STM8L\STM8L101F3_FW\Debug\List\STM8L101F3_FW.map
#        --config "C:\Program Files (x86)\IAR Systems\Embedded Workbench
#        8.0\stm8\config\lnkstm8l101f3.icf" --config_def _CSTACK_SIZE=0x100
#        --config_def _HEAP_SIZE=0x100 --entry __iar_program_start --debug_lib)
#
###############################################################################

*******************************************************************************
*** RUNTIME MODEL ATTRIBUTES
***

__SystemLibrary            = DLib
__code_model               = small
__core                     = stm8
__data_model               = medium
__dlib_file_descriptor     = 0
__dlib_full_locale_support = 0
__rt_version               = 4


*******************************************************************************
*** PLACEMENT SUMMARY
***

"A0":  place at start of [0x000000-0x0000ff] { rw section .vregs };
"A1":  place at end of [0x000000-0x0005ff] { block CSTACK };
"P2":  place in [from 0x000000 to 0x0005ff] {
          block HEAP, rw section __DLIB_PERTHREAD, rw section .far.bss,
          rw section .far.data, rw section .far.noinit,
          rw section .far_func.textrw, rw section .huge.bss,
          rw section .huge.data, rw section .huge.noinit,
          rw section .huge_func.textrw, rw section .iar.dynexit,
          rw section .near.bss, rw section .near.data, rw section .near.noinit,
          rw section .near_func.textrw };
"A2":  place at start of [0x008000-0x009fff] { block INTVEC };
"P3":  place in [from 0x008000 to 0x009fff] {
          ro section __DLIB_PERTHREAD_init, ro section .far.data_init,
          ro section .far_func.textrw_init, ro section .huge.data_init,
          ro section .huge_func.textrw_init, ro section .iar.init_table,
          ro section .init_array, ro section .near.data_init,
          ro section .near.rodata, ro section .near_func.text,
          ro section .near_func.textrw_init, ro section .tiny.data_init,
          ro section .tiny.rodata_init };
"P4":  place in [from 0x008000 to 0x009fff] {
          ro section .far.rodata, ro section .far_func.text };
"P5":  place in [from 0x008000 to 0x009fff] {
          ro section .huge.rodata, ro section .huge_func.text };
do not initialize {
   rw section .far.noinit, rw section .huge.noinit, rw section .near.noinit,
   rw section .tiny.noinit, rw section .vregs };
initialize by copy {
   rw section .far.bss, rw section .far.data, rw section .far_func.textrw,
   rw section .huge.bss, rw section .huge.data, rw section .huge_func.textrw,
   rw section .iar.dynexit, rw section .near.bss, rw section .near.data,
   rw section .near_func.textrw, rw section .tiny.bss, rw section .tiny.data,
   ro section .tiny.rodata };

  Section            Kind      Address   Size  Object
  -------            ----      -------   ----  ------
"A0":                                     0xc
  .vregs             uninit   0x000000    0xc  vregs.o [4]
                            - 0x00000c    0xc

"P2":                                    0x10
  P2-1                        0x00000c   0x10  <Init block>
    .near.data       inited   0x00000c   0x10  Gpio.o [1]
                            - 0x00001c   0x10

"A1":                                   0x100
  CSTACK                      0x000500  0x100  <Block>
    CSTACK           uninit   0x000500  0x100  <Block tail>
                            - 0x000600  0x100

"A2":                                    0x80
  INTVEC                      0x008000   0x80  <Block>
    .intvec          const    0x008000   0x80  interrupt.o [4]
                            - 0x008080   0x80

"P3-P5":                                0x259
  .near_func.text    ro code  0x008080   0x5d  vreg_util.o [4]
  .near_func.text    ro code  0x0080dd   0x28  init_small.o [4]
  .near_func.text    ro code  0x008105   0x24  main.o [1]
  .iar.init_table    const    0x008129    0xa  - Linker created -
  .near_func.text    ro code  0x008133   0x18  stm8l10x_it.o [1]
  .near_func.text    ro code  0x00814b   0x18  stm8l10x_it.o [1]
  .near_func.text    ro code  0x008163   0x18  stm8l10x_it.o [1]
  .near_func.text    ro code  0x00817b   0x18  stm8l10x_it.o [1]
  .near_func.text    ro code  0x008193   0x18  stm8l10x_it.o [1]
  .near_func.text    ro code  0x0081ab   0x18  stm8l10x_it.o [1]
  .near_func.text    ro code  0x0081c3   0x18  stm8l10x_it.o [1]
  .near_func.text    ro code  0x0081db   0x18  stm8l10x_it.o [1]
  .near_func.text    ro code  0x0081f3   0x14  init.o [4]
  .near_func.text    ro code  0x008207   0x14  __dbg_xxexit.o [3]
  .near_func.text    ro code  0x00821b   0x13  cstartup.o [4]
  .near_func.text    ro code  0x00822e   0x11  Gpio.o [1]
  .near_func.text    ro code  0x00823f   0x10  Gpio.o [1]
  Initializer bytes  const    0x00824f   0x10  <for P2-1>
  .near_func.text    ro code  0x00825f    0xe  Gpio.o [1]
  .near_func.text    ro code  0x00826d    0xb  Gpio.o [1]
  .near_func.text    ro code  0x008278    0xa  Gpio.o [1]
  .near_func.text    ro code  0x008282    0x9  Gpio.o [1]
  .near_func.text    ro code  0x00828b    0x7  Gpio.o [1]
  .near_func.text    ro code  0x008292    0x7  Gpio.o [1]
  .near_func.text    ro code  0x008299    0x7  Gpio.o [1]
  .near_func.text    ro code  0x0082a0    0x7  stm8l10x_it.o [1]
  .near_func.text    ro code  0x0082a7    0x6  Gpio.o [1]
  .near_func.text    ro code  0x0082ad    0x5  Gpio.o [1]
  .near_func.text    ro code  0x0082b2    0x5  main.o [1]
  .near_func.text    ro code  0x0082b7    0x5  cexit.o [4]
  .near_func.text    ro code  0x0082bc    0x3  interrupt.o [4]
  .near_func.text    ro code  0x0082bf    0x3  low_level_init.o [4]
  .near_func.text    ro code  0x0082c2    0x3  exit.o [4]
  .near_func.text    ro code  0x0082c5    0x3  unhandled_exception.o [4]
  .near_func.text    ro code  0x0082c8    0x1  Gpio.o [1]
  .near_func.text    ro code  0x0082c9    0x1  stm8l10x_it.o [1]
  .near_func.text    ro code  0x0082ca    0x1  stm8l10x_it.o [1]
  .near_func.text    ro code  0x0082cb    0x1  stm8l10x_it.o [1]
  .near_func.text    ro code  0x0082cc    0x1  stm8l10x_it.o [1]
  .near_func.text    ro code  0x0082cd    0x1  stm8l10x_it.o [1]
  .near_func.text    ro code  0x0082ce    0x1  stm8l10x_it.o [1]
  .near_func.text    ro code  0x0082cf    0x1  stm8l10x_it.o [1]
  .near_func.text    ro code  0x0082d0    0x1  stm8l10x_it.o [1]
  .near_func.text    ro code  0x0082d1    0x1  stm8l10x_it.o [1]
  .near_func.text    ro code  0x0082d2    0x1  stm8l10x_it.o [1]
  .near_func.text    ro code  0x0082d3    0x1  stm8l10x_it.o [1]
  .near_func.text    ro code  0x0082d4    0x1  stm8l10x_it.o [1]
  .near_func.text    ro code  0x0082d5    0x1  stm8l10x_it.o [1]
  .near_func.text    ro code  0x0082d6    0x1  stm8l10x_it.o [1]
  .near_func.text    ro code  0x0082d7    0x1  stm8l10x_it.o [1]
  .near_func.text    ro code  0x0082d8    0x1  __dbg_break.o [3]
                            - 0x0082d9  0x259


*******************************************************************************
*** INIT TABLE
***

          Address   Size
          -------   ----
Copy (__iar_copy_init2)
    1 source range, total size 0x10:
          0x00824f  0x10
    1 destination range, total size 0x10:
          0x00000c  0x10



*******************************************************************************
*** MODULE SUMMARY
***

    Module                 ro code  ro data  rw data
    ------                 -------  -------  -------
C:\Amit_Chaudhary\STM8\STM8L\STM8L101F3_FW\Debug\Obj: [1]
    Gpio.o                     110       16       16
    main.o                      41
    stm8l10x_it.o              214
    ------------------------------------------------
    Total:                     365       16       16

command line: [2]
    ------------------------------------------------
    Total:

dbgstm8smd.a: [3]
    __dbg_break.o                1
    __dbg_xxexit.o              20
    ------------------------------------------------
    Total:                      21

dlstm8smn.a: [4]
    cexit.o                      5
    cstartup.o                  19
    exit.o                       3
    init.o                      20
    init_small.o                40
    interrupt.o                  3      128
    low_level_init.o             3
    unhandled_exception.o        3
    vreg_util.o                 93
    vregs.o                                       12
    ------------------------------------------------
    Total:                     189      128       12

    Linker created                       10      256
----------------------------------------------------
    Grand Total:               575      154      284


*******************************************************************************
*** ENTRY LIST
***

Entry                    Address  Size  Type      Object
-----                    -------  ----  ----      ------
.iar.init_table$$Base   0x008129         --   Gb  - Linker created -
.iar.init_table$$Limit  0x008133         --   Gb  - Linker created -
?b0                     0x000000        Data  Gb  vregs.o [4]
?b1                     0x000001        Data  Gb  vregs.o [4]
?b10                    0x00000a        Data  Gb  vregs.o [4]
?b11                    0x00000b        Data  Gb  vregs.o [4]
?b2                     0x000002        Data  Gb  vregs.o [4]
?b3                     0x000003        Data  Gb  vregs.o [4]
?b4                     0x000004        Data  Gb  vregs.o [4]
?b5                     0x000005        Data  Gb  vregs.o [4]
?b6                     0x000006        Data  Gb  vregs.o [4]
?b7                     0x000007        Data  Gb  vregs.o [4]
?b8                     0x000008        Data  Gb  vregs.o [4]
?b9                     0x000009        Data  Gb  vregs.o [4]
?e0                     0x000001        Data  Gb  vregs.o [4]
?e1                     0x000005        Data  Gb  vregs.o [4]
?e2                     0x000009        Data  Gb  vregs.o [4]
?l0                     0x000000        Data  Gb  vregs.o [4]
?l1                     0x000004        Data  Gb  vregs.o [4]
?l2                     0x000008        Data  Gb  vregs.o [4]
?pop_l0                 0x0080bf        Code  Gb  vreg_util.o [4]
?pop_l1                 0x0080ca        Code  Gb  vreg_util.o [4]
?push_l0                0x008098        Code  Gb  vreg_util.o [4]
?push_l1                0x00809d        Code  Gb  vreg_util.o [4]
?push_w4                0x008080        Code  Gb  vreg_util.o [4]
?w0                     0x000000        Data  Gb  vregs.o [4]
?w1                     0x000002        Data  Gb  vregs.o [4]
?w2                     0x000004        Data  Gb  vregs.o [4]
?w3                     0x000006        Data  Gb  vregs.o [4]
?w4                     0x000008        Data  Gb  vregs.o [4]
?w5                     0x00000a        Data  Gb  vregs.o [4]
AWU_IRQHandler          0x0082cb   0x1  Code  Gb  stm8l10x_it.o [1]
COMP_IRQHandler         0x0082ce   0x1  Code  Gb  stm8l10x_it.o [1]
CSTACK$$Base            0x000500         --   Gb  - Linker created -
CSTACK$$Limit           0x000600         --   Gb  - Linker created -
Dummy_ISR               0x0082c8   0x1  Code  Gb  Gpio.o [1]
EXTI0_IRQHandler        0x008133  0x18  Code  Gb  stm8l10x_it.o [1]
EXTI1_IRQHandler        0x00814b  0x18  Code  Gb  stm8l10x_it.o [1]
EXTI2_IRQHandler        0x008163  0x18  Code  Gb  stm8l10x_it.o [1]
EXTI3_IRQHandler        0x00817b  0x18  Code  Gb  stm8l10x_it.o [1]
EXTI4_IRQHandler        0x008193  0x18  Code  Gb  stm8l10x_it.o [1]
EXTI5_IRQHandler        0x0081ab  0x18  Code  Gb  stm8l10x_it.o [1]
EXTI6_IRQHandler        0x0081c3  0x18  Code  Gb  stm8l10x_it.o [1]
EXTI7_IRQHandler        0x0081db  0x18  Code  Gb  stm8l10x_it.o [1]
EXTIB_IRQHandler        0x0082cc   0x1  Code  Gb  stm8l10x_it.o [1]
EXTID_IRQHandler        0x0082cd   0x1  Code  Gb  stm8l10x_it.o [1]
EXTI_ISRs               0x00000c  0x10  Data  Gb  Gpio.o [1]
FLASH_IRQHandler        0x0082ca   0x1  Code  Gb  stm8l10x_it.o [1]
Gpio1SetInterrupt       0x008282   0x9  Code  Gb  Gpio.o [1]
GpioSetInputPullupInterrupt
                        0x00822e  0x11  Code  Gb  Gpio.o [1]
GpioSetOutputOpenDrainPushPull
                        0x008278   0xa  Code  Gb  Gpio.o [1]
Gpio_1_Callback         0x0082b2   0x5  Code  Gb  main.o [1]
I2C_IRQHandler          0x0082d7   0x1  Code  Gb  stm8l10x_it.o [1]
INTVEC$$Base            0x008000         --   Gb  - Linker created -
INTVEC$$Limit           0x008080         --   Gb  - Linker created -
Region$$Table$$Base     0x008129         --   Gb  - Linker created -
Region$$Table$$Limit    0x008133         --   Gb  - Linker created -
SPI_IRQHandler          0x0082d4   0x1  Code  Gb  stm8l10x_it.o [1]
TIM2_CAP_IRQHandler     0x0082d0   0x1  Code  Gb  stm8l10x_it.o [1]
TIM2_UPD_OVF_TRG_BRK_IRQHandler
                        0x0082cf   0x1  Code  Gb  stm8l10x_it.o [1]
TIM3_CAP_IRQHandler     0x0082d2   0x1  Code  Gb  stm8l10x_it.o [1]
TIM3_UPD_OVF_TRG_BRK_IRQHandler
                        0x0082d1   0x1  Code  Gb  stm8l10x_it.o [1]
TIM4_UPD_OVF_IRQHandler
                        0x0082d3   0x1  Code  Gb  stm8l10x_it.o [1]
TRAP_IRQHandler         0x0082c9   0x1  Code  Gb  stm8l10x_it.o [1]
USART_RX_IRQHandler     0x0082d6   0x1  Code  Gb  stm8l10x_it.o [1]
USART_TX_IRQHandler     0x0082d5   0x1  Code  Gb  stm8l10x_it.o [1]
__DebugBreak            0x0082d8   0x1  Code  Gb  __dbg_break.o [3]
__exit                  0x008207  0x14  Code  Gb  __dbg_xxexit.o [3]
__iar_copy_init2        0x0080dd        Code  Gb  init_small.o [4]
__iar_data_init2        0x0081f3  0x14  Code  Gb  init.o [4]
__iar_program_start     0x00821b        Code  Gb  cstartup.o [4]
__iar_unhandled_exception
                        0x0082c5        Code  Gb  unhandled_exception.o [4]
__intvec                0x008000        Data  Gb  interrupt.o [4]
__low_level_init        0x0082bf   0x3  Code  Gb  low_level_init.o [4]
_exit                   0x0082b7        Code  Gb  cexit.o [4]
_interrupt_1            0x0082c9        Code  Gb  stm8l10x_it.o [1]
_interrupt_10           0x008133        Code  Gb  stm8l10x_it.o [1]
_interrupt_11           0x00814b        Code  Gb  stm8l10x_it.o [1]
_interrupt_12           0x008163        Code  Gb  stm8l10x_it.o [1]
_interrupt_13           0x00817b        Code  Gb  stm8l10x_it.o [1]
_interrupt_14           0x008193        Code  Gb  stm8l10x_it.o [1]
_interrupt_15           0x0081ab        Code  Gb  stm8l10x_it.o [1]
_interrupt_16           0x0081c3        Code  Gb  stm8l10x_it.o [1]
_interrupt_17           0x0081db        Code  Gb  stm8l10x_it.o [1]
_interrupt_20           0x0082ce        Code  Gb  stm8l10x_it.o [1]
_interrupt_21           0x0082cf        Code  Gb  stm8l10x_it.o [1]
_interrupt_22           0x0082d0        Code  Gb  stm8l10x_it.o [1]
_interrupt_23           0x0082d1        Code  Gb  stm8l10x_it.o [1]
_interrupt_24           0x0082d2        Code  Gb  stm8l10x_it.o [1]
_interrupt_27           0x0082d3        Code  Gb  stm8l10x_it.o [1]
_interrupt_28           0x0082d4        Code  Gb  stm8l10x_it.o [1]
_interrupt_29           0x0082d5        Code  Gb  stm8l10x_it.o [1]
_interrupt_3            0x0082ca        Code  Gb  stm8l10x_it.o [1]
_interrupt_30           0x0082d6        Code  Gb  stm8l10x_it.o [1]
_interrupt_31           0x0082d7        Code  Gb  stm8l10x_it.o [1]
_interrupt_6            0x0082cb        Code  Gb  stm8l10x_it.o [1]
_interrupt_8            0x0082cc        Code  Gb  stm8l10x_it.o [1]
_interrupt_9            0x0082cd        Code  Gb  stm8l10x_it.o [1]
exit                    0x0082c2   0x3  Code  Gb  exit.o [4]
main                    0x008105  0x24  Code  Gb  main.o [1]


[1] = C:\Amit_Chaudhary\STM8\STM8L\STM8L101F3_FW\Debug\Obj
[2] = command line
[3] = dbgstm8smd.a
[4] = dlstm8smn.a

  575 bytes of readonly  code memory
  154 bytes of readonly  data memory
  284 bytes of readwrite data memory

Errors: none
Warnings: none
