###############################################################################
#
# IAR ELF Linker V3.10.1.201 for STM8                     31/Jul/2019  14:54:33
# Copyright 2010-2017 IAR Systems AB.
#
#    Output file  =  
#        C:\Amit_Chaudhary\STM8L\Code\STM8L101F3_FW\STM8L101F3P6\Debug\Exe\STM8L101F3_FW.out
#    Map file     =  
#        C:\Amit_Chaudhary\STM8L\Code\STM8L101F3_FW\STM8L101F3P6\Debug\List\STM8L101F3_FW.map
#    Command line =  
#        -f C:\Users\achaudha\AppData\Local\Temp\EWFEBD.tmp
#        (C:\Amit_Chaudhary\STM8L\Code\STM8L101F3_FW\STM8L101F3P6\Debug\Obj\Gpio.o
#        C:\Amit_Chaudhary\STM8L\Code\STM8L101F3_FW\STM8L101F3P6\Debug\Obj\i2c.o
#        C:\Amit_Chaudhary\STM8L\Code\STM8L101F3_FW\STM8L101F3P6\Debug\Obj\i2c_tests.o
#        C:\Amit_Chaudhary\STM8L\Code\STM8L101F3_FW\STM8L101F3P6\Debug\Obj\main.o
#        C:\Amit_Chaudhary\STM8L\Code\STM8L101F3_FW\STM8L101F3P6\Debug\Obj\stm8l10x_clk.o
#        C:\Amit_Chaudhary\STM8L\Code\STM8L101F3_FW\STM8L101F3P6\Debug\Obj\stm8l10x_i2c.o
#        C:\Amit_Chaudhary\STM8L\Code\STM8L101F3_FW\STM8L101F3P6\Debug\Obj\stm8l10x_it.o
#        C:\Amit_Chaudhary\STM8L\Code\STM8L101F3_FW\STM8L101F3P6\Debug\Obj\system.o
#        --redirect _Printf=_PrintfFullNoMb --redirect _Scanf=_ScanfFullNoMb -o
#        C:\Amit_Chaudhary\STM8L\Code\STM8L101F3_FW\STM8L101F3P6\Debug\Exe\STM8L101F3_FW.out
#        --map
#        C:\Amit_Chaudhary\STM8L\Code\STM8L101F3_FW\STM8L101F3P6\Debug\List\STM8L101F3_FW.map
#        --config "C:\Program Files (x86)\IAR Systems\Embedded Workbench
#        8.0\stm8\config\lnkstm8l101f3.icf" --config_def _CSTACK_SIZE=0x100
#        --config_def _HEAP_SIZE=0x100 --entry __iar_program_start --debug_lib)
#
###############################################################################

*******************************************************************************
*** RUNTIME MODEL ATTRIBUTES
***

__SystemLibrary            = DLib
__code_model               = small
__core                     = stm8
__data_model               = medium
__dlib_file_descriptor     = 0
__dlib_full_locale_support = 0
__rt_version               = 4


*******************************************************************************
*** PLACEMENT SUMMARY
***

"A0":  place at start of [0x000000-0x0000ff] { rw section .vregs };
"A1":  place at end of [0x000000-0x0005ff] { block CSTACK };
"P2":  place in [from 0x000000 to 0x0005ff] {
          block HEAP, rw section __DLIB_PERTHREAD, rw section .far.bss,
          rw section .far.data, rw section .far.noinit,
          rw section .far_func.textrw, rw section .huge.bss,
          rw section .huge.data, rw section .huge.noinit,
          rw section .huge_func.textrw, rw section .iar.dynexit,
          rw section .near.bss, rw section .near.data, rw section .near.noinit,
          rw section .near_func.textrw };
"A2":  place at start of [0x008000-0x009fff] { block INTVEC };
"P3":  place in [from 0x008000 to 0x009fff] {
          ro section __DLIB_PERTHREAD_init, ro section .far.data_init,
          ro section .far_func.textrw_init, ro section .huge.data_init,
          ro section .huge_func.textrw_init, ro section .iar.init_table,
          ro section .init_array, ro section .near.data_init,
          ro section .near.rodata, ro section .near_func.text,
          ro section .near_func.textrw_init, ro section .tiny.data_init,
          ro section .tiny.rodata_init };
"P4":  place in [from 0x008000 to 0x009fff] {
          ro section .far.rodata, ro section .far_func.text };
"P5":  place in [from 0x008000 to 0x009fff] {
          ro section .huge.rodata, ro section .huge_func.text };
do not initialize {
   rw section .far.noinit, rw section .huge.noinit, rw section .near.noinit,
   rw section .tiny.noinit, rw section .vregs };
initialize by copy {
   rw section .far.bss, rw section .far.data, rw section .far_func.textrw,
   rw section .huge.bss, rw section .huge.data, rw section .huge_func.textrw,
   rw section .iar.dynexit, rw section .near.bss, rw section .near.data,
   rw section .near_func.textrw, rw section .tiny.bss, rw section .tiny.data,
   ro section .tiny.rodata };

  Section            Kind      Address   Size  Object
  -------            ----      -------   ----  ------
"A0":                                    0x10
  .vregs             uninit   0x000000   0x10  vregs.o [4]
                            - 0x000010   0x10

"P2", part 1 of 2:                       0x11
  P2-1                        0x000010   0x11  <Init block>
    .near.data       inited   0x000010   0x10  Gpio.o [1]
    .near.data       inited   0x000020    0x1  i2c_tests.o [1]
                            - 0x000021   0x11

"P2", part 2 of 2:                      0x121
  .near.bss          zero     0x000021   0xff  i2c.o [1]
  .near.bss          zero     0x000120    0xa  i2c.o [1]
  .near.bss          zero     0x00012a    0xa  i2c_tests.o [1]
  .near.bss          zero     0x000134    0xa  i2c_tests.o [1]
  .near.bss          zero     0x00013e    0x1  i2c.o [1]
  .near.bss          zero     0x00013f    0x1  i2c_tests.o [1]
  .near.bss          zero     0x000140    0x1  i2c_tests.o [1]
  .near.bss          zero     0x000141    0x1  i2c_tests.o [1]
                            - 0x000142  0x121

"A1":                                   0x100
  CSTACK                      0x000500  0x100  <Block>
    CSTACK           uninit   0x000500  0x100  <Block tail>
                            - 0x000600  0x100

"A2":                                    0x80
  INTVEC                      0x008000   0x80  <Block>
    .intvec          const    0x008000   0x80  interrupt.o [4]
                            - 0x008080   0x80

"P3-P5":                                0xb52
  .near_func.text    ro code  0x008080  0x30c  i2c.o [1]
  .near_func.text    ro code  0x00838c  0x15f  stm8l10x_i2c.o [1]
  .near_func.text    ro code  0x0084eb  0x110  long.o [4]
  .near_func.text    ro code  0x0085fb   0xd8  vreg_util.o [4]
  .near_func.text    ro code  0x0086d3   0xd2  i2c_tests.o [1]
  .near.rodata       const    0x0087a5   0x65  stm8l10x_i2c.o [1]
  .near_func.text    ro code  0x00880a   0x3f  short.o [4]
  .near_func.text    ro code  0x008849   0x39  main.o [1]
  .near_func.text    ro code  0x008882   0x34  i2c_tests.o [1]
  .near_func.text    ro code  0x0088b6   0x30  memcmp.o [4]
  .near_func.text    ro code  0x0088e6   0x28  init_small.o [4]
  .near_func.text    ro code  0x00890e   0x25  i2c.o [1]
  .near_func.text    ro code  0x008933   0x25  dc_util.o [4]
  .iar.init_table    const    0x008958   0x12  - Linker created -
  .near_func.text    ro code  0x00896a   0x1e  init_small.o [4]
  .near_func.text    ro code  0x008988   0x18  stm8l10x_clk.o [1]
  .near_func.text    ro code  0x0089a0   0x18  stm8l10x_it.o [1]
  .near_func.text    ro code  0x0089b8   0x18  stm8l10x_it.o [1]
  .near_func.text    ro code  0x0089d0   0x18  stm8l10x_it.o [1]
  .near_func.text    ro code  0x0089e8   0x18  stm8l10x_it.o [1]
  .near_func.text    ro code  0x008a00   0x18  stm8l10x_it.o [1]
  .near_func.text    ro code  0x008a18   0x18  stm8l10x_it.o [1]
  .near_func.text    ro code  0x008a30   0x18  stm8l10x_it.o [1]
  .near_func.text    ro code  0x008a48   0x18  stm8l10x_it.o [1]
  .near_func.text    ro code  0x008a60   0x18  long_util.o [4]
  .near_func.text    ro code  0x008a78   0x16  stm8l10x_i2c.o [1]
  .near_func.text    ro code  0x008a8e   0x14  init.o [4]
  .near_func.text    ro code  0x008aa2   0x14  __dbg_xxexit.o [3]
  .near_func.text    ro code  0x008ab6   0x13  i2c.o [1]
  .near_func.text    ro code  0x008ac9   0x13  cstartup.o [4]
  .near_func.text    ro code  0x008adc   0x11  Gpio.o [1]
  Initializer bytes  const    0x008aed   0x11  <for P2-1>
  .near_func.text    ro code  0x008afe   0x10  Gpio.o [1]
  .near_func.text    ro code  0x008b0e    0xf  Gpio.o [1]
  .near_func.text    ro code  0x008b1d    0xe  Gpio.o [1]
  .near_func.text    ro code  0x008b2b    0xe  i2c.o [1]
  .near_func.text    ro code  0x008b39    0xb  Gpio.o [1]
  .near_func.text    ro code  0x008b44    0xb  stm8l10x_i2c.o [1]
  .near_func.text    ro code  0x008b4f    0xa  Gpio.o [1]
  .near_func.text    ro code  0x008b59    0x9  Gpio.o [1]
  .near_func.text    ro code  0x008b62    0x9  i2c_tests.o [1]
  .near_func.text    ro code  0x008b6b    0x9  stm8l10x_i2c.o [1]
  .near_func.text    ro code  0x008b74    0x7  Gpio.o [1]
  .near_func.text    ro code  0x008b7b    0x7  Gpio.o [1]
  .near_func.text    ro code  0x008b82    0x7  Gpio.o [1]
  .near_func.text    ro code  0x008b89    0x7  stm8l10x_it.o [1]
  .near_func.text    ro code  0x008b90    0x6  Gpio.o [1]
  .near_func.text    ro code  0x008b96    0x6  stm8l10x_i2c.o [1]
  .near_func.text    ro code  0x008b9c    0x5  Gpio.o [1]
  .near_func.text    ro code  0x008ba1    0x5  main.o [1]
  .near_func.text    ro code  0x008ba6    0x5  cexit.o [4]
  .near.rodata       const    0x008bab    0x4  stm8l10x_clk.o [1]
  .near_func.text    ro code  0x008baf    0x4  Gpio.o [1]
  .near_func.text    ro code  0x008bb3    0x3  interrupt.o [4]
  .near_func.text    ro code  0x008bb6    0x3  low_level_init.o [4]
  .near_func.text    ro code  0x008bb9    0x3  exit.o [4]
  .near_func.text    ro code  0x008bbc    0x3  unhandled_exception.o [4]
  .near_func.text    ro code  0x008bbf    0x2  main.o [1]
  .near_func.text    ro code  0x008bc1    0x1  Gpio.o [1]
  .near_func.text    ro code  0x008bc2    0x1  stm8l10x_it.o [1]
  .near_func.text    ro code  0x008bc3    0x1  stm8l10x_it.o [1]
  .near_func.text    ro code  0x008bc4    0x1  stm8l10x_it.o [1]
  .near_func.text    ro code  0x008bc5    0x1  stm8l10x_it.o [1]
  .near_func.text    ro code  0x008bc6    0x1  stm8l10x_it.o [1]
  .near_func.text    ro code  0x008bc7    0x1  stm8l10x_it.o [1]
  .near_func.text    ro code  0x008bc8    0x1  stm8l10x_it.o [1]
  .near_func.text    ro code  0x008bc9    0x1  stm8l10x_it.o [1]
  .near_func.text    ro code  0x008bca    0x1  stm8l10x_it.o [1]
  .near_func.text    ro code  0x008bcb    0x1  stm8l10x_it.o [1]
  .near_func.text    ro code  0x008bcc    0x1  stm8l10x_it.o [1]
  .near_func.text    ro code  0x008bcd    0x1  stm8l10x_it.o [1]
  .near_func.text    ro code  0x008bce    0x1  stm8l10x_it.o [1]
  .near_func.text    ro code  0x008bcf    0x1  stm8l10x_it.o [1]
  .near_func.text    ro code  0x008bd0    0x1  stm8l10x_it.o [1]
  .near_func.text    ro code  0x008bd1    0x1  __dbg_break.o [3]
                            - 0x008bd2  0xb52


*******************************************************************************
*** INIT TABLE
***

          Address   Size
          -------   ----
Zero (__iar_zero_init2)
    1 destination range, total size 0x121:
          0x000021  0x121

Copy (__iar_copy_init2)
    1 source range, total size 0x11:
          0x008aed   0x11
    1 destination range, total size 0x11:
          0x000010   0x11



*******************************************************************************
*** MODULE SUMMARY
***

    Module                 ro code  ro data  rw data
    ------                 -------  -------  -------
C:\Amit_Chaudhary\STM8L\Code\STM8L101F3_FW\STM8L101F3P6\Debug\Obj: [1]
    Gpio.o                     129       16       16
    i2c.o                      850               266
    i2c_tests.o                271        1       24
    main.o                      64
    stm8l10x_clk.o              24        4
    stm8l10x_i2c.o             399      101
    stm8l10x_it.o              214
    ------------------------------------------------
    Total:                   1 951      122      306

command line: [2]
    ------------------------------------------------
    Total:

dbgstm8smd.a: [3]
    __dbg_break.o                1
    __dbg_xxexit.o              20
    ------------------------------------------------
    Total:                      21

dlstm8smn.a: [4]
    cexit.o                      5
    cstartup.o                  19
    dc_util.o                   37
    exit.o                       3
    init.o                      20
    init_small.o                70
    interrupt.o                  3      128
    long.o                     272
    long_util.o                 24
    low_level_init.o             3
    memcmp.o                    48
    short.o                     63
    unhandled_exception.o        3
    vreg_util.o                216
    vregs.o                                       16
    ------------------------------------------------
    Total:                     786      128       16

    Linker created                       18      256
----------------------------------------------------
    Grand Total:             2 758      268      578


*******************************************************************************
*** ENTRY LIST
***

Entry                    Address   Size  Type      Object
-----                    -------   ----  ----      ------
.iar.init_table$$Base   0x008958          --   Gb  - Linker created -
.iar.init_table$$Limit  0x00896a          --   Gb  - Linker created -
?b0                     0x000000         Data  Gb  vregs.o [4]
?b1                     0x000001         Data  Gb  vregs.o [4]
?b10                    0x00000a         Data  Gb  vregs.o [4]
?b11                    0x00000b         Data  Gb  vregs.o [4]
?b12                    0x00000c         Data  Gb  vregs.o [4]
?b13                    0x00000d         Data  Gb  vregs.o [4]
?b14                    0x00000e         Data  Gb  vregs.o [4]
?b15                    0x00000f         Data  Gb  vregs.o [4]
?b2                     0x000002         Data  Gb  vregs.o [4]
?b3                     0x000003         Data  Gb  vregs.o [4]
?b4                     0x000004         Data  Gb  vregs.o [4]
?b5                     0x000005         Data  Gb  vregs.o [4]
?b6                     0x000006         Data  Gb  vregs.o [4]
?b7                     0x000007         Data  Gb  vregs.o [4]
?b8                     0x000008         Data  Gb  vregs.o [4]
?b9                     0x000009         Data  Gb  vregs.o [4]
?dc32_l0                0x008933         Code  Gb  dc_util.o [4]
?dc32_l1                0x008940         Code  Gb  dc_util.o [4]
?dc32_px                0x00894d         Code  Gb  dc_util.o [4]
?e0                     0x000001         Data  Gb  vregs.o [4]
?e1                     0x000005         Data  Gb  vregs.o [4]
?e2                     0x000009         Data  Gb  vregs.o [4]
?e3                     0x00000d         Data  Gb  vregs.o [4]
?epilogue_l2            0x00868a         Code  Gb  vreg_util.o [4]
?epilogue_l2_l3         0x008687         Code  Gb  vreg_util.o [4]
?epilogue_w4            0x00868e         Code  Gb  vreg_util.o [4]
?l0                     0x000000         Data  Gb  vregs.o [4]
?l1                     0x000004         Data  Gb  vregs.o [4]
?l2                     0x000008         Data  Gb  vregs.o [4]
?l3                     0x00000c         Data  Gb  vregs.o [4]
?load32_l0_0x           0x008a60         Code  Gb  long_util.o [4]
?load32_l1_0x           0x008a6c         Code  Gb  long_util.o [4]
?mov_e0_e2              0x008695         Code  Gb  vreg_util.o [4]
?mov_e0_e3              0x0086a2         Code  Gb  vreg_util.o [4]
?mov_e1_e0              0x0086af         Code  Gb  vreg_util.o [4]
?mov_e2_e0              0x0086bc         Code  Gb  vreg_util.o [4]
?mov_e3_e0              0x0086c9         Code  Gb  vreg_util.o [4]
?mov_l0_l2              0x008692         Code  Gb  vreg_util.o [4]
?mov_l0_l3              0x00869f         Code  Gb  vreg_util.o [4]
?mov_l1_l0              0x0086ac         Code  Gb  vreg_util.o [4]
?mov_l2_l0              0x0086b9         Code  Gb  vreg_util.o [4]
?mov_l3_l0              0x0086c6         Code  Gb  vreg_util.o [4]
?mov_w1_w5              0x008698         Code  Gb  vreg_util.o [4]
?mov_w1_w7              0x0086a5         Code  Gb  vreg_util.o [4]
?mov_w3_w1              0x0086b2         Code  Gb  vreg_util.o [4]
?mov_w5_w1              0x0086bf         Code  Gb  vreg_util.o [4]
?mov_w7_w1              0x0086cc         Code  Gb  vreg_util.o [4]
?mul16_x_x_w0           0x00880a         Code  Gb  short.o [4]
?mul32_l0_l0_0x         0x0084ee         Code  Gb  long.o [4]
?mul32_l0_l0_dl         0x0084eb         Code  Gb  long.o [4]
?mul32_l0_l0_l1         0x0084f7         Code  Gb  long.o [4]
?pop_l0                 0x008653         Code  Gb  vreg_util.o [4]
?pop_l1                 0x00865e         Code  Gb  vreg_util.o [4]
?pop_l2                 0x008669         Code  Gb  vreg_util.o [4]
?pop_l3                 0x008674         Code  Gb  vreg_util.o [4]
?pop_w4                 0x008613         Code  Gb  vreg_util.o [4]
?push_l0                0x008622         Code  Gb  vreg_util.o [4]
?push_l1                0x008627         Code  Gb  vreg_util.o [4]
?push_l2                0x00862c         Code  Gb  vreg_util.o [4]
?push_l3                0x008631         Code  Gb  vreg_util.o [4]
?push_w4                0x0085fb         Code  Gb  vreg_util.o [4]
?sdiv16_x_x_y           0x008828         Code  Gb  short.o [4]
?sll32_0x_0x_a          0x0085ed         Code  Gb  long.o [4]
?sll32_l0_l0_a          0x0085ea         Code  Gb  long.o [4]
?srl16_x_x_4            0x008844         Code  Gb  short.o [4]
?srl16_x_x_5            0x008843         Code  Gb  short.o [4]
?srl16_x_x_6            0x008842         Code  Gb  short.o [4]
?srl16_x_x_7            0x008841         Code  Gb  short.o [4]
?udiv32_l0_dl_l1        0x008575         Code  Gb  long.o [4]
?udiv32_l0_l0_dl        0x00857a         Code  Gb  long.o [4]
?udiv32_l0_l0_l1        0x00857d         Code  Gb  long.o [4]
?umod32_l1_l0_l1        0x00857d         Code  Gb  long.o [4]
?w0                     0x000000         Data  Gb  vregs.o [4]
?w1                     0x000002         Data  Gb  vregs.o [4]
?w2                     0x000004         Data  Gb  vregs.o [4]
?w3                     0x000006         Data  Gb  vregs.o [4]
?w4                     0x000008         Data  Gb  vregs.o [4]
?w5                     0x00000a         Data  Gb  vregs.o [4]
?w6                     0x00000c         Data  Gb  vregs.o [4]
?w7                     0x00000e         Data  Gb  vregs.o [4]
AWU_IRQHandler          0x008bc4    0x1  Code  Gb  stm8l10x_it.o [1]
CLK_GetClockFreq        0x008988   0x18  Code  Gb  stm8l10x_clk.o [1]
COMP_IRQHandler         0x008bc7    0x1  Code  Gb  stm8l10x_it.o [1]
CSTACK$$Base            0x000500          --   Gb  - Linker created -
CSTACK$$Limit           0x000600          --   Gb  - Linker created -
Dummy_ISR               0x008bc1    0x1  Code  Gb  Gpio.o [1]
EXTI0_IRQHandler        0x0089a0   0x18  Code  Gb  stm8l10x_it.o [1]
EXTI1_IRQHandler        0x0089b8   0x18  Code  Gb  stm8l10x_it.o [1]
EXTI2_IRQHandler        0x0089d0   0x18  Code  Gb  stm8l10x_it.o [1]
EXTI3_IRQHandler        0x0089e8   0x18  Code  Gb  stm8l10x_it.o [1]
EXTI4_IRQHandler        0x008a00   0x18  Code  Gb  stm8l10x_it.o [1]
EXTI5_IRQHandler        0x008a18   0x18  Code  Gb  stm8l10x_it.o [1]
EXTI6_IRQHandler        0x008a30   0x18  Code  Gb  stm8l10x_it.o [1]
EXTI7_IRQHandler        0x008a48   0x18  Code  Gb  stm8l10x_it.o [1]
EXTIB_IRQHandler        0x008bc5    0x1  Code  Gb  stm8l10x_it.o [1]
EXTID_IRQHandler        0x008bc6    0x1  Code  Gb  stm8l10x_it.o [1]
EXTI_ISRs               0x000010   0x10  Data  Gb  Gpio.o [1]
FLASH_IRQHandler        0x008bc3    0x1  Code  Gb  stm8l10x_it.o [1]
Gpio1SetInterrupt       0x008b59    0x9  Code  Gb  Gpio.o [1]
GpioSetInputPullupInterrupt
                        0x008adc   0x11  Code  Gb  Gpio.o [1]
GpioSetOutputOpenDrainFast
                        0x008b0e    0xf  Code  Gb  Gpio.o [1]
GpioSetOutputOpenDrainPushPull
                        0x008b4f    0xa  Code  Gb  Gpio.o [1]
Gpio_1_Callback         0x008ba1    0x5  Code  Gb  main.o [1]
HSIDivFactor            0x008bab    0x4  Data  Gb  stm8l10x_clk.o [1]
I2CStates               0x000021   0xff  Data  Gb  i2c.o [1]
I2C_Cmd                 0x008a78   0x16  Code  Gb  stm8l10x_i2c.o [1]
I2C_IRQHandler          0x008bd0    0x1  Code  Gb  stm8l10x_it.o [1]
I2C_Init                0x00838c  0x15f  Code  Gb  stm8l10x_i2c.o [1]
I2cLogStates            0x008ab6   0x13  Code  Lc  i2c.o [1]
I2cLogStates::I2CStates_Idx
                        0x00013e    0x1  Data  Lc  i2c.o [1]
I2cRxPoll               0x0081d9  0x13c  Code  Gb  i2c.o [1]
I2cScanBus              0x008080   0x43  Code  Gb  i2c.o [1]
I2cTests                0x008384    0x8  Code  Gb  i2c.o [1]
I2cTests::FoundDevices  0x000120    0xa  Data  Lc  i2c.o [1]
I2cTxPoll               0x00814d   0x80  Code  Gb  i2c.o [1]
I2c_HwInit              0x00890e   0x25  Code  Gb  i2c.o [1]
I2c_Poll_Tests          0x0086d3   0xd2  Code  Gb  i2c_tests.o [1]
INTVEC$$Base            0x008000          --   Gb  - Linker created -
INTVEC$$Limit           0x008080          --   Gb  - Linker created -
Region$$Table$$Base     0x008958          --   Gb  - Linker created -
Region$$Table$$Limit    0x00896a          --   Gb  - Linker created -
RepeatedStart           0x00013f    0x1  Data  Gb  i2c_tests.o [1]
RxBuf                   0x000134    0xa  Data  Gb  i2c_tests.o [1]
RxLen                   0x000141    0x1  Data  Gb  i2c_tests.o [1]
SPI_IRQHandler          0x008bcd    0x1  Code  Gb  stm8l10x_it.o [1]
SendSlaveAddress        0x0080c3   0x81  Code  Gb  i2c.o [1]
SlaveAddress            0x000020    0x1  Data  Gb  i2c_tests.o [1]
TIM2_CAP_IRQHandler     0x008bc9    0x1  Code  Gb  stm8l10x_it.o [1]
TIM2_UPD_OVF_TRG_BRK_IRQHandler
                        0x008bc8    0x1  Code  Gb  stm8l10x_it.o [1]
TIM3_CAP_IRQHandler     0x008bcb    0x1  Code  Gb  stm8l10x_it.o [1]
TIM3_UPD_OVF_TRG_BRK_IRQHandler
                        0x008bca    0x1  Code  Gb  stm8l10x_it.o [1]
TIM4_UPD_OVF_IRQHandler
                        0x008bcc    0x1  Code  Gb  stm8l10x_it.o [1]
TRAP_IRQHandler         0x008bc2    0x1  Code  Gb  stm8l10x_it.o [1]
TxBuf                   0x00012a    0xa  Data  Gb  i2c_tests.o [1]
TxLen                   0x000140    0x1  Data  Gb  i2c_tests.o [1]
USART_RX_IRQHandler     0x008bcf    0x1  Code  Gb  stm8l10x_it.o [1]
USART_TX_IRQHandler     0x008bce    0x1  Code  Gb  stm8l10x_it.o [1]
WaitOnFlag              0x008361   0x23  Code  Gb  i2c.o [1]
__DebugBreak            0x008bd1    0x1  Code  Gb  __dbg_break.o [3]
__exit                  0x008aa2   0x14  Code  Gb  __dbg_xxexit.o [3]
__iar_copy_init2        0x0088e6         Code  Gb  init_small.o [4]
__iar_data_init2        0x008a8e   0x14  Code  Gb  init.o [4]
__iar_program_start     0x008ac9         Code  Gb  cstartup.o [4]
__iar_unhandled_exception
                        0x008bbc         Code  Gb  unhandled_exception.o [4]
__iar_zero_init2        0x00896a         Code  Gb  init_small.o [4]
__intvec                0x008000         Data  Gb  interrupt.o [4]
__low_level_init        0x008bb6    0x3  Code  Gb  low_level_init.o [4]
_exit                   0x008ba6         Code  Gb  cexit.o [4]
_interrupt_1            0x008bc2         Code  Gb  stm8l10x_it.o [1]
_interrupt_10           0x0089a0         Code  Gb  stm8l10x_it.o [1]
_interrupt_11           0x0089b8         Code  Gb  stm8l10x_it.o [1]
_interrupt_12           0x0089d0         Code  Gb  stm8l10x_it.o [1]
_interrupt_13           0x0089e8         Code  Gb  stm8l10x_it.o [1]
_interrupt_14           0x008a00         Code  Gb  stm8l10x_it.o [1]
_interrupt_15           0x008a18         Code  Gb  stm8l10x_it.o [1]
_interrupt_16           0x008a30         Code  Gb  stm8l10x_it.o [1]
_interrupt_17           0x008a48         Code  Gb  stm8l10x_it.o [1]
_interrupt_20           0x008bc7         Code  Gb  stm8l10x_it.o [1]
_interrupt_21           0x008bc8         Code  Gb  stm8l10x_it.o [1]
_interrupt_22           0x008bc9         Code  Gb  stm8l10x_it.o [1]
_interrupt_23           0x008bca         Code  Gb  stm8l10x_it.o [1]
_interrupt_24           0x008bcb         Code  Gb  stm8l10x_it.o [1]
_interrupt_27           0x008bcc         Code  Gb  stm8l10x_it.o [1]
_interrupt_28           0x008bcd         Code  Gb  stm8l10x_it.o [1]
_interrupt_29           0x008bce         Code  Gb  stm8l10x_it.o [1]
_interrupt_3            0x008bc3         Code  Gb  stm8l10x_it.o [1]
_interrupt_30           0x008bcf         Code  Gb  stm8l10x_it.o [1]
_interrupt_31           0x008bd0         Code  Gb  stm8l10x_it.o [1]
_interrupt_6            0x008bc4         Code  Gb  stm8l10x_it.o [1]
_interrupt_8            0x008bc5         Code  Gb  stm8l10x_it.o [1]
_interrupt_9            0x008bc6         Code  Gb  stm8l10x_it.o [1]
assert_failed           0x008bbf    0x2  Code  Gb  main.o [1]
exit                    0x008bb9    0x3  Code  Gb  exit.o [4]
main                    0x008849   0x39  Code  Gb  main.o [1]
memcmp                  0x0088b6   0x30  Code  Gb  memcmp.o [4]


[1] = C:\Amit_Chaudhary\STM8L\Code\STM8L101F3_FW\STM8L101F3P6\Debug\Obj
[2] = command line
[3] = dbgstm8smd.a
[4] = dlstm8smn.a

  2 758 bytes of readonly  code memory
    268 bytes of readonly  data memory
    578 bytes of readwrite data memory

Errors: none
Warnings: none
