###############################################################################
#
# IAR ELF Linker V3.10.1.201 for STM8                     30/Jul/2019  12:20:58
# Copyright 2010-2017 IAR Systems AB.
#
#    Output file  =  
#        C:\Amit_Chaudhary\STM8L\Code\STM8L101F3_FW\STM8L101F3P6\Debug\Exe\STM8L101F3_FW.out
#    Map file     =  
#        C:\Amit_Chaudhary\STM8L\Code\STM8L101F3_FW\STM8L101F3P6\Debug\List\STM8L101F3_FW.map
#    Command line =  
#        -f C:\Users\achaudha\AppData\Local\Temp\EWE4F4.tmp
#        (C:\Amit_Chaudhary\STM8L\Code\STM8L101F3_FW\STM8L101F3P6\Debug\Obj\Gpio.o
#        C:\Amit_Chaudhary\STM8L\Code\STM8L101F3_FW\STM8L101F3P6\Debug\Obj\i2c.o
#        C:\Amit_Chaudhary\STM8L\Code\STM8L101F3_FW\STM8L101F3P6\Debug\Obj\main.o
#        C:\Amit_Chaudhary\STM8L\Code\STM8L101F3_FW\STM8L101F3P6\Debug\Obj\stm8l10x_i2c.o
#        C:\Amit_Chaudhary\STM8L\Code\STM8L101F3_FW\STM8L101F3P6\Debug\Obj\stm8l10x_it.o
#        --redirect _Printf=_PrintfFullNoMb --redirect _Scanf=_ScanfFullNoMb -o
#        C:\Amit_Chaudhary\STM8L\Code\STM8L101F3_FW\STM8L101F3P6\Debug\Exe\STM8L101F3_FW.out
#        --map
#        C:\Amit_Chaudhary\STM8L\Code\STM8L101F3_FW\STM8L101F3P6\Debug\List\STM8L101F3_FW.map
#        --config "C:\Program Files (x86)\IAR Systems\Embedded Workbench
#        8.0\stm8\config\lnkstm8l101f3.icf" --config_def _CSTACK_SIZE=0x100
#        --config_def _HEAP_SIZE=0x100 --entry __iar_program_start --debug_lib)
#
###############################################################################

*******************************************************************************
*** RUNTIME MODEL ATTRIBUTES
***

__SystemLibrary            = DLib
__code_model               = small
__core                     = stm8
__data_model               = medium
__dlib_file_descriptor     = 0
__dlib_full_locale_support = 0
__rt_version               = 4


*******************************************************************************
*** PLACEMENT SUMMARY
***

"A0":  place at start of [0x000000-0x0000ff] { rw section .vregs };
"A1":  place at end of [0x000000-0x0005ff] { block CSTACK };
"P2":  place in [from 0x000000 to 0x0005ff] {
          block HEAP, rw section __DLIB_PERTHREAD, rw section .far.bss,
          rw section .far.data, rw section .far.noinit,
          rw section .far_func.textrw, rw section .huge.bss,
          rw section .huge.data, rw section .huge.noinit,
          rw section .huge_func.textrw, rw section .iar.dynexit,
          rw section .near.bss, rw section .near.data, rw section .near.noinit,
          rw section .near_func.textrw };
"A2":  place at start of [0x008000-0x009fff] { block INTVEC };
"P3":  place in [from 0x008000 to 0x009fff] {
          ro section __DLIB_PERTHREAD_init, ro section .far.data_init,
          ro section .far_func.textrw_init, ro section .huge.data_init,
          ro section .huge_func.textrw_init, ro section .iar.init_table,
          ro section .init_array, ro section .near.data_init,
          ro section .near.rodata, ro section .near_func.text,
          ro section .near_func.textrw_init, ro section .tiny.data_init,
          ro section .tiny.rodata_init };
"P4":  place in [from 0x008000 to 0x009fff] {
          ro section .far.rodata, ro section .far_func.text };
"P5":  place in [from 0x008000 to 0x009fff] {
          ro section .huge.rodata, ro section .huge_func.text };
do not initialize {
   rw section .far.noinit, rw section .huge.noinit, rw section .near.noinit,
   rw section .tiny.noinit, rw section .vregs };
initialize by copy {
   rw section .far.bss, rw section .far.data, rw section .far_func.textrw,
   rw section .huge.bss, rw section .huge.data, rw section .huge_func.textrw,
   rw section .iar.dynexit, rw section .near.bss, rw section .near.data,
   rw section .near_func.textrw, rw section .tiny.bss, rw section .tiny.data,
   ro section .tiny.rodata };

  Section            Kind      Address   Size  Object
  -------            ----      -------   ----  ------
"A0":                                     0xc
  .vregs             uninit   0x000000    0xc  vregs.o [4]
                            - 0x00000c    0xc

"P2", part 1 of 2:                       0x10
  P2-1                        0x00000c   0x10  <Init block>
    .near.data       inited   0x00000c   0x10  Gpio.o [1]
                            - 0x00001c   0x10

"P2", part 2 of 2:                      0x100
  .near.bss          zero     0x00001c   0xff  i2c.o [1]
  .near.bss          zero     0x00011b    0x1  i2c.o [1]
                            - 0x00011c  0x100

"A1":                                   0x100
  CSTACK                      0x000500  0x100  <Block>
    CSTACK           uninit   0x000500  0x100  <Block tail>
                            - 0x000600  0x100

"A2":                                    0x80
  INTVEC                      0x008000   0x80  <Block>
    .intvec          const    0x008000   0x80  interrupt.o [4]
                            - 0x008080   0x80

"P3-P5":                                0x58c
  .near_func.text    ro code  0x008080  0x19f  i2c.o [1]
  .near_func.text    ro code  0x00821f   0x7a  i2c.o [1]
  .near_func.text    ro code  0x008299   0x79  i2c.o [1]
  .near_func.text    ro code  0x008312   0x5d  vreg_util.o [4]
  .near_func.text    ro code  0x00836f   0x38  main.o [1]
  .near_func.text    ro code  0x0083a7   0x28  init_small.o [4]
  .iar.init_table    const    0x0083cf   0x12  - Linker created -
  .near_func.text    ro code  0x0083e1   0x1e  init_small.o [4]
  .near_func.text    ro code  0x0083ff   0x18  stm8l10x_it.o [1]
  .near_func.text    ro code  0x008417   0x18  stm8l10x_it.o [1]
  .near_func.text    ro code  0x00842f   0x18  stm8l10x_it.o [1]
  .near_func.text    ro code  0x008447   0x18  stm8l10x_it.o [1]
  .near_func.text    ro code  0x00845f   0x18  stm8l10x_it.o [1]
  .near_func.text    ro code  0x008477   0x18  stm8l10x_it.o [1]
  .near_func.text    ro code  0x00848f   0x18  stm8l10x_it.o [1]
  .near_func.text    ro code  0x0084a7   0x18  stm8l10x_it.o [1]
  .near_func.text    ro code  0x0084bf   0x14  init.o [4]
  .near_func.text    ro code  0x0084d3   0x14  __dbg_xxexit.o [3]
  .near_func.text    ro code  0x0084e7   0x13  i2c.o [1]
  .near_func.text    ro code  0x0084fa   0x13  cstartup.o [4]
  .near_func.text    ro code  0x00850d   0x11  Gpio.o [1]
  .near_func.text    ro code  0x00851e   0x10  Gpio.o [1]
  Initializer bytes  const    0x00852e   0x10  <for P2-1>
  .near_func.text    ro code  0x00853e    0xe  Gpio.o [1]
  .near_func.text    ro code  0x00854c    0xd  i2c.o [1]
  .near_func.text    ro code  0x008559    0xb  Gpio.o [1]
  .near_func.text    ro code  0x008564    0xa  Gpio.o [1]
  .near_func.text    ro code  0x00856e    0xa  i2c.o [1]
  .near_func.text    ro code  0x008578    0x9  Gpio.o [1]
  .near_func.text    ro code  0x008581    0x9  i2c.o [1]
  .near_func.text    ro code  0x00858a    0x8  i2c.o [1]
  .near_func.text    ro code  0x008592    0x8  i2c.o [1]
  .near_func.text    ro code  0x00859a    0x7  Gpio.o [1]
  .near_func.text    ro code  0x0085a1    0x7  Gpio.o [1]
  .near_func.text    ro code  0x0085a8    0x7  Gpio.o [1]
  .near_func.text    ro code  0x0085af    0x7  i2c.o [1]
  .near_func.text    ro code  0x0085b6    0x7  stm8l10x_it.o [1]
  .near_func.text    ro code  0x0085bd    0x6  Gpio.o [1]
  .near_func.text    ro code  0x0085c3    0x6  i2c.o [1]
  .near_func.text    ro code  0x0085c9    0x6  i2c.o [1]
  .near_func.text    ro code  0x0085cf    0x6  i2c.o [1]
  .near_func.text    ro code  0x0085d5    0x6  i2c.o [1]
  .near_func.text    ro code  0x0085db    0x5  Gpio.o [1]
  .near_func.text    ro code  0x0085e0    0x5  i2c.o [1]
  .near_func.text    ro code  0x0085e5    0x5  main.o [1]
  .near_func.text    ro code  0x0085ea    0x5  cexit.o [4]
  .near_func.text    ro code  0x0085ef    0x3  interrupt.o [4]
  .near_func.text    ro code  0x0085f2    0x3  low_level_init.o [4]
  .near_func.text    ro code  0x0085f5    0x3  exit.o [4]
  .near_func.text    ro code  0x0085f8    0x3  unhandled_exception.o [4]
  .near_func.text    ro code  0x0085fb    0x1  Gpio.o [1]
  .near_func.text    ro code  0x0085fc    0x1  stm8l10x_it.o [1]
  .near_func.text    ro code  0x0085fd    0x1  stm8l10x_it.o [1]
  .near_func.text    ro code  0x0085fe    0x1  stm8l10x_it.o [1]
  .near_func.text    ro code  0x0085ff    0x1  stm8l10x_it.o [1]
  .near_func.text    ro code  0x008600    0x1  stm8l10x_it.o [1]
  .near_func.text    ro code  0x008601    0x1  stm8l10x_it.o [1]
  .near_func.text    ro code  0x008602    0x1  stm8l10x_it.o [1]
  .near_func.text    ro code  0x008603    0x1  stm8l10x_it.o [1]
  .near_func.text    ro code  0x008604    0x1  stm8l10x_it.o [1]
  .near_func.text    ro code  0x008605    0x1  stm8l10x_it.o [1]
  .near_func.text    ro code  0x008606    0x1  stm8l10x_it.o [1]
  .near_func.text    ro code  0x008607    0x1  stm8l10x_it.o [1]
  .near_func.text    ro code  0x008608    0x1  stm8l10x_it.o [1]
  .near_func.text    ro code  0x008609    0x1  stm8l10x_it.o [1]
  .near_func.text    ro code  0x00860a    0x1  stm8l10x_it.o [1]
  .near_func.text    ro code  0x00860b    0x1  __dbg_break.o [3]
                            - 0x00860c  0x58c


*******************************************************************************
*** INIT TABLE
***

          Address   Size
          -------   ----
Zero (__iar_zero_init2)
    1 destination range, total size 0x100:
          0x00001c  0x100

Copy (__iar_copy_init2)
    1 source range, total size 0x10:
          0x00852e   0x10
    1 destination range, total size 0x10:
          0x00000c   0x10



*******************************************************************************
*** MODULE SUMMARY
***

    Module                 ro code  ro data  rw data
    ------                 -------  -------  -------
C:\Amit_Chaudhary\STM8L\Code\STM8L101F3_FW\STM8L101F3P6\Debug\Obj: [1]
    Gpio.o                     110       16       16
    i2c.o                      761               256
    main.o                      61
    stm8l10x_it.o              214
    ------------------------------------------------
    Total:                   1 146       16      272

command line: [2]
    ------------------------------------------------
    Total:

dbgstm8smd.a: [3]
    __dbg_break.o                1
    __dbg_xxexit.o              20
    ------------------------------------------------
    Total:                      21

dlstm8smn.a: [4]
    cexit.o                      5
    cstartup.o                  19
    exit.o                       3
    init.o                      20
    init_small.o                70
    interrupt.o                  3      128
    low_level_init.o             3
    unhandled_exception.o        3
    vreg_util.o                 93
    vregs.o                                       12
    ------------------------------------------------
    Total:                     219      128       12

    Linker created                       18      256
----------------------------------------------------
    Grand Total:             1 386      162      540


*******************************************************************************
*** ENTRY LIST
***

Entry                    Address   Size  Type      Object
-----                    -------   ----  ----      ------
.iar.init_table$$Base   0x0083cf          --   Gb  - Linker created -
.iar.init_table$$Limit  0x0083e1          --   Gb  - Linker created -
?b0                     0x000000         Data  Gb  vregs.o [4]
?b1                     0x000001         Data  Gb  vregs.o [4]
?b10                    0x00000a         Data  Gb  vregs.o [4]
?b11                    0x00000b         Data  Gb  vregs.o [4]
?b2                     0x000002         Data  Gb  vregs.o [4]
?b3                     0x000003         Data  Gb  vregs.o [4]
?b4                     0x000004         Data  Gb  vregs.o [4]
?b5                     0x000005         Data  Gb  vregs.o [4]
?b6                     0x000006         Data  Gb  vregs.o [4]
?b7                     0x000007         Data  Gb  vregs.o [4]
?b8                     0x000008         Data  Gb  vregs.o [4]
?b9                     0x000009         Data  Gb  vregs.o [4]
?e0                     0x000001         Data  Gb  vregs.o [4]
?e1                     0x000005         Data  Gb  vregs.o [4]
?e2                     0x000009         Data  Gb  vregs.o [4]
?l0                     0x000000         Data  Gb  vregs.o [4]
?l1                     0x000004         Data  Gb  vregs.o [4]
?l2                     0x000008         Data  Gb  vregs.o [4]
?pop_l0                 0x008351         Code  Gb  vreg_util.o [4]
?pop_l1                 0x00835c         Code  Gb  vreg_util.o [4]
?push_l0                0x00832a         Code  Gb  vreg_util.o [4]
?push_l1                0x00832f         Code  Gb  vreg_util.o [4]
?push_w4                0x008312         Code  Gb  vreg_util.o [4]
?w0                     0x000000         Data  Gb  vregs.o [4]
?w1                     0x000002         Data  Gb  vregs.o [4]
?w2                     0x000004         Data  Gb  vregs.o [4]
?w3                     0x000006         Data  Gb  vregs.o [4]
?w4                     0x000008         Data  Gb  vregs.o [4]
?w5                     0x00000a         Data  Gb  vregs.o [4]
AWU_IRQHandler          0x0085fe    0x1  Code  Gb  stm8l10x_it.o [1]
COMP_IRQHandler         0x008601    0x1  Code  Gb  stm8l10x_it.o [1]
CSTACK$$Base            0x000500          --   Gb  - Linker created -
CSTACK$$Limit           0x000600          --   Gb  - Linker created -
Dummy_ISR               0x0085fb    0x1  Code  Gb  Gpio.o [1]
EXTI0_IRQHandler        0x0083ff   0x18  Code  Gb  stm8l10x_it.o [1]
EXTI1_IRQHandler        0x008417   0x18  Code  Gb  stm8l10x_it.o [1]
EXTI2_IRQHandler        0x00842f   0x18  Code  Gb  stm8l10x_it.o [1]
EXTI3_IRQHandler        0x008447   0x18  Code  Gb  stm8l10x_it.o [1]
EXTI4_IRQHandler        0x00845f   0x18  Code  Gb  stm8l10x_it.o [1]
EXTI5_IRQHandler        0x008477   0x18  Code  Gb  stm8l10x_it.o [1]
EXTI6_IRQHandler        0x00848f   0x18  Code  Gb  stm8l10x_it.o [1]
EXTI7_IRQHandler        0x0084a7   0x18  Code  Gb  stm8l10x_it.o [1]
EXTIB_IRQHandler        0x0085ff    0x1  Code  Gb  stm8l10x_it.o [1]
EXTID_IRQHandler        0x008600    0x1  Code  Gb  stm8l10x_it.o [1]
EXTI_ISRs               0x00000c   0x10  Data  Gb  Gpio.o [1]
FLASH_IRQHandler        0x0085fd    0x1  Code  Gb  stm8l10x_it.o [1]
Gpio1SetInterrupt       0x008578    0x9  Code  Gb  Gpio.o [1]
GpioSetInputPullupInterrupt
                        0x00850d   0x11  Code  Gb  Gpio.o [1]
GpioSetOutputOpenDrainPushPull
                        0x008564    0xa  Code  Gb  Gpio.o [1]
Gpio_1_Callback         0x0085e5    0x5  Code  Gb  main.o [1]
I2CStates               0x00001c   0xff  Data  Gb  i2c.o [1]
I2C_IRQHandler          0x00860a    0x1  Code  Gb  stm8l10x_it.o [1]
I2cLogStates::I2CStates_Idx
                        0x00011b    0x1  Data  Gb  i2c.o [1]
I2cRxPoll               0x008080  0x19f  Code  Gb  i2c.o [1]
I2cTxPoll               0x00821f   0x7a  Code  Gb  i2c.o [1]
INTVEC$$Base            0x008000          --   Gb  - Linker created -
INTVEC$$Limit           0x008080          --   Gb  - Linker created -
Region$$Table$$Base     0x0083cf          --   Gb  - Linker created -
Region$$Table$$Limit    0x0083e1          --   Gb  - Linker created -
SPI_IRQHandler          0x008607    0x1  Code  Gb  stm8l10x_it.o [1]
SendSlaveAddress        0x008299   0x79  Code  Gb  i2c.o [1]
TIM2_CAP_IRQHandler     0x008603    0x1  Code  Gb  stm8l10x_it.o [1]
TIM2_UPD_OVF_TRG_BRK_IRQHandler
                        0x008602    0x1  Code  Gb  stm8l10x_it.o [1]
TIM3_CAP_IRQHandler     0x008605    0x1  Code  Gb  stm8l10x_it.o [1]
TIM3_UPD_OVF_TRG_BRK_IRQHandler
                        0x008604    0x1  Code  Gb  stm8l10x_it.o [1]
TIM4_UPD_OVF_IRQHandler
                        0x008606    0x1  Code  Gb  stm8l10x_it.o [1]
TRAP_IRQHandler         0x0085fc    0x1  Code  Gb  stm8l10x_it.o [1]
USART_RX_IRQHandler     0x008609    0x1  Code  Gb  stm8l10x_it.o [1]
USART_TX_IRQHandler     0x008608    0x1  Code  Gb  stm8l10x_it.o [1]
__DebugBreak            0x00860b    0x1  Code  Gb  __dbg_break.o [3]
__exit                  0x0084d3   0x14  Code  Gb  __dbg_xxexit.o [3]
__iar_copy_init2        0x0083a7         Code  Gb  init_small.o [4]
__iar_data_init2        0x0084bf   0x14  Code  Gb  init.o [4]
__iar_program_start     0x0084fa         Code  Gb  cstartup.o [4]
__iar_unhandled_exception
                        0x0085f8         Code  Gb  unhandled_exception.o [4]
__iar_zero_init2        0x0083e1         Code  Gb  init_small.o [4]
__intvec                0x008000         Data  Gb  interrupt.o [4]
__low_level_init        0x0085f2    0x3  Code  Gb  low_level_init.o [4]
_exit                   0x0085ea         Code  Gb  cexit.o [4]
_interrupt_1            0x0085fc         Code  Gb  stm8l10x_it.o [1]
_interrupt_10           0x0083ff         Code  Gb  stm8l10x_it.o [1]
_interrupt_11           0x008417         Code  Gb  stm8l10x_it.o [1]
_interrupt_12           0x00842f         Code  Gb  stm8l10x_it.o [1]
_interrupt_13           0x008447         Code  Gb  stm8l10x_it.o [1]
_interrupt_14           0x00845f         Code  Gb  stm8l10x_it.o [1]
_interrupt_15           0x008477         Code  Gb  stm8l10x_it.o [1]
_interrupt_16           0x00848f         Code  Gb  stm8l10x_it.o [1]
_interrupt_17           0x0084a7         Code  Gb  stm8l10x_it.o [1]
_interrupt_20           0x008601         Code  Gb  stm8l10x_it.o [1]
_interrupt_21           0x008602         Code  Gb  stm8l10x_it.o [1]
_interrupt_22           0x008603         Code  Gb  stm8l10x_it.o [1]
_interrupt_23           0x008604         Code  Gb  stm8l10x_it.o [1]
_interrupt_24           0x008605         Code  Gb  stm8l10x_it.o [1]
_interrupt_27           0x008606         Code  Gb  stm8l10x_it.o [1]
_interrupt_28           0x008607         Code  Gb  stm8l10x_it.o [1]
_interrupt_29           0x008608         Code  Gb  stm8l10x_it.o [1]
_interrupt_3            0x0085fd         Code  Gb  stm8l10x_it.o [1]
_interrupt_30           0x008609         Code  Gb  stm8l10x_it.o [1]
_interrupt_31           0x00860a         Code  Gb  stm8l10x_it.o [1]
_interrupt_6            0x0085fe         Code  Gb  stm8l10x_it.o [1]
_interrupt_8            0x0085ff         Code  Gb  stm8l10x_it.o [1]
_interrupt_9            0x008600         Code  Gb  stm8l10x_it.o [1]
exit                    0x0085f5    0x3  Code  Gb  exit.o [4]
main                    0x00836f   0x38  Code  Gb  main.o [1]


[1] = C:\Amit_Chaudhary\STM8L\Code\STM8L101F3_FW\STM8L101F3P6\Debug\Obj
[2] = command line
[3] = dbgstm8smd.a
[4] = dlstm8smn.a

  1 386 bytes of readonly  code memory
    162 bytes of readonly  data memory
    540 bytes of readwrite data memory

Errors: none
Warnings: none
