###############################################################################
#
# IAR ELF Linker V3.11.1.207 for STM8                     05/Jan/2021  09:06:49
# Copyright 2010-2019 IAR Systems AB.
#
#    Output file  =  
#        C:\Amit_Chaudhary\STM8\STM8L101\code\STM8L101F3_FW\STM8L101F3P6_CPP -
#        Timers\Debug\Exe\STM8L101F3_FW_CPP.out
#    Map file     =  
#        C:\Amit_Chaudhary\STM8\STM8L101\code\STM8L101F3_FW\STM8L101F3P6_CPP -
#        Timers\Debug\List\STM8L101F3_FW_CPP.map
#    Command line =  
#        -f C:\Users\AMITCH~1\AppData\Local\Temp\EW603A.tmp
#        ("C:\Amit_Chaudhary\STM8\STM8L101\code\STM8L101F3_FW\STM8L101F3P6_CPP
#        - Timers\Debug\Obj\CmdSvr.o"
#        "C:\Amit_Chaudhary\STM8\STM8L101\code\STM8L101F3_FW\STM8L101F3P6_CPP -
#        Timers\Debug\Obj\eeprom.o"
#        "C:\Amit_Chaudhary\STM8\STM8L101\code\STM8L101F3_FW\STM8L101F3P6_CPP -
#        Timers\Debug\Obj\gpio_tests.o"
#        "C:\Amit_Chaudhary\STM8\STM8L101\code\STM8L101F3_FW\STM8L101F3P6_CPP -
#        Timers\Debug\Obj\i2c.o"
#        "C:\Amit_Chaudhary\STM8\STM8L101\code\STM8L101F3_FW\STM8L101F3P6_CPP -
#        Timers\Debug\Obj\I2C_Commands.o"
#        "C:\Amit_Chaudhary\STM8\STM8L101\code\STM8L101F3_FW\STM8L101F3P6_CPP -
#        Timers\Debug\Obj\i2c_tests.o"
#        "C:\Amit_Chaudhary\STM8\STM8L101\code\STM8L101F3_FW\STM8L101F3P6_CPP -
#        Timers\Debug\Obj\IWDG.o"
#        "C:\Amit_Chaudhary\STM8\STM8L101\code\STM8L101F3_FW\STM8L101F3P6_CPP -
#        Timers\Debug\Obj\main.o"
#        "C:\Amit_Chaudhary\STM8\STM8L101\code\STM8L101F3_FW\STM8L101F3P6_CPP -
#        Timers\Debug\Obj\RTF.o"
#        "C:\Amit_Chaudhary\STM8\STM8L101\code\STM8L101F3_FW\STM8L101F3P6_CPP -
#        Timers\Debug\Obj\Spi.o"
#        "C:\Amit_Chaudhary\STM8\STM8L101\code\STM8L101F3_FW\STM8L101F3P6_CPP -
#        Timers\Debug\Obj\Spi_tests.o"
#        "C:\Amit_Chaudhary\STM8\STM8L101\code\STM8L101F3_FW\STM8L101F3P6_CPP -
#        Timers\Debug\Obj\stm8l10x_clk.o"
#        "C:\Amit_Chaudhary\STM8\STM8L101\code\STM8L101F3_FW\STM8L101F3P6_CPP -
#        Timers\Debug\Obj\stm8l10x_i2c.o"
#        "C:\Amit_Chaudhary\STM8\STM8L101\code\STM8L101F3_FW\STM8L101F3P6_CPP -
#        Timers\Debug\Obj\stm8l10x_it.o"
#        "C:\Amit_Chaudhary\STM8\STM8L101\code\STM8L101F3_FW\STM8L101F3P6_CPP -
#        Timers\Debug\Obj\stm8l10x_spi.o"
#        "C:\Amit_Chaudhary\STM8\STM8L101\code\STM8L101F3_FW\STM8L101F3P6_CPP -
#        Timers\Debug\Obj\stm8l10x_tim2.o"
#        "C:\Amit_Chaudhary\STM8\STM8L101\code\STM8L101F3_FW\STM8L101F3P6_CPP -
#        Timers\Debug\Obj\stm8l10x_tim3.o"
#        "C:\Amit_Chaudhary\STM8\STM8L101\code\STM8L101F3_FW\STM8L101F3P6_CPP -
#        Timers\Debug\Obj\stm8l10x_usart.o"
#        "C:\Amit_Chaudhary\STM8\STM8L101\code\STM8L101F3_FW\STM8L101F3P6_CPP -
#        Timers\Debug\Obj\system.o"
#        "C:\Amit_Chaudhary\STM8\STM8L101\code\STM8L101F3_FW\STM8L101F3P6_CPP -
#        Timers\Debug\Obj\Uart.o" --redirect _Printf=_PrintfFullNoMb --redirect
#        _Scanf=_ScanfFullNoMb --no_out_extension -o
#        "C:\Amit_Chaudhary\STM8\STM8L101\code\STM8L101F3_FW\STM8L101F3P6_CPP -
#        Timers\Debug\Exe\STM8L101F3_FW_CPP.out" --map
#        "C:\Amit_Chaudhary\STM8\STM8L101\code\STM8L101F3_FW\STM8L101F3P6_CPP -
#        Timers\Debug\List\STM8L101F3_FW_CPP.map" --config "C:\Program Files
#        (x86)\IAR Systems\Embedded Workbench
#        8.3\stm8\config\lnkstm8l101f3.icf" --config_def _CSTACK_SIZE=0x100
#        --config_def _HEAP_SIZE=0x100 --entry __iar_program_start --debug_lib)
#
###############################################################################

*******************************************************************************
*** RUNTIME MODEL ATTRIBUTES
***

__SystemLibrary            = DLib
__code_model               = small
__core                     = stm8
__data_model               = medium
__dlib_file_descriptor     = 0
__dlib_full_locale_support = 0
__rt_version               = 4


*******************************************************************************
*** PLACEMENT SUMMARY
***

"A0":  place at start of [0x000000-0x0000ff] { rw section .vregs };
"A1":  place at end of [0x000000-0x0005ff] { block CSTACK };
"P2":  place in [from 0x000000 to 0x0005ff] {
          block HEAP, rw section __DLIB_PERTHREAD, rw section .far.bss,
          rw section .far.data, rw section .far.noinit,
          rw section .far_func.textrw, rw section .huge.bss,
          rw section .huge.data, rw section .huge.noinit,
          rw section .huge_func.textrw, rw section .iar.dynexit,
          rw section .near.bss, rw section .near.data, rw section .near.noinit,
          rw section .near_func.textrw };
"A2":  place at start of [0x008000-0x009fff] { block INTVEC };
"P3":  place in [from 0x008000 to 0x009fff] {
          ro section __DLIB_PERTHREAD_init, ro section .far.data_init,
          ro section .far_func.textrw_init, ro section .huge.data_init,
          ro section .huge_func.textrw_init, ro section .iar.init_table,
          ro section .init_array, ro section .near.data_init,
          ro section .near.rodata, ro section .near_func.text,
          ro section .near_func.textrw_init, ro section .tiny.data_init,
          ro section .tiny.rodata_init };
"P4":  place in [from 0x008000 to 0x009fff] {
          ro section .far.rodata, ro section .far_func.text };
"P5":  place in [from 0x008000 to 0x009fff] {
          ro section .huge.rodata, ro section .huge_func.text };
do not initialize {
   rw section .far.noinit, rw section .huge.noinit, rw section .near.noinit,
   rw section .tiny.noinit, rw section .vregs };
initialize by copy {
   rw section .far.bss, rw section .far.data, rw section .far_func.textrw,
   rw section .huge.bss, rw section .huge.data, rw section .huge_func.textrw,
   rw section .iar.dynexit, rw section .near.bss, rw section .near.data,
   rw section .near_func.textrw, rw section .tiny.bss, rw section .tiny.data,
   ro section .tiny.rodata };

No sections matched the following patterns:

  ro section .far.data_init          in "P3-P5"
  ro section .far.rodata             in "P3-P5"
  ro section .far_func.text          in "P3-P5"
  ro section .far_func.textrw_init   in "P3-P5"
  ro section .huge.data_init         in "P3-P5"
  ro section .huge.rodata            in "P3-P5"
  ro section .huge_func.text         in "P3-P5"
  ro section .huge_func.textrw_init  in "P3-P5"
  ro section .iar.init_table         in "P3-P5"
  ro section .near.rodata            in "P3-P5"
  ro section .near_func.textrw_init  in "P3-P5"
  ro section .tiny.data_init         in "P3-P5"
  ro section .tiny.rodata_init       in "P3-P5"
  ro section __DLIB_PERTHREAD_init   in "P3-P5"
  rw section .far.bss                in "P2"
  rw section .far.data               in "P2"
  rw section .far.noinit             in "P2"
  rw section .far_func.textrw        in "P2"
  rw section .huge.bss               in "P2"
  rw section .huge.data              in "P2"
  rw section .huge.noinit            in "P2"
  rw section .huge_func.textrw       in "P2"
  rw section .near.noinit            in "P2"
  rw section .near_func.textrw       in "P2"
  rw section .tiny.bss               in "P1"
  rw section .tiny.data              in "P1"
  rw section .tiny.noinit            in "P1"
  rw section .tiny.rodata            in "P1"
  rw section __DLIB_PERTHREAD        in "P2"


  Section             Kind      Address   Size  Object
  -------             ----      -------   ----  ------
"A0":                                      0xc
  .vregs              uninit   0x000000    0xc  vregs.o [4]
                             - 0x00000c    0xc

"P2", part 1 of 3:                        0x25
  P2-1                         0x00000c   0x25  <Init block>
    .near.data        inited   0x00000c    0x7  CmdSvr.o [1]
    .near.data        inited   0x000013    0x4  CmdSvr.o [1]
    .near.data        inited   0x000017    0x4  CmdSvr.o [1]
    .near.data        inited   0x00001b   0x14  system.o [1]
    .near.data        inited   0x00002f    0x2  cppinit.o [4]
                             - 0x000031   0x25

"P2", part 2 of 3:                        0xcc
  .iar.dynexit                 0x000031   0xcc  <Block>
    .iar.dynexit      uninit   0x000031    0x6  cppinit.o [4]
    .iar.dynexit      uninit   0x000037   0xc6  <Block tail>
                             - 0x0000fd   0xcc

"P2", part 3 of 3:                        0x52
  .near.bss           zero     0x0000fd   0x27  main.o [1]
  .near.bss           zero     0x000124    0xb  Spi.o [1]
  .near.bss           zero     0x00012f    0x6  main.o [1]
  .near.bss           zero     0x000135    0x6  Spi_tests.o [1]
  .near.bss           zero     0x00013b    0x4  CmdSvr.o [1]
  .near.bss           zero     0x00013f    0x4  stm8l10x_it.o [1]
  .near.bss           zero     0x000143    0x4  stm8l10x_it.o [1]
  .near.bss           zero     0x000147    0x4  stm8l10x_it.o [1]
  .near.bss           zero     0x00014b    0x2  i2c.o [1]
  .near.bss           zero     0x00014d    0x2  cppinit.o [4]
                             - 0x00014f   0x52

"A1":                                    0x100
  CSTACK                       0x000500  0x100  <Block>
    CSTACK            uninit   0x000500  0x100  <Block tail>
                             - 0x000600  0x100

"A2":                                     0x80
  INTVEC                       0x008000   0x80  <Block>
    .intvec           const    0x008000   0x80  interrupt.o [4]
                             - 0x008080   0x80

"P3-P5":                                 0x6be
  .near_func.text     ro code  0x008080  0x119  i2c.o [1]
  .near_func.text     ro code  0x008199   0x84  vreg_util.o [4]
  .near_func.text     ro code  0x00821d   0x80  stm8l10x_it.o [1]
  .near_func.text     ro code  0x00829d   0x4e  cppinit.o [4]
  .near_func.text     ro code  0x0082eb   0x4c  main.o [1]
  .near_func.text     ro code  0x008337   0x43  stm8l10x_it.o [1]
  .near_func.text     ro code  0x00837a   0x35  cppinit.o [4]
  .near_func.text     ro code  0x0083af   0x2f  i2c.o [1]
  .near_func.text     ro code  0x0083de   0x28  init_small.o [4]
  Initializer bytes   const    0x008406   0x25  <for P2-1>
  .iar.init_table     const    0x00842b   0x12  - Linker created -
  .near_func.text     ro code  0x00843d   0x1e  init_small.o [4]
  .near_func.text     ro code  0x00845b   0x1d  cstartup.o [4]
  .near_func.text     ro code  0x008478   0x1d  cppinit.o [4]
  .near_func.text     ro code  0x008495   0x1b  stm8l10x_it.o [1]
  .near_func.text     ro code  0x0084b0   0x1b  stm8l10x_it.o [1]
  .near_func.text     ro code  0x0084cb   0x1a  long_util.o [4]
  .near_func.text     ro code  0x0084e5   0x18  stm8l10x_it.o [1]
  .near_func.text     ro code  0x0084fd   0x18  stm8l10x_it.o [1]
  .near_func.text     ro code  0x008515   0x18  stm8l10x_it.o [1]
  .near_func.text     ro code  0x00852d   0x18  stm8l10x_it.o [1]
  .near_func.text     ro code  0x008545   0x18  stm8l10x_it.o [1]
  .near_func.text     ro code  0x00855d   0x18  stm8l10x_it.o [1]
  .near_func.text     ro code  0x008575   0x18  stm8l10x_it.o [1]
  .near_func.text     ro code  0x00858d   0x18  stm8l10x_it.o [1]
  .near_func.text     ro code  0x0085a5   0x18  stm8l10x_it.o [1]
  .near_func.text     ro code  0x0085bd   0x18  stm8l10x_it.o [1]
  .near_func.text     ro code  0x0085d5   0x17  main.o [1]
  .near_func.text     ro code  0x0085ec   0x17  stm8l10x_it.o [1]
  .near_func.text     ro code  0x008603   0x16  main.o [1]
  .near_func.text     ro code  0x008619   0x14  Spi_tests.o [1]
  .near_func.text     ro code  0x00862d   0x14  init.o [4]
  .near_func.text     ro code  0x008641   0x14  __dbg_xxexit.o [3]
  .near_func.text     ro code  0x008655   0x13  stm8l10x_it.o [1]
  .near_func.text     ro code  0x008668   0x13  long.o [4]
  .near_func.text     ro code  0x00867b    0xf  i2c.o [1]
  .near_func.text     ro code  0x00868a    0xd  CmdSvr.o [1]
  .near_func.text     ro code  0x008697    0xd  i2c.o [1]
  .near_func.text     ro code  0x0086a4    0xd  main.o [1]
  .near_func.text     ro code  0x0086b1    0xd  main.o [1]
  .near_func.text     ro code  0x0086be    0xc  i2c.o [1]
  .near_func.text     ro code  0x0086ca    0xc  i2c.o [1]
  .near_func.text     ro code  0x0086d6    0xb  i2c.o [1]
  .near_func.text     ro code  0x0086e1    0x9  i2c.o [1]
  .near_func.text     ro code  0x0086ea    0x8  i2c.o [1]
  .near_func.text     ro code  0x0086f2    0x8  cexit.o [4]
  .near_func.text     ro code  0x0086fa    0x7  i2c.o [1]
  .near_func.text     ro code  0x008701    0x7  stm8l10x_it.o [1]
  .near_func.text     ro code  0x008708    0x6  i2c.o [1]
  .near_func.text     ro code  0x00870e    0x6  stm8l10x_it.o [1]
  SHT$$PREINIT_ARRAY           0x008714    0x0  <Block>
  SHT$$INIT_ARRAY              0x008714    0x6  <Block>
    .difunct          const    0x008714    0x2  CmdSvr.o [1]
    .difunct          const    0x008716    0x2  main.o [1]
    .difunct          const    0x008718    0x2  Spi_tests.o [1]
  .near_func.text     ro code  0x00871a    0x5  i2c.o [1]
  .near_func.text     ro code  0x00871f    0x5  i2c.o [1]
  .near_func.text     ro code  0x008724    0x3  interrupt.o [4]
  .near_func.text     ro code  0x008727    0x3  low_level_init.o [4]
  .near_func.text     ro code  0x00872a    0x3  exit.o [4]
  .near_func.text     ro code  0x00872d    0x3  unhandled_exception.o [4]
  .near_func.text     ro code  0x008730    0x2  Spi.o [1]
  .near_func.text     ro code  0x008732    0x2  Uart.o [1]
  .near_func.text     ro code  0x008734    0x1  main.o [1]
  .near_func.text     ro code  0x008735    0x1  Spi_tests.o [1]
  .near_func.text     ro code  0x008736    0x1  stm8l10x_it.o [1]
  .near_func.text     ro code  0x008737    0x1  stm8l10x_it.o [1]
  .near_func.text     ro code  0x008738    0x1  stm8l10x_it.o [1]
  .near_func.text     ro code  0x008739    0x1  stm8l10x_it.o [1]
  .near_func.text     ro code  0x00873a    0x1  stm8l10x_it.o [1]
  .near_func.text     ro code  0x00873b    0x1  stm8l10x_it.o [1]
  .near_func.text     ro code  0x00873c    0x1  system.o [1]
  .near_func.text     ro code  0x00873d    0x1  __dbg_break.o [3]
                             - 0x00873e  0x6be


*******************************************************************************
*** INIT TABLE
***

          Address   Size
          -------   ----
Zero (__iar_zero_init2)
    1 destination range, total size 0x52:
          0x0000fd  0x52

Copy (__iar_copy_init2)
    1 source range, total size 0x25:
          0x008406  0x25
    1 destination range, total size 0x25:
          0x00000c  0x25



*******************************************************************************
*** MODULE SUMMARY
***

    Module                 ro code  ro data  rw data
    ------                 -------  -------  -------
C:\Amit_Chaudhary\STM8\STM8L101\code\STM8L101F3_FW\STM8L101F3P6_CPP - Timers\Debug\Obj: [1]
    CmdSvr.o                    13       17       19
    Spi.o                        2                11
    Spi_tests.o                 21        2        6
    Uart.o                       2
    i2c.o                      431                 2
    main.o                     148        2       45
    stm8l10x_it.o              550                12
    system.o                     1       20       20
    ------------------------------------------------
    Total:                   1 168       41      115

command line: [2]
    ------------------------------------------------
    Total:

dbgstm8smd.a: [3]
    __dbg_break.o                1
    __dbg_xxexit.o              20
    ------------------------------------------------
    Total:                      21

dlstm8smn.a: [4]
    cexit.o                      8
    cppinit.o                  160        2       10
    cstartup.o                  29
    exit.o                       3
    init.o                      20
    init_small.o                70
    interrupt.o                  3      128
    long.o                      19
    long_util.o                 26
    low_level_init.o             3
    unhandled_exception.o        3
    vreg_util.o                132
    vregs.o                                       12
    ------------------------------------------------
    Total:                     476      130       22

    Linker created                       18      454
----------------------------------------------------
    Grand Total:             1 665      189      591


*******************************************************************************
*** ENTRY LIST
***

Entry                    Address   Size  Type      Object
-----                    -------   ----  ----      ------
.iar.dynexit$$Base      0x000031          --   Gb  - Linker created -
.iar.dynexit$$Limit     0x0000fd          --   Gb  - Linker created -
.iar.init_table$$Base   0x00842b          --   Gb  - Linker created -
.iar.init_table$$Limit  0x00843d          --   Gb  - Linker created -
??call_ctors            0x008468         Code  Gb  cstartup.o [4]
?b0                     0x000000         Data  Gb  vregs.o [4]
?b1                     0x000001         Data  Gb  vregs.o [4]
?b10                    0x00000a         Data  Gb  vregs.o [4]
?b11                    0x00000b         Data  Gb  vregs.o [4]
?b2                     0x000002         Data  Gb  vregs.o [4]
?b3                     0x000003         Data  Gb  vregs.o [4]
?b4                     0x000004         Data  Gb  vregs.o [4]
?b5                     0x000005         Data  Gb  vregs.o [4]
?b6                     0x000006         Data  Gb  vregs.o [4]
?b7                     0x000007         Data  Gb  vregs.o [4]
?b8                     0x000008         Data  Gb  vregs.o [4]
?b9                     0x000009         Data  Gb  vregs.o [4]
?e0                     0x000001         Data  Gb  vregs.o [4]
?e1                     0x000005         Data  Gb  vregs.o [4]
?e2                     0x000009         Data  Gb  vregs.o [4]
?epilogue_l2            0x008215         Code  Gb  vreg_util.o [4]
?epilogue_w4            0x008219         Code  Gb  vreg_util.o [4]
?inc32_0x_0x            0x00866d         Code  Gb  long.o [4]
?inc32_l0_l0            0x008668         Code  Gb  long.o [4]
?l0                     0x000000         Data  Gb  vregs.o [4]
?l1                     0x000004         Data  Gb  vregs.o [4]
?l2                     0x000008         Data  Gb  vregs.o [4]
?load32_0x_l0           0x0084d7         Code  Gb  long_util.o [4]
?load32_l0_0x           0x0084cb         Code  Gb  long_util.o [4]
?pop_l0                 0x0081ec         Code  Gb  vreg_util.o [4]
?pop_l1                 0x0081f7         Code  Gb  vreg_util.o [4]
?pop_l2                 0x008202         Code  Gb  vreg_util.o [4]
?pop_w4                 0x0081b1         Code  Gb  vreg_util.o [4]
?push_l0                0x0081c0         Code  Gb  vreg_util.o [4]
?push_l1                0x0081c5         Code  Gb  vreg_util.o [4]
?push_l2                0x0081ca         Code  Gb  vreg_util.o [4]
?push_w4                0x008199         Code  Gb  vreg_util.o [4]
?w0                     0x000000         Data  Gb  vregs.o [4]
?w1                     0x000002         Data  Gb  vregs.o [4]
?w2                     0x000004         Data  Gb  vregs.o [4]
?w3                     0x000006         Data  Gb  vregs.o [4]
?w4                     0x000008         Data  Gb  vregs.o [4]
?w5                     0x00000a         Data  Gb  vregs.o [4]
AWU_IRQHandler()        0x008738    0x1  Code  Gb  stm8l10x_it.o [1]
COMP_IRQHandler()       0x008739    0x1  Code  Gb  stm8l10x_it.o [1]
CSTACK$$Base            0x000500          --   Gb  - Linker created -
CSTACK$$Limit           0x000600          --   Gb  - Linker created -
CmdSvrContext           0x00013b    0x4  Data  Gb  CmdSvr.o [1]
CmdSvr_Buf              0x00000c    0x7  Data  Gb  CmdSvr.o [1]
CmdSvr_RxBuf            0x000017    0x4  Data  Gb  CmdSvr.o [1]
CmdSvr_TxBuf            0x000013    0x4  Data  Gb  CmdSvr.o [1]
DtorRecArray            0x000031    0x6  Data  Lc  cppinit.o [4]
Dummy_ISR()             0x00873c    0x1  Code  Gb  system.o [1]
EXTI0_IRQHandler()      0x008515   0x18  Code  Gb  stm8l10x_it.o [1]
EXTI1_IRQHandler()      0x00852d   0x18  Code  Gb  stm8l10x_it.o [1]
EXTI2_IRQHandler()      0x008545   0x18  Code  Gb  stm8l10x_it.o [1]
EXTI3_IRQHandler()      0x00855d   0x18  Code  Gb  stm8l10x_it.o [1]
EXTI4_IRQHandler()      0x008575   0x18  Code  Gb  stm8l10x_it.o [1]
EXTI5_IRQHandler()      0x00858d   0x18  Code  Gb  stm8l10x_it.o [1]
EXTI6_IRQHandler()      0x0085a5   0x18  Code  Gb  stm8l10x_it.o [1]
EXTI7_IRQHandler()      0x0085bd   0x18  Code  Gb  stm8l10x_it.o [1]
EXTIB_IRQHandler()      0x0084e5   0x18  Code  Gb  stm8l10x_it.o [1]
EXTID_IRQHandler()      0x0084fd   0x18  Code  Gb  stm8l10x_it.o [1]
EXTI_ISRs               0x00001b   0x14  Data  Gb  system.o [1]
FLASH_IRQHandler()      0x008737    0x1  Code  Gb  stm8l10x_it.o [1]
HAL::Spi::Spi()         0x008730    0x2  Code  Gb  Spi.o [1]
HAL::Spi::m_Transaction
                        0x000124    0xb  Data  Gb  Spi.o [1]
HAL::Spi::~Spi()        0x008735    0x1  Code  Gb  Spi_tests.o [1]
HAL::Uart::Uart(USART_struct __near *)
                        0x008732    0x2  Code  Gb  Uart.o [1]
HAL::Uart::~Uart()      0x008734    0x1  Code  Gb  main.o [1]
I2C_IRQHandler()        0x008655   0x13  Code  Gb  stm8l10x_it.o [1]
INTVEC$$Base            0x008000          --   Gb  - Linker created -
INTVEC$$Limit           0x008080          --   Gb  - Linker created -
PulseIn3                0x0000fd   0x27  Data  Gb  main.o [1]
Region$$Table$$Base     0x00842b          --   Gb  - Linker created -
Region$$Table$$Limit    0x00843d          --   Gb  - Linker created -
SHT$$INIT_ARRAY$$Base   0x008714          --   Gb  - Linker created -
SHT$$INIT_ARRAY$$Limit  0x00871a          --   Gb  - Linker created -
SHT$$PREINIT_ARRAY$$Base
                        0x008714          --   Gb  - Linker created -
SHT$$PREINIT_ARRAY$$Limit
                        0x008714          --   Gb  - Linker created -
SPI_IRQHandler()        0x00821d   0x80  Code  Gb  stm8l10x_it.o [1]
TIM2Ticks               0x00013f    0x4  Data  Gb  stm8l10x_it.o [1]
TIM2_CAP_IRQHandler()   0x008337   0x43  Code  Gb  stm8l10x_it.o [1]
TIM2_UPD_OVF_TRG_BRK_IRQHandler()
                        0x008495   0x1b  Code  Gb  stm8l10x_it.o [1]
TIM3Ticks               0x000143    0x4  Data  Gb  stm8l10x_it.o [1]
TIM3_CAP_IRQHandler()   0x00873a    0x1  Code  Gb  stm8l10x_it.o [1]
TIM3_UPD_OVF_TRG_BRK_IRQHandler()
                        0x0084b0   0x1b  Code  Gb  stm8l10x_it.o [1]
TIM4Ticks               0x000147    0x4  Data  Gb  stm8l10x_it.o [1]
TIM4_UPD_OVF_IRQHandler()
                        0x0085ec   0x17  Code  Gb  stm8l10x_it.o [1]
TRAP_IRQHandler()       0x008736    0x1  Code  Gb  stm8l10x_it.o [1]
USART_RX_IRQHandler()   0x00873b    0x1  Code  Gb  stm8l10x_it.o [1]
__DebugBreak            0x00873d    0x1  Code  Gb  __dbg_break.o [3]
__call_ctors            0x008478   0x1d  Code  Gb  cppinit.o [4]
__call_dtors            0x0082e7    0x4  Code  Gb  cppinit.o [4]
__cstart_call_dtors     0x0086f3         Code  Gb  cexit.o [4]
__cxa_atexit            0x00837a   0x35  Code  Gb  cppinit.o [4]
__cxa_finalize          0x00829d   0x4a  Code  Gb  cppinit.o [4]
__dso_handle            0x00014d    0x2  Data  Gb  cppinit.o [4]
__exit                  0x008641   0x14  Code  Gb  __dbg_xxexit.o [3]
__iar_copy_init2        0x0083de         Code  Gb  init_small.o [4]
__iar_cstart_call_ctors
                        0x008468         Code  Gb  cstartup.o [4]
__iar_data_init2        0x00862d   0x14  Code  Gb  init.o [4]
__iar_program_start     0x00845b         Code  Gb  cstartup.o [4]
__iar_unhandled_exception
                        0x00872d         Code  Gb  unhandled_exception.o [4]
__iar_zero_init2        0x00843d         Code  Gb  init_small.o [4]
__intvec                0x008000         Data  Gb  interrupt.o [4]
__low_level_init        0x008727    0x3  Code  Gb  low_level_init.o [4]
__sti__routine          0x00868a    0xd  Code  Lc  CmdSvr.o [1]
__sti__routine          0x0085d5   0x17  Code  Lc  main.o [1]
__sti__routine          0x008619   0x14  Code  Lc  Spi_tests.o [1]
_exit                   0x0086f2         Code  Gb  cexit.o [4]
_interrupt_1            0x008736         Code  Gb  stm8l10x_it.o [1]
_interrupt_10           0x008515         Code  Gb  stm8l10x_it.o [1]
_interrupt_11           0x00852d         Code  Gb  stm8l10x_it.o [1]
_interrupt_12           0x008545         Code  Gb  stm8l10x_it.o [1]
_interrupt_13           0x00855d         Code  Gb  stm8l10x_it.o [1]
_interrupt_14           0x008575         Code  Gb  stm8l10x_it.o [1]
_interrupt_15           0x00858d         Code  Gb  stm8l10x_it.o [1]
_interrupt_16           0x0085a5         Code  Gb  stm8l10x_it.o [1]
_interrupt_17           0x0085bd         Code  Gb  stm8l10x_it.o [1]
_interrupt_20           0x008739         Code  Gb  stm8l10x_it.o [1]
_interrupt_21           0x008495         Code  Gb  stm8l10x_it.o [1]
_interrupt_22           0x008337         Code  Gb  stm8l10x_it.o [1]
_interrupt_23           0x0084b0         Code  Gb  stm8l10x_it.o [1]
_interrupt_24           0x00873a         Code  Gb  stm8l10x_it.o [1]
_interrupt_27           0x0085ec         Code  Gb  stm8l10x_it.o [1]
_interrupt_28           0x00821d         Code  Gb  stm8l10x_it.o [1]
_interrupt_3            0x008737         Code  Gb  stm8l10x_it.o [1]
_interrupt_30           0x00873b         Code  Gb  stm8l10x_it.o [1]
_interrupt_31           0x008655         Code  Gb  stm8l10x_it.o [1]
_interrupt_6            0x008738         Code  Gb  stm8l10x_it.o [1]
_interrupt_8            0x0084e5         Code  Gb  stm8l10x_it.o [1]
_interrupt_9            0x0084fd         Code  Gb  stm8l10x_it.o [1]
exit                    0x00872a    0x3  Code  Gb  exit.o [4]
i2c::I2C_ISR_Slave()    0x008080  0x119  Code  Gb  i2c.o [1]
i2c::m_i2c_this         0x00014b    0x2  Data  Gb  i2c.o [1]
main                    0x008603   0x16  Code  Gb  main.o [1]
next_abi_dtor_rec       0x00002f    0x2  Data  Lc  cppinit.o [4]
spi                     0x000135    0x6  Data  Gb  Spi_tests.o [1]
uart1                   0x00012f    0x6  Data  Lc  main.o [1]


[1] = C:\Amit_Chaudhary\STM8\STM8L101\code\STM8L101F3_FW\STM8L101F3P6_CPP - Timers\Debug\Obj
[2] = command line
[3] = dbgstm8smd.a
[4] = dlstm8smn.a

  1 665 bytes of readonly  code memory
    189 bytes of readonly  data memory
    591 bytes of readwrite data memory

Errors: none
Warnings: none
