###############################################################################
#
# IAR ELF Linker V3.11.1.207 for STM8                     09/May/2020  22:57:53
# Copyright 2010-2019 IAR Systems AB.
#
#    Output file  =  
#        C:\Amit_Chaudhary\STM8\STM8L101\code\STM8L101F3_FW\STM8L101F3P6_CPP\Debug\Exe\STM8L101F3_FW_CPP.out
#    Map file     =  
#        C:\Amit_Chaudhary\STM8\STM8L101\code\STM8L101F3_FW\STM8L101F3P6_CPP\Debug\List\STM8L101F3_FW_CPP.map
#    Command line =  
#        -f C:\Users\AMITCH~1\AppData\Local\Temp\EW10CA.tmp
#        (C:\Amit_Chaudhary\STM8\STM8L101\code\STM8L101F3_FW\STM8L101F3P6_CPP\Debug\Obj\gpio_tests.o
#        C:\Amit_Chaudhary\STM8\STM8L101\code\STM8L101F3_FW\STM8L101F3P6_CPP\Debug\Obj\i2c.o
#        C:\Amit_Chaudhary\STM8\STM8L101\code\STM8L101F3_FW\STM8L101F3P6_CPP\Debug\Obj\i2c_tests.o
#        C:\Amit_Chaudhary\STM8\STM8L101\code\STM8L101F3_FW\STM8L101F3P6_CPP\Debug\Obj\main.o
#        C:\Amit_Chaudhary\STM8\STM8L101\code\STM8L101F3_FW\STM8L101F3P6_CPP\Debug\Obj\stm8l10x_clk.o
#        C:\Amit_Chaudhary\STM8\STM8L101\code\STM8L101F3_FW\STM8L101F3P6_CPP\Debug\Obj\stm8l10x_i2c.o
#        C:\Amit_Chaudhary\STM8\STM8L101\code\STM8L101F3_FW\STM8L101F3P6_CPP\Debug\Obj\stm8l10x_it.o
#        C:\Amit_Chaudhary\STM8\STM8L101\code\STM8L101F3_FW\STM8L101F3P6_CPP\Debug\Obj\system.o
#        --redirect _Printf=_PrintfFullNoMb --redirect _Scanf=_ScanfFullNoMb
#        --no_out_extension -o
#        C:\Amit_Chaudhary\STM8\STM8L101\code\STM8L101F3_FW\STM8L101F3P6_CPP\Debug\Exe\STM8L101F3_FW_CPP.out
#        --map
#        C:\Amit_Chaudhary\STM8\STM8L101\code\STM8L101F3_FW\STM8L101F3P6_CPP\Debug\List\STM8L101F3_FW_CPP.map
#        --config "C:\Program Files (x86)\IAR Systems\Embedded Workbench
#        8.3\stm8\config\lnkstm8l101f3.icf" --config_def _CSTACK_SIZE=0x100
#        --config_def _HEAP_SIZE=0x100 --entry __iar_program_start --debug_lib)
#
###############################################################################

*******************************************************************************
*** RUNTIME MODEL ATTRIBUTES
***

__SystemLibrary            = DLib
__code_model               = small
__core                     = stm8
__data_model               = medium
__dlib_file_descriptor     = 0
__dlib_full_locale_support = 0
__rt_version               = 4


*******************************************************************************
*** PLACEMENT SUMMARY
***

"A0":  place at start of [0x000000-0x0000ff] { rw section .vregs };
"A1":  place at end of [0x000000-0x0005ff] { block CSTACK };
"P2":  place in [from 0x000000 to 0x0005ff] {
          block HEAP, rw section __DLIB_PERTHREAD, rw section .far.bss,
          rw section .far.data, rw section .far.noinit,
          rw section .far_func.textrw, rw section .huge.bss,
          rw section .huge.data, rw section .huge.noinit,
          rw section .huge_func.textrw, rw section .iar.dynexit,
          rw section .near.bss, rw section .near.data, rw section .near.noinit,
          rw section .near_func.textrw };
"A2":  place at start of [0x008000-0x009fff] { block INTVEC };
"P3":  place in [from 0x008000 to 0x009fff] {
          ro section __DLIB_PERTHREAD_init, ro section .far.data_init,
          ro section .far_func.textrw_init, ro section .huge.data_init,
          ro section .huge_func.textrw_init, ro section .iar.init_table,
          ro section .init_array, ro section .near.data_init,
          ro section .near.rodata, ro section .near_func.text,
          ro section .near_func.textrw_init, ro section .tiny.data_init,
          ro section .tiny.rodata_init };
"P4":  place in [from 0x008000 to 0x009fff] {
          ro section .far.rodata, ro section .far_func.text };
"P5":  place in [from 0x008000 to 0x009fff] {
          ro section .huge.rodata, ro section .huge_func.text };
do not initialize {
   rw section .far.noinit, rw section .huge.noinit, rw section .near.noinit,
   rw section .tiny.noinit, rw section .vregs };
initialize by copy {
   rw section .far.bss, rw section .far.data, rw section .far_func.textrw,
   rw section .huge.bss, rw section .huge.data, rw section .huge_func.textrw,
   rw section .iar.dynexit, rw section .near.bss, rw section .near.data,
   rw section .near_func.textrw, rw section .tiny.bss, rw section .tiny.data,
   ro section .tiny.rodata };

No sections matched the following patterns:

  ro section .far.data_init          in "P3-P5"
  ro section .far.rodata             in "P3-P5"
  ro section .far_func.text          in "P3-P5"
  ro section .far_func.textrw_init   in "P3-P5"
  ro section .huge.data_init         in "P3-P5"
  ro section .huge.rodata            in "P3-P5"
  ro section .huge_func.text         in "P3-P5"
  ro section .huge_func.textrw_init  in "P3-P5"
  ro section .iar.init_table         in "P3-P5"
  ro section .init_array             in "P3-P5"
  ro section .near.rodata            in "P3-P5"
  ro section .near_func.textrw_init  in "P3-P5"
  ro section .tiny.data_init         in "P3-P5"
  ro section .tiny.rodata_init       in "P3-P5"
  ro section __DLIB_PERTHREAD_init   in "P3-P5"
  rw section .far.bss                in "P2"
  rw section .far.data               in "P2"
  rw section .far.noinit             in "P2"
  rw section .far_func.textrw        in "P2"
  rw section .huge.bss               in "P2"
  rw section .huge.data              in "P2"
  rw section .huge.noinit            in "P2"
  rw section .huge_func.textrw       in "P2"
  rw section .iar.dynexit            in "P2"
  rw section .near.noinit            in "P2"
  rw section .near_func.textrw       in "P2"
  rw section .tiny.bss               in "P1"
  rw section .tiny.data              in "P1"
  rw section .tiny.noinit            in "P1"
  rw section .tiny.rodata            in "P1"
  rw section __DLIB_PERTHREAD        in "P2"


  Section            Kind      Address   Size  Object
  -------            ----      -------   ----  ------
"A0":                                     0xc
  .vregs             uninit   0x000000    0xc  vregs.o [4]
                            - 0x00000c    0xc

"P2":                                    0x17
  P2-1                        0x00000c   0x17  <Init block>
    .near.data       inited   0x00000c   0x10  system.o [1]
    .near.bss        inited   0x00001c    0x1  gpio_tests.o [1]
    .near.bss        inited   0x00001d    0x2  gpio_tests.o [1]
    .near.bss        inited   0x00001f    0x2  i2c.o [1]
    .near.bss        inited   0x000021    0x2  i2c.o [1]
                            - 0x000023   0x17

"A1":                                   0x100
  CSTACK                      0x000500  0x100  <Block>
    CSTACK           uninit   0x000500  0x100  <Block tail>
                            - 0x000600  0x100

"A2":                                    0x80
  INTVEC                      0x008000   0x80  <Block>
    .intvec          const    0x008000   0x80  interrupt.o [4]
                            - 0x008080   0x80

"P3-P5":                                0x671
  .near_func.text    ro code  0x008080  0x200  i2c.o [1]
  .near_func.text    ro code  0x008280   0x82  i2c.o [1]
  .near_func.text    ro code  0x008302   0x73  i2c.o [1]
  .near_func.text    ro code  0x008375   0x70  vreg_util.o [4]
  .near_func.text    ro code  0x0083e5   0x30  gpio_tests.o [1]
  .near_func.text    ro code  0x008415   0x28  i2c.o [1]
  .near_func.text    ro code  0x00843d   0x28  init_small.o [4]
  .iar.init_table    const    0x008465    0xa  - Linker created -
  .near_func.text    ro code  0x00846f   0x20  i2c.o [1]
  .near_func.text    ro code  0x00848f   0x18  i2c.o [1]
  .near_func.text    ro code  0x0084a7   0x18  stm8l10x_it.o [1]
  .near_func.text    ro code  0x0084bf   0x18  stm8l10x_it.o [1]
  .near_func.text    ro code  0x0084d7   0x18  stm8l10x_it.o [1]
  .near_func.text    ro code  0x0084ef   0x18  stm8l10x_it.o [1]
  .near_func.text    ro code  0x008507   0x18  stm8l10x_it.o [1]
  .near_func.text    ro code  0x00851f   0x18  stm8l10x_it.o [1]
  .near_func.text    ro code  0x008537   0x18  stm8l10x_it.o [1]
  .near_func.text    ro code  0x00854f   0x18  stm8l10x_it.o [1]
  .near_func.text    ro code  0x008567   0x17  gpio_tests.o [1]
  Initializer bytes  const    0x00857e   0x17  <for P2-1>
  .near_func.text    ro code  0x008595   0x14  init.o [4]
  .near_func.text    ro code  0x0085a9   0x14  __dbg_xxexit.o [3]
  .near_func.text    ro code  0x0085bd   0x13  stm8l10x_it.o [1]
  .near_func.text    ro code  0x0085d0   0x13  cstartup.o [4]
  .near_func.text    ro code  0x0085e3   0x11  main.o [1]
  .near_func.text    ro code  0x0085f4   0x10  i2c.o [1]
  .near_func.text    ro code  0x008604    0xe  i2c.o [1]
  .near_func.text    ro code  0x008612    0xd  gpio_tests.o [1]
  .near_func.text    ro code  0x00861f    0xc  i2c.o [1]
  .near_func.text    ro code  0x00862b    0xa  i2c.o [1]
  .near_func.text    ro code  0x008635    0x9  gpio_tests.o [1]
  .near_func.text    ro code  0x00863e    0x9  i2c.o [1]
  .near_func.text    ro code  0x008647    0x9  i2c.o [1]
  .near_func.text    ro code  0x008650    0x9  i2c.o [1]
  .near_func.text    ro code  0x008659    0x8  gpio_tests.o [1]
  .near_func.text    ro code  0x008661    0x8  i2c.o [1]
  .near_func.text    ro code  0x008669    0x8  i2c.o [1]
  .near_func.text    ro code  0x008671    0x8  i2c.o [1]
  .near_func.text    ro code  0x008679    0x8  i2c.o [1]
  .near_func.text    ro code  0x008681    0x7  i2c.o [1]
  .near_func.text    ro code  0x008688    0x7  i2c.o [1]
  .near_func.text    ro code  0x00868f    0x7  i2c.o [1]
  .near_func.text    ro code  0x008696    0x7  i2c.o [1]
  .near_func.text    ro code  0x00869d    0x7  i2c.o [1]
  .near_func.text    ro code  0x0086a4    0x7  stm8l10x_it.o [1]
  .near_func.text    ro code  0x0086ab    0x6  i2c.o [1]
  .near_func.text    ro code  0x0086b1    0x6  i2c.o [1]
  .near_func.text    ro code  0x0086b7    0x6  i2c.o [1]
  .near_func.text    ro code  0x0086bd    0x5  i2c.o [1]
  .near_func.text    ro code  0x0086c2    0x5  i2c.o [1]
  .near_func.text    ro code  0x0086c7    0x5  i2c.o [1]
  .near_func.text    ro code  0x0086cc    0x5  cexit.o [4]
  .near_func.text    ro code  0x0086d1    0x4  i2c.o [1]
  .near_func.text    ro code  0x0086d5    0x3  interrupt.o [4]
  .near_func.text    ro code  0x0086d8    0x3  low_level_init.o [4]
  .near_func.text    ro code  0x0086db    0x3  exit.o [4]
  .near_func.text    ro code  0x0086de    0x3  unhandled_exception.o [4]
  .near_func.text    ro code  0x0086e1    0x1  stm8l10x_it.o [1]
  .near_func.text    ro code  0x0086e2    0x1  stm8l10x_it.o [1]
  .near_func.text    ro code  0x0086e3    0x1  stm8l10x_it.o [1]
  .near_func.text    ro code  0x0086e4    0x1  stm8l10x_it.o [1]
  .near_func.text    ro code  0x0086e5    0x1  stm8l10x_it.o [1]
  .near_func.text    ro code  0x0086e6    0x1  stm8l10x_it.o [1]
  .near_func.text    ro code  0x0086e7    0x1  stm8l10x_it.o [1]
  .near_func.text    ro code  0x0086e8    0x1  stm8l10x_it.o [1]
  .near_func.text    ro code  0x0086e9    0x1  stm8l10x_it.o [1]
  .near_func.text    ro code  0x0086ea    0x1  stm8l10x_it.o [1]
  .near_func.text    ro code  0x0086eb    0x1  stm8l10x_it.o [1]
  .near_func.text    ro code  0x0086ec    0x1  stm8l10x_it.o [1]
  .near_func.text    ro code  0x0086ed    0x1  stm8l10x_it.o [1]
  .near_func.text    ro code  0x0086ee    0x1  stm8l10x_it.o [1]
  .near_func.text    ro code  0x0086ef    0x1  system.o [1]
  .near_func.text    ro code  0x0086f0    0x1  __dbg_break.o [3]
                            - 0x0086f1  0x671


*******************************************************************************
*** INIT TABLE
***

          Address   Size
          -------   ----
Copy (__iar_copy_init2)
    1 source range, total size 0x17:
          0x00857e  0x17
    1 destination range, total size 0x17:
          0x00000c  0x17



*******************************************************************************
*** MODULE SUMMARY
***

    Module                 ro code  ro data  rw data
    ------                 -------  -------  -------
C:\Amit_Chaudhary\STM8\STM8L101\code\STM8L101F3_FW\STM8L101F3P6_CPP\Debug\Obj: [1]
    gpio_tests.o               101        3        3
    i2c.o                    1 036        4        4
    main.o                      17
    stm8l10x_it.o              232
    system.o                     1       16       16
    ------------------------------------------------
    Total:                   1 387       23       23

command line: [2]
    ------------------------------------------------
    Total:

dbgstm8smd.a: [3]
    __dbg_break.o                1
    __dbg_xxexit.o              20
    ------------------------------------------------
    Total:                      21

dlstm8smn.a: [4]
    cexit.o                      5
    cstartup.o                  19
    exit.o                       3
    init.o                      20
    init_small.o                40
    interrupt.o                  3      128
    low_level_init.o             3
    unhandled_exception.o        3
    vreg_util.o                112
    vregs.o                                       12
    ------------------------------------------------
    Total:                     208      128       12

    Linker created                       10      256
----------------------------------------------------
    Grand Total:             1 616      161      291


*******************************************************************************
*** ENTRY LIST
***

Entry                    Address   Size  Type      Object
-----                    -------   ----  ----      ------
.iar.init_table$$Base   0x008465          --   Gb  - Linker created -
.iar.init_table$$Limit  0x00846f          --   Gb  - Linker created -
?b0                     0x000000         Data  Gb  vregs.o [4]
?b1                     0x000001         Data  Gb  vregs.o [4]
?b10                    0x00000a         Data  Gb  vregs.o [4]
?b11                    0x00000b         Data  Gb  vregs.o [4]
?b2                     0x000002         Data  Gb  vregs.o [4]
?b3                     0x000003         Data  Gb  vregs.o [4]
?b4                     0x000004         Data  Gb  vregs.o [4]
?b5                     0x000005         Data  Gb  vregs.o [4]
?b6                     0x000006         Data  Gb  vregs.o [4]
?b7                     0x000007         Data  Gb  vregs.o [4]
?b8                     0x000008         Data  Gb  vregs.o [4]
?b9                     0x000009         Data  Gb  vregs.o [4]
?e0                     0x000001         Data  Gb  vregs.o [4]
?e1                     0x000005         Data  Gb  vregs.o [4]
?e2                     0x000009         Data  Gb  vregs.o [4]
?epilogue_w4            0x0083e1         Code  Gb  vreg_util.o [4]
?l0                     0x000000         Data  Gb  vregs.o [4]
?l1                     0x000004         Data  Gb  vregs.o [4]
?l2                     0x000008         Data  Gb  vregs.o [4]
?pop_l0                 0x0083c3         Code  Gb  vreg_util.o [4]
?pop_l1                 0x0083ce         Code  Gb  vreg_util.o [4]
?pop_w4                 0x00838d         Code  Gb  vreg_util.o [4]
?push_l0                0x00839c         Code  Gb  vreg_util.o [4]
?push_l1                0x0083a1         Code  Gb  vreg_util.o [4]
?push_w4                0x008375         Code  Gb  vreg_util.o [4]
?w0                     0x000000         Data  Gb  vregs.o [4]
?w1                     0x000002         Data  Gb  vregs.o [4]
?w2                     0x000004         Data  Gb  vregs.o [4]
?w3                     0x000006         Data  Gb  vregs.o [4]
?w4                     0x000008         Data  Gb  vregs.o [4]
?w5                     0x00000a         Data  Gb  vregs.o [4]
AWU_IRQHandler()        0x0086e3    0x1  Code  Gb  stm8l10x_it.o [1]
Button                  0x00001c    0x1  Data  Gb  gpio_tests.o [1]
COMP_IRQHandler()       0x0086e6    0x1  Code  Gb  stm8l10x_it.o [1]
CSTACK$$Base            0x000500          --   Gb  - Linker created -
CSTACK$$Limit           0x000600          --   Gb  - Linker created -
DigitalIn<(Port_t)20485, (PIN_t)2, (Mode_t)3, (IntEdge_t)3, (&Gpio_Falling_Callback)>::SetInputMode()
                        0x008612    0xd  Code  Gb  gpio_tests.o [1]
DigitalIn<(Port_t)20485, (PIN_t)2, (Mode_t)3, (IntEdge_t)3, (&Gpio_Falling_Callback)>::SetInterrupt()
                        0x008567   0x17  Code  Gb  gpio_tests.o [1]
Dummy_ISR()             0x0086ef    0x1  Code  Gb  system.o [1]
EXTI0_IRQHandler()      0x0084a7   0x18  Code  Gb  stm8l10x_it.o [1]
EXTI1_IRQHandler()      0x0084bf   0x18  Code  Gb  stm8l10x_it.o [1]
EXTI2_IRQHandler()      0x0084d7   0x18  Code  Gb  stm8l10x_it.o [1]
EXTI3_IRQHandler()      0x0084ef   0x18  Code  Gb  stm8l10x_it.o [1]
EXTI4_IRQHandler()      0x008507   0x18  Code  Gb  stm8l10x_it.o [1]
EXTI5_IRQHandler()      0x00851f   0x18  Code  Gb  stm8l10x_it.o [1]
EXTI6_IRQHandler()      0x008537   0x18  Code  Gb  stm8l10x_it.o [1]
EXTI7_IRQHandler()      0x00854f   0x18  Code  Gb  stm8l10x_it.o [1]
EXTIB_IRQHandler()      0x0086e4    0x1  Code  Gb  stm8l10x_it.o [1]
EXTID_IRQHandler()      0x0086e5    0x1  Code  Gb  stm8l10x_it.o [1]
EXTI_ISRs               0x00000c   0x10  Data  Gb  system.o [1]
Err                     0x000021    0x2  Data  Gb  i2c.o [1]
FLASH_IRQHandler()      0x0086e2    0x1  Code  Gb  stm8l10x_it.o [1]
Gpio_Falling_Callback()
                        0x008659    0x8  Code  Gb  gpio_tests.o [1]
I2C_IRQHandler()        0x0085bd   0x13  Code  Gb  stm8l10x_it.o [1]
INTVEC$$Base            0x008000          --   Gb  - Linker created -
INTVEC$$Limit           0x008080          --   Gb  - Linker created -
Lows                    0x00001d    0x2  Data  Lc  gpio_tests.o [1]
Region$$Table$$Base     0x008465          --   Gb  - Linker created -
Region$$Table$$Limit    0x00846f          --   Gb  - Linker created -
SPI_IRQHandler()        0x0086ec    0x1  Code  Gb  stm8l10x_it.o [1]
TIM2_CAP_IRQHandler()   0x0086e8    0x1  Code  Gb  stm8l10x_it.o [1]
TIM2_UPD_OVF_TRG_BRK_IRQHandler()
                        0x0086e7    0x1  Code  Gb  stm8l10x_it.o [1]
TIM3_CAP_IRQHandler()   0x0086ea    0x1  Code  Gb  stm8l10x_it.o [1]
TIM3_UPD_OVF_TRG_BRK_IRQHandler()
                        0x0086e9    0x1  Code  Gb  stm8l10x_it.o [1]
TIM4_UPD_OVF_IRQHandler()
                        0x0086eb    0x1  Code  Gb  stm8l10x_it.o [1]
TRAP_IRQHandler()       0x0086e1    0x1  Code  Gb  stm8l10x_it.o [1]
USART_RX_IRQHandler()   0x0086ee    0x1  Code  Gb  stm8l10x_it.o [1]
USART_TX_IRQHandler()   0x0086ed    0x1  Code  Gb  stm8l10x_it.o [1]
__DebugBreak            0x0086f0    0x1  Code  Gb  __dbg_break.o [3]
__exit                  0x0085a9   0x14  Code  Gb  __dbg_xxexit.o [3]
__iar_copy_init2        0x00843d         Code  Gb  init_small.o [4]
__iar_data_init2        0x008595   0x14  Code  Gb  init.o [4]
__iar_program_start     0x0085d0         Code  Gb  cstartup.o [4]
__iar_unhandled_exception
                        0x0086de         Code  Gb  unhandled_exception.o [4]
__intvec                0x008000         Data  Gb  interrupt.o [4]
__low_level_init        0x0086d8    0x3  Code  Gb  low_level_init.o [4]
_exit                   0x0086cc         Code  Gb  cexit.o [4]
_interrupt_1            0x0086e1         Code  Gb  stm8l10x_it.o [1]
_interrupt_10           0x0084a7         Code  Gb  stm8l10x_it.o [1]
_interrupt_11           0x0084bf         Code  Gb  stm8l10x_it.o [1]
_interrupt_12           0x0084d7         Code  Gb  stm8l10x_it.o [1]
_interrupt_13           0x0084ef         Code  Gb  stm8l10x_it.o [1]
_interrupt_14           0x008507         Code  Gb  stm8l10x_it.o [1]
_interrupt_15           0x00851f         Code  Gb  stm8l10x_it.o [1]
_interrupt_16           0x008537         Code  Gb  stm8l10x_it.o [1]
_interrupt_17           0x00854f         Code  Gb  stm8l10x_it.o [1]
_interrupt_20           0x0086e6         Code  Gb  stm8l10x_it.o [1]
_interrupt_21           0x0086e7         Code  Gb  stm8l10x_it.o [1]
_interrupt_22           0x0086e8         Code  Gb  stm8l10x_it.o [1]
_interrupt_23           0x0086e9         Code  Gb  stm8l10x_it.o [1]
_interrupt_24           0x0086ea         Code  Gb  stm8l10x_it.o [1]
_interrupt_27           0x0086eb         Code  Gb  stm8l10x_it.o [1]
_interrupt_28           0x0086ec         Code  Gb  stm8l10x_it.o [1]
_interrupt_29           0x0086ed         Code  Gb  stm8l10x_it.o [1]
_interrupt_3            0x0086e2         Code  Gb  stm8l10x_it.o [1]
_interrupt_30           0x0086ee         Code  Gb  stm8l10x_it.o [1]
_interrupt_31           0x0085bd         Code  Gb  stm8l10x_it.o [1]
_interrupt_6            0x0086e3         Code  Gb  stm8l10x_it.o [1]
_interrupt_8            0x0086e4         Code  Gb  stm8l10x_it.o [1]
_interrupt_9            0x0086e5         Code  Gb  stm8l10x_it.o [1]
exit                    0x0086db    0x3  Code  Gb  exit.o [4]
gpio_tests()            0x0083e5   0x30  Code  Gb  gpio_tests.o [1]
i2c::ADDR_Handler()     0x008280   0x82  Code  Gb  i2c.o [1]
i2c::I2C_ISR()          0x008080  0x200  Code  Gb  i2c.o [1]
i2c::I2cLogStates(i2c::I2CLogs_t)
                        0x00846f   0x20  Code  Gb  i2c.o [1]
i2c::TxnDoneHandler(unsigned char)
                        0x008302   0x73  Code  Gb  i2c.o [1]
i2c::WaitOnFlag(unsigned char volatile __near *, unsigned char, unsigned char, unsigned short)
                        0x008415   0x28  Code  Gb  i2c.o [1]
i2c::m_i2c_this         0x00001f    0x2  Data  Gb  i2c.o [1]
main                    0x0085e3   0x11  Code  Gb  main.o [1]


[1] = C:\Amit_Chaudhary\STM8\STM8L101\code\STM8L101F3_FW\STM8L101F3P6_CPP\Debug\Obj
[2] = command line
[3] = dbgstm8smd.a
[4] = dlstm8smn.a

  1 616 bytes of readonly  code memory
    161 bytes of readonly  data memory
    291 bytes of readwrite data memory

Errors: none
Warnings: none
