###############################################################################
#
# IAR ELF Linker V3.11.1.207 for STM8                     15/Aug/2019  21:33:39
# Copyright 2010-2019 IAR Systems AB.
#
#    Output file  =  
#        C:\Amit_Chaudhary\STM8L\Code\STM8L101F3_FW\STM8L101F3P6_CPP\Debug\Exe\STM8L101F3_FW_CPP.out
#    Map file     =  
#        C:\Amit_Chaudhary\STM8L\Code\STM8L101F3_FW\STM8L101F3P6_CPP\Debug\List\STM8L101F3_FW_CPP.map
#    Command line =  
#        -f C:\Users\achaudha\AppData\Local\Temp\EW9881.tmp
#        (C:\Amit_Chaudhary\STM8L\Code\STM8L101F3_FW\STM8L101F3P6_CPP\Debug\Obj\gpio_tests.o
#        C:\Amit_Chaudhary\STM8L\Code\STM8L101F3_FW\STM8L101F3P6_CPP\Debug\Obj\i2c.o
#        C:\Amit_Chaudhary\STM8L\Code\STM8L101F3_FW\STM8L101F3P6_CPP\Debug\Obj\i2c_tests.o
#        C:\Amit_Chaudhary\STM8L\Code\STM8L101F3_FW\STM8L101F3P6_CPP\Debug\Obj\main.o
#        C:\Amit_Chaudhary\STM8L\Code\STM8L101F3_FW\STM8L101F3P6_CPP\Debug\Obj\stm8l10x_clk.o
#        C:\Amit_Chaudhary\STM8L\Code\STM8L101F3_FW\STM8L101F3P6_CPP\Debug\Obj\stm8l10x_i2c.o
#        C:\Amit_Chaudhary\STM8L\Code\STM8L101F3_FW\STM8L101F3P6_CPP\Debug\Obj\stm8l10x_it.o
#        C:\Amit_Chaudhary\STM8L\Code\STM8L101F3_FW\STM8L101F3P6_CPP\Debug\Obj\system.o
#        --redirect _Printf=_PrintfFullNoMb --redirect _Scanf=_ScanfFullNoMb
#        --no_out_extension -o
#        C:\Amit_Chaudhary\STM8L\Code\STM8L101F3_FW\STM8L101F3P6_CPP\Debug\Exe\STM8L101F3_FW_CPP.out
#        --map
#        C:\Amit_Chaudhary\STM8L\Code\STM8L101F3_FW\STM8L101F3P6_CPP\Debug\List\STM8L101F3_FW_CPP.map
#        --config "C:\Program Files (x86)\IAR Systems\Embedded Workbench
#        STM8\stm8\config\lnkstm8l101f3.icf" --config_def _CSTACK_SIZE=0x100
#        --config_def _HEAP_SIZE=0x100 --entry __iar_program_start --debug_lib)
#
###############################################################################

*******************************************************************************
*** RUNTIME MODEL ATTRIBUTES
***

__SystemLibrary            = DLib
__code_model               = small
__core                     = stm8
__data_model               = medium
__dlib_file_descriptor     = 0
__dlib_full_locale_support = 0
__rt_version               = 4


*******************************************************************************
*** PLACEMENT SUMMARY
***

"A0":  place at start of [0x000000-0x0000ff] { rw section .vregs };
"A1":  place at end of [0x000000-0x0005ff] { block CSTACK };
"P2":  place in [from 0x000000 to 0x0005ff] {
          block HEAP, rw section __DLIB_PERTHREAD, rw section .far.bss,
          rw section .far.data, rw section .far.noinit,
          rw section .far_func.textrw, rw section .huge.bss,
          rw section .huge.data, rw section .huge.noinit,
          rw section .huge_func.textrw, rw section .iar.dynexit,
          rw section .near.bss, rw section .near.data, rw section .near.noinit,
          rw section .near_func.textrw };
"A2":  place at start of [0x008000-0x009fff] { block INTVEC };
"P3":  place in [from 0x008000 to 0x009fff] {
          ro section __DLIB_PERTHREAD_init, ro section .far.data_init,
          ro section .far_func.textrw_init, ro section .huge.data_init,
          ro section .huge_func.textrw_init, ro section .iar.init_table,
          ro section .init_array, ro section .near.data_init,
          ro section .near.rodata, ro section .near_func.text,
          ro section .near_func.textrw_init, ro section .tiny.data_init,
          ro section .tiny.rodata_init };
"P4":  place in [from 0x008000 to 0x009fff] {
          ro section .far.rodata, ro section .far_func.text };
"P5":  place in [from 0x008000 to 0x009fff] {
          ro section .huge.rodata, ro section .huge_func.text };
do not initialize {
   rw section .far.noinit, rw section .huge.noinit, rw section .near.noinit,
   rw section .tiny.noinit, rw section .vregs };
initialize by copy {
   rw section .far.bss, rw section .far.data, rw section .far_func.textrw,
   rw section .huge.bss, rw section .huge.data, rw section .huge_func.textrw,
   rw section .iar.dynexit, rw section .near.bss, rw section .near.data,
   rw section .near_func.textrw, rw section .tiny.bss, rw section .tiny.data,
   ro section .tiny.rodata };

No sections matched the following patterns:

  ro section .far.data_init          in "P3-P5"
  ro section .far.rodata             in "P3-P5"
  ro section .far_func.text          in "P3-P5"
  ro section .far_func.textrw_init   in "P3-P5"
  ro section .huge.data_init         in "P3-P5"
  ro section .huge.rodata            in "P3-P5"
  ro section .huge_func.text         in "P3-P5"
  ro section .huge_func.textrw_init  in "P3-P5"
  ro section .iar.init_table         in "P3-P5"
  ro section .near_func.textrw_init  in "P3-P5"
  ro section .tiny.data_init         in "P3-P5"
  ro section .tiny.rodata_init       in "P3-P5"
  ro section __DLIB_PERTHREAD_init   in "P3-P5"
  rw section .far.bss                in "P2"
  rw section .far.data               in "P2"
  rw section .far.noinit             in "P2"
  rw section .far_func.textrw        in "P2"
  rw section .huge.bss               in "P2"
  rw section .huge.data              in "P2"
  rw section .huge.noinit            in "P2"
  rw section .huge_func.textrw       in "P2"
  rw section .near.noinit            in "P2"
  rw section .near_func.textrw       in "P2"
  rw section .tiny.bss               in "P1"
  rw section .tiny.data              in "P1"
  rw section .tiny.noinit            in "P1"
  rw section .tiny.rodata            in "P1"
  rw section __DLIB_PERTHREAD        in "P2"


  Section             Kind      Address   Size  Object
  -------             ----      -------   ----  ------
"A0":                                     0x10
  .vregs              uninit   0x000000   0x10  vregs.o [4]
                             - 0x000010   0x10

"P2", part 1 of 3:                        0x13
  P2-1                         0x000010   0x13  <Init block>
    .near.data        inited   0x000010    0x1  i2c_tests.o [1]
    .near.data        inited   0x000011   0x10  system.o [1]
    .near.data        inited   0x000021    0x2  cppinit.o [4]
                             - 0x000023   0x13

"P2", part 2 of 3:                        0xc6
  .iar.dynexit                 0x000023   0xc6  <Block>
    .iar.dynexit      uninit   0x000023    0x6  cppinit.o [4]
    .iar.dynexit      uninit   0x000029   0xc0  <Block tail>
                             - 0x0000e9   0xc6

"P2", part 3 of 3:                       0x137
  .near.bss           zero     0x0000e9  0x10e  i2c_tests.o [1]
  .near.bss           zero     0x0001f7    0xc  i2c_tests.o [1]
  .near.bss           zero     0x000203    0xa  i2c_tests.o [1]
  .near.bss           zero     0x00020d    0xa  i2c_tests.o [1]
  .near.bss           zero     0x000217    0x2  cppinit.o [4]
  .near.bss           zero     0x000219    0x1  i2c_tests.o [1]
  .near.bss           zero     0x00021a    0x1  i2c_tests.o [1]
  .near.bss           zero     0x00021b    0x1  i2c_tests.o [1]
  .near.bss           zero     0x00021c    0x1  i2c_tests.o [1]
  .near.bss           zero     0x00021d    0x1  i2c_tests.o [1]
  .near.bss           zero     0x00021e    0x1  i2c_tests.o [1]
  .near.bss           zero     0x00021f    0x1  i2c_tests.o [1]
                             - 0x000220  0x137

"A1":                                    0x100
  CSTACK                       0x000500  0x100  <Block>
    CSTACK            uninit   0x000500  0x100  <Block tail>
                             - 0x000600  0x100

"A2":                                     0x80
  INTVEC                       0x008000   0x80  <Block>
    .intvec           const    0x008000   0x80  interrupt.o [4]
                             - 0x008080   0x80

"P3-P5":                                 0xf6e
  .near_func.text     ro code  0x008080  0x227  i2c_tests.o [1]
  .near_func.text     ro code  0x0082a7  0x1fe  i2c.o [1]
  .near_func.text     ro code  0x0084a5  0x15f  stm8l10x_i2c.o [1]
  .near_func.text     ro code  0x008604  0x110  long.o [4]
  .near_func.text     ro code  0x008714   0xf2  vreg_util.o [4]
  .near_func.text     ro code  0x008806   0xdc  i2c.o [1]
  .near_func.text     ro code  0x0088e2   0x7a  i2c.o [1]
  .near.rodata        const    0x00895c   0x69  stm8l10x_i2c.o [1]
  .near_func.text     ro code  0x0089c5   0x4e  cppinit.o [4]
  .near_func.text     ro code  0x008a13   0x4c  i2c.o [1]
  .near_func.text     ro code  0x008a5f   0x3f  short.o [4]
  .near_func.text     ro code  0x008a9e   0x36  i2c_tests.o [1]
  .near_func.text     ro code  0x008ad4   0x35  cppinit.o [4]
  .near_func.text     ro code  0x008b09   0x31  i2c.o [1]
  .near_func.text     ro code  0x008b3a   0x30  memcmp.o [4]
  .near_func.text     ro code  0x008b6a   0x28  i2c.o [1]
  .near_func.text     ro code  0x008b92   0x28  init_small.o [4]
  .near_func.text     ro code  0x008bba   0x25  dc_util.o [4]
  .near_func.text     ro code  0x008bdf   0x24  i2c_tests.o [1]
  .near_func.text     ro code  0x008c03   0x21  i2c.o [1]
  .iar.init_table     const    0x008c24   0x12  - Linker created -
  .near_func.text     ro code  0x008c36   0x20  i2c.o [1]
  .near_func.text     ro code  0x008c56   0x1e  init_small.o [4]
  .near_func.text     ro code  0x008c74   0x1d  cstartup.o [4]
  .near_func.text     ro code  0x008c91   0x1d  cppinit.o [4]
  .near_func.text     ro code  0x008cae   0x18  stm8l10x_clk.o [1]
  .near_func.text     ro code  0x008cc6   0x18  stm8l10x_it.o [1]
  .near_func.text     ro code  0x008cde   0x18  stm8l10x_it.o [1]
  .near_func.text     ro code  0x008cf6   0x18  stm8l10x_it.o [1]
  .near_func.text     ro code  0x008d0e   0x18  stm8l10x_it.o [1]
  .near_func.text     ro code  0x008d26   0x18  stm8l10x_it.o [1]
  .near_func.text     ro code  0x008d3e   0x18  stm8l10x_it.o [1]
  .near_func.text     ro code  0x008d56   0x18  stm8l10x_it.o [1]
  .near_func.text     ro code  0x008d6e   0x18  stm8l10x_it.o [1]
  .near_func.text     ro code  0x008d86   0x18  long_util.o [4]
  .near_func.text     ro code  0x008d9e   0x16  stm8l10x_i2c.o [1]
  .near_func.text     ro code  0x008db4   0x14  init.o [4]
  .near_func.text     ro code  0x008dc8   0x14  __dbg_xxexit.o [3]
  .near_func.text     ro code  0x008ddc   0x13  i2c_tests.o [1]
  Initializer bytes   const    0x008def   0x13  <for P2-1>
  .near_func.text     ro code  0x008e02   0x11  main.o [1]
  .near_func.text     ro code  0x008e13   0x10  i2c.o [1]
  .near_func.text     ro code  0x008e23   0x10  i2c.o [1]
  .near_func.text     ro code  0x008e33    0xf  i2c_tests.o [1]
  .near_func.text     ro code  0x008e42    0xe  i2c.o [1]
  .near_func.text     ro code  0x008e50    0xd  i2c.o [1]
  .near_func.text     ro code  0x008e5d    0xd  i2c.o [1]
  .near_func.text     ro code  0x008e6a    0xd  i2c_tests.o [1]
  .near_func.text     ro code  0x008e77    0xc  i2c_tests.o [1]
  .near_func.text     ro code  0x008e83    0xb  i2c.o [1]
  .near_func.text     ro code  0x008e8e    0xb  i2c.o [1]
  .near_func.text     ro code  0x008e99    0xb  stm8l10x_i2c.o [1]
  .near_func.text     ro code  0x008ea4    0xa  i2c.o [1]
  .near_func.text     ro code  0x008eae    0xa  i2c.o [1]
  .near_func.text     ro code  0x008eb8    0xa  i2c.o [1]
  .near_func.text     ro code  0x008ec2    0xa  i2c_tests.o [1]
  .near_func.text     ro code  0x008ecc    0x9  i2c.o [1]
  .near_func.text     ro code  0x008ed5    0x9  i2c.o [1]
  .near_func.text     ro code  0x008ede    0x9  i2c.o [1]
  .near_func.text     ro code  0x008ee7    0x9  i2c_tests.o [1]
  .near_func.text     ro code  0x008ef0    0x9  i2c_tests.o [1]
  .near_func.text     ro code  0x008ef9    0x9  i2c_tests.o [1]
  .near_func.text     ro code  0x008f02    0x9  i2c_tests.o [1]
  .near_func.text     ro code  0x008f0b    0x9  i2c_tests.o [1]
  .near_func.text     ro code  0x008f14    0x9  i2c_tests.o [1]
  .near_func.text     ro code  0x008f1d    0x9  stm8l10x_i2c.o [1]
  .near_func.text     ro code  0x008f26    0x8  i2c.o [1]
  .near_func.text     ro code  0x008f2e    0x8  i2c.o [1]
  .near_func.text     ro code  0x008f36    0x8  i2c.o [1]
  .near_func.text     ro code  0x008f3e    0x8  i2c.o [1]
  .near_func.text     ro code  0x008f46    0x8  i2c.o [1]
  .near_func.text     ro code  0x008f4e    0x8  i2c.o [1]
  .near_func.text     ro code  0x008f56    0x8  cexit.o [4]
  .near_func.text     ro code  0x008f5e    0x7  i2c.o [1]
  .near_func.text     ro code  0x008f65    0x7  stm8l10x_it.o [1]
  .near_func.text     ro code  0x008f6c    0x6  i2c.o [1]
  .near_func.text     ro code  0x008f72    0x6  i2c.o [1]
  .near_func.text     ro code  0x008f78    0x6  i2c.o [1]
  .near_func.text     ro code  0x008f7e    0x6  i2c.o [1]
  .near_func.text     ro code  0x008f84    0x6  stm8l10x_i2c.o [1]
  .near_func.text     ro code  0x008f8a    0x5  i2c.o [1]
  .near_func.text     ro code  0x008f8f    0x5  i2c.o [1]
  .near_func.text     ro code  0x008f94    0x5  i2c_tests.o [1]
  .near_func.text     ro code  0x008f99    0x5  i2c_tests.o [1]
  .near_func.text     ro code  0x008f9e    0x5  i2c_tests.o [1]
  .near_func.text     ro code  0x008fa3    0x5  i2c_tests.o [1]
  .near.rodata        const    0x008fa8    0x4  stm8l10x_clk.o [1]
  .near_func.text     ro code  0x008fac    0x4  i2c.o [1]
  .near_func.text     ro code  0x008fb0    0x4  i2c.o [1]
  .near_func.text     ro code  0x008fb4    0x4  i2c.o [1]
  .near_func.text     ro code  0x008fb8    0x4  i2c.o [1]
  .near_func.text     ro code  0x008fbc    0x4  i2c.o [1]
  .near_func.text     ro code  0x008fc0    0x4  i2c_tests.o [1]
  .near_func.text     ro code  0x008fc4    0x4  i2c_tests.o [1]
  .near_func.text     ro code  0x008fc8    0x4  i2c_tests.o [1]
  .near_func.text     ro code  0x008fcc    0x3  interrupt.o [4]
  .near_func.text     ro code  0x008fcf    0x3  low_level_init.o [4]
  .near_func.text     ro code  0x008fd2    0x3  exit.o [4]
  .near_func.text     ro code  0x008fd5    0x3  unhandled_exception.o [4]
  .near_func.text     ro code  0x008fd8    0x2  main.o [1]
  SHT$$PREINIT_ARRAY           0x008fda    0x0  <Block>
  SHT$$INIT_ARRAY              0x008fda    0x2  <Block>
    .difunct          const    0x008fda    0x2  i2c_tests.o [1]
  .near_func.text     ro code  0x008fdc    0x1  i2c_tests.o [1]
  .near_func.text     ro code  0x008fdd    0x1  stm8l10x_it.o [1]
  .near_func.text     ro code  0x008fde    0x1  stm8l10x_it.o [1]
  .near_func.text     ro code  0x008fdf    0x1  stm8l10x_it.o [1]
  .near_func.text     ro code  0x008fe0    0x1  stm8l10x_it.o [1]
  .near_func.text     ro code  0x008fe1    0x1  stm8l10x_it.o [1]
  .near_func.text     ro code  0x008fe2    0x1  stm8l10x_it.o [1]
  .near_func.text     ro code  0x008fe3    0x1  stm8l10x_it.o [1]
  .near_func.text     ro code  0x008fe4    0x1  stm8l10x_it.o [1]
  .near_func.text     ro code  0x008fe5    0x1  stm8l10x_it.o [1]
  .near_func.text     ro code  0x008fe6    0x1  stm8l10x_it.o [1]
  .near_func.text     ro code  0x008fe7    0x1  stm8l10x_it.o [1]
  .near_func.text     ro code  0x008fe8    0x1  stm8l10x_it.o [1]
  .near_func.text     ro code  0x008fe9    0x1  stm8l10x_it.o [1]
  .near_func.text     ro code  0x008fea    0x1  stm8l10x_it.o [1]
  .near_func.text     ro code  0x008feb    0x1  stm8l10x_it.o [1]
  .near_func.text     ro code  0x008fec    0x1  system.o [1]
  .near_func.text     ro code  0x008fed    0x1  __dbg_break.o [3]
                             - 0x008fee  0xf6e


*******************************************************************************
*** INIT TABLE
***

          Address   Size
          -------   ----
Zero (__iar_zero_init2)
    1 destination range, total size 0x137:
          0x0000e9  0x137

Copy (__iar_copy_init2)
    1 source range, total size 0x13:
          0x008def   0x13
    1 destination range, total size 0x13:
          0x000010   0x13



*******************************************************************************
*** MODULE SUMMARY
***

    Module                 ro code  ro data  rw data
    ------                 -------  -------  -------
C:\Amit_Chaudhary\STM8L\Code\STM8L101F3_FW\STM8L101F3P6_CPP\Debug\Obj: [1]
    i2c.o                    1 342
    i2c_tests.o                797        3      310
    main.o                      19
    stm8l10x_clk.o              24        4
    stm8l10x_i2c.o             399      105
    stm8l10x_it.o              214
    system.o                     1       16       16
    ------------------------------------------------
    Total:                   2 796      128      326

command line: [2]
    ------------------------------------------------
    Total:

dbgstm8smd.a: [3]
    __dbg_break.o                1
    __dbg_xxexit.o              20
    ------------------------------------------------
    Total:                      21

dlstm8smn.a: [4]
    cexit.o                      8
    cppinit.o                  160        2       10
    cstartup.o                  29
    dc_util.o                   37
    exit.o                       3
    init.o                      20
    init_small.o                70
    interrupt.o                  3      128
    long.o                     272
    long_util.o                 24
    low_level_init.o             3
    memcmp.o                    48
    short.o                     63
    unhandled_exception.o        3
    vreg_util.o                242
    vregs.o                                       16
    ------------------------------------------------
    Total:                     985      130       26

    Linker created                       18      448
----------------------------------------------------
    Grand Total:             3 802      276      800


*******************************************************************************
*** ENTRY LIST
***

Entry                    Address   Size  Type      Object
-----                    -------   ----  ----      ------
.iar.dynexit$$Base      0x000023          --   Gb  - Linker created -
.iar.dynexit$$Limit     0x0000e9          --   Gb  - Linker created -
.iar.init_table$$Base   0x008c24          --   Gb  - Linker created -
.iar.init_table$$Limit  0x008c36          --   Gb  - Linker created -
??call_ctors            0x008c81         Code  Gb  cstartup.o [4]
?b0                     0x000000         Data  Gb  vregs.o [4]
?b1                     0x000001         Data  Gb  vregs.o [4]
?b10                    0x00000a         Data  Gb  vregs.o [4]
?b11                    0x00000b         Data  Gb  vregs.o [4]
?b12                    0x00000c         Data  Gb  vregs.o [4]
?b13                    0x00000d         Data  Gb  vregs.o [4]
?b14                    0x00000e         Data  Gb  vregs.o [4]
?b15                    0x00000f         Data  Gb  vregs.o [4]
?b2                     0x000002         Data  Gb  vregs.o [4]
?b3                     0x000003         Data  Gb  vregs.o [4]
?b4                     0x000004         Data  Gb  vregs.o [4]
?b5                     0x000005         Data  Gb  vregs.o [4]
?b6                     0x000006         Data  Gb  vregs.o [4]
?b7                     0x000007         Data  Gb  vregs.o [4]
?b8                     0x000008         Data  Gb  vregs.o [4]
?b9                     0x000009         Data  Gb  vregs.o [4]
?dc32_l0                0x008bba         Code  Gb  dc_util.o [4]
?dc32_l1                0x008bc7         Code  Gb  dc_util.o [4]
?dc32_px                0x008bd4         Code  Gb  dc_util.o [4]
?e0                     0x000001         Data  Gb  vregs.o [4]
?e1                     0x000005         Data  Gb  vregs.o [4]
?e2                     0x000009         Data  Gb  vregs.o [4]
?e3                     0x00000d         Data  Gb  vregs.o [4]
?epilogue_l2            0x0087af         Code  Gb  vreg_util.o [4]
?epilogue_l2_l3         0x0087ac         Code  Gb  vreg_util.o [4]
?epilogue_l2_w6         0x0087b3         Code  Gb  vreg_util.o [4]
?epilogue_w4            0x0087ba         Code  Gb  vreg_util.o [4]
?l0                     0x000000         Data  Gb  vregs.o [4]
?l1                     0x000004         Data  Gb  vregs.o [4]
?l2                     0x000008         Data  Gb  vregs.o [4]
?l3                     0x00000c         Data  Gb  vregs.o [4]
?load32_l0_0x           0x008d86         Code  Gb  long_util.o [4]
?load32_l1_0x           0x008d92         Code  Gb  long_util.o [4]
?mov_e0_e2              0x0087c8         Code  Gb  vreg_util.o [4]
?mov_e0_e3              0x0087d5         Code  Gb  vreg_util.o [4]
?mov_e1_e0              0x0087e2         Code  Gb  vreg_util.o [4]
?mov_e2_e0              0x0087ef         Code  Gb  vreg_util.o [4]
?mov_e3_e0              0x0087fc         Code  Gb  vreg_util.o [4]
?mov_l0_l2              0x0087c5         Code  Gb  vreg_util.o [4]
?mov_l0_l3              0x0087d2         Code  Gb  vreg_util.o [4]
?mov_l1_l0              0x0087df         Code  Gb  vreg_util.o [4]
?mov_l2_l0              0x0087ec         Code  Gb  vreg_util.o [4]
?mov_l3_l0              0x0087f9         Code  Gb  vreg_util.o [4]
?mov_w1_w5              0x0087cb         Code  Gb  vreg_util.o [4]
?mov_w1_w7              0x0087d8         Code  Gb  vreg_util.o [4]
?mov_w3_w1              0x0087e5         Code  Gb  vreg_util.o [4]
?mov_w4_w1              0x0087be         Code  Gb  vreg_util.o [4]
?mov_w5_w1              0x0087f2         Code  Gb  vreg_util.o [4]
?mov_w7_w1              0x0087ff         Code  Gb  vreg_util.o [4]
?mul16_x_x_w0           0x008a5f         Code  Gb  short.o [4]
?mul32_l0_l0_0x         0x008607         Code  Gb  long.o [4]
?mul32_l0_l0_dl         0x008604         Code  Gb  long.o [4]
?mul32_l0_l0_l1         0x008610         Code  Gb  long.o [4]
?pop_l0                 0x008778         Code  Gb  vreg_util.o [4]
?pop_l1                 0x008783         Code  Gb  vreg_util.o [4]
?pop_l2                 0x00878e         Code  Gb  vreg_util.o [4]
?pop_l3                 0x008799         Code  Gb  vreg_util.o [4]
?pop_w4                 0x008731         Code  Gb  vreg_util.o [4]
?pop_w6                 0x008738         Code  Gb  vreg_util.o [4]
?push_l0                0x008747         Code  Gb  vreg_util.o [4]
?push_l1                0x00874c         Code  Gb  vreg_util.o [4]
?push_l2                0x008751         Code  Gb  vreg_util.o [4]
?push_l3                0x008756         Code  Gb  vreg_util.o [4]
?push_w4                0x008714         Code  Gb  vreg_util.o [4]
?push_w6                0x008719         Code  Gb  vreg_util.o [4]
?sdiv16_x_x_y           0x008a7d         Code  Gb  short.o [4]
?sll32_0x_0x_a          0x008706         Code  Gb  long.o [4]
?sll32_l0_l0_a          0x008703         Code  Gb  long.o [4]
?srl16_x_x_4            0x008a99         Code  Gb  short.o [4]
?srl16_x_x_5            0x008a98         Code  Gb  short.o [4]
?srl16_x_x_6            0x008a97         Code  Gb  short.o [4]
?srl16_x_x_7            0x008a96         Code  Gb  short.o [4]
?udiv32_l0_dl_l1        0x00868e         Code  Gb  long.o [4]
?udiv32_l0_l0_dl        0x008693         Code  Gb  long.o [4]
?udiv32_l0_l0_l1        0x008696         Code  Gb  long.o [4]
?umod32_l1_l0_l1        0x008696         Code  Gb  long.o [4]
?w0                     0x000000         Data  Gb  vregs.o [4]
?w1                     0x000002         Data  Gb  vregs.o [4]
?w2                     0x000004         Data  Gb  vregs.o [4]
?w3                     0x000006         Data  Gb  vregs.o [4]
?w4                     0x000008         Data  Gb  vregs.o [4]
?w5                     0x00000a         Data  Gb  vregs.o [4]
?w6                     0x00000c         Data  Gb  vregs.o [4]
?w7                     0x00000e         Data  Gb  vregs.o [4]
AWU_IRQHandler()        0x008fdf    0x1  Code  Gb  stm8l10x_it.o [1]
CLK_GetClockFreq()      0x008cae   0x18  Code  Gb  stm8l10x_clk.o [1]
COMP_IRQHandler()       0x008fe2    0x1  Code  Gb  stm8l10x_it.o [1]
CSTACK$$Base            0x000500          --   Gb  - Linker created -
CSTACK$$Limit           0x000600          --   Gb  - Linker created -
DigitalOut<(Port_t)20490, (PIN_t)1, (Mode_t)6>::SetOutputMode()
                        0x008e50    0xd  Code  Gb  i2c.o [1]
DigitalOut<(Port_t)20490, (PIN_t)2, (Mode_t)6>::SetOutputMode()
                        0x008e5d    0xd  Code  Gb  i2c.o [1]
DtorRecArray            0x000023    0x6  Data  Lc  cppinit.o [4]
Dummy_ISR()             0x008fec    0x1  Code  Gb  system.o [1]
EXTI0_IRQHandler()      0x008cc6   0x18  Code  Gb  stm8l10x_it.o [1]
EXTI1_IRQHandler()      0x008cde   0x18  Code  Gb  stm8l10x_it.o [1]
EXTI2_IRQHandler()      0x008cf6   0x18  Code  Gb  stm8l10x_it.o [1]
EXTI3_IRQHandler()      0x008d0e   0x18  Code  Gb  stm8l10x_it.o [1]
EXTI4_IRQHandler()      0x008d26   0x18  Code  Gb  stm8l10x_it.o [1]
EXTI5_IRQHandler()      0x008d3e   0x18  Code  Gb  stm8l10x_it.o [1]
EXTI6_IRQHandler()      0x008d56   0x18  Code  Gb  stm8l10x_it.o [1]
EXTI7_IRQHandler()      0x008d6e   0x18  Code  Gb  stm8l10x_it.o [1]
EXTIB_IRQHandler()      0x008fe0    0x1  Code  Gb  stm8l10x_it.o [1]
EXTID_IRQHandler()      0x008fe1    0x1  Code  Gb  stm8l10x_it.o [1]
EXTI_ISRs               0x000011   0x10  Data  Gb  system.o [1]
FLASH_IRQHandler()      0x008fde    0x1  Code  Gb  stm8l10x_it.o [1]
HSIDivFactor            0x008fa8    0x4  Data  Lc  stm8l10x_clk.o [1]
I2CCallback()           0x008fa3    0x5  Code  Gb  i2c_tests.o [1]
I2CCallback()::count    0x00021d    0x1  Data  Lc  i2c_tests.o [1]
I2CDevIntr              0x0000e9  0x10e  Data  Gb  i2c_tests.o [1]
I2C_Cmd(FunctionalState)
                        0x008d9e   0x16  Code  Gb  stm8l10x_i2c.o [1]
I2C_IRQHandler()        0x008feb    0x1  Code  Gb  stm8l10x_it.o [1]
I2C_Init(unsigned long, unsigned short, I2C_DutyCycle_TypeDef, I2C_Ack_TypeDef, I2C_AcknowledgedAddress_TypeDef)
                        0x0084a5  0x15f  Code  Gb  stm8l10x_i2c.o [1]
I2c_Poll_Tests()        0x008080  0x227  Code  Gb  i2c_tests.o [1]
INTVEC$$Base            0x008000          --   Gb  - Linker created -
INTVEC$$Limit           0x008080          --   Gb  - Linker created -
Region$$Table$$Base     0x008c24          --   Gb  - Linker created -
Region$$Table$$Limit    0x008c36          --   Gb  - Linker created -
RepeatedStart           0x00021a    0x1  Data  Gb  i2c_tests.o [1]
RxBuf                   0x00020d    0xa  Data  Gb  i2c_tests.o [1]
RxLen                   0x00021c    0x1  Data  Gb  i2c_tests.o [1]
SHT$$INIT_ARRAY$$Base   0x008fda          --   Gb  - Linker created -
SHT$$INIT_ARRAY$$Limit  0x008fdc          --   Gb  - Linker created -
SHT$$PREINIT_ARRAY$$Base
                        0x008fda          --   Gb  - Linker created -
SHT$$PREINIT_ARRAY$$Limit
                        0x008fda          --   Gb  - Linker created -
SPI_IRQHandler()        0x008fe8    0x1  Code  Gb  stm8l10x_it.o [1]
SlaveAddress            0x000010    0x1  Data  Gb  i2c_tests.o [1]
Status                  0x000219    0x1  Data  Gb  i2c_tests.o [1]
TIM2_CAP_IRQHandler()   0x008fe4    0x1  Code  Gb  stm8l10x_it.o [1]
TIM2_UPD_OVF_TRG_BRK_IRQHandler()
                        0x008fe3    0x1  Code  Gb  stm8l10x_it.o [1]
TIM3_CAP_IRQHandler()   0x008fe6    0x1  Code  Gb  stm8l10x_it.o [1]
TIM3_UPD_OVF_TRG_BRK_IRQHandler()
                        0x008fe5    0x1  Code  Gb  stm8l10x_it.o [1]
TIM4_UPD_OVF_IRQHandler()
                        0x008fe7    0x1  Code  Gb  stm8l10x_it.o [1]
TRAP_IRQHandler()       0x008fdd    0x1  Code  Gb  stm8l10x_it.o [1]
Transaction             0x0001f7    0xc  Data  Gb  i2c_tests.o [1]
TxBuf                   0x000203    0xa  Data  Gb  i2c_tests.o [1]
TxLen                   0x00021b    0x1  Data  Gb  i2c_tests.o [1]
USART_RX_IRQHandler()   0x008fea    0x1  Code  Gb  stm8l10x_it.o [1]
USART_TX_IRQHandler()   0x008fe9    0x1  Code  Gb  stm8l10x_it.o [1]
__DebugBreak            0x008fed    0x1  Code  Gb  __dbg_break.o [3]
__call_ctors            0x008c91   0x1d  Code  Gb  cppinit.o [4]
__call_dtors            0x008a0f    0x4  Code  Gb  cppinit.o [4]
__cstart_call_dtors     0x008f57         Code  Gb  cexit.o [4]
__cxa_atexit            0x008ad4   0x35  Code  Gb  cppinit.o [4]
__cxa_finalize          0x0089c5   0x4a  Code  Gb  cppinit.o [4]
__dso_handle            0x000217    0x2  Data  Gb  cppinit.o [4]
__exit                  0x008dc8   0x14  Code  Gb  __dbg_xxexit.o [3]
__iar_copy_init2        0x008b92         Code  Gb  init_small.o [4]
__iar_cstart_call_ctors
                        0x008c81         Code  Gb  cstartup.o [4]
__iar_data_init2        0x008db4   0x14  Code  Gb  init.o [4]
__iar_program_start     0x008c74         Code  Gb  cstartup.o [4]
__iar_unhandled_exception
                        0x008fd5         Code  Gb  unhandled_exception.o [4]
__iar_zero_init2        0x008c56         Code  Gb  init_small.o [4]
__intvec                0x008000         Data  Gb  interrupt.o [4]
__low_level_init        0x008fcf    0x3  Code  Gb  low_level_init.o [4]
__sti__routine          0x008e33    0xf  Code  Lc  i2c_tests.o [1]
_exit                   0x008f56         Code  Gb  cexit.o [4]
_interrupt_1            0x008fdd         Code  Gb  stm8l10x_it.o [1]
_interrupt_10           0x008cc6         Code  Gb  stm8l10x_it.o [1]
_interrupt_11           0x008cde         Code  Gb  stm8l10x_it.o [1]
_interrupt_12           0x008cf6         Code  Gb  stm8l10x_it.o [1]
_interrupt_13           0x008d0e         Code  Gb  stm8l10x_it.o [1]
_interrupt_14           0x008d26         Code  Gb  stm8l10x_it.o [1]
_interrupt_15           0x008d3e         Code  Gb  stm8l10x_it.o [1]
_interrupt_16           0x008d56         Code  Gb  stm8l10x_it.o [1]
_interrupt_17           0x008d6e         Code  Gb  stm8l10x_it.o [1]
_interrupt_20           0x008fe2         Code  Gb  stm8l10x_it.o [1]
_interrupt_21           0x008fe3         Code  Gb  stm8l10x_it.o [1]
_interrupt_22           0x008fe4         Code  Gb  stm8l10x_it.o [1]
_interrupt_23           0x008fe5         Code  Gb  stm8l10x_it.o [1]
_interrupt_24           0x008fe6         Code  Gb  stm8l10x_it.o [1]
_interrupt_27           0x008fe7         Code  Gb  stm8l10x_it.o [1]
_interrupt_28           0x008fe8         Code  Gb  stm8l10x_it.o [1]
_interrupt_29           0x008fe9         Code  Gb  stm8l10x_it.o [1]
_interrupt_3            0x008fde         Code  Gb  stm8l10x_it.o [1]
_interrupt_30           0x008fea         Code  Gb  stm8l10x_it.o [1]
_interrupt_31           0x008feb         Code  Gb  stm8l10x_it.o [1]
_interrupt_6            0x008fdf         Code  Gb  stm8l10x_it.o [1]
_interrupt_8            0x008fe0         Code  Gb  stm8l10x_it.o [1]
_interrupt_9            0x008fe1         Code  Gb  stm8l10x_it.o [1]
assert_failed(unsigned char __near *, unsigned long)
                        0x008fd8    0x2  Code  Gb  main.o [1]
exit                    0x008fd2    0x3  Code  Gb  exit.o [4]
fail                    0x00021f    0x1  Data  Gb  i2c_tests.o [1]
i2c::HwInit()           0x008b09   0x31  Code  Gb  i2c.o [1]
i2c::I2cLogStates(i2c::I2CLogs_t)
                        0x008c36   0x20  Code  Gb  i2c.o [1]
i2c::ScanBus(unsigned char __near *, unsigned char)
                        0x008a13   0x4c  Code  Gb  i2c.o [1]
i2c::SendSlaveAddress(unsigned char, unsigned char)
                        0x0088e2   0x7a  Code  Gb  i2c.o [1]
i2c::WaitOnFlag(unsigned char volatile __near *, unsigned char, unsigned char, unsigned short)
                        0x008b6a   0x28  Code  Gb  i2c.o [1]
i2c::XferIntr(i2c::Transaction_t __near *)
                        0x008806   0xdc  Code  Gb  i2c.o [1]
i2c::XferPoll(unsigned char, unsigned char __near *, unsigned char, unsigned char __near *, unsigned char, unsigned char)
                        0x0082a7  0x1fe  Code  Gb  i2c.o [1]
i2c::~i2c()             0x008fdc    0x1  Code  Gb  i2c_tests.o [1]
main                    0x008e02   0x11  Code  Gb  main.o [1]
memcmp                  0x008b3a   0x30  Code  Gb  memcmp.o [4]
next_abi_dtor_rec       0x000021    0x2  Data  Lc  cppinit.o [4]
pass                    0x00021e    0x1  Data  Gb  i2c_tests.o [1]


[1] = C:\Amit_Chaudhary\STM8L\Code\STM8L101F3_FW\STM8L101F3P6_CPP\Debug\Obj
[2] = command line
[3] = dbgstm8smd.a
[4] = dlstm8smn.a

  3 802 bytes of readonly  code memory
    276 bytes of readonly  data memory
    800 bytes of readwrite data memory

Errors: none
Warnings: none
