###############################################################################
#
# IAR ELF Linker V3.11.1.207 for STM8                     29/Sep/2019  22:09:37
# Copyright 2010-2019 IAR Systems AB.
#
#    Output file  =  
#        C:\Amit_Chaudhary\STM8\STM8L\Code\STM8L101F3_FW\STM8L101F3P6_CPP -
#        Txn_SW_AF_CmdSvr_TxBuf\Debug\Exe\STM8L101F3_FW_CPP.out
#    Map file     =  
#        C:\Amit_Chaudhary\STM8\STM8L\Code\STM8L101F3_FW\STM8L101F3P6_CPP -
#        Txn_SW_AF_CmdSvr_TxBuf\Debug\List\STM8L101F3_FW_CPP.map
#    Command line =  
#        -f C:\Users\amit4\AppData\Local\Temp\EW263F.tmp
#        ("C:\Amit_Chaudhary\STM8\STM8L\Code\STM8L101F3_FW\STM8L101F3P6_CPP -
#        Txn_SW_AF_CmdSvr_TxBuf\Debug\Obj\CmdSvr.o"
#        "C:\Amit_Chaudhary\STM8\STM8L\Code\STM8L101F3_FW\STM8L101F3P6_CPP -
#        Txn_SW_AF_CmdSvr_TxBuf\Debug\Obj\gpio_tests.o"
#        "C:\Amit_Chaudhary\STM8\STM8L\Code\STM8L101F3_FW\STM8L101F3P6_CPP -
#        Txn_SW_AF_CmdSvr_TxBuf\Debug\Obj\i2c.o"
#        "C:\Amit_Chaudhary\STM8\STM8L\Code\STM8L101F3_FW\STM8L101F3P6_CPP -
#        Txn_SW_AF_CmdSvr_TxBuf\Debug\Obj\I2C_Commands.o"
#        "C:\Amit_Chaudhary\STM8\STM8L\Code\STM8L101F3_FW\STM8L101F3P6_CPP -
#        Txn_SW_AF_CmdSvr_TxBuf\Debug\Obj\i2c_tests.o"
#        "C:\Amit_Chaudhary\STM8\STM8L\Code\STM8L101F3_FW\STM8L101F3P6_CPP -
#        Txn_SW_AF_CmdSvr_TxBuf\Debug\Obj\main.o"
#        "C:\Amit_Chaudhary\STM8\STM8L\Code\STM8L101F3_FW\STM8L101F3P6_CPP -
#        Txn_SW_AF_CmdSvr_TxBuf\Debug\Obj\stm8l10x_clk.o"
#        "C:\Amit_Chaudhary\STM8\STM8L\Code\STM8L101F3_FW\STM8L101F3P6_CPP -
#        Txn_SW_AF_CmdSvr_TxBuf\Debug\Obj\stm8l10x_i2c.o"
#        "C:\Amit_Chaudhary\STM8\STM8L\Code\STM8L101F3_FW\STM8L101F3P6_CPP -
#        Txn_SW_AF_CmdSvr_TxBuf\Debug\Obj\stm8l10x_it.o"
#        "C:\Amit_Chaudhary\STM8\STM8L\Code\STM8L101F3_FW\STM8L101F3P6_CPP -
#        Txn_SW_AF_CmdSvr_TxBuf\Debug\Obj\system.o" --redirect
#        _Printf=_PrintfFullNoMb --redirect _Scanf=_ScanfFullNoMb
#        --no_out_extension -o
#        "C:\Amit_Chaudhary\STM8\STM8L\Code\STM8L101F3_FW\STM8L101F3P6_CPP -
#        Txn_SW_AF_CmdSvr_TxBuf\Debug\Exe\STM8L101F3_FW_CPP.out" --map
#        "C:\Amit_Chaudhary\STM8\STM8L\Code\STM8L101F3_FW\STM8L101F3P6_CPP -
#        Txn_SW_AF_CmdSvr_TxBuf\Debug\List\STM8L101F3_FW_CPP.map" --config
#        "C:\Program Files (x86)\IAR Systems\Embedded Workbench
#        8.0\stm8\config\lnkstm8l101f3.icf" --config_def _CSTACK_SIZE=0x100
#        --config_def _HEAP_SIZE=0x100 --entry __iar_program_start --debug_lib)
#
###############################################################################

*******************************************************************************
*** RUNTIME MODEL ATTRIBUTES
***

__SystemLibrary            = DLib
__code_model               = small
__core                     = stm8
__data_model               = medium
__dlib_file_descriptor     = 0
__dlib_full_locale_support = 0
__rt_version               = 4


*******************************************************************************
*** PLACEMENT SUMMARY
***

"A0":  place at start of [0x000000-0x0000ff] { rw section .vregs };
"A1":  place at end of [0x000000-0x0005ff] { block CSTACK };
"P2":  place in [from 0x000000 to 0x0005ff] {
          block HEAP, rw section __DLIB_PERTHREAD, rw section .far.bss,
          rw section .far.data, rw section .far.noinit,
          rw section .far_func.textrw, rw section .huge.bss,
          rw section .huge.data, rw section .huge.noinit,
          rw section .huge_func.textrw, rw section .iar.dynexit,
          rw section .near.bss, rw section .near.data, rw section .near.noinit,
          rw section .near_func.textrw };
"A2":  place at start of [0x008000-0x009fff] { block INTVEC };
"P3":  place in [from 0x008000 to 0x009fff] {
          ro section __DLIB_PERTHREAD_init, ro section .far.data_init,
          ro section .far_func.textrw_init, ro section .huge.data_init,
          ro section .huge_func.textrw_init, ro section .iar.init_table,
          ro section .init_array, ro section .near.data_init,
          ro section .near.rodata, ro section .near_func.text,
          ro section .near_func.textrw_init, ro section .tiny.data_init,
          ro section .tiny.rodata_init };
"P4":  place in [from 0x008000 to 0x009fff] {
          ro section .far.rodata, ro section .far_func.text };
"P5":  place in [from 0x008000 to 0x009fff] {
          ro section .huge.rodata, ro section .huge_func.text };
do not initialize {
   rw section .far.noinit, rw section .huge.noinit, rw section .near.noinit,
   rw section .tiny.noinit, rw section .vregs };
initialize by copy {
   rw section .far.bss, rw section .far.data, rw section .far_func.textrw,
   rw section .huge.bss, rw section .huge.data, rw section .huge_func.textrw,
   rw section .iar.dynexit, rw section .near.bss, rw section .near.data,
   rw section .near_func.textrw, rw section .tiny.bss, rw section .tiny.data,
   ro section .tiny.rodata };

No sections matched the following patterns:

  ro section .far.data_init          in "P3-P5"
  ro section .far.rodata             in "P3-P5"
  ro section .far_func.text          in "P3-P5"
  ro section .far_func.textrw_init   in "P3-P5"
  ro section .huge.data_init         in "P3-P5"
  ro section .huge.rodata            in "P3-P5"
  ro section .huge_func.text         in "P3-P5"
  ro section .huge_func.textrw_init  in "P3-P5"
  ro section .iar.init_table         in "P3-P5"
  ro section .init_array             in "P3-P5"
  ro section .near_func.textrw_init  in "P3-P5"
  ro section .tiny.data_init         in "P3-P5"
  ro section .tiny.rodata_init       in "P3-P5"
  ro section __DLIB_PERTHREAD_init   in "P3-P5"
  rw section .far.bss                in "P2"
  rw section .far.data               in "P2"
  rw section .far.noinit             in "P2"
  rw section .far_func.textrw        in "P2"
  rw section .huge.bss               in "P2"
  rw section .huge.data              in "P2"
  rw section .huge.noinit            in "P2"
  rw section .huge_func.textrw       in "P2"
  rw section .iar.dynexit            in "P2"
  rw section .near.noinit            in "P2"
  rw section .near_func.textrw       in "P2"
  rw section .tiny.bss               in "P1"
  rw section .tiny.data              in "P1"
  rw section .tiny.noinit            in "P1"
  rw section .tiny.rodata            in "P1"
  rw section __DLIB_PERTHREAD        in "P2"


  Section            Kind      Address   Size  Object
  -------            ----      -------   ----  ------
"A0":                                    0x10
  .vregs             uninit   0x000000   0x10  vregs.o [4]
                            - 0x000010   0x10

"P2", part 1 of 2:                       0x14
  P2-1                        0x000010   0x14  <Init block>
    .near.data       inited   0x000010    0x4  CmdSvr.o [1]
    .near.data       inited   0x000014   0x10  system.o [1]
                            - 0x000024   0x14

"P2", part 2 of 2:                      0x137
  .near.bss          zero     0x000024  0x10a  CmdSvr.o [1]
  .near.bss          zero     0x00012e    0xf  I2C_Commands.o [1]
  .near.bss          zero     0x00013d    0xf  I2C_Commands.o [1]
  .near.bss          zero     0x00014c    0xb  CmdSvr.o [1]
  .near.bss          zero     0x000157    0x2  i2c.o [1]
  .near.bss          zero     0x000159    0x2  i2c.o [1]
                            - 0x00015b  0x137

"A1":                                   0x100
  CSTACK                      0x000500  0x100  <Block>
    CSTACK           uninit   0x000500  0x100  <Block tail>
                            - 0x000600  0x100

"A2":                                    0x80
  INTVEC                      0x008000   0x80  <Block>
    .intvec          const    0x008000   0x80  interrupt.o [4]
                            - 0x008080   0x80

"P3-P5":                                0xdcc
  .near_func.text    ro code  0x008080  0x37e  i2c.o [1]
  .near_func.text    ro code  0x0083fe  0x15f  stm8l10x_i2c.o [1]
  .near_func.text    ro code  0x00855d  0x110  long.o [4]
  .near_func.text    ro code  0x00866d   0xe7  vreg_util.o [4]
  .near.rodata       const    0x008754   0x87  stm8l10x_i2c.o [1]
  .near_func.text    ro code  0x0087db   0x82  i2c.o [1]
  .near_func.text    ro code  0x00885d   0x63  I2C_Commands.o [1]
  .near_func.text    ro code  0x0088c0   0x5b  CmdSvr.o [1]
  .near_func.text    ro code  0x00891b   0x3f  short.o [4]
  .near_func.text    ro code  0x00895a   0x3d  CmdSvr.o [1]
  .near_func.text    ro code  0x008997   0x35  i2c.o [1]
  .near_func.text    ro code  0x0089cc   0x34  i2c.o [1]
  .near_func.text    ro code  0x008a00   0x29  CmdSvr.o [1]
  .near_func.text    ro code  0x008a29   0x28  i2c.o [1]
  .near_func.text    ro code  0x008a51   0x28  init_small.o [4]
  .near_func.text    ro code  0x008a79   0x25  dc_util.o [4]
  .iar.init_table    const    0x008a9e   0x12  - Linker created -
  .near_func.text    ro code  0x008ab0   0x20  i2c.o [1]
  .near_func.text    ro code  0x008ad0   0x1e  init_small.o [4]
  .near_func.text    ro code  0x008aee   0x1b  CmdSvr.o [1]
  .near_func.text    ro code  0x008b09   0x1b  i2c.o [1]
  .near_func.text    ro code  0x008b24   0x18  stm8l10x_clk.o [1]
  .near_func.text    ro code  0x008b3c   0x18  stm8l10x_it.o [1]
  .near_func.text    ro code  0x008b54   0x18  stm8l10x_it.o [1]
  .near_func.text    ro code  0x008b6c   0x18  stm8l10x_it.o [1]
  .near_func.text    ro code  0x008b84   0x18  stm8l10x_it.o [1]
  .near_func.text    ro code  0x008b9c   0x18  stm8l10x_it.o [1]
  .near_func.text    ro code  0x008bb4   0x18  stm8l10x_it.o [1]
  .near_func.text    ro code  0x008bcc   0x18  stm8l10x_it.o [1]
  .near_func.text    ro code  0x008be4   0x18  stm8l10x_it.o [1]
  .near_func.text    ro code  0x008bfc   0x18  long_util.o [4]
  .near_func.text    ro code  0x008c14   0x16  i2c.o [1]
  .near_func.text    ro code  0x008c2a   0x16  stm8l10x_i2c.o [1]
  .near_func.text    ro code  0x008c40   0x15  main.o [1]
  .near_func.text    ro code  0x008c55   0x14  init.o [4]
  .near_func.text    ro code  0x008c69   0x14  __dbg_xxexit.o [3]
  Initializer bytes  const    0x008c7d   0x14  <for P2-1>
  .near_func.text    ro code  0x008c91   0x13  stm8l10x_it.o [1]
  .near_func.text    ro code  0x008ca4   0x13  cstartup.o [4]
  .near_func.text    ro code  0x008cb7   0x12  I2C_Commands.o [1]
  .near_func.text    ro code  0x008cc9   0x11  i2c.o [1]
  .near_func.text    ro code  0x008cda    0xd  i2c.o [1]
  .near_func.text    ro code  0x008ce7    0xd  i2c.o [1]
  .near_func.text    ro code  0x008cf4    0xd  i2c.o [1]
  .near_func.text    ro code  0x008d01    0xc  i2c.o [1]
  .near_func.text    ro code  0x008d0d    0xc  i2c.o [1]
  .near_func.text    ro code  0x008d19    0xb  stm8l10x_i2c.o [1]
  .near_func.text    ro code  0x008d24    0xa  i2c.o [1]
  .near_func.text    ro code  0x008d2e    0xa  i2c.o [1]
  .near_func.text    ro code  0x008d38    0x9  CmdSvr.o [1]
  .near_func.text    ro code  0x008d41    0x9  i2c.o [1]
  .near_func.text    ro code  0x008d4a    0x9  i2c.o [1]
  .near_func.text    ro code  0x008d53    0x9  i2c.o [1]
  .near_func.text    ro code  0x008d5c    0x9  i2c.o [1]
  .near_func.text    ro code  0x008d65    0x9  i2c.o [1]
  .near_func.text    ro code  0x008d6e    0x9  i2c.o [1]
  .near_func.text    ro code  0x008d77    0x9  i2c.o [1]
  .near_func.text    ro code  0x008d80    0x9  I2C_Commands.o [1]
  .near_func.text    ro code  0x008d89    0x9  stm8l10x_i2c.o [1]
  .near_func.text    ro code  0x008d92    0x8  i2c.o [1]
  .near_func.text    ro code  0x008d9a    0x8  i2c.o [1]
  .near_func.text    ro code  0x008da2    0x8  i2c.o [1]
  .near_func.text    ro code  0x008daa    0x8  i2c.o [1]
  .near_func.text    ro code  0x008db2    0x7  i2c.o [1]
  .near_func.text    ro code  0x008db9    0x7  i2c.o [1]
  .near_func.text    ro code  0x008dc0    0x7  i2c.o [1]
  .near_func.text    ro code  0x008dc7    0x7  i2c.o [1]
  .near_func.text    ro code  0x008dce    0x7  i2c.o [1]
  .near_func.text    ro code  0x008dd5    0x7  i2c.o [1]
  .near_func.text    ro code  0x008ddc    0x7  i2c.o [1]
  .near_func.text    ro code  0x008de3    0x7  stm8l10x_it.o [1]
  .near_func.text    ro code  0x008dea    0x6  i2c.o [1]
  .near_func.text    ro code  0x008df0    0x6  i2c.o [1]
  .near_func.text    ro code  0x008df6    0x6  i2c.o [1]
  .near_func.text    ro code  0x008dfc    0x6  stm8l10x_i2c.o [1]
  .near_func.text    ro code  0x008e02    0x5  i2c.o [1]
  .near_func.text    ro code  0x008e07    0x5  i2c.o [1]
  .near_func.text    ro code  0x008e0c    0x5  i2c.o [1]
  .near_func.text    ro code  0x008e11    0x5  cexit.o [4]
  .near.rodata       const    0x008e16    0x4  stm8l10x_clk.o [1]
  .near_func.text    ro code  0x008e1a    0x4  i2c.o [1]
  .near_func.text    ro code  0x008e1e    0x4  i2c.o [1]
  .near_func.text    ro code  0x008e22    0x4  i2c.o [1]
  .near_func.text    ro code  0x008e26    0x4  i2c.o [1]
  .near_func.text    ro code  0x008e2a    0x4  I2C_Commands.o [1]
  .near_func.text    ro code  0x008e2e    0x3  interrupt.o [4]
  .near_func.text    ro code  0x008e31    0x3  low_level_init.o [4]
  .near_func.text    ro code  0x008e34    0x3  exit.o [4]
  .near_func.text    ro code  0x008e37    0x3  unhandled_exception.o [4]
  .near_func.text    ro code  0x008e3a    0x2  main.o [1]
  .near_func.text    ro code  0x008e3c    0x1  stm8l10x_it.o [1]
  .near_func.text    ro code  0x008e3d    0x1  stm8l10x_it.o [1]
  .near_func.text    ro code  0x008e3e    0x1  stm8l10x_it.o [1]
  .near_func.text    ro code  0x008e3f    0x1  stm8l10x_it.o [1]
  .near_func.text    ro code  0x008e40    0x1  stm8l10x_it.o [1]
  .near_func.text    ro code  0x008e41    0x1  stm8l10x_it.o [1]
  .near_func.text    ro code  0x008e42    0x1  stm8l10x_it.o [1]
  .near_func.text    ro code  0x008e43    0x1  stm8l10x_it.o [1]
  .near_func.text    ro code  0x008e44    0x1  stm8l10x_it.o [1]
  .near_func.text    ro code  0x008e45    0x1  stm8l10x_it.o [1]
  .near_func.text    ro code  0x008e46    0x1  stm8l10x_it.o [1]
  .near_func.text    ro code  0x008e47    0x1  stm8l10x_it.o [1]
  .near_func.text    ro code  0x008e48    0x1  stm8l10x_it.o [1]
  .near_func.text    ro code  0x008e49    0x1  stm8l10x_it.o [1]
  .near_func.text    ro code  0x008e4a    0x1  system.o [1]
  .near_func.text    ro code  0x008e4b    0x1  __dbg_break.o [3]
                            - 0x008e4c  0xdcc


*******************************************************************************
*** INIT TABLE
***

          Address   Size
          -------   ----
Zero (__iar_zero_init2)
    1 destination range, total size 0x137:
          0x000024  0x137

Copy (__iar_copy_init2)
    1 source range, total size 0x14:
          0x008c7d   0x14
    1 destination range, total size 0x14:
          0x000010   0x14



*******************************************************************************
*** MODULE SUMMARY
***

    Module                 ro code  ro data  rw data
    ------                 -------  -------  -------
C:\Amit_Chaudhary\STM8\STM8L\Code\STM8L101F3_FW\STM8L101F3P6_CPP - Txn_SW_AF_CmdSvr_TxBuf\Debug\Obj: [1]
    CmdSvr.o                   229        4      281
    I2C_Commands.o             130                30
    i2c.o                    1 543                 4
    main.o                      23
    stm8l10x_clk.o              24        4
    stm8l10x_i2c.o             399      135
    stm8l10x_it.o              232
    system.o                     1       16       16
    ------------------------------------------------
    Total:                   2 581      159      331

command line: [2]
    ------------------------------------------------
    Total:

dbgstm8smd.a: [3]
    __dbg_break.o                1
    __dbg_xxexit.o              20
    ------------------------------------------------
    Total:                      21

dlstm8smn.a: [4]
    cexit.o                      5
    cstartup.o                  19
    dc_util.o                   37
    exit.o                       3
    init.o                      20
    init_small.o                70
    interrupt.o                  3      128
    long.o                     272
    long_util.o                 24
    low_level_init.o             3
    short.o                     63
    unhandled_exception.o        3
    vreg_util.o                231
    vregs.o                                       16
    ------------------------------------------------
    Total:                     753      128       16

    Linker created                       18      256
----------------------------------------------------
    Grand Total:             3 355      305      603


*******************************************************************************
*** ENTRY LIST
***

Entry                    Address   Size  Type      Object
-----                    -------   ----  ----      ------
.iar.init_table$$Base   0x008a9e          --   Gb  - Linker created -
.iar.init_table$$Limit  0x008ab0          --   Gb  - Linker created -
?b0                     0x000000         Data  Gb  vregs.o [4]
?b1                     0x000001         Data  Gb  vregs.o [4]
?b10                    0x00000a         Data  Gb  vregs.o [4]
?b11                    0x00000b         Data  Gb  vregs.o [4]
?b12                    0x00000c         Data  Gb  vregs.o [4]
?b13                    0x00000d         Data  Gb  vregs.o [4]
?b14                    0x00000e         Data  Gb  vregs.o [4]
?b15                    0x00000f         Data  Gb  vregs.o [4]
?b2                     0x000002         Data  Gb  vregs.o [4]
?b3                     0x000003         Data  Gb  vregs.o [4]
?b4                     0x000004         Data  Gb  vregs.o [4]
?b5                     0x000005         Data  Gb  vregs.o [4]
?b6                     0x000006         Data  Gb  vregs.o [4]
?b7                     0x000007         Data  Gb  vregs.o [4]
?b8                     0x000008         Data  Gb  vregs.o [4]
?b9                     0x000009         Data  Gb  vregs.o [4]
?dc32_l0                0x008a79         Code  Gb  dc_util.o [4]
?dc32_l1                0x008a86         Code  Gb  dc_util.o [4]
?dc32_px                0x008a93         Code  Gb  dc_util.o [4]
?e0                     0x000001         Data  Gb  vregs.o [4]
?e1                     0x000005         Data  Gb  vregs.o [4]
?e2                     0x000009         Data  Gb  vregs.o [4]
?e3                     0x00000d         Data  Gb  vregs.o [4]
?epilogue_l2            0x008701         Code  Gb  vreg_util.o [4]
?epilogue_l2_l3         0x0086fe         Code  Gb  vreg_util.o [4]
?epilogue_l2_w6         0x008705         Code  Gb  vreg_util.o [4]
?l0                     0x000000         Data  Gb  vregs.o [4]
?l1                     0x000004         Data  Gb  vregs.o [4]
?l2                     0x000008         Data  Gb  vregs.o [4]
?l3                     0x00000c         Data  Gb  vregs.o [4]
?load32_l0_0x           0x008bfc         Code  Gb  long_util.o [4]
?load32_l1_0x           0x008c08         Code  Gb  long_util.o [4]
?mov_e0_e2              0x008716         Code  Gb  vreg_util.o [4]
?mov_e0_e3              0x008723         Code  Gb  vreg_util.o [4]
?mov_e1_e0              0x008730         Code  Gb  vreg_util.o [4]
?mov_e2_e0              0x00873d         Code  Gb  vreg_util.o [4]
?mov_e3_e0              0x00874a         Code  Gb  vreg_util.o [4]
?mov_l0_l2              0x008713         Code  Gb  vreg_util.o [4]
?mov_l0_l3              0x008720         Code  Gb  vreg_util.o [4]
?mov_l1_l0              0x00872d         Code  Gb  vreg_util.o [4]
?mov_l2_l0              0x00873a         Code  Gb  vreg_util.o [4]
?mov_l3_l0              0x008747         Code  Gb  vreg_util.o [4]
?mov_w1_w0              0x00870c         Code  Gb  vreg_util.o [4]
?mov_w1_w5              0x008719         Code  Gb  vreg_util.o [4]
?mov_w1_w7              0x008726         Code  Gb  vreg_util.o [4]
?mov_w3_w1              0x008733         Code  Gb  vreg_util.o [4]
?mov_w5_w1              0x008740         Code  Gb  vreg_util.o [4]
?mov_w7_w1              0x00874d         Code  Gb  vreg_util.o [4]
?mul16_x_x_w0           0x00891b         Code  Gb  short.o [4]
?mul32_l0_l0_0x         0x008560         Code  Gb  long.o [4]
?mul32_l0_l0_dl         0x00855d         Code  Gb  long.o [4]
?mul32_l0_l0_l1         0x008569         Code  Gb  long.o [4]
?pop_l0                 0x0086ca         Code  Gb  vreg_util.o [4]
?pop_l1                 0x0086d5         Code  Gb  vreg_util.o [4]
?pop_l2                 0x0086e0         Code  Gb  vreg_util.o [4]
?pop_l3                 0x0086eb         Code  Gb  vreg_util.o [4]
?pop_w6                 0x00868a         Code  Gb  vreg_util.o [4]
?push_l0                0x008699         Code  Gb  vreg_util.o [4]
?push_l1                0x00869e         Code  Gb  vreg_util.o [4]
?push_l2                0x0086a3         Code  Gb  vreg_util.o [4]
?push_l3                0x0086a8         Code  Gb  vreg_util.o [4]
?push_w4                0x00866d         Code  Gb  vreg_util.o [4]
?push_w6                0x008672         Code  Gb  vreg_util.o [4]
?sdiv16_x_x_y           0x008939         Code  Gb  short.o [4]
?sll32_0x_0x_a          0x00865f         Code  Gb  long.o [4]
?sll32_l0_l0_a          0x00865c         Code  Gb  long.o [4]
?srl16_x_x_4            0x008955         Code  Gb  short.o [4]
?srl16_x_x_5            0x008954         Code  Gb  short.o [4]
?srl16_x_x_6            0x008953         Code  Gb  short.o [4]
?srl16_x_x_7            0x008952         Code  Gb  short.o [4]
?udiv32_l0_dl_l1        0x0085e7         Code  Gb  long.o [4]
?udiv32_l0_l0_dl        0x0085ec         Code  Gb  long.o [4]
?udiv32_l0_l0_l1        0x0085ef         Code  Gb  long.o [4]
?umod32_l1_l0_l1        0x0085ef         Code  Gb  long.o [4]
?w0                     0x000000         Data  Gb  vregs.o [4]
?w1                     0x000002         Data  Gb  vregs.o [4]
?w2                     0x000004         Data  Gb  vregs.o [4]
?w3                     0x000006         Data  Gb  vregs.o [4]
?w4                     0x000008         Data  Gb  vregs.o [4]
?w5                     0x00000a         Data  Gb  vregs.o [4]
?w6                     0x00000c         Data  Gb  vregs.o [4]
?w7                     0x00000e         Data  Gb  vregs.o [4]
AWU_IRQHandler()        0x008e3e    0x1  Code  Gb  stm8l10x_it.o [1]
CLK_GetClockFreq()      0x008b24   0x18  Code  Gb  stm8l10x_clk.o [1]
COMP_IRQHandler()       0x008e41    0x1  Code  Gb  stm8l10x_it.o [1]
CSTACK$$Base            0x000500          --   Gb  - Linker created -
CSTACK$$Limit           0x000600          --   Gb  - Linker created -
CmdSvr_Run()            0x008aee   0x1b  Code  Gb  CmdSvr.o [1]
Cmdsvr_DispatchResponse(Cmd_t __near *)
                        0x008a00   0x29  Code  Gb  CmdSvr.o [1]
Cmdsvr_Init()           0x00895a   0x3d  Code  Gb  CmdSvr.o [1]
DigitalOut<(Port_t)20490, (PIN_t)1, (Mode_t)6>::SetOutputMode()
                        0x008cda    0xd  Code  Gb  i2c.o [1]
DigitalOut<(Port_t)20490, (PIN_t)2, (Mode_t)6>::SetOutputMode()
                        0x008ce7    0xd  Code  Gb  i2c.o [1]
Dummy_ISR()             0x008e4a    0x1  Code  Gb  system.o [1]
EXTI0_IRQHandler()      0x008b3c   0x18  Code  Gb  stm8l10x_it.o [1]
EXTI1_IRQHandler()      0x008b54   0x18  Code  Gb  stm8l10x_it.o [1]
EXTI2_IRQHandler()      0x008b6c   0x18  Code  Gb  stm8l10x_it.o [1]
EXTI3_IRQHandler()      0x008b84   0x18  Code  Gb  stm8l10x_it.o [1]
EXTI4_IRQHandler()      0x008b9c   0x18  Code  Gb  stm8l10x_it.o [1]
EXTI5_IRQHandler()      0x008bb4   0x18  Code  Gb  stm8l10x_it.o [1]
EXTI6_IRQHandler()      0x008bcc   0x18  Code  Gb  stm8l10x_it.o [1]
EXTI7_IRQHandler()      0x008be4   0x18  Code  Gb  stm8l10x_it.o [1]
EXTIB_IRQHandler()      0x008e3f    0x1  Code  Gb  stm8l10x_it.o [1]
EXTID_IRQHandler()      0x008e40    0x1  Code  Gb  stm8l10x_it.o [1]
EXTI_ISRs               0x000014   0x10  Data  Gb  system.o [1]
Err                     0x000159    0x2  Data  Gb  i2c.o [1]
FLASH_IRQHandler()      0x008e3d    0x1  Code  Gb  stm8l10x_it.o [1]
HSIDivFactor            0x008e16    0x4  Data  Lc  stm8l10x_clk.o [1]
I2CDevIntr              0x000024  0x10a  Data  Lc  CmdSvr.o [1]
I2C_Cmd(FunctionalState)
                        0x008c2a   0x16  Code  Gb  stm8l10x_i2c.o [1]
I2C_CmdHandler1(Cmd_t __near *)
                        0x00885d   0x63  Code  Gb  I2C_Commands.o [1]
I2C_CmdSvr_Callback(i2c::I2CStatus_t)
                        0x0088c0   0x5b  Code  Gb  CmdSvr.o [1]
I2C_IRQHandler()        0x008c91   0x13  Code  Gb  stm8l10x_it.o [1]
I2C_Init(unsigned long, unsigned short, I2C_DutyCycle_TypeDef, I2C_Ack_TypeDef, I2C_AcknowledgedAddress_TypeDef)
                        0x0083fe  0x15f  Code  Gb  stm8l10x_i2c.o [1]
I2C_SlaveTxn            0x00014c    0xb  Data  Lc  CmdSvr.o [1]
I2c_Cmd_request         0x00012e    0xf  Data  Gb  I2C_Commands.o [1]
I2c_Cmd_response        0x00013d    0xf  Data  Gb  I2C_Commands.o [1]
INTVEC$$Base            0x008000          --   Gb  - Linker created -
INTVEC$$Limit           0x008080          --   Gb  - Linker created -
Region$$Table$$Base     0x008a9e          --   Gb  - Linker created -
Region$$Table$$Limit    0x008ab0          --   Gb  - Linker created -
SPI_IRQHandler()        0x008e47    0x1  Code  Gb  stm8l10x_it.o [1]
TIM2_CAP_IRQHandler()   0x008e43    0x1  Code  Gb  stm8l10x_it.o [1]
TIM2_UPD_OVF_TRG_BRK_IRQHandler()
                        0x008e42    0x1  Code  Gb  stm8l10x_it.o [1]
TIM3_CAP_IRQHandler()   0x008e45    0x1  Code  Gb  stm8l10x_it.o [1]
TIM3_UPD_OVF_TRG_BRK_IRQHandler()
                        0x008e44    0x1  Code  Gb  stm8l10x_it.o [1]
TIM4_UPD_OVF_IRQHandler()
                        0x008e46    0x1  Code  Gb  stm8l10x_it.o [1]
TRAP_IRQHandler()       0x008e3c    0x1  Code  Gb  stm8l10x_it.o [1]
USART_RX_IRQHandler()   0x008e49    0x1  Code  Gb  stm8l10x_it.o [1]
USART_TX_IRQHandler()   0x008e48    0x1  Code  Gb  stm8l10x_it.o [1]
__DebugBreak            0x008e4b    0x1  Code  Gb  __dbg_break.o [3]
__exit                  0x008c69   0x14  Code  Gb  __dbg_xxexit.o [3]
__iar_copy_init2        0x008a51         Code  Gb  init_small.o [4]
__iar_data_init2        0x008c55   0x14  Code  Gb  init.o [4]
__iar_program_start     0x008ca4         Code  Gb  cstartup.o [4]
__iar_unhandled_exception
                        0x008e37         Code  Gb  unhandled_exception.o [4]
__iar_zero_init2        0x008ad0         Code  Gb  init_small.o [4]
__intvec                0x008000         Data  Gb  interrupt.o [4]
__low_level_init        0x008e31    0x3  Code  Gb  low_level_init.o [4]
_exit                   0x008e11         Code  Gb  cexit.o [4]
_interrupt_1            0x008e3c         Code  Gb  stm8l10x_it.o [1]
_interrupt_10           0x008b3c         Code  Gb  stm8l10x_it.o [1]
_interrupt_11           0x008b54         Code  Gb  stm8l10x_it.o [1]
_interrupt_12           0x008b6c         Code  Gb  stm8l10x_it.o [1]
_interrupt_13           0x008b84         Code  Gb  stm8l10x_it.o [1]
_interrupt_14           0x008b9c         Code  Gb  stm8l10x_it.o [1]
_interrupt_15           0x008bb4         Code  Gb  stm8l10x_it.o [1]
_interrupt_16           0x008bcc         Code  Gb  stm8l10x_it.o [1]
_interrupt_17           0x008be4         Code  Gb  stm8l10x_it.o [1]
_interrupt_20           0x008e41         Code  Gb  stm8l10x_it.o [1]
_interrupt_21           0x008e42         Code  Gb  stm8l10x_it.o [1]
_interrupt_22           0x008e43         Code  Gb  stm8l10x_it.o [1]
_interrupt_23           0x008e44         Code  Gb  stm8l10x_it.o [1]
_interrupt_24           0x008e45         Code  Gb  stm8l10x_it.o [1]
_interrupt_27           0x008e46         Code  Gb  stm8l10x_it.o [1]
_interrupt_28           0x008e47         Code  Gb  stm8l10x_it.o [1]
_interrupt_29           0x008e48         Code  Gb  stm8l10x_it.o [1]
_interrupt_3            0x008e3d         Code  Gb  stm8l10x_it.o [1]
_interrupt_30           0x008e49         Code  Gb  stm8l10x_it.o [1]
_interrupt_31           0x008c91         Code  Gb  stm8l10x_it.o [1]
_interrupt_6            0x008e3e         Code  Gb  stm8l10x_it.o [1]
_interrupt_8            0x008e3f         Code  Gb  stm8l10x_it.o [1]
_interrupt_9            0x008e40         Code  Gb  stm8l10x_it.o [1]
assert_failed(unsigned char __near *, unsigned long)
                        0x008e3a    0x2  Code  Gb  main.o [1]
exit                    0x008e34    0x3  Code  Gb  exit.o [4]
i2c::HwInit()           0x0089cc   0x34  Code  Gb  i2c.o [1]
i2c::I2C_ISR()          0x008080  0x37e  Code  Gb  i2c.o [1]
i2c::I2cLogStates(i2c::I2CLogs_t)
                        0x008ab0   0x20  Code  Gb  i2c.o [1]
i2c::SlaveStartListening(i2c::SlaveTxn_t __near *)
                        0x008997   0x35  Code  Gb  i2c.o [1]
i2c::TxnDoneHandler(unsigned char)
                        0x0087db   0x82  Code  Gb  i2c.o [1]
i2c::WaitOnFlag(unsigned char volatile __near *, unsigned char, unsigned char, unsigned short)
                        0x008a29   0x28  Code  Gb  i2c.o [1]
i2c::m_i2c_this         0x000157    0x2  Data  Gb  i2c.o [1]
main                    0x008c40   0x15  Code  Gb  main.o [1]
myI2C_CMD               0x000010    0x4  Data  Gb  CmdSvr.o [1]


[1] = C:\Amit_Chaudhary\STM8\STM8L\Code\STM8L101F3_FW\STM8L101F3P6_CPP - Txn_SW_AF_CmdSvr_TxBuf\Debug\Obj
[2] = command line
[3] = dbgstm8smd.a
[4] = dlstm8smn.a

  3 355 bytes of readonly  code memory
    305 bytes of readonly  data memory
    603 bytes of readwrite data memory

Errors: none
Warnings: none
