###############################################################################
#
# IAR ELF Linker V3.11.1.207 for STM8                     19/Jun/2020  23:11:48
# Copyright 2010-2019 IAR Systems AB.
#
#    Output file  =  
#        C:\Amit_Chaudhary\STM8\STM8L101\code\STM8L101F3_FW\STM8L101F3P6_CPP -
#        Spi - RTF Minimal\Debug\Exe\STM8L101F3_FW_CPP.out
#    Map file     =  
#        C:\Amit_Chaudhary\STM8\STM8L101\code\STM8L101F3_FW\STM8L101F3P6_CPP -
#        Spi - RTF Minimal\Debug\List\STM8L101F3_FW_CPP.map
#    Command line =  
#        -f C:\Users\AMITCH~1\AppData\Local\Temp\EWD520.tmp
#        ("C:\Amit_Chaudhary\STM8\STM8L101\code\STM8L101F3_FW\STM8L101F3P6_CPP
#        - Spi - RTF Minimal\Debug\Obj\CmdSvr.o"
#        "C:\Amit_Chaudhary\STM8\STM8L101\code\STM8L101F3_FW\STM8L101F3P6_CPP -
#        Spi - RTF Minimal\Debug\Obj\gpio_tests.o"
#        "C:\Amit_Chaudhary\STM8\STM8L101\code\STM8L101F3_FW\STM8L101F3P6_CPP -
#        Spi - RTF Minimal\Debug\Obj\i2c.o"
#        "C:\Amit_Chaudhary\STM8\STM8L101\code\STM8L101F3_FW\STM8L101F3P6_CPP -
#        Spi - RTF Minimal\Debug\Obj\I2C_Commands.o"
#        "C:\Amit_Chaudhary\STM8\STM8L101\code\STM8L101F3_FW\STM8L101F3P6_CPP -
#        Spi - RTF Minimal\Debug\Obj\i2c_tests.o"
#        "C:\Amit_Chaudhary\STM8\STM8L101\code\STM8L101F3_FW\STM8L101F3P6_CPP -
#        Spi - RTF Minimal\Debug\Obj\main.o"
#        "C:\Amit_Chaudhary\STM8\STM8L101\code\STM8L101F3_FW\STM8L101F3P6_CPP -
#        Spi - RTF Minimal\Debug\Obj\RTF.o"
#        "C:\Amit_Chaudhary\STM8\STM8L101\code\STM8L101F3_FW\STM8L101F3P6_CPP -
#        Spi - RTF Minimal\Debug\Obj\Spi.o"
#        "C:\Amit_Chaudhary\STM8\STM8L101\code\STM8L101F3_FW\STM8L101F3P6_CPP -
#        Spi - RTF Minimal\Debug\Obj\Spi_tests.o"
#        "C:\Amit_Chaudhary\STM8\STM8L101\code\STM8L101F3_FW\STM8L101F3P6_CPP -
#        Spi - RTF Minimal\Debug\Obj\stm8l10x_clk.o"
#        "C:\Amit_Chaudhary\STM8\STM8L101\code\STM8L101F3_FW\STM8L101F3P6_CPP -
#        Spi - RTF Minimal\Debug\Obj\stm8l10x_i2c.o"
#        "C:\Amit_Chaudhary\STM8\STM8L101\code\STM8L101F3_FW\STM8L101F3P6_CPP -
#        Spi - RTF Minimal\Debug\Obj\stm8l10x_it.o"
#        "C:\Amit_Chaudhary\STM8\STM8L101\code\STM8L101F3_FW\STM8L101F3P6_CPP -
#        Spi - RTF Minimal\Debug\Obj\stm8l10x_spi.o"
#        "C:\Amit_Chaudhary\STM8\STM8L101\code\STM8L101F3_FW\STM8L101F3P6_CPP -
#        Spi - RTF Minimal\Debug\Obj\system.o" --redirect
#        _Printf=_PrintfFullNoMb --redirect _Scanf=_ScanfFullNoMb
#        --no_out_extension -o
#        "C:\Amit_Chaudhary\STM8\STM8L101\code\STM8L101F3_FW\STM8L101F3P6_CPP -
#        Spi - RTF Minimal\Debug\Exe\STM8L101F3_FW_CPP.out" --map
#        "C:\Amit_Chaudhary\STM8\STM8L101\code\STM8L101F3_FW\STM8L101F3P6_CPP -
#        Spi - RTF Minimal\Debug\List\STM8L101F3_FW_CPP.map" --config
#        "C:\Program Files (x86)\IAR Systems\Embedded Workbench
#        8.3\stm8\config\lnkstm8l101f3.icf" --config_def _CSTACK_SIZE=0x100
#        --config_def _HEAP_SIZE=0x100 --entry __iar_program_start --debug_lib)
#
###############################################################################

*******************************************************************************
*** RUNTIME MODEL ATTRIBUTES
***

__SystemLibrary            = DLib
__code_model               = small
__core                     = stm8
__data_model               = medium
__dlib_file_descriptor     = 0
__dlib_full_locale_support = 0
__rt_version               = 4


*******************************************************************************
*** PLACEMENT SUMMARY
***

"A0":  place at start of [0x000000-0x0000ff] { rw section .vregs };
"A1":  place at end of [0x000000-0x0005ff] { block CSTACK };
"P2":  place in [from 0x000000 to 0x0005ff] {
          block HEAP, rw section __DLIB_PERTHREAD, rw section .far.bss,
          rw section .far.data, rw section .far.noinit,
          rw section .far_func.textrw, rw section .huge.bss,
          rw section .huge.data, rw section .huge.noinit,
          rw section .huge_func.textrw, rw section .iar.dynexit,
          rw section .near.bss, rw section .near.data, rw section .near.noinit,
          rw section .near_func.textrw };
"A2":  place at start of [0x008000-0x009fff] { block INTVEC };
"P3":  place in [from 0x008000 to 0x009fff] {
          ro section __DLIB_PERTHREAD_init, ro section .far.data_init,
          ro section .far_func.textrw_init, ro section .huge.data_init,
          ro section .huge_func.textrw_init, ro section .iar.init_table,
          ro section .init_array, ro section .near.data_init,
          ro section .near.rodata, ro section .near_func.text,
          ro section .near_func.textrw_init, ro section .tiny.data_init,
          ro section .tiny.rodata_init };
"P4":  place in [from 0x008000 to 0x009fff] {
          ro section .far.rodata, ro section .far_func.text };
"P5":  place in [from 0x008000 to 0x009fff] {
          ro section .huge.rodata, ro section .huge_func.text };
do not initialize {
   rw section .far.noinit, rw section .huge.noinit, rw section .near.noinit,
   rw section .tiny.noinit, rw section .vregs };
initialize by copy {
   rw section .far.bss, rw section .far.data, rw section .far_func.textrw,
   rw section .huge.bss, rw section .huge.data, rw section .huge_func.textrw,
   rw section .iar.dynexit, rw section .near.bss, rw section .near.data,
   rw section .near_func.textrw, rw section .tiny.bss, rw section .tiny.data,
   ro section .tiny.rodata };

No sections matched the following patterns:

  ro section .far.data_init          in "P3-P5"
  ro section .far.rodata             in "P3-P5"
  ro section .far_func.text          in "P3-P5"
  ro section .far_func.textrw_init   in "P3-P5"
  ro section .huge.data_init         in "P3-P5"
  ro section .huge.rodata            in "P3-P5"
  ro section .huge_func.text         in "P3-P5"
  ro section .huge_func.textrw_init  in "P3-P5"
  ro section .iar.init_table         in "P3-P5"
  ro section .near_func.textrw_init  in "P3-P5"
  ro section .tiny.data_init         in "P3-P5"
  ro section .tiny.rodata_init       in "P3-P5"
  ro section __DLIB_PERTHREAD_init   in "P3-P5"
  rw section .far.bss                in "P2"
  rw section .far.data               in "P2"
  rw section .far.noinit             in "P2"
  rw section .far_func.textrw        in "P2"
  rw section .huge.bss               in "P2"
  rw section .huge.data              in "P2"
  rw section .huge.noinit            in "P2"
  rw section .huge_func.textrw       in "P2"
  rw section .near.noinit            in "P2"
  rw section .near_func.textrw       in "P2"
  rw section .tiny.bss               in "P1"
  rw section .tiny.data              in "P1"
  rw section .tiny.noinit            in "P1"
  rw section .tiny.rodata            in "P1"
  rw section __DLIB_PERTHREAD        in "P2"


  Section             Kind      Address    Size  Object
  -------             ----      -------    ----  ------
"A0":                                      0x10
  .vregs              uninit   0x000000    0x10  vregs.o [4]
                             - 0x000010    0x10

"P2", part 1 of 3:                         0x29
  P2-1                         0x000010    0x29  <Init block>
    .near.data        inited   0x000010     0x7  CmdSvr.o [1]
    .near.data        inited   0x000017     0x4  CmdSvr.o [1]
    .near.data        inited   0x00001b     0x4  CmdSvr.o [1]
    .near.data        inited   0x00001f     0x8  Spi_tests.o [1]
    .near.data        inited   0x000027    0x10  system.o [1]
    .near.data        inited   0x000037     0x2  cppinit.o [4]
                             - 0x000039    0x29

"P2", part 2 of 3:                         0xc6
  .iar.dynexit                 0x000039    0xc6  <Block>
    .iar.dynexit      uninit   0x000039     0x6  cppinit.o [4]
    .iar.dynexit      uninit   0x00003f    0xc0  <Block tail>
                             - 0x0000ff    0xc6

"P2", part 3 of 3:                         0xd2
  .near.bss           zero     0x0000ff    0x80  RTF.o [1]
  .near.bss           zero     0x00017f    0x1e  RTF.o [1]
  .near.bss           zero     0x00019d     0xb  Spi.o [1]
  .near.bss           zero     0x0001a8     0x6  RTF.o [1]
  .near.bss           zero     0x0001ae     0x6  Spi_tests.o [1]
  .near.bss           zero     0x0001b4     0x6  Spi_tests.o [1]
  .near.bss           zero     0x0001ba     0x6  Spi_tests.o [1]
  .near.bss           zero     0x0001c0     0x4  CmdSvr.o [1]
  .near.bss           zero     0x0001c4     0x4  Spi_tests.o [1]
  .near.bss           zero     0x0001c8     0x2  i2c.o [1]
  .near.bss           zero     0x0001ca     0x2  stm8l10x_it.o [1]
  .near.bss           zero     0x0001cc     0x2  cppinit.o [4]
  .near.bss           zero     0x0001ce     0x1  main.o [1]
  .near.bss           zero     0x0001cf     0x1  RTF.o [1]
  .near.bss           zero     0x0001d0     0x1  Spi_tests.o [1]
                             - 0x0001d1    0xd2

"A1":                                     0x100
  CSTACK                       0x000500   0x100  <Block>
    CSTACK            uninit   0x000500   0x100  <Block tail>
                             - 0x000600   0x100

"A2":                                      0x80
  INTVEC                       0x008000    0x80  <Block>
    .intvec           const    0x008000    0x80  interrupt.o [4]
                             - 0x008080    0x80

"P3-P5":                                 0x1128
  .near_func.text     ro code  0x008080   0x1af  Spi_tests.o [1]
  .near_func.text     ro code  0x00822f   0x125  stm8l10x_spi.o [1]
  .near_func.text     ro code  0x008354   0x10b  i2c.o [1]
  .near_func.text     ro code  0x00845f    0xb1  vreg_util.o [4]
  .near_func.text     ro code  0x008510    0x9b  Spi.o [1]
  .near_func.text     ro code  0x0085ab    0x93  stm8l10x_it.o [1]
  .near.rodata        const    0x00863e    0x85  stm8l10x_spi.o [1]
  .near_func.text     ro code  0x0086c3    0x84  Spi.o [1]
  .near_func.text     ro code  0x008747    0x83  i2c.o [1]
  .near_func.text     ro code  0x0087ca    0x82  i2c.o [1]
  .near_func.text     ro code  0x00884c    0x74  Spi.o [1]
  .near_func.text     ro code  0x0088c0    0x6d  i2c.o [1]
  .near_func.text     ro code  0x00892d    0x6c  Spi.o [1]
  .near_func.text     ro code  0x008999    0x60  Spi.o [1]
  .near_func.text     ro code  0x0089f9    0x5b  Spi.o [1]
  .near_func.text     ro code  0x008a54    0x58  Spi.o [1]
  .near_func.text     ro code  0x008aac    0x53  Spi.o [1]
  .near_func.text     ro code  0x008aff    0x4e  cppinit.o [4]
  .near_func.text     ro code  0x008b4d    0x3f  i2c.o [1]
  .near_func.text     ro code  0x008b8c    0x3d  Spi.o [1]
  .near_func.text     ro code  0x008bc9    0x35  i2c.o [1]
  .near_func.text     ro code  0x008bfe    0x35  cppinit.o [4]
  .near_func.text     ro code  0x008c33    0x34  i2c.o [1]
  .near_func.text     ro code  0x008c67    0x33  Spi_tests.o [1]
  .near_func.text     ro code  0x008c9a    0x2e  i2c.o [1]
  .near_func.text     ro code  0x008cc8    0x2c  Spi.o [1]
  .near_func.text     ro code  0x008cf4    0x2a  Spi.o [1]
  Initializer bytes   const    0x008d1e    0x29  <for P2-1>
  .near_func.text     ro code  0x008d47    0x28  Spi.o [1]
  .near_func.text     ro code  0x008d6f    0x28  init_small.o [4]
  .near_func.text     ro code  0x008d97    0x26  Spi.o [1]
  .near_func.text     ro code  0x008dbd    0x25  system.o [1]
  .near_func.text     ro code  0x008de2    0x21  Spi.o [1]
  .iar.init_table     const    0x008e03    0x12  - Linker created -
  .near_func.text     ro code  0x008e15    0x1f  memcpy.o [4]
  .near_func.text     ro code  0x008e34    0x1e  init_small.o [4]
  .near_func.text     ro code  0x008e52    0x1d  cstartup.o [4]
  .near_func.text     ro code  0x008e6f    0x1d  cppinit.o [4]
  .near_func.text     ro code  0x008e8c    0x1b  main.o [1]
  .near_func.text     ro code  0x008ea7    0x1b  stm8l10x_it.o [1]
  .near_func.text     ro code  0x008ec2    0x1b  stm8l10x_it.o [1]
  .near_func.text     ro code  0x008edd    0x1b  stm8l10x_it.o [1]
  .near_func.text     ro code  0x008ef8    0x1b  stm8l10x_it.o [1]
  .near_func.text     ro code  0x008f13    0x1b  stm8l10x_it.o [1]
  .near_func.text     ro code  0x008f2e    0x1b  stm8l10x_it.o [1]
  .near_func.text     ro code  0x008f49    0x1b  stm8l10x_it.o [1]
  .near_func.text     ro code  0x008f64    0x1b  stm8l10x_it.o [1]
  .near_func.text     ro code  0x008f7f    0x1a  RTF.o [1]
  .near_func.text     ro code  0x008f99    0x1a  Spi_tests.o [1]
  .near_func.text     ro code  0x008fb3    0x1a  long_util.o [4]
  .near_func.text     ro code  0x008fcd    0x16  Spi.o [1]
  .near_func.text     ro code  0x008fe3    0x16  Spi_tests.o [1]
  .near_func.text     ro code  0x008ff9    0x16  stm8l10x_it.o [1]
  .near_func.text     ro code  0x00900f    0x14  Spi.o [1]
  .near_func.text     ro code  0x009023    0x14  init.o [4]
  .near_func.text     ro code  0x009037    0x14  __dbg_xxexit.o [3]
  .near_func.text     ro code  0x00904b    0x13  long.o [4]
  .near_func.text     ro code  0x00905e     0xd  CmdSvr.o [1]
  .near_func.text     ro code  0x00906b     0xd  main.o [1]
  .near_func.text     ro code  0x009078     0xd  main.o [1]
  .near_func.text     ro code  0x009085     0xd  Spi.o [1]
  .near_func.text     ro code  0x009092     0xd  Spi.o [1]
  .near_func.text     ro code  0x00909f     0xd  Spi.o [1]
  .near_func.text     ro code  0x0090ac     0xd  Spi.o [1]
  .near_func.text     ro code  0x0090b9     0xd  Spi.o [1]
  .near_func.text     ro code  0x0090c6     0xd  Spi.o [1]
  .near_func.text     ro code  0x0090d3     0xd  Spi.o [1]
  .near_func.text     ro code  0x0090e0     0xd  Spi.o [1]
  .near_func.text     ro code  0x0090ed     0xd  Spi.o [1]
  .near_func.text     ro code  0x0090fa     0xd  Spi_tests.o [1]
  .near_func.text     ro code  0x009107     0xd  Spi_tests.o [1]
  .near_func.text     ro code  0x009114     0xd  move.o [4]
  .near_func.text     ro code  0x009121     0xc  Spi.o [1]
  .near_func.text     ro code  0x00912d     0xb  i2c.o [1]
  .near_func.text     ro code  0x009138     0xb  Spi.o [1]
  .near_func.text     ro code  0x009143     0x9  Spi_tests.o [1]
  .near_func.text     ro code  0x00914c     0x8  cexit.o [4]
  .near_func.text     ro code  0x009154     0x5  i2c.o [1]
  .near_func.text     ro code  0x009159     0x5  Spi.o [1]
  .near_func.text     ro code  0x00915e     0x5  Spi.o [1]
  .near_func.text     ro code  0x009163     0x5  Spi_tests.o [1]
  .near_func.text     ro code  0x009168     0x5  Spi_tests.o [1]
  .near_func.text     ro code  0x00916d     0x5  stm8l10x_it.o [1]
  .near_func.text     ro code  0x009172     0x5  stm8l10x_it.o [1]
  .near.rodata        const    0x009177     0x4  Spi.o [1]
  .near.rodata        const    0x00917b     0x4  Spi.o [1]
  .near_func.text     ro code  0x00917f     0x4  Spi_tests.o [1]
  SHT$$PREINIT_ARRAY           0x009183     0x0  <Block>
  SHT$$INIT_ARRAY              0x009183     0x4  <Block>
    .difunct          const    0x009183     0x2  CmdSvr.o [1]
    .difunct          const    0x009185     0x2  Spi_tests.o [1]
  .near_func.text     ro code  0x009187     0x3  interrupt.o [4]
  .near_func.text     ro code  0x00918a     0x3  low_level_init.o [4]
  .near_func.text     ro code  0x00918d     0x3  exit.o [4]
  .near_func.text     ro code  0x009190     0x3  unhandled_exception.o [4]
  .near_func.text     ro code  0x009193     0x2  main.o [1]
  .near_func.text     ro code  0x009195     0x2  Spi.o [1]
  .near_func.text     ro code  0x009197     0x1  i2c.o [1]
  .near_func.text     ro code  0x009198     0x1  Spi_tests.o [1]
  .near_func.text     ro code  0x009199     0x1  stm8l10x_it.o [1]
  .near_func.text     ro code  0x00919a     0x1  stm8l10x_it.o [1]
  .near_func.text     ro code  0x00919b     0x1  stm8l10x_it.o [1]
  .near_func.text     ro code  0x00919c     0x1  stm8l10x_it.o [1]
  .near_func.text     ro code  0x00919d     0x1  stm8l10x_it.o [1]
  .near_func.text     ro code  0x00919e     0x1  stm8l10x_it.o [1]
  .near_func.text     ro code  0x00919f     0x1  stm8l10x_it.o [1]
  .near_func.text     ro code  0x0091a0     0x1  stm8l10x_it.o [1]
  .near_func.text     ro code  0x0091a1     0x1  stm8l10x_it.o [1]
  .near_func.text     ro code  0x0091a2     0x1  stm8l10x_it.o [1]
  .near_func.text     ro code  0x0091a3     0x1  stm8l10x_it.o [1]
  .near_func.text     ro code  0x0091a4     0x1  stm8l10x_it.o [1]
  .near_func.text     ro code  0x0091a5     0x1  stm8l10x_it.o [1]
  .near_func.text     ro code  0x0091a6     0x1  system.o [1]
  .near_func.text     ro code  0x0091a7     0x1  __dbg_break.o [3]
                             - 0x0091a8  0x1128


*******************************************************************************
*** INIT TABLE
***

          Address   Size
          -------   ----
Zero (__iar_zero_init2)
    1 destination range, total size 0xd2:
          0x0000ff  0xd2

Copy (__iar_copy_init2)
    1 source range, total size 0x29:
          0x008d1e  0x29
    1 destination range, total size 0x29:
          0x000010  0x29



*******************************************************************************
*** MODULE SUMMARY
***

    Module                 ro code  ro data  rw data
    ------                 -------  -------  -------
C:\Amit_Chaudhary\STM8\STM8L101\code\STM8L101F3_FW\STM8L101F3P6_CPP - Spi - RTF Minimal\Debug\Obj: [1]
    CmdSvr.o                    13       17       19
    RTF.o                       26               165
    Spi.o                    1 321        8       11
    Spi_tests.o                580       10       31
    i2c.o                      868                 2
    main.o                      55                 1
    stm8l10x_it.o              408                 2
    stm8l10x_spi.o             293      133
    system.o                    38       16       16
    ------------------------------------------------
    Total:                   3 602      184      247

command line: [2]
    ------------------------------------------------
    Total:

dbgstm8smd.a: [3]
    __dbg_break.o                1
    __dbg_xxexit.o              20
    ------------------------------------------------
    Total:                      21

dlstm8smn.a: [4]
    cexit.o                      8
    cppinit.o                  160        2       10
    cstartup.o                  29
    exit.o                       3
    init.o                      20
    init_small.o                70
    interrupt.o                  3      128
    long.o                      19
    long_util.o                 26
    low_level_init.o             3
    memcpy.o                    31
    move.o                      13
    unhandled_exception.o        3
    vreg_util.o                177
    vregs.o                                       16
    ------------------------------------------------
    Total:                     565      130       26

    Linker created                       18      448
----------------------------------------------------
    Grand Total:             4 188      332      721


*******************************************************************************
*** ENTRY LIST
***

Entry                    Address   Size  Type      Object
-----                    -------   ----  ----      ------
.iar.dynexit$$Base      0x000039          --   Gb  - Linker created -
.iar.dynexit$$Limit     0x0000ff          --   Gb  - Linker created -
.iar.init_table$$Base   0x008e03          --   Gb  - Linker created -
.iar.init_table$$Limit  0x008e15          --   Gb  - Linker created -
??call_ctors            0x008e5f         Code  Gb  cstartup.o [4]
?b0                     0x000000         Data  Gb  vregs.o [4]
?b1                     0x000001         Data  Gb  vregs.o [4]
?b10                    0x00000a         Data  Gb  vregs.o [4]
?b11                    0x00000b         Data  Gb  vregs.o [4]
?b12                    0x00000c         Data  Gb  vregs.o [4]
?b13                    0x00000d         Data  Gb  vregs.o [4]
?b14                    0x00000e         Data  Gb  vregs.o [4]
?b15                    0x00000f         Data  Gb  vregs.o [4]
?b2                     0x000002         Data  Gb  vregs.o [4]
?b3                     0x000003         Data  Gb  vregs.o [4]
?b4                     0x000004         Data  Gb  vregs.o [4]
?b5                     0x000005         Data  Gb  vregs.o [4]
?b6                     0x000006         Data  Gb  vregs.o [4]
?b7                     0x000007         Data  Gb  vregs.o [4]
?b8                     0x000008         Data  Gb  vregs.o [4]
?b9                     0x000009         Data  Gb  vregs.o [4]
?e0                     0x000001         Data  Gb  vregs.o [4]
?e1                     0x000005         Data  Gb  vregs.o [4]
?e2                     0x000009         Data  Gb  vregs.o [4]
?e3                     0x00000d         Data  Gb  vregs.o [4]
?epilogue_l2            0x0084f3         Code  Gb  vreg_util.o [4]
?epilogue_l2_w6         0x0084f7         Code  Gb  vreg_util.o [4]
?epilogue_w4            0x0084fe         Code  Gb  vreg_util.o [4]
?inc32_0x_0x            0x009050         Code  Gb  long.o [4]
?inc32_l0_l0            0x00904b         Code  Gb  long.o [4]
?l0                     0x000000         Data  Gb  vregs.o [4]
?l1                     0x000004         Data  Gb  vregs.o [4]
?l2                     0x000008         Data  Gb  vregs.o [4]
?l3                     0x00000c         Data  Gb  vregs.o [4]
?load32_0x_l0           0x008fbf         Code  Gb  long_util.o [4]
?load32_l0_0x           0x008fb3         Code  Gb  long_util.o [4]
?mov_w2_w1              0x008502         Code  Gb  vreg_util.o [4]
?mov_w4_w0              0x008509         Code  Gb  vreg_util.o [4]
?move1616_v_x_y_a       0x009114         Code  Gb  move.o [4]
?pop_l0                 0x0084ca         Code  Gb  vreg_util.o [4]
?pop_l1                 0x0084d5         Code  Gb  vreg_util.o [4]
?pop_l2                 0x0084e0         Code  Gb  vreg_util.o [4]
?pop_w4                 0x008481         Code  Gb  vreg_util.o [4]
?pop_w5                 0x008488         Code  Gb  vreg_util.o [4]
?pop_w6                 0x00848f         Code  Gb  vreg_util.o [4]
?push_l0                0x00849e         Code  Gb  vreg_util.o [4]
?push_l1                0x0084a3         Code  Gb  vreg_util.o [4]
?push_l2                0x0084a8         Code  Gb  vreg_util.o [4]
?push_w4                0x00845f         Code  Gb  vreg_util.o [4]
?push_w5                0x008464         Code  Gb  vreg_util.o [4]
?push_w6                0x008469         Code  Gb  vreg_util.o [4]
?w0                     0x000000         Data  Gb  vregs.o [4]
?w1                     0x000002         Data  Gb  vregs.o [4]
?w2                     0x000004         Data  Gb  vregs.o [4]
?w3                     0x000006         Data  Gb  vregs.o [4]
?w4                     0x000008         Data  Gb  vregs.o [4]
?w5                     0x00000a         Data  Gb  vregs.o [4]
?w6                     0x00000c         Data  Gb  vregs.o [4]
?w7                     0x00000e         Data  Gb  vregs.o [4]
AWU_IRQHandler()        0x00919b    0x1  Code  Gb  stm8l10x_it.o [1]
COMP_IRQHandler()       0x00919e    0x1  Code  Gb  stm8l10x_it.o [1]
CSTACK$$Base            0x000500          --   Gb  - Linker created -
CSTACK$$Limit           0x000600          --   Gb  - Linker created -
CmdSvrContext           0x0001c0    0x4  Data  Gb  CmdSvr.o [1]
CmdSvr_Buf              0x000010    0x7  Data  Gb  CmdSvr.o [1]
CmdSvr_RxBuf            0x00001b    0x4  Data  Gb  CmdSvr.o [1]
CmdSvr_TxBuf            0x000017    0x4  Data  Gb  CmdSvr.o [1]
Cs                      0x0001d0    0x1  Data  Gb  Spi_tests.o [1]
DigitalIn<(Port_t)20485, (PIN_t)128, (Mode_t)1, (IntEdge_t)4, (&Dummy_ISR)>::HwInit()
                        0x00900f   0x14  Code  Gb  Spi.o [1]
DigitalIn<(Port_t)20485, (PIN_t)128, (Mode_t)1, (IntEdge_t)4, (&Dummy_ISR)>::SetInputMode()
                        0x0090c6    0xd  Code  Gb  Spi.o [1]
DigitalIn<(Port_t)20485, (PIN_t)128, (Mode_t)1, (IntEdge_t)4, (&Dummy_ISR)>::SetInterrupt()
                        0x008fcd   0x16  Code  Gb  Spi.o [1]
DigitalIn<(Port_t)20485, (PIN_t)16, (Mode_t)1, (IntEdge_t)4, (&Dummy_ISR)>::SetInputMode()
                        0x0090d3    0xd  Code  Gb  Spi.o [1]
DigitalIn<(Port_t)20485, (PIN_t)32, (Mode_t)1, (IntEdge_t)4, (&Dummy_ISR)>::SetInputMode()
                        0x0090e0    0xd  Code  Gb  Spi.o [1]
DigitalIn<(Port_t)20485, (PIN_t)64, (Mode_t)0, (IntEdge_t)4, (&Dummy_ISR)>::SetInputMode()
                        0x0090ed    0xd  Code  Gb  Spi.o [1]
DigitalOut<(Port_t)20485, (PIN_t)128, (Mode_t)7>::SetOutputMode()
                        0x0090b9    0xd  Code  Gb  Spi.o [1]
DigitalOut<(Port_t)20485, (PIN_t)2, (Mode_t)5>::High()
                        0x00916d    0x5  Code  Gb  stm8l10x_it.o [1]
DigitalOut<(Port_t)20485, (PIN_t)2, (Mode_t)5>::HwInit()
                        0x00906b    0xd  Code  Gb  main.o [1]
DigitalOut<(Port_t)20485, (PIN_t)2, (Mode_t)5>::Low()
                        0x009172    0x5  Code  Gb  stm8l10x_it.o [1]
DigitalOut<(Port_t)20485, (PIN_t)2, (Mode_t)5>::SetOutputMode()
                        0x009078    0xd  Code  Gb  main.o [1]
DigitalOut<(Port_t)20485, (PIN_t)32, (Mode_t)7>::HwInit()
                        0x009085    0xd  Code  Gb  Spi.o [1]
DigitalOut<(Port_t)20485, (PIN_t)32, (Mode_t)7>::SetOutputMode()
                        0x00909f    0xd  Code  Gb  Spi.o [1]
DigitalOut<(Port_t)20485, (PIN_t)64, (Mode_t)7>::HwInit()
                        0x009092    0xd  Code  Gb  Spi.o [1]
DigitalOut<(Port_t)20485, (PIN_t)64, (Mode_t)7>::SetOutputMode()
                        0x0090ac    0xd  Code  Gb  Spi.o [1]
DigitalOut<(Port_t)20485, (PIN_t)8, (Mode_t)5>::High()
                        0x009163    0x5  Code  Gb  Spi_tests.o [1]
DigitalOut<(Port_t)20485, (PIN_t)8, (Mode_t)5>::HwInit()
                        0x0090fa    0xd  Code  Gb  Spi_tests.o [1]
DigitalOut<(Port_t)20485, (PIN_t)8, (Mode_t)5>::Low()
                        0x009168    0x5  Code  Gb  Spi_tests.o [1]
DigitalOut<(Port_t)20485, (PIN_t)8, (Mode_t)5>::SetOutputMode()
                        0x009107    0xd  Code  Gb  Spi_tests.o [1]
DtorRecArray            0x000039    0x6  Data  Lc  cppinit.o [4]
Dummy_ISR()             0x0091a6    0x1  Code  Gb  system.o [1]
EXTI0_IRQHandler()      0x008ea7   0x1b  Code  Gb  stm8l10x_it.o [1]
EXTI1_IRQHandler()      0x008ec2   0x1b  Code  Gb  stm8l10x_it.o [1]
EXTI2_IRQHandler()      0x008edd   0x1b  Code  Gb  stm8l10x_it.o [1]
EXTI3_IRQHandler()      0x008ef8   0x1b  Code  Gb  stm8l10x_it.o [1]
EXTI4_IRQHandler()      0x008f13   0x1b  Code  Gb  stm8l10x_it.o [1]
EXTI5_IRQHandler()      0x008f2e   0x1b  Code  Gb  stm8l10x_it.o [1]
EXTI6_IRQHandler()      0x008f49   0x1b  Code  Gb  stm8l10x_it.o [1]
EXTI7_IRQHandler()      0x008f64   0x1b  Code  Gb  stm8l10x_it.o [1]
EXTIB_IRQHandler()      0x00919c    0x1  Code  Gb  stm8l10x_it.o [1]
EXTID_IRQHandler()      0x00919d    0x1  Code  Gb  stm8l10x_it.o [1]
EXTI_ISRs               0x000027   0x10  Data  Gb  system.o [1]
FLASH_IRQHandler()      0x00919a    0x1  Code  Gb  stm8l10x_it.o [1]
HAL::Spi::CheckAndLoadTxn(HAL::Spi::Transaction_t const __near *)
                        0x008aac   0x53  Code  Gb  Spi.o [1]
HAL::Spi::ClockEnable()
                        0x009159    0x5  Code  Gb  Spi.o [1]
HAL::Spi::DisableInterrupt(unsigned char)
                        0x009121    0xc  Code  Gb  Spi.o [1]
HAL::Spi::Enable()      0x00915e    0x5  Code  Gb  Spi.o [1]
HAL::Spi::EnableInterrupt(unsigned char)
                        0x009138    0xb  Code  Gb  Spi.o [1]
HAL::Spi::GetState()    0x00917f    0x4  Code  Gb  Spi_tests.o [1]
HAL::Spi::HwInit(bool)  0x008999   0x60  Code  Gb  Spi.o [1]
HAL::Spi::Master_Rx_8bit_Isr()
                        0x008cf4   0x2a  Code  Gb  Spi.o [1]
HAL::Spi::Master_Tx_8bit_Isr()
                        0x008d97   0x26  Code  Gb  Spi.o [1]
HAL::Spi::PinsInitMaster()
                        0x008de2   0x21  Code  Gb  Spi.o [1]
HAL::Spi::PinsInitSlave()
                        0x008d47   0x28  Code  Gb  Spi.o [1]
HAL::Spi::RxPoll(unsigned char __near *, unsigned short)
                        0x0086c3   0x84  Code  Gb  Spi.o [1]
HAL::Spi::Spi()         0x009195    0x2  Code  Gb  Spi.o [1]
HAL::Spi::SrartListeningRXIntr8bit(unsigned char __near *, unsigned char)
                        0x008cc8   0x2c  Code  Gb  Spi.o [1]
HAL::Spi::SrartListeningTXIntr8bit(unsigned char __near *, unsigned char)
                        0x008b8c   0x3d  Code  Gb  Spi.o [1]
HAL::Spi::Tx(unsigned char)
                        0x0089f9   0x5b  Code  Gb  Spi.o [1]
HAL::Spi::TxPoll(unsigned char __near *, unsigned short)
                        0x00884c   0x74  Code  Gb  Spi.o [1]
HAL::Spi::TxnDoneHandler_INTR()
                        0x00892d   0x6c  Code  Gb  Spi.o [1]
HAL::Spi::XferIntr(HAL::Spi::Transaction_t const __near *)
                        0x008510   0x9b  Code  Gb  Spi.o [1]
HAL::Spi::XferPoll(HAL::Spi::Transaction_t const __near *)
                        0x008a54   0x58  Code  Gb  Spi.o [1]
HAL::Spi::m_Transaction
                        0x00019d    0xb  Data  Gb  Spi.o [1]
HAL::Spi::~Spi()        0x009198    0x1  Code  Gb  Spi_tests.o [1]
I2C_IRQHandler()        0x008ff9   0x16  Code  Gb  stm8l10x_it.o [1]
INTVEC$$Base            0x008000          --   Gb  - Linker created -
INTVEC$$Limit           0x008080          --   Gb  - Linker created -
PB1                     0x0001ce    0x1  Data  Gb  main.o [1]
Pc_Count                0x0001c4    0x4  Data  Gb  Spi_tests.o [1]
RTFState                0x0001cf    0x1  Data  Lc  RTF.o [1]
RTF_Context             0x0001a8    0x6  Data  Lc  RTF.o [1]
RTF_Init()              0x008f7f   0x1a  Code  Gb  RTF.o [1]
RTF_ReplyBuffer         0x00017f   0x1e  Data  Gb  RTF.o [1]
RTF_RequestBuffer       0x0000ff   0x80  Data  Gb  RTF.o [1]
Region$$Table$$Base     0x008e03          --   Gb  - Linker created -
Region$$Table$$Limit    0x008e15          --   Gb  - Linker created -
SHT$$INIT_ARRAY$$Base   0x009183          --   Gb  - Linker created -
SHT$$INIT_ARRAY$$Limit  0x009187          --   Gb  - Linker created -
SHT$$PREINIT_ARRAY$$Base
                        0x009183          --   Gb  - Linker created -
SHT$$PREINIT_ARRAY$$Limit
                        0x009183          --   Gb  - Linker created -
SPI_IRQHandler()        0x0085ab   0x93  Code  Gb  stm8l10x_it.o [1]
SPI_Init(SPI_FirstBit_TypeDef, SPI_BaudRatePrescaler_TypeDef, SPI_Mode_TypeDef, SPI_CPOL_TypeDef, SPI_CPHA_TypeDef, SPI_DirectionMode_TypeDef, SPI_NSS_TypeDef)
                        0x00822f  0x125  Code  Gb  stm8l10x_spi.o [1]
SPI_RxBuf               0x0001b4    0x6  Data  Gb  Spi_tests.o [1]
SPI_TxBuf               0x00001f    0x8  Data  Gb  Spi_tests.o [1]
SpiCallback(HAL::Spi::SpiStatus_t)
                        0x008c67   0x33  Code  Gb  Spi_tests.o [1]
Spi_Tests()             0x008080  0x1af  Code  Gb  Spi_tests.o [1]
TIM2_CAP_IRQHandler()   0x0091a0    0x1  Code  Gb  stm8l10x_it.o [1]
TIM2_UPD_OVF_TRG_BRK_IRQHandler()
                        0x00919f    0x1  Code  Gb  stm8l10x_it.o [1]
TIM3_CAP_IRQHandler()   0x0091a2    0x1  Code  Gb  stm8l10x_it.o [1]
TIM3_UPD_OVF_TRG_BRK_IRQHandler()
                        0x0091a1    0x1  Code  Gb  stm8l10x_it.o [1]
TIM4_UPD_OVF_IRQHandler()
                        0x0091a3    0x1  Code  Gb  stm8l10x_it.o [1]
TRAP_IRQHandler()       0x009199    0x1  Code  Gb  stm8l10x_it.o [1]
USART_RX_IRQHandler()   0x0091a5    0x1  Code  Gb  stm8l10x_it.o [1]
USART_TX_IRQHandler()   0x0091a4    0x1  Code  Gb  stm8l10x_it.o [1]
WaitOnFlag(unsigned char volatile __near *, unsigned char, unsigned char, unsigned short)
                        0x008dbd   0x25  Code  Gb  system.o [1]
__DebugBreak            0x0091a7    0x1  Code  Gb  __dbg_break.o [3]
__call_ctors            0x008e6f   0x1d  Code  Gb  cppinit.o [4]
__call_dtors            0x008b49    0x4  Code  Gb  cppinit.o [4]
__cstart_call_dtors     0x00914d         Code  Gb  cexit.o [4]
__cxa_atexit            0x008bfe   0x35  Code  Gb  cppinit.o [4]
__cxa_finalize          0x008aff   0x4a  Code  Gb  cppinit.o [4]
__dso_handle            0x0001cc    0x2  Data  Gb  cppinit.o [4]
__exit                  0x009037   0x14  Code  Gb  __dbg_xxexit.o [3]
__iar_copy_init2        0x008d6f         Code  Gb  init_small.o [4]
__iar_cstart_call_ctors
                        0x008e5f         Code  Gb  cstartup.o [4]
__iar_data_init2        0x009023   0x14  Code  Gb  init.o [4]
__iar_program_start     0x008e52         Code  Gb  cstartup.o [4]
__iar_unhandled_exception
                        0x009190         Code  Gb  unhandled_exception.o [4]
__iar_zero_init2        0x008e34         Code  Gb  init_small.o [4]
__intvec                0x008000         Data  Gb  interrupt.o [4]
__low_level_init        0x00918a    0x3  Code  Gb  low_level_init.o [4]
__sti__routine          0x00905e    0xd  Code  Lc  CmdSvr.o [1]
__sti__routine          0x008fe3   0x16  Code  Lc  Spi_tests.o [1]
_exit                   0x00914c         Code  Gb  cexit.o [4]
_interrupt_1            0x009199         Code  Gb  stm8l10x_it.o [1]
_interrupt_10           0x008ea7         Code  Gb  stm8l10x_it.o [1]
_interrupt_11           0x008ec2         Code  Gb  stm8l10x_it.o [1]
_interrupt_12           0x008edd         Code  Gb  stm8l10x_it.o [1]
_interrupt_13           0x008ef8         Code  Gb  stm8l10x_it.o [1]
_interrupt_14           0x008f13         Code  Gb  stm8l10x_it.o [1]
_interrupt_15           0x008f2e         Code  Gb  stm8l10x_it.o [1]
_interrupt_16           0x008f49         Code  Gb  stm8l10x_it.o [1]
_interrupt_17           0x008f64         Code  Gb  stm8l10x_it.o [1]
_interrupt_20           0x00919e         Code  Gb  stm8l10x_it.o [1]
_interrupt_21           0x00919f         Code  Gb  stm8l10x_it.o [1]
_interrupt_22           0x0091a0         Code  Gb  stm8l10x_it.o [1]
_interrupt_23           0x0091a1         Code  Gb  stm8l10x_it.o [1]
_interrupt_24           0x0091a2         Code  Gb  stm8l10x_it.o [1]
_interrupt_27           0x0091a3         Code  Gb  stm8l10x_it.o [1]
_interrupt_28           0x0085ab         Code  Gb  stm8l10x_it.o [1]
_interrupt_29           0x0091a4         Code  Gb  stm8l10x_it.o [1]
_interrupt_3            0x00919a         Code  Gb  stm8l10x_it.o [1]
_interrupt_30           0x0091a5         Code  Gb  stm8l10x_it.o [1]
_interrupt_31           0x008ff9         Code  Gb  stm8l10x_it.o [1]
_interrupt_6            0x00919b         Code  Gb  stm8l10x_it.o [1]
_interrupt_8            0x00919c         Code  Gb  stm8l10x_it.o [1]
_interrupt_9            0x00919d         Code  Gb  stm8l10x_it.o [1]
assert_failed(unsigned char __near *, unsigned long)
                        0x009193    0x2  Code  Gb  main.o [1]
delay(unsigned int)     0x009143    0x9  Code  Lc  Spi_tests.o [1]
delay_ms(unsigned int)  0x008f99   0x1a  Code  Lc  Spi_tests.o [1]
exit                    0x00918d    0x3  Code  Gb  exit.o [4]
i2c::ADD10_Handler()    0x009197    0x1  Code  Gb  i2c.o [1]
i2c::ADDR_Handler_Slave()
                        0x008c33   0x34  Code  Gb  i2c.o [1]
i2c::AF_Handler_Slave()
                        0x008b4d   0x3f  Code  Gb  i2c.o [1]
i2c::BTF_Handler_Slave()
                        0x008354  0x10b  Code  Gb  i2c.o [1]
i2c::ClearAF()          0x009154    0x5  Code  Gb  i2c.o [1]
i2c::ClearSTOPF()       0x00912d    0xb  Code  Gb  i2c.o [1]
i2c::I2C_ISR_Slave()    0x0087ca   0x82  Code  Gb  i2c.o [1]
i2c::I2cLogStates(i2c::I2CLogs_t)
                        0x008bc9   0x35  Code  Gb  i2c.o [1]
i2c::RXNE_Handler_Slave()
                        0x0088c0   0x6d  Code  Gb  i2c.o [1]
i2c::STOPF_Handler_Slave()
                        0x008c9a   0x2e  Code  Gb  i2c.o [1]
i2c::TXE_Handler_Slave()
                        0x008747   0x83  Code  Gb  i2c.o [1]
i2c::m_i2c_this         0x0001c8    0x2  Data  Gb  i2c.o [1]
m_Spi_ISR               0x0001ca    0x2  Data  Gb  stm8l10x_it.o [1]
main                    0x008e8c   0x1b  Code  Gb  main.o [1]
memcpy                  0x008e15   0x1f  Code  Gb  memcpy.o [4]
next_abi_dtor_rec       0x000037    0x2  Data  Lc  cppinit.o [4]
pBuffer                 0x0001ae    0x6  Data  Gb  Spi_tests.o [1]
spi                     0x0001ba    0x6  Data  Gb  Spi_tests.o [1]


[1] = C:\Amit_Chaudhary\STM8\STM8L101\code\STM8L101F3_FW\STM8L101F3P6_CPP - Spi - RTF Minimal\Debug\Obj
[2] = command line
[3] = dbgstm8smd.a
[4] = dlstm8smn.a

  4 188 bytes of readonly  code memory
    332 bytes of readonly  data memory
    721 bytes of readwrite data memory

Errors: none
Warnings: none
