###############################################################################
#
# IAR ELF Linker V3.11.1.207 for STM8                     18/Jun/2020  17:33:05
# Copyright 2010-2019 IAR Systems AB.
#
#    Output file  =  
#        C:\Amit_Chaudhary\STM8\STM8L101\code\STM8L101F3_FW\STM8L101F3P6_CPP -
#        Spi - RTF Minimal\Debug\Exe\STM8L101F3_FW_CPP.out
#    Map file     =  
#        C:\Amit_Chaudhary\STM8\STM8L101\code\STM8L101F3_FW\STM8L101F3P6_CPP -
#        Spi - RTF Minimal\Debug\List\STM8L101F3_FW_CPP.map
#    Command line =  
#        -f C:\Users\AMITCH~1\AppData\Local\Temp\EW60D7.tmp
#        ("C:\Amit_Chaudhary\STM8\STM8L101\code\STM8L101F3_FW\STM8L101F3P6_CPP
#        - Spi - RTF Minimal\Debug\Obj\CmdSvr.o"
#        "C:\Amit_Chaudhary\STM8\STM8L101\code\STM8L101F3_FW\STM8L101F3P6_CPP -
#        Spi - RTF Minimal\Debug\Obj\gpio_tests.o"
#        "C:\Amit_Chaudhary\STM8\STM8L101\code\STM8L101F3_FW\STM8L101F3P6_CPP -
#        Spi - RTF Minimal\Debug\Obj\i2c.o"
#        "C:\Amit_Chaudhary\STM8\STM8L101\code\STM8L101F3_FW\STM8L101F3P6_CPP -
#        Spi - RTF Minimal\Debug\Obj\I2C_Commands.o"
#        "C:\Amit_Chaudhary\STM8\STM8L101\code\STM8L101F3_FW\STM8L101F3P6_CPP -
#        Spi - RTF Minimal\Debug\Obj\i2c_tests.o"
#        "C:\Amit_Chaudhary\STM8\STM8L101\code\STM8L101F3_FW\STM8L101F3P6_CPP -
#        Spi - RTF Minimal\Debug\Obj\main.o"
#        "C:\Amit_Chaudhary\STM8\STM8L101\code\STM8L101F3_FW\STM8L101F3P6_CPP -
#        Spi - RTF Minimal\Debug\Obj\RTF.o"
#        "C:\Amit_Chaudhary\STM8\STM8L101\code\STM8L101F3_FW\STM8L101F3P6_CPP -
#        Spi - RTF Minimal\Debug\Obj\Spi.o"
#        "C:\Amit_Chaudhary\STM8\STM8L101\code\STM8L101F3_FW\STM8L101F3P6_CPP -
#        Spi - RTF Minimal\Debug\Obj\Spi_tests.o"
#        "C:\Amit_Chaudhary\STM8\STM8L101\code\STM8L101F3_FW\STM8L101F3P6_CPP -
#        Spi - RTF Minimal\Debug\Obj\stm8l10x_clk.o"
#        "C:\Amit_Chaudhary\STM8\STM8L101\code\STM8L101F3_FW\STM8L101F3P6_CPP -
#        Spi - RTF Minimal\Debug\Obj\stm8l10x_i2c.o"
#        "C:\Amit_Chaudhary\STM8\STM8L101\code\STM8L101F3_FW\STM8L101F3P6_CPP -
#        Spi - RTF Minimal\Debug\Obj\stm8l10x_it.o"
#        "C:\Amit_Chaudhary\STM8\STM8L101\code\STM8L101F3_FW\STM8L101F3P6_CPP -
#        Spi - RTF Minimal\Debug\Obj\stm8l10x_spi.o"
#        "C:\Amit_Chaudhary\STM8\STM8L101\code\STM8L101F3_FW\STM8L101F3P6_CPP -
#        Spi - RTF Minimal\Debug\Obj\system.o" --redirect
#        _Printf=_PrintfFullNoMb --redirect _Scanf=_ScanfFullNoMb
#        --no_out_extension -o
#        "C:\Amit_Chaudhary\STM8\STM8L101\code\STM8L101F3_FW\STM8L101F3P6_CPP -
#        Spi - RTF Minimal\Debug\Exe\STM8L101F3_FW_CPP.out" --map
#        "C:\Amit_Chaudhary\STM8\STM8L101\code\STM8L101F3_FW\STM8L101F3P6_CPP -
#        Spi - RTF Minimal\Debug\List\STM8L101F3_FW_CPP.map" --config
#        "C:\Program Files (x86)\IAR Systems\Embedded Workbench
#        8.3\stm8\config\lnkstm8l101f3.icf" --config_def _CSTACK_SIZE=0x100
#        --config_def _HEAP_SIZE=0x100 --entry __iar_program_start --debug_lib)
#
###############################################################################

*******************************************************************************
*** RUNTIME MODEL ATTRIBUTES
***

__SystemLibrary            = DLib
__code_model               = small
__core                     = stm8
__data_model               = medium
__dlib_file_descriptor     = 0
__dlib_full_locale_support = 0
__rt_version               = 4


*******************************************************************************
*** PLACEMENT SUMMARY
***

"A0":  place at start of [0x000000-0x0000ff] { rw section .vregs };
"A1":  place at end of [0x000000-0x0005ff] { block CSTACK };
"P2":  place in [from 0x000000 to 0x0005ff] {
          block HEAP, rw section __DLIB_PERTHREAD, rw section .far.bss,
          rw section .far.data, rw section .far.noinit,
          rw section .far_func.textrw, rw section .huge.bss,
          rw section .huge.data, rw section .huge.noinit,
          rw section .huge_func.textrw, rw section .iar.dynexit,
          rw section .near.bss, rw section .near.data, rw section .near.noinit,
          rw section .near_func.textrw };
"A2":  place at start of [0x008000-0x009fff] { block INTVEC };
"P3":  place in [from 0x008000 to 0x009fff] {
          ro section __DLIB_PERTHREAD_init, ro section .far.data_init,
          ro section .far_func.textrw_init, ro section .huge.data_init,
          ro section .huge_func.textrw_init, ro section .iar.init_table,
          ro section .init_array, ro section .near.data_init,
          ro section .near.rodata, ro section .near_func.text,
          ro section .near_func.textrw_init, ro section .tiny.data_init,
          ro section .tiny.rodata_init };
"P4":  place in [from 0x008000 to 0x009fff] {
          ro section .far.rodata, ro section .far_func.text };
"P5":  place in [from 0x008000 to 0x009fff] {
          ro section .huge.rodata, ro section .huge_func.text };
do not initialize {
   rw section .far.noinit, rw section .huge.noinit, rw section .near.noinit,
   rw section .tiny.noinit, rw section .vregs };
initialize by copy {
   rw section .far.bss, rw section .far.data, rw section .far_func.textrw,
   rw section .huge.bss, rw section .huge.data, rw section .huge_func.textrw,
   rw section .iar.dynexit, rw section .near.bss, rw section .near.data,
   rw section .near_func.textrw, rw section .tiny.bss, rw section .tiny.data,
   ro section .tiny.rodata };

No sections matched the following patterns:

  ro section .far.data_init          in "P3-P5"
  ro section .far.rodata             in "P3-P5"
  ro section .far_func.text          in "P3-P5"
  ro section .far_func.textrw_init   in "P3-P5"
  ro section .huge.data_init         in "P3-P5"
  ro section .huge.rodata            in "P3-P5"
  ro section .huge_func.text         in "P3-P5"
  ro section .huge_func.textrw_init  in "P3-P5"
  ro section .iar.init_table         in "P3-P5"
  ro section .near.rodata            in "P3-P5"
  ro section .near_func.textrw_init  in "P3-P5"
  ro section .tiny.data_init         in "P3-P5"
  ro section .tiny.rodata_init       in "P3-P5"
  ro section __DLIB_PERTHREAD_init   in "P3-P5"
  rw section .far.bss                in "P2"
  rw section .far.data               in "P2"
  rw section .far.noinit             in "P2"
  rw section .far_func.textrw        in "P2"
  rw section .huge.bss               in "P2"
  rw section .huge.data              in "P2"
  rw section .huge.noinit            in "P2"
  rw section .huge_func.textrw       in "P2"
  rw section .near.noinit            in "P2"
  rw section .near_func.textrw       in "P2"
  rw section .tiny.bss               in "P1"
  rw section .tiny.data              in "P1"
  rw section .tiny.noinit            in "P1"
  rw section .tiny.rodata            in "P1"
  rw section __DLIB_PERTHREAD        in "P2"


  Section             Kind      Address   Size  Object
  -------             ----      -------   ----  ------
"A0":                                      0xc
  .vregs              uninit   0x000000    0xc  vregs.o [4]
                             - 0x00000c    0xc

"P2", part 1 of 3:                        0x21
  P2-1                         0x00000c   0x21  <Init block>
    .near.data        inited   0x00000c    0x7  CmdSvr.o [1]
    .near.data        inited   0x000013    0x4  CmdSvr.o [1]
    .near.data        inited   0x000017    0x4  CmdSvr.o [1]
    .near.data        inited   0x00001b   0x10  system.o [1]
    .near.data        inited   0x00002b    0x2  cppinit.o [4]
                             - 0x00002d   0x21

"P2", part 2 of 3:                        0xc6
  .iar.dynexit                 0x00002d   0xc6  <Block>
    .iar.dynexit      uninit   0x00002d    0x6  cppinit.o [4]
    .iar.dynexit      uninit   0x000033   0xc0  <Block tail>
                             - 0x0000f3   0xc6

"P2", part 3 of 3:                        0xbe
  .near.bss           zero     0x0000f3   0x80  RTF.o [1]
  .near.bss           zero     0x000173   0x1e  RTF.o [1]
  .near.bss           zero     0x000191    0xb  Spi.o [1]
  .near.bss           zero     0x00019c    0x7  RTF.o [1]
  .near.bss           zero     0x0001a3    0x6  Spi_tests.o [1]
  .near.bss           zero     0x0001a9    0x4  CmdSvr.o [1]
  .near.bss           zero     0x0001ad    0x2  i2c.o [1]
  .near.bss           zero     0x0001af    0x2  cppinit.o [4]
                             - 0x0001b1   0xbe

"A1":                                    0x100
  CSTACK                       0x000500  0x100  <Block>
    CSTACK            uninit   0x000500  0x100  <Block tail>
                             - 0x000600  0x100

"A2":                                     0x80
  INTVEC                       0x008000   0x80  <Block>
    .intvec           const    0x008000   0x80  interrupt.o [4]
                             - 0x008080   0x80

"P3-P5":                                 0x64e
  .near_func.text     ro code  0x008080  0x12e  i2c.o [1]
  .near_func.text     ro code  0x0081ae   0x80  stm8l10x_it.o [1]
  .near_func.text     ro code  0x00822e   0x71  vreg_util.o [4]
  .near_func.text     ro code  0x00829f   0x4e  cppinit.o [4]
  .near_func.text     ro code  0x0082ed   0x35  cppinit.o [4]
  .near_func.text     ro code  0x008322   0x29  RTF.o [1]
  .near_func.text     ro code  0x00834b   0x28  init_small.o [4]
  .near_func.text     ro code  0x008373   0x21  main.o [1]
  Initializer bytes   const    0x008394   0x21  <for P2-1>
  .iar.init_table     const    0x0083b5   0x12  - Linker created -
  .near_func.text     ro code  0x0083c7   0x20  i2c.o [1]
  .near_func.text     ro code  0x0083e7   0x1f  i2c.o [1]
  .near_func.text     ro code  0x008406   0x1e  init_small.o [4]
  .near_func.text     ro code  0x008424   0x1d  cstartup.o [4]
  .near_func.text     ro code  0x008441   0x1d  cppinit.o [4]
  .near_func.text     ro code  0x00845e   0x1a  RTF.o [1]
  .near_func.text     ro code  0x008478   0x18  stm8l10x_it.o [1]
  .near_func.text     ro code  0x008490   0x18  stm8l10x_it.o [1]
  .near_func.text     ro code  0x0084a8   0x18  stm8l10x_it.o [1]
  .near_func.text     ro code  0x0084c0   0x18  stm8l10x_it.o [1]
  .near_func.text     ro code  0x0084d8   0x18  stm8l10x_it.o [1]
  .near_func.text     ro code  0x0084f0   0x18  stm8l10x_it.o [1]
  .near_func.text     ro code  0x008508   0x18  stm8l10x_it.o [1]
  .near_func.text     ro code  0x008520   0x18  stm8l10x_it.o [1]
  .near_func.text     ro code  0x008538   0x14  Spi_tests.o [1]
  .near_func.text     ro code  0x00854c   0x14  init.o [4]
  .near_func.text     ro code  0x008560   0x14  __dbg_xxexit.o [3]
  .near_func.text     ro code  0x008574   0x13  stm8l10x_it.o [1]
  .near_func.text     ro code  0x008587   0x12  i2c.o [1]
  .near_func.text     ro code  0x008599   0x12  i2c.o [1]
  .near_func.text     ro code  0x0085ab    0xf  i2c.o [1]
  .near_func.text     ro code  0x0085ba    0xf  i2c.o [1]
  .near_func.text     ro code  0x0085c9    0xd  CmdSvr.o [1]
  .near_func.text     ro code  0x0085d6    0xd  i2c.o [1]
  .near_func.text     ro code  0x0085e3    0xd  i2c.o [1]
  .near_func.text     ro code  0x0085f0    0xc  i2c.o [1]
  .near_func.text     ro code  0x0085fc    0xb  i2c.o [1]
  .near_func.text     ro code  0x008607    0xb  i2c.o [1]
  .near_func.text     ro code  0x008612    0xa  i2c.o [1]
  .near_func.text     ro code  0x00861c    0x9  i2c.o [1]
  .near_func.text     ro code  0x008625    0x9  i2c.o [1]
  .near_func.text     ro code  0x00862e    0x9  i2c.o [1]
  .near_func.text     ro code  0x008637    0x8  i2c.o [1]
  .near_func.text     ro code  0x00863f    0x8  i2c.o [1]
  .near_func.text     ro code  0x008647    0x8  i2c.o [1]
  .near_func.text     ro code  0x00864f    0x8  i2c.o [1]
  .near_func.text     ro code  0x008657    0x8  i2c.o [1]
  .near_func.text     ro code  0x00865f    0x8  cexit.o [4]
  .near_func.text     ro code  0x008667    0x7  i2c.o [1]
  .near_func.text     ro code  0x00866e    0x7  i2c.o [1]
  .near_func.text     ro code  0x008675    0x7  i2c.o [1]
  .near_func.text     ro code  0x00867c    0x7  stm8l10x_it.o [1]
  .near_func.text     ro code  0x008683    0x6  i2c.o [1]
  .near_func.text     ro code  0x008689    0x6  i2c.o [1]
  .near_func.text     ro code  0x00868f    0x6  i2c.o [1]
  .near_func.text     ro code  0x008695    0x6  i2c.o [1]
  .near_func.text     ro code  0x00869b    0x5  i2c.o [1]
  .near_func.text     ro code  0x0086a0    0x4  i2c.o [1]
  .near_func.text     ro code  0x0086a4    0x4  i2c.o [1]
  .near_func.text     ro code  0x0086a8    0x4  i2c.o [1]
  SHT$$PREINIT_ARRAY           0x0086ac    0x0  <Block>
  SHT$$INIT_ARRAY              0x0086ac    0x4  <Block>
    .difunct          const    0x0086ac    0x2  CmdSvr.o [1]
    .difunct          const    0x0086ae    0x2  Spi_tests.o [1]
  .near_func.text     ro code  0x0086b0    0x3  interrupt.o [4]
  .near_func.text     ro code  0x0086b3    0x3  low_level_init.o [4]
  .near_func.text     ro code  0x0086b6    0x3  exit.o [4]
  .near_func.text     ro code  0x0086b9    0x3  unhandled_exception.o [4]
  .near_func.text     ro code  0x0086bc    0x2  Spi.o [1]
  .near_func.text     ro code  0x0086be    0x1  Spi_tests.o [1]
  .near_func.text     ro code  0x0086bf    0x1  stm8l10x_it.o [1]
  .near_func.text     ro code  0x0086c0    0x1  stm8l10x_it.o [1]
  .near_func.text     ro code  0x0086c1    0x1  stm8l10x_it.o [1]
  .near_func.text     ro code  0x0086c2    0x1  stm8l10x_it.o [1]
  .near_func.text     ro code  0x0086c3    0x1  stm8l10x_it.o [1]
  .near_func.text     ro code  0x0086c4    0x1  stm8l10x_it.o [1]
  .near_func.text     ro code  0x0086c5    0x1  stm8l10x_it.o [1]
  .near_func.text     ro code  0x0086c6    0x1  stm8l10x_it.o [1]
  .near_func.text     ro code  0x0086c7    0x1  stm8l10x_it.o [1]
  .near_func.text     ro code  0x0086c8    0x1  stm8l10x_it.o [1]
  .near_func.text     ro code  0x0086c9    0x1  stm8l10x_it.o [1]
  .near_func.text     ro code  0x0086ca    0x1  stm8l10x_it.o [1]
  .near_func.text     ro code  0x0086cb    0x1  stm8l10x_it.o [1]
  .near_func.text     ro code  0x0086cc    0x1  system.o [1]
  .near_func.text     ro code  0x0086cd    0x1  __dbg_break.o [3]
                             - 0x0086ce  0x64e


*******************************************************************************
*** INIT TABLE
***

          Address   Size
          -------   ----
Zero (__iar_zero_init2)
    1 destination range, total size 0xbe:
          0x0000f3  0xbe

Copy (__iar_copy_init2)
    1 source range, total size 0x21:
          0x008394  0x21
    1 destination range, total size 0x21:
          0x00000c  0x21



*******************************************************************************
*** MODULE SUMMARY
***

    Module                 ro code  ro data  rw data
    ------                 -------  -------  -------
C:\Amit_Chaudhary\STM8\STM8L101\code\STM8L101F3_FW\STM8L101F3P6_CPP - Spi - RTF Minimal\Debug\Obj: [1]
    CmdSvr.o                    13       17       19
    RTF.o                       67               165
    Spi.o                        2                11
    Spi_tests.o                 21        2        6
    i2c.o                      630                 2
    main.o                      33
    stm8l10x_it.o              359
    system.o                     1       16       16
    ------------------------------------------------
    Total:                   1 126       35      219

command line: [2]
    ------------------------------------------------
    Total:

dbgstm8smd.a: [3]
    __dbg_break.o                1
    __dbg_xxexit.o              20
    ------------------------------------------------
    Total:                      21

dlstm8smn.a: [4]
    cexit.o                      8
    cppinit.o                  160        2       10
    cstartup.o                  29
    exit.o                       3
    init.o                      20
    init_small.o                70
    interrupt.o                  3      128
    low_level_init.o             3
    unhandled_exception.o        3
    vreg_util.o                113
    vregs.o                                       12
    ------------------------------------------------
    Total:                     412      130       22

    Linker created                       18      448
----------------------------------------------------
    Grand Total:             1 559      183      689


*******************************************************************************
*** ENTRY LIST
***

Entry                    Address   Size  Type      Object
-----                    -------   ----  ----      ------
.iar.dynexit$$Base      0x00002d          --   Gb  - Linker created -
.iar.dynexit$$Limit     0x0000f3          --   Gb  - Linker created -
.iar.init_table$$Base   0x0083b5          --   Gb  - Linker created -
.iar.init_table$$Limit  0x0083c7          --   Gb  - Linker created -
??call_ctors            0x008431         Code  Gb  cstartup.o [4]
?b0                     0x000000         Data  Gb  vregs.o [4]
?b1                     0x000001         Data  Gb  vregs.o [4]
?b10                    0x00000a         Data  Gb  vregs.o [4]
?b11                    0x00000b         Data  Gb  vregs.o [4]
?b2                     0x000002         Data  Gb  vregs.o [4]
?b3                     0x000003         Data  Gb  vregs.o [4]
?b4                     0x000004         Data  Gb  vregs.o [4]
?b5                     0x000005         Data  Gb  vregs.o [4]
?b6                     0x000006         Data  Gb  vregs.o [4]
?b7                     0x000007         Data  Gb  vregs.o [4]
?b8                     0x000008         Data  Gb  vregs.o [4]
?b9                     0x000009         Data  Gb  vregs.o [4]
?e0                     0x000001         Data  Gb  vregs.o [4]
?e1                     0x000005         Data  Gb  vregs.o [4]
?e2                     0x000009         Data  Gb  vregs.o [4]
?epilogue_l2            0x00829b         Code  Gb  vreg_util.o [4]
?l0                     0x000000         Data  Gb  vregs.o [4]
?l1                     0x000004         Data  Gb  vregs.o [4]
?l2                     0x000008         Data  Gb  vregs.o [4]
?pop_l0                 0x008272         Code  Gb  vreg_util.o [4]
?pop_l1                 0x00827d         Code  Gb  vreg_util.o [4]
?pop_l2                 0x008288         Code  Gb  vreg_util.o [4]
?push_l0                0x008246         Code  Gb  vreg_util.o [4]
?push_l1                0x00824b         Code  Gb  vreg_util.o [4]
?push_l2                0x008250         Code  Gb  vreg_util.o [4]
?push_w4                0x00822e         Code  Gb  vreg_util.o [4]
?w0                     0x000000         Data  Gb  vregs.o [4]
?w1                     0x000002         Data  Gb  vregs.o [4]
?w2                     0x000004         Data  Gb  vregs.o [4]
?w3                     0x000006         Data  Gb  vregs.o [4]
?w4                     0x000008         Data  Gb  vregs.o [4]
?w5                     0x00000a         Data  Gb  vregs.o [4]
AWU_IRQHandler()        0x0086c1    0x1  Code  Gb  stm8l10x_it.o [1]
COMP_IRQHandler()       0x0086c4    0x1  Code  Gb  stm8l10x_it.o [1]
CSTACK$$Base            0x000500          --   Gb  - Linker created -
CSTACK$$Limit           0x000600          --   Gb  - Linker created -
CmdSvrContext           0x0001a9    0x4  Data  Gb  CmdSvr.o [1]
CmdSvr_Buf              0x00000c    0x7  Data  Gb  CmdSvr.o [1]
CmdSvr_RxBuf            0x000017    0x4  Data  Gb  CmdSvr.o [1]
CmdSvr_TxBuf            0x000013    0x4  Data  Gb  CmdSvr.o [1]
DtorRecArray            0x00002d    0x6  Data  Lc  cppinit.o [4]
Dummy_ISR()             0x0086cc    0x1  Code  Gb  system.o [1]
EXTI0_IRQHandler()      0x008478   0x18  Code  Gb  stm8l10x_it.o [1]
EXTI1_IRQHandler()      0x008490   0x18  Code  Gb  stm8l10x_it.o [1]
EXTI2_IRQHandler()      0x0084a8   0x18  Code  Gb  stm8l10x_it.o [1]
EXTI3_IRQHandler()      0x0084c0   0x18  Code  Gb  stm8l10x_it.o [1]
EXTI4_IRQHandler()      0x0084d8   0x18  Code  Gb  stm8l10x_it.o [1]
EXTI5_IRQHandler()      0x0084f0   0x18  Code  Gb  stm8l10x_it.o [1]
EXTI6_IRQHandler()      0x008508   0x18  Code  Gb  stm8l10x_it.o [1]
EXTI7_IRQHandler()      0x008520   0x18  Code  Gb  stm8l10x_it.o [1]
EXTIB_IRQHandler()      0x0086c2    0x1  Code  Gb  stm8l10x_it.o [1]
EXTID_IRQHandler()      0x0086c3    0x1  Code  Gb  stm8l10x_it.o [1]
EXTI_ISRs               0x00001b   0x10  Data  Gb  system.o [1]
FLASH_IRQHandler()      0x0086c0    0x1  Code  Gb  stm8l10x_it.o [1]
HAL::Spi::Spi()         0x0086bc    0x2  Code  Gb  Spi.o [1]
HAL::Spi::m_Transaction
                        0x000191    0xb  Data  Gb  Spi.o [1]
HAL::Spi::~Spi()        0x0086be    0x1  Code  Gb  Spi_tests.o [1]
I2C_IRQHandler()        0x008574   0x13  Code  Gb  stm8l10x_it.o [1]
INTVEC$$Base            0x008000          --   Gb  - Linker created -
INTVEC$$Limit           0x008080          --   Gb  - Linker created -
RTF_Context             0x00019c    0x7  Data  Lc  RTF.o [1]
RTF_Init()              0x00845e   0x1a  Code  Gb  RTF.o [1]
RTF_ReplyBuffer         0x000173   0x1e  Data  Gb  RTF.o [1]
RTF_RequestBuffer       0x0000f3   0x80  Data  Gb  RTF.o [1]
RTF_Run()               0x008322   0x29  Code  Gb  RTF.o [1]
Region$$Table$$Base     0x0083b5          --   Gb  - Linker created -
Region$$Table$$Limit    0x0083c7          --   Gb  - Linker created -
SHT$$INIT_ARRAY$$Base   0x0086ac          --   Gb  - Linker created -
SHT$$INIT_ARRAY$$Limit  0x0086b0          --   Gb  - Linker created -
SHT$$PREINIT_ARRAY$$Base
                        0x0086ac          --   Gb  - Linker created -
SHT$$PREINIT_ARRAY$$Limit
                        0x0086ac          --   Gb  - Linker created -
SPI_IRQHandler()        0x0081ae   0x80  Code  Gb  stm8l10x_it.o [1]
TIM2_CAP_IRQHandler()   0x0086c6    0x1  Code  Gb  stm8l10x_it.o [1]
TIM2_UPD_OVF_TRG_BRK_IRQHandler()
                        0x0086c5    0x1  Code  Gb  stm8l10x_it.o [1]
TIM3_CAP_IRQHandler()   0x0086c8    0x1  Code  Gb  stm8l10x_it.o [1]
TIM3_UPD_OVF_TRG_BRK_IRQHandler()
                        0x0086c7    0x1  Code  Gb  stm8l10x_it.o [1]
TIM4_UPD_OVF_IRQHandler()
                        0x0086c9    0x1  Code  Gb  stm8l10x_it.o [1]
TRAP_IRQHandler()       0x0086bf    0x1  Code  Gb  stm8l10x_it.o [1]
USART_RX_IRQHandler()   0x0086cb    0x1  Code  Gb  stm8l10x_it.o [1]
USART_TX_IRQHandler()   0x0086ca    0x1  Code  Gb  stm8l10x_it.o [1]
__DebugBreak            0x0086cd    0x1  Code  Gb  __dbg_break.o [3]
__call_ctors            0x008441   0x1d  Code  Gb  cppinit.o [4]
__call_dtors            0x0082e9    0x4  Code  Gb  cppinit.o [4]
__cstart_call_dtors     0x008660         Code  Gb  cexit.o [4]
__cxa_atexit            0x0082ed   0x35  Code  Gb  cppinit.o [4]
__cxa_finalize          0x00829f   0x4a  Code  Gb  cppinit.o [4]
__dso_handle            0x0001af    0x2  Data  Gb  cppinit.o [4]
__exit                  0x008560   0x14  Code  Gb  __dbg_xxexit.o [3]
__iar_copy_init2        0x00834b         Code  Gb  init_small.o [4]
__iar_cstart_call_ctors
                        0x008431         Code  Gb  cstartup.o [4]
__iar_data_init2        0x00854c   0x14  Code  Gb  init.o [4]
__iar_program_start     0x008424         Code  Gb  cstartup.o [4]
__iar_unhandled_exception
                        0x0086b9         Code  Gb  unhandled_exception.o [4]
__iar_zero_init2        0x008406         Code  Gb  init_small.o [4]
__intvec                0x008000         Data  Gb  interrupt.o [4]
__low_level_init        0x0086b3    0x3  Code  Gb  low_level_init.o [4]
__sti__routine          0x0085c9    0xd  Code  Lc  CmdSvr.o [1]
__sti__routine          0x008538   0x14  Code  Lc  Spi_tests.o [1]
_exit                   0x00865f         Code  Gb  cexit.o [4]
_interrupt_1            0x0086bf         Code  Gb  stm8l10x_it.o [1]
_interrupt_10           0x008478         Code  Gb  stm8l10x_it.o [1]
_interrupt_11           0x008490         Code  Gb  stm8l10x_it.o [1]
_interrupt_12           0x0084a8         Code  Gb  stm8l10x_it.o [1]
_interrupt_13           0x0084c0         Code  Gb  stm8l10x_it.o [1]
_interrupt_14           0x0084d8         Code  Gb  stm8l10x_it.o [1]
_interrupt_15           0x0084f0         Code  Gb  stm8l10x_it.o [1]
_interrupt_16           0x008508         Code  Gb  stm8l10x_it.o [1]
_interrupt_17           0x008520         Code  Gb  stm8l10x_it.o [1]
_interrupt_20           0x0086c4         Code  Gb  stm8l10x_it.o [1]
_interrupt_21           0x0086c5         Code  Gb  stm8l10x_it.o [1]
_interrupt_22           0x0086c6         Code  Gb  stm8l10x_it.o [1]
_interrupt_23           0x0086c7         Code  Gb  stm8l10x_it.o [1]
_interrupt_24           0x0086c8         Code  Gb  stm8l10x_it.o [1]
_interrupt_27           0x0086c9         Code  Gb  stm8l10x_it.o [1]
_interrupt_28           0x0081ae         Code  Gb  stm8l10x_it.o [1]
_interrupt_29           0x0086ca         Code  Gb  stm8l10x_it.o [1]
_interrupt_3            0x0086c0         Code  Gb  stm8l10x_it.o [1]
_interrupt_30           0x0086cb         Code  Gb  stm8l10x_it.o [1]
_interrupt_31           0x008574         Code  Gb  stm8l10x_it.o [1]
_interrupt_6            0x0086c1         Code  Gb  stm8l10x_it.o [1]
_interrupt_8            0x0086c2         Code  Gb  stm8l10x_it.o [1]
_interrupt_9            0x0086c3         Code  Gb  stm8l10x_it.o [1]
exit                    0x0086b6    0x3  Code  Gb  exit.o [4]
i2c::I2C_ISR_Slave()    0x008080  0x12e  Code  Gb  i2c.o [1]
i2c::I2cLogStates(i2c::I2CLogs_t)
                        0x0083c7   0x20  Code  Gb  i2c.o [1]
i2c::m_i2c_this         0x0001ad    0x2  Data  Gb  i2c.o [1]
main                    0x008373   0x21  Code  Gb  main.o [1]
next_abi_dtor_rec       0x00002b    0x2  Data  Lc  cppinit.o [4]
spi                     0x0001a3    0x6  Data  Gb  Spi_tests.o [1]


[1] = C:\Amit_Chaudhary\STM8\STM8L101\code\STM8L101F3_FW\STM8L101F3P6_CPP - Spi - RTF Minimal\Debug\Obj
[2] = command line
[3] = dbgstm8smd.a
[4] = dlstm8smn.a

  1 559 bytes of readonly  code memory
    183 bytes of readonly  data memory
    689 bytes of readwrite data memory

Errors: none
Warnings: none
