###############################################################################
#
# IAR ELF Linker V3.11.1.207 for STM8                     06/Jun/2020  19:43:47
# Copyright 2010-2019 IAR Systems AB.
#
#    Output file  =  
#        C:\Amit_Chaudhary\STM8\STM8L101\code\STM8L101F3_FW\STM8L101F3P6_CPP -
#        Spi - Har2 buf\Debug\Exe\STM8L101F3_FW_CPP.out
#    Map file     =  
#        C:\Amit_Chaudhary\STM8\STM8L101\code\STM8L101F3_FW\STM8L101F3P6_CPP -
#        Spi - Har2 buf\Debug\List\STM8L101F3_FW_CPP.map
#    Command line =  
#        -f C:\Users\AMITCH~1\AppData\Local\Temp\EW2FCB.tmp
#        ("C:\Amit_Chaudhary\STM8\STM8L101\code\STM8L101F3_FW\STM8L101F3P6_CPP
#        - Spi - Har2 buf\Debug\Obj\CmdSvr.o"
#        "C:\Amit_Chaudhary\STM8\STM8L101\code\STM8L101F3_FW\STM8L101F3P6_CPP -
#        Spi - Har2 buf\Debug\Obj\gpio_tests.o"
#        "C:\Amit_Chaudhary\STM8\STM8L101\code\STM8L101F3_FW\STM8L101F3P6_CPP -
#        Spi - Har2 buf\Debug\Obj\i2c.o"
#        "C:\Amit_Chaudhary\STM8\STM8L101\code\STM8L101F3_FW\STM8L101F3P6_CPP -
#        Spi - Har2 buf\Debug\Obj\I2C_Commands.o"
#        "C:\Amit_Chaudhary\STM8\STM8L101\code\STM8L101F3_FW\STM8L101F3P6_CPP -
#        Spi - Har2 buf\Debug\Obj\i2c_tests.o"
#        "C:\Amit_Chaudhary\STM8\STM8L101\code\STM8L101F3_FW\STM8L101F3P6_CPP -
#        Spi - Har2 buf\Debug\Obj\main.o"
#        "C:\Amit_Chaudhary\STM8\STM8L101\code\STM8L101F3_FW\STM8L101F3P6_CPP -
#        Spi - Har2 buf\Debug\Obj\Spi.o"
#        "C:\Amit_Chaudhary\STM8\STM8L101\code\STM8L101F3_FW\STM8L101F3P6_CPP -
#        Spi - Har2 buf\Debug\Obj\Spi_tests.o"
#        "C:\Amit_Chaudhary\STM8\STM8L101\code\STM8L101F3_FW\STM8L101F3P6_CPP -
#        Spi - Har2 buf\Debug\Obj\stm8l10x_clk.o"
#        "C:\Amit_Chaudhary\STM8\STM8L101\code\STM8L101F3_FW\STM8L101F3P6_CPP -
#        Spi - Har2 buf\Debug\Obj\stm8l10x_i2c.o"
#        "C:\Amit_Chaudhary\STM8\STM8L101\code\STM8L101F3_FW\STM8L101F3P6_CPP -
#        Spi - Har2 buf\Debug\Obj\stm8l10x_it.o"
#        "C:\Amit_Chaudhary\STM8\STM8L101\code\STM8L101F3_FW\STM8L101F3P6_CPP -
#        Spi - Har2 buf\Debug\Obj\stm8l10x_spi.o"
#        "C:\Amit_Chaudhary\STM8\STM8L101\code\STM8L101F3_FW\STM8L101F3P6_CPP -
#        Spi - Har2 buf\Debug\Obj\system.o" --redirect _Printf=_PrintfFullNoMb
#        --redirect _Scanf=_ScanfFullNoMb --no_out_extension -o
#        "C:\Amit_Chaudhary\STM8\STM8L101\code\STM8L101F3_FW\STM8L101F3P6_CPP -
#        Spi - Har2 buf\Debug\Exe\STM8L101F3_FW_CPP.out" --map
#        "C:\Amit_Chaudhary\STM8\STM8L101\code\STM8L101F3_FW\STM8L101F3P6_CPP -
#        Spi - Har2 buf\Debug\List\STM8L101F3_FW_CPP.map" --config "C:\Program
#        Files (x86)\IAR Systems\Embedded Workbench
#        8.3\stm8\config\lnkstm8l101f3.icf" --config_def _CSTACK_SIZE=0x100
#        --config_def _HEAP_SIZE=0x100 --entry __iar_program_start --debug_lib)
#
###############################################################################

*******************************************************************************
*** RUNTIME MODEL ATTRIBUTES
***

__SystemLibrary            = DLib
__code_model               = small
__core                     = stm8
__data_model               = medium
__dlib_file_descriptor     = 0
__dlib_full_locale_support = 0
__rt_version               = 4


*******************************************************************************
*** PLACEMENT SUMMARY
***

"A0":  place at start of [0x000000-0x0000ff] { rw section .vregs };
"A1":  place at end of [0x000000-0x0005ff] { block CSTACK };
"P2":  place in [from 0x000000 to 0x0005ff] {
          block HEAP, rw section __DLIB_PERTHREAD, rw section .far.bss,
          rw section .far.data, rw section .far.noinit,
          rw section .far_func.textrw, rw section .huge.bss,
          rw section .huge.data, rw section .huge.noinit,
          rw section .huge_func.textrw, rw section .iar.dynexit,
          rw section .near.bss, rw section .near.data, rw section .near.noinit,
          rw section .near_func.textrw };
"A2":  place at start of [0x008000-0x009fff] { block INTVEC };
"P3":  place in [from 0x008000 to 0x009fff] {
          ro section __DLIB_PERTHREAD_init, ro section .far.data_init,
          ro section .far_func.textrw_init, ro section .huge.data_init,
          ro section .huge_func.textrw_init, ro section .iar.init_table,
          ro section .init_array, ro section .near.data_init,
          ro section .near.rodata, ro section .near_func.text,
          ro section .near_func.textrw_init, ro section .tiny.data_init,
          ro section .tiny.rodata_init };
"P4":  place in [from 0x008000 to 0x009fff] {
          ro section .far.rodata, ro section .far_func.text };
"P5":  place in [from 0x008000 to 0x009fff] {
          ro section .huge.rodata, ro section .huge_func.text };
do not initialize {
   rw section .far.noinit, rw section .huge.noinit, rw section .near.noinit,
   rw section .tiny.noinit, rw section .vregs };
initialize by copy {
   rw section .far.bss, rw section .far.data, rw section .far_func.textrw,
   rw section .huge.bss, rw section .huge.data, rw section .huge_func.textrw,
   rw section .iar.dynexit, rw section .near.bss, rw section .near.data,
   rw section .near_func.textrw, rw section .tiny.bss, rw section .tiny.data,
   ro section .tiny.rodata };

No sections matched the following patterns:

  ro section .far.data_init          in "P3-P5"
  ro section .far.rodata             in "P3-P5"
  ro section .far_func.text          in "P3-P5"
  ro section .far_func.textrw_init   in "P3-P5"
  ro section .huge.data_init         in "P3-P5"
  ro section .huge.rodata            in "P3-P5"
  ro section .huge_func.text         in "P3-P5"
  ro section .huge_func.textrw_init  in "P3-P5"
  ro section .iar.init_table         in "P3-P5"
  ro section .near_func.textrw_init  in "P3-P5"
  ro section .tiny.data_init         in "P3-P5"
  ro section .tiny.rodata_init       in "P3-P5"
  ro section __DLIB_PERTHREAD_init   in "P3-P5"
  rw section .far.bss                in "P2"
  rw section .far.data               in "P2"
  rw section .far.noinit             in "P2"
  rw section .far_func.textrw        in "P2"
  rw section .huge.bss               in "P2"
  rw section .huge.data              in "P2"
  rw section .huge.noinit            in "P2"
  rw section .huge_func.textrw       in "P2"
  rw section .near.noinit            in "P2"
  rw section .near_func.textrw       in "P2"
  rw section .tiny.bss               in "P1"
  rw section .tiny.data              in "P1"
  rw section .tiny.noinit            in "P1"
  rw section .tiny.rodata            in "P1"
  rw section __DLIB_PERTHREAD        in "P2"


  Section             Kind      Address   Size  Object
  -------             ----      -------   ----  ------
"A0":                                     0x10
  .vregs              uninit   0x000000   0x10  vregs.o [4]
                             - 0x000010   0x10

"P2", part 1 of 3:                        0x21
  P2-1                         0x000010   0x21  <Init block>
    .near.data        inited   0x000010    0x7  CmdSvr.o [1]
    .near.data        inited   0x000017    0x4  CmdSvr.o [1]
    .near.data        inited   0x00001b    0x4  CmdSvr.o [1]
    .near.data        inited   0x00001f   0x10  system.o [1]
    .near.data        inited   0x00002f    0x2  cppinit.o [4]
                             - 0x000031   0x21

"P2", part 2 of 3:                        0xc6
  .iar.dynexit                 0x000031   0xc6  <Block>
    .iar.dynexit      uninit   0x000031    0x6  cppinit.o [4]
    .iar.dynexit      uninit   0x000037   0xc0  <Block tail>
                             - 0x0000f7   0xc6

"P2", part 3 of 3:                       0x122
  .near.bss           zero     0x0000f7  0x100  Spi_tests.o [1]
  .near.bss           zero     0x0001f7    0xe  Spi.o [1]
  .near.bss           zero     0x000205    0x6  Spi_tests.o [1]
  .near.bss           zero     0x00020b    0x4  CmdSvr.o [1]
  .near.bss           zero     0x00020f    0x4  Spi_tests.o [1]
  .near.bss           zero     0x000213    0x2  i2c.o [1]
  .near.bss           zero     0x000215    0x2  stm8l10x_it.o [1]
  .near.bss           zero     0x000217    0x2  cppinit.o [4]
                             - 0x000219  0x122

"A1":                                    0x100
  CSTACK                       0x000500  0x100  <Block>
    CSTACK            uninit   0x000500  0x100  <Block tail>
                             - 0x000600  0x100

"A2":                                     0x80
  INTVEC                       0x008000   0x80  <Block>
    .intvec           const    0x008000   0x80  interrupt.o [4]
                             - 0x008080   0x80

"P3-P5":                                 0x94b
  .near_func.text     ro code  0x008080  0x12e  i2c.o [1]
  .near_func.text     ro code  0x0081ae   0xd8  stm8l10x_spi.o [1]
  .near_func.text     ro code  0x008286   0xa2  stm8l10x_it.o [1]
  .near_func.text     ro code  0x008328   0x97  vreg_util.o [4]
  .near.rodata        const    0x0083bf   0x7e  stm8l10x_spi.o [1]
  .near_func.text     ro code  0x00843d   0x55  Spi.o [1]
  .near_func.text     ro code  0x008492   0x4e  cppinit.o [4]
  .near_func.text     ro code  0x0084e0   0x36  Spi_tests.o [1]
  .near_func.text     ro code  0x008516   0x35  cppinit.o [4]
  .near_func.text     ro code  0x00854b   0x28  init_small.o [4]
  Initializer bytes   const    0x008573   0x21  <for P2-1>
  .iar.init_table     const    0x008594   0x12  - Linker created -
  .near_func.text     ro code  0x0085a6   0x20  i2c.o [1]
  .near_func.text     ro code  0x0085c6   0x1f  i2c.o [1]
  .near_func.text     ro code  0x0085e5   0x1f  Spi.o [1]
  .near_func.text     ro code  0x008604   0x1f  Spi_tests.o [1]
  .near_func.text     ro code  0x008623   0x1e  main.o [1]
  .near_func.text     ro code  0x008641   0x1e  init_small.o [4]
  .near_func.text     ro code  0x00865f   0x1d  cstartup.o [4]
  .near_func.text     ro code  0x00867c   0x1d  cppinit.o [4]
  .near_func.text     ro code  0x008699   0x1a  long_util.o [4]
  .near_func.text     ro code  0x0086b3   0x18  stm8l10x_it.o [1]
  .near_func.text     ro code  0x0086cb   0x18  stm8l10x_it.o [1]
  .near_func.text     ro code  0x0086e3   0x18  stm8l10x_it.o [1]
  .near_func.text     ro code  0x0086fb   0x18  stm8l10x_it.o [1]
  .near_func.text     ro code  0x008713   0x18  stm8l10x_it.o [1]
  .near_func.text     ro code  0x00872b   0x18  stm8l10x_it.o [1]
  .near_func.text     ro code  0x008743   0x18  stm8l10x_it.o [1]
  .near_func.text     ro code  0x00875b   0x18  stm8l10x_it.o [1]
  .near_func.text     ro code  0x008773   0x16  Spi.o [1]
  .near_func.text     ro code  0x008789   0x14  Spi.o [1]
  .near_func.text     ro code  0x00879d   0x14  Spi_tests.o [1]
  .near_func.text     ro code  0x0087b1   0x14  init.o [4]
  .near_func.text     ro code  0x0087c5   0x14  __dbg_xxexit.o [3]
  .near_func.text     ro code  0x0087d9   0x13  stm8l10x_it.o [1]
  .near_func.text     ro code  0x0087ec   0x13  long.o [4]
  .near_func.text     ro code  0x0087ff   0x12  i2c.o [1]
  .near_func.text     ro code  0x008811   0x12  i2c.o [1]
  .near_func.text     ro code  0x008823   0x12  Spi.o [1]
  .near_func.text     ro code  0x008835    0xf  i2c.o [1]
  .near_func.text     ro code  0x008844    0xf  i2c.o [1]
  .near_func.text     ro code  0x008853    0xd  CmdSvr.o [1]
  .near_func.text     ro code  0x008860    0xd  i2c.o [1]
  .near_func.text     ro code  0x00886d    0xd  i2c.o [1]
  .near_func.text     ro code  0x00887a    0xd  Spi.o [1]
  .near_func.text     ro code  0x008887    0xd  Spi.o [1]
  .near_func.text     ro code  0x008894    0xd  Spi.o [1]
  .near_func.text     ro code  0x0088a1    0xd  Spi.o [1]
  .near_func.text     ro code  0x0088ae    0xd  Spi.o [1]
  .near_func.text     ro code  0x0088bb    0xd  Spi.o [1]
  .near_func.text     ro code  0x0088c8    0xd  Spi.o [1]
  .near_func.text     ro code  0x0088d5    0xc  i2c.o [1]
  .near_func.text     ro code  0x0088e1    0xb  i2c.o [1]
  .near_func.text     ro code  0x0088ec    0xb  i2c.o [1]
  .near_func.text     ro code  0x0088f7    0xb  Spi.o [1]
  .near_func.text     ro code  0x008902    0xb  stm8l10x_spi.o [1]
  .near_func.text     ro code  0x00890d    0xa  i2c.o [1]
  .near_func.text     ro code  0x008917    0x9  i2c.o [1]
  .near_func.text     ro code  0x008920    0x9  i2c.o [1]
  .near_func.text     ro code  0x008929    0x9  i2c.o [1]
  .near_func.text     ro code  0x008932    0x8  i2c.o [1]
  .near_func.text     ro code  0x00893a    0x8  i2c.o [1]
  .near_func.text     ro code  0x008942    0x8  i2c.o [1]
  .near_func.text     ro code  0x00894a    0x8  i2c.o [1]
  .near_func.text     ro code  0x008952    0x8  i2c.o [1]
  .near_func.text     ro code  0x00895a    0x8  cexit.o [4]
  .near_func.text     ro code  0x008962    0x7  i2c.o [1]
  .near_func.text     ro code  0x008969    0x7  i2c.o [1]
  .near_func.text     ro code  0x008970    0x7  i2c.o [1]
  .near_func.text     ro code  0x008977    0x7  stm8l10x_it.o [1]
  .near_func.text     ro code  0x00897e    0x6  i2c.o [1]
  .near_func.text     ro code  0x008984    0x6  i2c.o [1]
  .near_func.text     ro code  0x00898a    0x6  i2c.o [1]
  .near_func.text     ro code  0x008990    0x6  i2c.o [1]
  .near_func.text     ro code  0x008996    0x5  i2c.o [1]
  .near_func.text     ro code  0x00899b    0x4  i2c.o [1]
  .near_func.text     ro code  0x00899f    0x4  i2c.o [1]
  .near_func.text     ro code  0x0089a3    0x4  i2c.o [1]
  SHT$$PREINIT_ARRAY           0x0089a7    0x0  <Block>
  SHT$$INIT_ARRAY              0x0089a7    0x4  <Block>
    .difunct          const    0x0089a7    0x2  CmdSvr.o [1]
    .difunct          const    0x0089a9    0x2  Spi_tests.o [1]
  .near_func.text     ro code  0x0089ab    0x3  interrupt.o [4]
  .near_func.text     ro code  0x0089ae    0x3  low_level_init.o [4]
  .near_func.text     ro code  0x0089b1    0x3  exit.o [4]
  .near_func.text     ro code  0x0089b4    0x3  unhandled_exception.o [4]
  .near_func.text     ro code  0x0089b7    0x2  main.o [1]
  .near_func.text     ro code  0x0089b9    0x2  Spi.o [1]
  .near_func.text     ro code  0x0089bb    0x1  Spi_tests.o [1]
  .near_func.text     ro code  0x0089bc    0x1  stm8l10x_it.o [1]
  .near_func.text     ro code  0x0089bd    0x1  stm8l10x_it.o [1]
  .near_func.text     ro code  0x0089be    0x1  stm8l10x_it.o [1]
  .near_func.text     ro code  0x0089bf    0x1  stm8l10x_it.o [1]
  .near_func.text     ro code  0x0089c0    0x1  stm8l10x_it.o [1]
  .near_func.text     ro code  0x0089c1    0x1  stm8l10x_it.o [1]
  .near_func.text     ro code  0x0089c2    0x1  stm8l10x_it.o [1]
  .near_func.text     ro code  0x0089c3    0x1  stm8l10x_it.o [1]
  .near_func.text     ro code  0x0089c4    0x1  stm8l10x_it.o [1]
  .near_func.text     ro code  0x0089c5    0x1  stm8l10x_it.o [1]
  .near_func.text     ro code  0x0089c6    0x1  stm8l10x_it.o [1]
  .near_func.text     ro code  0x0089c7    0x1  stm8l10x_it.o [1]
  .near_func.text     ro code  0x0089c8    0x1  stm8l10x_it.o [1]
  .near_func.text     ro code  0x0089c9    0x1  system.o [1]
  .near_func.text     ro code  0x0089ca    0x1  __dbg_break.o [3]
                             - 0x0089cb  0x94b


*******************************************************************************
*** INIT TABLE
***

          Address   Size
          -------   ----
Zero (__iar_zero_init2)
    1 destination range, total size 0x122:
          0x0000f7  0x122

Copy (__iar_copy_init2)
    1 source range, total size 0x21:
          0x008573   0x21
    1 destination range, total size 0x21:
          0x000010   0x21



*******************************************************************************
*** MODULE SUMMARY
***

    Module                 ro code  ro data  rw data
    ------                 -------  -------  -------
C:\Amit_Chaudhary\STM8\STM8L101\code\STM8L101F3_FW\STM8L101F3P6_CPP - Spi - Har2 buf\Debug\Obj: [1]
    CmdSvr.o                    13       17       19
    Spi.o                      280                14
    Spi_tests.o                106        2      266
    i2c.o                      630                 2
    main.o                      32
    stm8l10x_it.o              393                 2
    stm8l10x_spi.o             227      126
    system.o                     1       16       16
    ------------------------------------------------
    Total:                   1 682      161      319

command line: [2]
    ------------------------------------------------
    Total:

dbgstm8smd.a: [3]
    __dbg_break.o                1
    __dbg_xxexit.o              20
    ------------------------------------------------
    Total:                      21

dlstm8smn.a: [4]
    cexit.o                      8
    cppinit.o                  160        2       10
    cstartup.o                  29
    exit.o                       3
    init.o                      20
    init_small.o                70
    interrupt.o                  3      128
    long.o                      19
    long_util.o                 26
    low_level_init.o             3
    unhandled_exception.o        3
    vreg_util.o                151
    vregs.o                                       16
    ------------------------------------------------
    Total:                     495      130       26

    Linker created                       18      448
----------------------------------------------------
    Grand Total:             2 198      309      793


*******************************************************************************
*** ENTRY LIST
***

Entry                    Address   Size  Type      Object
-----                    -------   ----  ----      ------
.iar.dynexit$$Base      0x000031          --   Gb  - Linker created -
.iar.dynexit$$Limit     0x0000f7          --   Gb  - Linker created -
.iar.init_table$$Base   0x008594          --   Gb  - Linker created -
.iar.init_table$$Limit  0x0085a6          --   Gb  - Linker created -
??call_ctors            0x00866c         Code  Gb  cstartup.o [4]
?b0                     0x000000         Data  Gb  vregs.o [4]
?b1                     0x000001         Data  Gb  vregs.o [4]
?b10                    0x00000a         Data  Gb  vregs.o [4]
?b11                    0x00000b         Data  Gb  vregs.o [4]
?b12                    0x00000c         Data  Gb  vregs.o [4]
?b13                    0x00000d         Data  Gb  vregs.o [4]
?b14                    0x00000e         Data  Gb  vregs.o [4]
?b15                    0x00000f         Data  Gb  vregs.o [4]
?b2                     0x000002         Data  Gb  vregs.o [4]
?b3                     0x000003         Data  Gb  vregs.o [4]
?b4                     0x000004         Data  Gb  vregs.o [4]
?b5                     0x000005         Data  Gb  vregs.o [4]
?b6                     0x000006         Data  Gb  vregs.o [4]
?b7                     0x000007         Data  Gb  vregs.o [4]
?b8                     0x000008         Data  Gb  vregs.o [4]
?b9                     0x000009         Data  Gb  vregs.o [4]
?e0                     0x000001         Data  Gb  vregs.o [4]
?e1                     0x000005         Data  Gb  vregs.o [4]
?e2                     0x000009         Data  Gb  vregs.o [4]
?e3                     0x00000d         Data  Gb  vregs.o [4]
?epilogue_l2            0x0083b0         Code  Gb  vreg_util.o [4]
?epilogue_l2_w6         0x0083b4         Code  Gb  vreg_util.o [4]
?epilogue_w4            0x0083bb         Code  Gb  vreg_util.o [4]
?inc32_0x_0x            0x0087f1         Code  Gb  long.o [4]
?inc32_l0_l0            0x0087ec         Code  Gb  long.o [4]
?l0                     0x000000         Data  Gb  vregs.o [4]
?l1                     0x000004         Data  Gb  vregs.o [4]
?l2                     0x000008         Data  Gb  vregs.o [4]
?l3                     0x00000c         Data  Gb  vregs.o [4]
?load32_0x_l0           0x0086a5         Code  Gb  long_util.o [4]
?load32_l0_0x           0x008699         Code  Gb  long_util.o [4]
?pop_l0                 0x008387         Code  Gb  vreg_util.o [4]
?pop_l1                 0x008392         Code  Gb  vreg_util.o [4]
?pop_l2                 0x00839d         Code  Gb  vreg_util.o [4]
?pop_w4                 0x008345         Code  Gb  vreg_util.o [4]
?pop_w6                 0x00834c         Code  Gb  vreg_util.o [4]
?push_l0                0x00835b         Code  Gb  vreg_util.o [4]
?push_l1                0x008360         Code  Gb  vreg_util.o [4]
?push_l2                0x008365         Code  Gb  vreg_util.o [4]
?push_w4                0x008328         Code  Gb  vreg_util.o [4]
?push_w6                0x00832d         Code  Gb  vreg_util.o [4]
?w0                     0x000000         Data  Gb  vregs.o [4]
?w1                     0x000002         Data  Gb  vregs.o [4]
?w2                     0x000004         Data  Gb  vregs.o [4]
?w3                     0x000006         Data  Gb  vregs.o [4]
?w4                     0x000008         Data  Gb  vregs.o [4]
?w5                     0x00000a         Data  Gb  vregs.o [4]
?w6                     0x00000c         Data  Gb  vregs.o [4]
?w7                     0x00000e         Data  Gb  vregs.o [4]
AWU_IRQHandler()        0x0089be    0x1  Code  Gb  stm8l10x_it.o [1]
COMP_IRQHandler()       0x0089c1    0x1  Code  Gb  stm8l10x_it.o [1]
CSTACK$$Base            0x000500          --   Gb  - Linker created -
CSTACK$$Limit           0x000600          --   Gb  - Linker created -
CmdSvrContext           0x00020b    0x4  Data  Gb  CmdSvr.o [1]
CmdSvr_Buf              0x000010    0x7  Data  Gb  CmdSvr.o [1]
CmdSvr_RxBuf            0x00001b    0x4  Data  Gb  CmdSvr.o [1]
CmdSvr_TxBuf            0x000017    0x4  Data  Gb  CmdSvr.o [1]
DigitalIn<(Port_t)20485, (PIN_t)128, (Mode_t)1, (IntEdge_t)4, (&Dummy_ISR)>::HwInit()
                        0x008823   0x12  Code  Gb  Spi.o [1]
DigitalIn<(Port_t)20485, (PIN_t)128, (Mode_t)1, (IntEdge_t)4, (&Dummy_ISR)>::SetInputMode()
                        0x0088a1    0xd  Code  Gb  Spi.o [1]
DigitalIn<(Port_t)20485, (PIN_t)128, (Mode_t)1, (IntEdge_t)4, (&Dummy_ISR)>::SetInterrupt()
                        0x008789   0x14  Code  Gb  Spi.o [1]
DigitalIn<(Port_t)20485, (PIN_t)16, (Mode_t)1, (IntEdge_t)4, (&Dummy_ISR)>::SetInputMode()
                        0x0088ae    0xd  Code  Gb  Spi.o [1]
DigitalIn<(Port_t)20485, (PIN_t)32, (Mode_t)1, (IntEdge_t)4, (&Dummy_ISR)>::SetInputMode()
                        0x0088bb    0xd  Code  Gb  Spi.o [1]
DigitalIn<(Port_t)20485, (PIN_t)64, (Mode_t)0, (IntEdge_t)4, (&Dummy_ISR)>::SetInputMode()
                        0x0088c8    0xd  Code  Gb  Spi.o [1]
DigitalOut<(Port_t)20485, (PIN_t)128, (Mode_t)7>::SetOutputMode()
                        0x008894    0xd  Code  Gb  Spi.o [1]
DigitalOut<(Port_t)20485, (PIN_t)32, (Mode_t)7>::SetOutputMode()
                        0x00887a    0xd  Code  Gb  Spi.o [1]
DigitalOut<(Port_t)20485, (PIN_t)64, (Mode_t)7>::SetOutputMode()
                        0x008887    0xd  Code  Gb  Spi.o [1]
DtorRecArray            0x000031    0x6  Data  Lc  cppinit.o [4]
Dummy_ISR()             0x0089c9    0x1  Code  Gb  system.o [1]
EXTI0_IRQHandler()      0x0086b3   0x18  Code  Gb  stm8l10x_it.o [1]
EXTI1_IRQHandler()      0x0086cb   0x18  Code  Gb  stm8l10x_it.o [1]
EXTI2_IRQHandler()      0x0086e3   0x18  Code  Gb  stm8l10x_it.o [1]
EXTI3_IRQHandler()      0x0086fb   0x18  Code  Gb  stm8l10x_it.o [1]
EXTI4_IRQHandler()      0x008713   0x18  Code  Gb  stm8l10x_it.o [1]
EXTI5_IRQHandler()      0x00872b   0x18  Code  Gb  stm8l10x_it.o [1]
EXTI6_IRQHandler()      0x008743   0x18  Code  Gb  stm8l10x_it.o [1]
EXTI7_IRQHandler()      0x00875b   0x18  Code  Gb  stm8l10x_it.o [1]
EXTIB_IRQHandler()      0x0089bf    0x1  Code  Gb  stm8l10x_it.o [1]
EXTID_IRQHandler()      0x0089c0    0x1  Code  Gb  stm8l10x_it.o [1]
EXTI_ISRs               0x00001f   0x10  Data  Gb  system.o [1]
FLASH_IRQHandler()      0x0089bd    0x1  Code  Gb  stm8l10x_it.o [1]
HAL::Spi::HwInit(bool)  0x00843d   0x55  Code  Gb  Spi.o [1]
HAL::Spi::PinsInitSlave()
                        0x0085e5   0x1f  Code  Gb  Spi.o [1]
HAL::Spi::Spi()         0x0089b9    0x2  Code  Gb  Spi.o [1]
HAL::Spi::SrartListeningRXIntr8bit(unsigned char __near *, unsigned short)
                        0x008773   0x16  Code  Gb  Spi.o [1]
HAL::Spi::m_Transaction
                        0x0001f7    0xe  Data  Gb  Spi.o [1]
HAL::Spi::~Spi()        0x0089bb    0x1  Code  Gb  Spi_tests.o [1]
I2C_IRQHandler()        0x0087d9   0x13  Code  Gb  stm8l10x_it.o [1]
INTVEC$$Base            0x008000          --   Gb  - Linker created -
INTVEC$$Limit           0x008080          --   Gb  - Linker created -
Region$$Table$$Base     0x008594          --   Gb  - Linker created -
Region$$Table$$Limit    0x0085a6          --   Gb  - Linker created -
SHT$$INIT_ARRAY$$Base   0x0089a7          --   Gb  - Linker created -
SHT$$INIT_ARRAY$$Limit  0x0089ab          --   Gb  - Linker created -
SHT$$PREINIT_ARRAY$$Base
                        0x0089a7          --   Gb  - Linker created -
SHT$$PREINIT_ARRAY$$Limit
                        0x0089a7          --   Gb  - Linker created -
SPI_IRQHandler()        0x008286   0xa2  Code  Gb  stm8l10x_it.o [1]
SPI_Init(SPI_FirstBit_TypeDef, SPI_BaudRatePrescaler_TypeDef, SPI_Mode_TypeDef, SPI_CPOL_TypeDef, SPI_CPHA_TypeDef, SPI_DirectionMode_TypeDef, SPI_NSS_TypeDef)
                        0x0081ae   0xd8  Code  Gb  stm8l10x_spi.o [1]
SPI_RxBuf               0x0000f7  0x100  Data  Gb  Spi_tests.o [1]
SpiCallback(HAL::Spi::SpiStatus_t)
                        0x008604   0x1f  Code  Gb  Spi_tests.o [1]
SpiCallback(HAL::Spi::SpiStatus_t)::SpiTxnCount
                        0x00020f    0x4  Data  Lc  Spi_tests.o [1]
Spi_Master_Tests()      0x0084e0   0x36  Code  Gb  Spi_tests.o [1]
TIM2_CAP_IRQHandler()   0x0089c3    0x1  Code  Gb  stm8l10x_it.o [1]
TIM2_UPD_OVF_TRG_BRK_IRQHandler()
                        0x0089c2    0x1  Code  Gb  stm8l10x_it.o [1]
TIM3_CAP_IRQHandler()   0x0089c5    0x1  Code  Gb  stm8l10x_it.o [1]
TIM3_UPD_OVF_TRG_BRK_IRQHandler()
                        0x0089c4    0x1  Code  Gb  stm8l10x_it.o [1]
TIM4_UPD_OVF_IRQHandler()
                        0x0089c6    0x1  Code  Gb  stm8l10x_it.o [1]
TRAP_IRQHandler()       0x0089bc    0x1  Code  Gb  stm8l10x_it.o [1]
USART_RX_IRQHandler()   0x0089c8    0x1  Code  Gb  stm8l10x_it.o [1]
USART_TX_IRQHandler()   0x0089c7    0x1  Code  Gb  stm8l10x_it.o [1]
__DebugBreak            0x0089ca    0x1  Code  Gb  __dbg_break.o [3]
__call_ctors            0x00867c   0x1d  Code  Gb  cppinit.o [4]
__call_dtors            0x0084dc    0x4  Code  Gb  cppinit.o [4]
__cstart_call_dtors     0x00895b         Code  Gb  cexit.o [4]
__cxa_atexit            0x008516   0x35  Code  Gb  cppinit.o [4]
__cxa_finalize          0x008492   0x4a  Code  Gb  cppinit.o [4]
__dso_handle            0x000217    0x2  Data  Gb  cppinit.o [4]
__exit                  0x0087c5   0x14  Code  Gb  __dbg_xxexit.o [3]
__iar_copy_init2        0x00854b         Code  Gb  init_small.o [4]
__iar_cstart_call_ctors
                        0x00866c         Code  Gb  cstartup.o [4]
__iar_data_init2        0x0087b1   0x14  Code  Gb  init.o [4]
__iar_program_start     0x00865f         Code  Gb  cstartup.o [4]
__iar_unhandled_exception
                        0x0089b4         Code  Gb  unhandled_exception.o [4]
__iar_zero_init2        0x008641         Code  Gb  init_small.o [4]
__intvec                0x008000         Data  Gb  interrupt.o [4]
__low_level_init        0x0089ae    0x3  Code  Gb  low_level_init.o [4]
__sti__routine          0x008853    0xd  Code  Lc  CmdSvr.o [1]
__sti__routine          0x00879d   0x14  Code  Lc  Spi_tests.o [1]
_exit                   0x00895a         Code  Gb  cexit.o [4]
_interrupt_1            0x0089bc         Code  Gb  stm8l10x_it.o [1]
_interrupt_10           0x0086b3         Code  Gb  stm8l10x_it.o [1]
_interrupt_11           0x0086cb         Code  Gb  stm8l10x_it.o [1]
_interrupt_12           0x0086e3         Code  Gb  stm8l10x_it.o [1]
_interrupt_13           0x0086fb         Code  Gb  stm8l10x_it.o [1]
_interrupt_14           0x008713         Code  Gb  stm8l10x_it.o [1]
_interrupt_15           0x00872b         Code  Gb  stm8l10x_it.o [1]
_interrupt_16           0x008743         Code  Gb  stm8l10x_it.o [1]
_interrupt_17           0x00875b         Code  Gb  stm8l10x_it.o [1]
_interrupt_20           0x0089c1         Code  Gb  stm8l10x_it.o [1]
_interrupt_21           0x0089c2         Code  Gb  stm8l10x_it.o [1]
_interrupt_22           0x0089c3         Code  Gb  stm8l10x_it.o [1]
_interrupt_23           0x0089c4         Code  Gb  stm8l10x_it.o [1]
_interrupt_24           0x0089c5         Code  Gb  stm8l10x_it.o [1]
_interrupt_27           0x0089c6         Code  Gb  stm8l10x_it.o [1]
_interrupt_28           0x008286         Code  Gb  stm8l10x_it.o [1]
_interrupt_29           0x0089c7         Code  Gb  stm8l10x_it.o [1]
_interrupt_3            0x0089bd         Code  Gb  stm8l10x_it.o [1]
_interrupt_30           0x0089c8         Code  Gb  stm8l10x_it.o [1]
_interrupt_31           0x0087d9         Code  Gb  stm8l10x_it.o [1]
_interrupt_6            0x0089be         Code  Gb  stm8l10x_it.o [1]
_interrupt_8            0x0089bf         Code  Gb  stm8l10x_it.o [1]
_interrupt_9            0x0089c0         Code  Gb  stm8l10x_it.o [1]
assert_failed(unsigned char __near *, unsigned long)
                        0x0089b7    0x2  Code  Gb  main.o [1]
exit                    0x0089b1    0x3  Code  Gb  exit.o [4]
i2c::I2C_ISR_Slave()    0x008080  0x12e  Code  Gb  i2c.o [1]
i2c::I2cLogStates(i2c::I2CLogs_t)
                        0x0085a6   0x20  Code  Gb  i2c.o [1]
i2c::m_i2c_this         0x000213    0x2  Data  Gb  i2c.o [1]
m_Spi_ISR               0x000215    0x2  Data  Gb  stm8l10x_it.o [1]
main                    0x008623   0x1e  Code  Gb  main.o [1]
next_abi_dtor_rec       0x00002f    0x2  Data  Lc  cppinit.o [4]
spi                     0x000205    0x6  Data  Gb  Spi_tests.o [1]


[1] = C:\Amit_Chaudhary\STM8\STM8L101\code\STM8L101F3_FW\STM8L101F3P6_CPP - Spi - Har2 buf\Debug\Obj
[2] = command line
[3] = dbgstm8smd.a
[4] = dlstm8smn.a

  2 198 bytes of readonly  code memory
    309 bytes of readonly  data memory
    793 bytes of readwrite data memory

Errors: none
Warnings: none
