###############################################################################
#
# IAR ELF Linker V3.11.1.207 for STM8                     07/Oct/2019  11:59:28
# Copyright 2010-2019 IAR Systems AB.
#
#    Output file  =  
#        C:\Amit_Chaudhary\STM8\STM8L\Code\STM8L101F3_FW\STM8L101F3P6_CPP -
#        I2C_Buf_SW\Debug\Exe\STM8L101F3_FW_CPP.out
#    Map file     =  
#        C:\Amit_Chaudhary\STM8\STM8L\Code\STM8L101F3_FW\STM8L101F3P6_CPP -
#        I2C_Buf_SW\Debug\List\STM8L101F3_FW_CPP.map
#    Command line =  
#        -f C:\Users\amit4\AppData\Local\Temp\EW66D5.tmp
#        ("C:\Amit_Chaudhary\STM8\STM8L\Code\STM8L101F3_FW\STM8L101F3P6_CPP -
#        I2C_Buf_SW\Debug\Obj\gpio_tests.o"
#        "C:\Amit_Chaudhary\STM8\STM8L\Code\STM8L101F3_FW\STM8L101F3P6_CPP -
#        I2C_Buf_SW\Debug\Obj\i2c.o"
#        "C:\Amit_Chaudhary\STM8\STM8L\Code\STM8L101F3_FW\STM8L101F3P6_CPP -
#        I2C_Buf_SW\Debug\Obj\i2c_tests.o"
#        "C:\Amit_Chaudhary\STM8\STM8L\Code\STM8L101F3_FW\STM8L101F3P6_CPP -
#        I2C_Buf_SW\Debug\Obj\main.o"
#        "C:\Amit_Chaudhary\STM8\STM8L\Code\STM8L101F3_FW\STM8L101F3P6_CPP -
#        I2C_Buf_SW\Debug\Obj\stm8l10x_clk.o"
#        "C:\Amit_Chaudhary\STM8\STM8L\Code\STM8L101F3_FW\STM8L101F3P6_CPP -
#        I2C_Buf_SW\Debug\Obj\stm8l10x_i2c.o"
#        "C:\Amit_Chaudhary\STM8\STM8L\Code\STM8L101F3_FW\STM8L101F3P6_CPP -
#        I2C_Buf_SW\Debug\Obj\stm8l10x_it.o"
#        "C:\Amit_Chaudhary\STM8\STM8L\Code\STM8L101F3_FW\STM8L101F3P6_CPP -
#        I2C_Buf_SW\Debug\Obj\system.o" --redirect _Printf=_PrintfFullNoMb
#        --redirect _Scanf=_ScanfFullNoMb --no_out_extension -o
#        "C:\Amit_Chaudhary\STM8\STM8L\Code\STM8L101F3_FW\STM8L101F3P6_CPP -
#        I2C_Buf_SW\Debug\Exe\STM8L101F3_FW_CPP.out" --map
#        "C:\Amit_Chaudhary\STM8\STM8L\Code\STM8L101F3_FW\STM8L101F3P6_CPP -
#        I2C_Buf_SW\Debug\List\STM8L101F3_FW_CPP.map" --config "C:\Program
#        Files (x86)\IAR Systems\Embedded Workbench
#        8.0\stm8\config\lnkstm8l101f3.icf" --config_def _CSTACK_SIZE=0x100
#        --config_def _HEAP_SIZE=0x100 --entry __iar_program_start --debug_lib)
#
###############################################################################

*******************************************************************************
*** RUNTIME MODEL ATTRIBUTES
***

__SystemLibrary            = DLib
__code_model               = small
__core                     = stm8
__data_model               = medium
__dlib_file_descriptor     = 0
__dlib_full_locale_support = 0
__rt_version               = 4


*******************************************************************************
*** PLACEMENT SUMMARY
***

"A0":  place at start of [0x000000-0x0000ff] { rw section .vregs };
"A1":  place at end of [0x000000-0x0005ff] { block CSTACK };
"P2":  place in [from 0x000000 to 0x0005ff] {
          block HEAP, rw section __DLIB_PERTHREAD, rw section .far.bss,
          rw section .far.data, rw section .far.noinit,
          rw section .far_func.textrw, rw section .huge.bss,
          rw section .huge.data, rw section .huge.noinit,
          rw section .huge_func.textrw, rw section .iar.dynexit,
          rw section .near.bss, rw section .near.data, rw section .near.noinit,
          rw section .near_func.textrw };
"A2":  place at start of [0x008000-0x009fff] { block INTVEC };
"P3":  place in [from 0x008000 to 0x009fff] {
          ro section __DLIB_PERTHREAD_init, ro section .far.data_init,
          ro section .far_func.textrw_init, ro section .huge.data_init,
          ro section .huge_func.textrw_init, ro section .iar.init_table,
          ro section .init_array, ro section .near.data_init,
          ro section .near.rodata, ro section .near_func.text,
          ro section .near_func.textrw_init, ro section .tiny.data_init,
          ro section .tiny.rodata_init };
"P4":  place in [from 0x008000 to 0x009fff] {
          ro section .far.rodata, ro section .far_func.text };
"P5":  place in [from 0x008000 to 0x009fff] {
          ro section .huge.rodata, ro section .huge_func.text };
do not initialize {
   rw section .far.noinit, rw section .huge.noinit, rw section .near.noinit,
   rw section .tiny.noinit, rw section .vregs };
initialize by copy {
   rw section .far.bss, rw section .far.data, rw section .far_func.textrw,
   rw section .huge.bss, rw section .huge.data, rw section .huge_func.textrw,
   rw section .iar.dynexit, rw section .near.bss, rw section .near.data,
   rw section .near_func.textrw, rw section .tiny.bss, rw section .tiny.data,
   ro section .tiny.rodata };

No sections matched the following patterns:

  ro section .far.data_init          in "P3-P5"
  ro section .far.rodata             in "P3-P5"
  ro section .far_func.text          in "P3-P5"
  ro section .far_func.textrw_init   in "P3-P5"
  ro section .huge.data_init         in "P3-P5"
  ro section .huge.rodata            in "P3-P5"
  ro section .huge_func.text         in "P3-P5"
  ro section .huge_func.textrw_init  in "P3-P5"
  ro section .iar.init_table         in "P3-P5"
  ro section .init_array             in "P3-P5"
  ro section .near_func.textrw_init  in "P3-P5"
  ro section .tiny.data_init         in "P3-P5"
  ro section .tiny.rodata_init       in "P3-P5"
  ro section __DLIB_PERTHREAD_init   in "P3-P5"
  rw section .far.bss                in "P2"
  rw section .far.data               in "P2"
  rw section .far.noinit             in "P2"
  rw section .far_func.textrw        in "P2"
  rw section .huge.bss               in "P2"
  rw section .huge.data              in "P2"
  rw section .huge.noinit            in "P2"
  rw section .huge_func.textrw       in "P2"
  rw section .iar.dynexit            in "P2"
  rw section .near.noinit            in "P2"
  rw section .near_func.textrw       in "P2"
  rw section .tiny.bss               in "P1"
  rw section .tiny.data              in "P1"
  rw section .tiny.noinit            in "P1"
  rw section .tiny.rodata            in "P1"
  rw section __DLIB_PERTHREAD        in "P2"


  Section            Kind      Address    Size  Object
  -------            ----      -------    ----  ------
"A0":                                     0x10
  .vregs             uninit   0x000000    0x10  vregs.o [4]
                            - 0x000010    0x10

"P2", part 1 of 2:                        0x11
  P2-1                        0x000010    0x11  <Init block>
    .near.data       inited   0x000010     0x1  i2c_tests.o [1]
    .near.data       inited   0x000011    0x10  system.o [1]
                            - 0x000021    0x11

"P2", part 2 of 2:                       0x13f
  .near.bss          zero     0x000021   0x114  i2c_tests.o [1]
  .near.bss          zero     0x000135     0xc  i2c_tests.o [1]
  .near.bss          zero     0x000141     0xa  i2c_tests.o [1]
  .near.bss          zero     0x00014b     0xa  i2c_tests.o [1]
  .near.bss          zero     0x000155     0x2  i2c.o [1]
  .near.bss          zero     0x000157     0x2  i2c.o [1]
  .near.bss          zero     0x000159     0x1  i2c_tests.o [1]
  .near.bss          zero     0x00015a     0x1  i2c_tests.o [1]
  .near.bss          zero     0x00015b     0x1  i2c_tests.o [1]
  .near.bss          zero     0x00015c     0x1  i2c_tests.o [1]
  .near.bss          zero     0x00015d     0x1  i2c_tests.o [1]
  .near.bss          zero     0x00015e     0x1  i2c_tests.o [1]
  .near.bss          zero     0x00015f     0x1  i2c_tests.o [1]
                            - 0x000160   0x13f

"A1":                                    0x100
  CSTACK                      0x000500   0x100  <Block>
    CSTACK           uninit   0x000500   0x100  <Block tail>
                            - 0x000600   0x100

"A2":                                     0x80
  INTVEC                      0x008000    0x80  <Block>
    .intvec          const    0x008000    0x80  interrupt.o [4]
                            - 0x008080    0x80

"P3-P5":                                0x12cd
  .near_func.text    ro code  0x008080   0x253  i2c_tests.o [1]
  .near_func.text    ro code  0x0082d3   0x21b  i2c.o [1]
  .near_func.text    ro code  0x0084ee   0x1fe  i2c.o [1]
  .near_func.text    ro code  0x0086ec   0x15f  stm8l10x_i2c.o [1]
  .near_func.text    ro code  0x00884b   0x110  long.o [4]
  .near_func.text    ro code  0x00895b    0xf2  vreg_util.o [4]
  .near_func.text    ro code  0x008a4d    0xf0  i2c.o [1]
  .near_func.text    ro code  0x008b3d    0x7f  i2c.o [1]
  .near.rodata       const    0x008bbc    0x7b  stm8l10x_i2c.o [1]
  .near_func.text    ro code  0x008c37    0x75  i2c.o [1]
  .near_func.text    ro code  0x008cac    0x71  i2c.o [1]
  .near_func.text    ro code  0x008d1d    0x4a  i2c.o [1]
  .near_func.text    ro code  0x008d67    0x3f  short.o [4]
  .near_func.text    ro code  0x008da6    0x34  i2c.o [1]
  .near_func.text    ro code  0x008dda    0x30  memcmp.o [4]
  .near_func.text    ro code  0x008e0a    0x2a  i2c_tests.o [1]
  .near_func.text    ro code  0x008e34    0x28  i2c.o [1]
  .near_func.text    ro code  0x008e5c    0x28  init_small.o [4]
  .near_func.text    ro code  0x008e84    0x25  dc_util.o [4]
  .near_func.text    ro code  0x008ea9    0x24  i2c_tests.o [1]
  .iar.init_table    const    0x008ecd    0x12  - Linker created -
  .near_func.text    ro code  0x008edf    0x20  i2c.o [1]
  .near_func.text    ro code  0x008eff    0x1e  init_small.o [4]
  .near_func.text    ro code  0x008f1d    0x18  stm8l10x_clk.o [1]
  .near_func.text    ro code  0x008f35    0x18  stm8l10x_it.o [1]
  .near_func.text    ro code  0x008f4d    0x18  stm8l10x_it.o [1]
  .near_func.text    ro code  0x008f65    0x18  stm8l10x_it.o [1]
  .near_func.text    ro code  0x008f7d    0x18  stm8l10x_it.o [1]
  .near_func.text    ro code  0x008f95    0x18  stm8l10x_it.o [1]
  .near_func.text    ro code  0x008fad    0x18  stm8l10x_it.o [1]
  .near_func.text    ro code  0x008fc5    0x18  stm8l10x_it.o [1]
  .near_func.text    ro code  0x008fdd    0x18  stm8l10x_it.o [1]
  .near_func.text    ro code  0x008ff5    0x18  long_util.o [4]
  .near_func.text    ro code  0x00900d    0x16  stm8l10x_i2c.o [1]
  .near_func.text    ro code  0x009023    0x14  init.o [4]
  .near_func.text    ro code  0x009037    0x14  __dbg_xxexit.o [3]
  .near_func.text    ro code  0x00904b    0x13  i2c_tests.o [1]
  .near_func.text    ro code  0x00905e    0x13  stm8l10x_it.o [1]
  .near_func.text    ro code  0x009071    0x13  cstartup.o [4]
  .near_func.text    ro code  0x009084    0x11  i2c.o [1]
  .near_func.text    ro code  0x009095    0x11  main.o [1]
  Initializer bytes  const    0x0090a6    0x11  <for P2-1>
  .near_func.text    ro code  0x0090b7    0x10  i2c_tests.o [1]
  .near_func.text    ro code  0x0090c7     0xf  i2c.o [1]
  .near_func.text    ro code  0x0090d6     0xe  i2c.o [1]
  .near_func.text    ro code  0x0090e4     0xe  i2c.o [1]
  .near_func.text    ro code  0x0090f2     0xd  i2c.o [1]
  .near_func.text    ro code  0x0090ff     0xd  i2c.o [1]
  .near_func.text    ro code  0x00910c     0xd  i2c.o [1]
  .near_func.text    ro code  0x009119     0xd  i2c.o [1]
  .near_func.text    ro code  0x009126     0xd  i2c.o [1]
  .near_func.text    ro code  0x009133     0xd  i2c.o [1]
  .near_func.text    ro code  0x009140     0xd  i2c_tests.o [1]
  .near_func.text    ro code  0x00914d     0xc  i2c.o [1]
  .near_func.text    ro code  0x009159     0xc  i2c.o [1]
  .near_func.text    ro code  0x009165     0xc  i2c.o [1]
  .near_func.text    ro code  0x009171     0xc  i2c_tests.o [1]
  .near_func.text    ro code  0x00917d     0xb  i2c.o [1]
  .near_func.text    ro code  0x009188     0xb  i2c.o [1]
  .near_func.text    ro code  0x009193     0xb  i2c.o [1]
  .near_func.text    ro code  0x00919e     0xb  stm8l10x_i2c.o [1]
  .near_func.text    ro code  0x0091a9     0xa  i2c.o [1]
  .near_func.text    ro code  0x0091b3     0xa  i2c.o [1]
  .near_func.text    ro code  0x0091bd     0x9  i2c.o [1]
  .near_func.text    ro code  0x0091c6     0x9  i2c.o [1]
  .near_func.text    ro code  0x0091cf     0x9  i2c.o [1]
  .near_func.text    ro code  0x0091d8     0x9  i2c.o [1]
  .near_func.text    ro code  0x0091e1     0x9  i2c.o [1]
  .near_func.text    ro code  0x0091ea     0x9  i2c.o [1]
  .near_func.text    ro code  0x0091f3     0x9  i2c.o [1]
  .near_func.text    ro code  0x0091fc     0x9  i2c.o [1]
  .near_func.text    ro code  0x009205     0x9  i2c_tests.o [1]
  .near_func.text    ro code  0x00920e     0x9  i2c_tests.o [1]
  .near_func.text    ro code  0x009217     0x9  i2c_tests.o [1]
  .near_func.text    ro code  0x009220     0x9  i2c_tests.o [1]
  .near_func.text    ro code  0x009229     0x9  i2c_tests.o [1]
  .near_func.text    ro code  0x009232     0x9  i2c_tests.o [1]
  .near_func.text    ro code  0x00923b     0x9  i2c_tests.o [1]
  .near_func.text    ro code  0x009244     0x9  stm8l10x_i2c.o [1]
  .near_func.text    ro code  0x00924d     0x8  i2c.o [1]
  .near_func.text    ro code  0x009255     0x8  i2c.o [1]
  .near_func.text    ro code  0x00925d     0x8  i2c.o [1]
  .near_func.text    ro code  0x009265     0x8  i2c.o [1]
  .near_func.text    ro code  0x00926d     0x8  i2c.o [1]
  .near_func.text    ro code  0x009275     0x8  i2c.o [1]
  .near_func.text    ro code  0x00927d     0x8  i2c.o [1]
  .near_func.text    ro code  0x009285     0x8  i2c.o [1]
  .near_func.text    ro code  0x00928d     0x8  i2c.o [1]
  .near_func.text    ro code  0x009295     0x7  i2c.o [1]
  .near_func.text    ro code  0x00929c     0x7  i2c.o [1]
  .near_func.text    ro code  0x0092a3     0x7  i2c.o [1]
  .near_func.text    ro code  0x0092aa     0x7  i2c.o [1]
  .near_func.text    ro code  0x0092b1     0x7  i2c.o [1]
  .near_func.text    ro code  0x0092b8     0x7  stm8l10x_it.o [1]
  .near_func.text    ro code  0x0092bf     0x6  i2c.o [1]
  .near_func.text    ro code  0x0092c5     0x6  i2c.o [1]
  .near_func.text    ro code  0x0092cb     0x6  i2c.o [1]
  .near_func.text    ro code  0x0092d1     0x6  i2c.o [1]
  .near_func.text    ro code  0x0092d7     0x6  i2c.o [1]
  .near_func.text    ro code  0x0092dd     0x6  stm8l10x_i2c.o [1]
  .near_func.text    ro code  0x0092e3     0x5  i2c.o [1]
  .near_func.text    ro code  0x0092e8     0x5  i2c.o [1]
  .near_func.text    ro code  0x0092ed     0x5  i2c.o [1]
  .near_func.text    ro code  0x0092f2     0x5  i2c_tests.o [1]
  .near_func.text    ro code  0x0092f7     0x5  i2c_tests.o [1]
  .near_func.text    ro code  0x0092fc     0x5  i2c_tests.o [1]
  .near_func.text    ro code  0x009301     0x5  i2c_tests.o [1]
  .near_func.text    ro code  0x009306     0x5  cexit.o [4]
  .near.rodata       const    0x00930b     0x4  stm8l10x_clk.o [1]
  .near_func.text    ro code  0x00930f     0x4  i2c.o [1]
  .near_func.text    ro code  0x009313     0x4  i2c.o [1]
  .near_func.text    ro code  0x009317     0x4  i2c.o [1]
  .near_func.text    ro code  0x00931b     0x4  i2c.o [1]
  .near_func.text    ro code  0x00931f     0x4  i2c.o [1]
  .near_func.text    ro code  0x009323     0x4  i2c_tests.o [1]
  .near_func.text    ro code  0x009327     0x4  i2c_tests.o [1]
  .near_func.text    ro code  0x00932b     0x4  i2c_tests.o [1]
  .near_func.text    ro code  0x00932f     0x3  interrupt.o [4]
  .near_func.text    ro code  0x009332     0x3  low_level_init.o [4]
  .near_func.text    ro code  0x009335     0x3  exit.o [4]
  .near_func.text    ro code  0x009338     0x3  unhandled_exception.o [4]
  .near_func.text    ro code  0x00933b     0x2  main.o [1]
  .near_func.text    ro code  0x00933d     0x1  stm8l10x_it.o [1]
  .near_func.text    ro code  0x00933e     0x1  stm8l10x_it.o [1]
  .near_func.text    ro code  0x00933f     0x1  stm8l10x_it.o [1]
  .near_func.text    ro code  0x009340     0x1  stm8l10x_it.o [1]
  .near_func.text    ro code  0x009341     0x1  stm8l10x_it.o [1]
  .near_func.text    ro code  0x009342     0x1  stm8l10x_it.o [1]
  .near_func.text    ro code  0x009343     0x1  stm8l10x_it.o [1]
  .near_func.text    ro code  0x009344     0x1  stm8l10x_it.o [1]
  .near_func.text    ro code  0x009345     0x1  stm8l10x_it.o [1]
  .near_func.text    ro code  0x009346     0x1  stm8l10x_it.o [1]
  .near_func.text    ro code  0x009347     0x1  stm8l10x_it.o [1]
  .near_func.text    ro code  0x009348     0x1  stm8l10x_it.o [1]
  .near_func.text    ro code  0x009349     0x1  stm8l10x_it.o [1]
  .near_func.text    ro code  0x00934a     0x1  stm8l10x_it.o [1]
  .near_func.text    ro code  0x00934b     0x1  system.o [1]
  .near_func.text    ro code  0x00934c     0x1  __dbg_break.o [3]
                            - 0x00934d  0x12cd


*******************************************************************************
*** INIT TABLE
***

          Address   Size
          -------   ----
Zero (__iar_zero_init2)
    1 destination range, total size 0x13f:
          0x000021  0x13f

Copy (__iar_copy_init2)
    1 source range, total size 0x11:
          0x0090a6   0x11
    1 destination range, total size 0x11:
          0x000010   0x11



*******************************************************************************
*** MODULE SUMMARY
***

    Module                 ro code  ro data  rw data
    ------                 -------  -------  -------
C:\Amit_Chaudhary\STM8\STM8L\Code\STM8L101F3_FW\STM8L101F3P6_CPP - I2C_Buf_SW\Debug\Obj: [1]
    i2c.o                    2 315                 4
    i2c_tests.o                828        1      316
    main.o                      19
    stm8l10x_clk.o              24        4
    stm8l10x_i2c.o             399      123
    stm8l10x_it.o              232
    system.o                     1       16       16
    ------------------------------------------------
    Total:                   3 818      144      336

command line: [2]
    ------------------------------------------------
    Total:

dbgstm8smd.a: [3]
    __dbg_break.o                1
    __dbg_xxexit.o              20
    ------------------------------------------------
    Total:                      21

dlstm8smn.a: [4]
    cexit.o                      5
    cstartup.o                  19
    dc_util.o                   37
    exit.o                       3
    init.o                      20
    init_small.o                70
    interrupt.o                  3      128
    long.o                     272
    long_util.o                 24
    low_level_init.o             3
    memcmp.o                    48
    short.o                     63
    unhandled_exception.o        3
    vreg_util.o                242
    vregs.o                                       16
    ------------------------------------------------
    Total:                     812      128       16

    Linker created                       18      256
----------------------------------------------------
    Grand Total:             4 651      290      608


*******************************************************************************
*** ENTRY LIST
***

Entry                    Address   Size  Type      Object
-----                    -------   ----  ----      ------
.iar.init_table$$Base   0x008ecd          --   Gb  - Linker created -
.iar.init_table$$Limit  0x008edf          --   Gb  - Linker created -
?b0                     0x000000         Data  Gb  vregs.o [4]
?b1                     0x000001         Data  Gb  vregs.o [4]
?b10                    0x00000a         Data  Gb  vregs.o [4]
?b11                    0x00000b         Data  Gb  vregs.o [4]
?b12                    0x00000c         Data  Gb  vregs.o [4]
?b13                    0x00000d         Data  Gb  vregs.o [4]
?b14                    0x00000e         Data  Gb  vregs.o [4]
?b15                    0x00000f         Data  Gb  vregs.o [4]
?b2                     0x000002         Data  Gb  vregs.o [4]
?b3                     0x000003         Data  Gb  vregs.o [4]
?b4                     0x000004         Data  Gb  vregs.o [4]
?b5                     0x000005         Data  Gb  vregs.o [4]
?b6                     0x000006         Data  Gb  vregs.o [4]
?b7                     0x000007         Data  Gb  vregs.o [4]
?b8                     0x000008         Data  Gb  vregs.o [4]
?b9                     0x000009         Data  Gb  vregs.o [4]
?dc32_l0                0x008e84         Code  Gb  dc_util.o [4]
?dc32_l1                0x008e91         Code  Gb  dc_util.o [4]
?dc32_px                0x008e9e         Code  Gb  dc_util.o [4]
?e0                     0x000001         Data  Gb  vregs.o [4]
?e1                     0x000005         Data  Gb  vregs.o [4]
?e2                     0x000009         Data  Gb  vregs.o [4]
?e3                     0x00000d         Data  Gb  vregs.o [4]
?epilogue_l2            0x0089f6         Code  Gb  vreg_util.o [4]
?epilogue_l2_l3         0x0089f3         Code  Gb  vreg_util.o [4]
?epilogue_l2_w6         0x0089fa         Code  Gb  vreg_util.o [4]
?epilogue_w4            0x008a01         Code  Gb  vreg_util.o [4]
?l0                     0x000000         Data  Gb  vregs.o [4]
?l1                     0x000004         Data  Gb  vregs.o [4]
?l2                     0x000008         Data  Gb  vregs.o [4]
?l3                     0x00000c         Data  Gb  vregs.o [4]
?load32_l0_0x           0x008ff5         Code  Gb  long_util.o [4]
?load32_l1_0x           0x009001         Code  Gb  long_util.o [4]
?mov_e0_e2              0x008a0f         Code  Gb  vreg_util.o [4]
?mov_e0_e3              0x008a1c         Code  Gb  vreg_util.o [4]
?mov_e1_e0              0x008a29         Code  Gb  vreg_util.o [4]
?mov_e2_e0              0x008a36         Code  Gb  vreg_util.o [4]
?mov_e3_e0              0x008a43         Code  Gb  vreg_util.o [4]
?mov_l0_l2              0x008a0c         Code  Gb  vreg_util.o [4]
?mov_l0_l3              0x008a19         Code  Gb  vreg_util.o [4]
?mov_l1_l0              0x008a26         Code  Gb  vreg_util.o [4]
?mov_l2_l0              0x008a33         Code  Gb  vreg_util.o [4]
?mov_l3_l0              0x008a40         Code  Gb  vreg_util.o [4]
?mov_w1_w5              0x008a12         Code  Gb  vreg_util.o [4]
?mov_w1_w7              0x008a1f         Code  Gb  vreg_util.o [4]
?mov_w3_w1              0x008a2c         Code  Gb  vreg_util.o [4]
?mov_w4_w1              0x008a05         Code  Gb  vreg_util.o [4]
?mov_w5_w1              0x008a39         Code  Gb  vreg_util.o [4]
?mov_w7_w1              0x008a46         Code  Gb  vreg_util.o [4]
?mul16_x_x_w0           0x008d67         Code  Gb  short.o [4]
?mul32_l0_l0_0x         0x00884e         Code  Gb  long.o [4]
?mul32_l0_l0_dl         0x00884b         Code  Gb  long.o [4]
?mul32_l0_l0_l1         0x008857         Code  Gb  long.o [4]
?pop_l0                 0x0089bf         Code  Gb  vreg_util.o [4]
?pop_l1                 0x0089ca         Code  Gb  vreg_util.o [4]
?pop_l2                 0x0089d5         Code  Gb  vreg_util.o [4]
?pop_l3                 0x0089e0         Code  Gb  vreg_util.o [4]
?pop_w4                 0x008978         Code  Gb  vreg_util.o [4]
?pop_w6                 0x00897f         Code  Gb  vreg_util.o [4]
?push_l0                0x00898e         Code  Gb  vreg_util.o [4]
?push_l1                0x008993         Code  Gb  vreg_util.o [4]
?push_l2                0x008998         Code  Gb  vreg_util.o [4]
?push_l3                0x00899d         Code  Gb  vreg_util.o [4]
?push_w4                0x00895b         Code  Gb  vreg_util.o [4]
?push_w6                0x008960         Code  Gb  vreg_util.o [4]
?sdiv16_x_x_y           0x008d85         Code  Gb  short.o [4]
?sll32_0x_0x_a          0x00894d         Code  Gb  long.o [4]
?sll32_l0_l0_a          0x00894a         Code  Gb  long.o [4]
?srl16_x_x_4            0x008da1         Code  Gb  short.o [4]
?srl16_x_x_5            0x008da0         Code  Gb  short.o [4]
?srl16_x_x_6            0x008d9f         Code  Gb  short.o [4]
?srl16_x_x_7            0x008d9e         Code  Gb  short.o [4]
?udiv32_l0_dl_l1        0x0088d5         Code  Gb  long.o [4]
?udiv32_l0_l0_dl        0x0088da         Code  Gb  long.o [4]
?udiv32_l0_l0_l1        0x0088dd         Code  Gb  long.o [4]
?umod32_l1_l0_l1        0x0088dd         Code  Gb  long.o [4]
?w0                     0x000000         Data  Gb  vregs.o [4]
?w1                     0x000002         Data  Gb  vregs.o [4]
?w2                     0x000004         Data  Gb  vregs.o [4]
?w3                     0x000006         Data  Gb  vregs.o [4]
?w4                     0x000008         Data  Gb  vregs.o [4]
?w5                     0x00000a         Data  Gb  vregs.o [4]
?w6                     0x00000c         Data  Gb  vregs.o [4]
?w7                     0x00000e         Data  Gb  vregs.o [4]
AWU_IRQHandler()        0x00933f    0x1  Code  Gb  stm8l10x_it.o [1]
CLK_GetClockFreq()      0x008f1d   0x18  Code  Gb  stm8l10x_clk.o [1]
COMP_IRQHandler()       0x009342    0x1  Code  Gb  stm8l10x_it.o [1]
CSTACK$$Base            0x000500          --   Gb  - Linker created -
CSTACK$$Limit           0x000600          --   Gb  - Linker created -
DigitalOut<(Port_t)20490, (PIN_t)1, (Mode_t)6>::SetOutputMode()
                        0x0090f2    0xd  Code  Gb  i2c.o [1]
DigitalOut<(Port_t)20490, (PIN_t)2, (Mode_t)6>::SetOutputMode()
                        0x0090ff    0xd  Code  Gb  i2c.o [1]
Dummy_ISR()             0x00934b    0x1  Code  Gb  system.o [1]
EXTI0_IRQHandler()      0x008f35   0x18  Code  Gb  stm8l10x_it.o [1]
EXTI1_IRQHandler()      0x008f4d   0x18  Code  Gb  stm8l10x_it.o [1]
EXTI2_IRQHandler()      0x008f65   0x18  Code  Gb  stm8l10x_it.o [1]
EXTI3_IRQHandler()      0x008f7d   0x18  Code  Gb  stm8l10x_it.o [1]
EXTI4_IRQHandler()      0x008f95   0x18  Code  Gb  stm8l10x_it.o [1]
EXTI5_IRQHandler()      0x008fad   0x18  Code  Gb  stm8l10x_it.o [1]
EXTI6_IRQHandler()      0x008fc5   0x18  Code  Gb  stm8l10x_it.o [1]
EXTI7_IRQHandler()      0x008fdd   0x18  Code  Gb  stm8l10x_it.o [1]
EXTIB_IRQHandler()      0x009340    0x1  Code  Gb  stm8l10x_it.o [1]
EXTID_IRQHandler()      0x009341    0x1  Code  Gb  stm8l10x_it.o [1]
EXTI_ISRs               0x000011   0x10  Data  Gb  system.o [1]
Err                     0x000157    0x2  Data  Gb  i2c.o [1]
FLASH_IRQHandler()      0x00933e    0x1  Code  Gb  stm8l10x_it.o [1]
HSIDivFactor            0x00930b    0x4  Data  Lc  stm8l10x_clk.o [1]
I2CCallback()           0x009301    0x5  Code  Gb  i2c_tests.o [1]
I2CCallback()::count    0x00015d    0x1  Data  Lc  i2c_tests.o [1]
I2CDevIntr              0x000021  0x114  Data  Gb  i2c_tests.o [1]
I2C_Cmd(FunctionalState)
                        0x00900d   0x16  Code  Gb  stm8l10x_i2c.o [1]
I2C_IRQHandler()        0x00905e   0x13  Code  Gb  stm8l10x_it.o [1]
I2C_Init(unsigned long, unsigned short, I2C_DutyCycle_TypeDef, I2C_Ack_TypeDef, I2C_AcknowledgedAddress_TypeDef)
                        0x0086ec  0x15f  Code  Gb  stm8l10x_i2c.o [1]
I2c_Poll_Tests()        0x008080  0x253  Code  Gb  i2c_tests.o [1]
INTVEC$$Base            0x008000          --   Gb  - Linker created -
INTVEC$$Limit           0x008080          --   Gb  - Linker created -
Region$$Table$$Base     0x008ecd          --   Gb  - Linker created -
Region$$Table$$Limit    0x008edf          --   Gb  - Linker created -
RepeatedStart           0x00015a    0x1  Data  Gb  i2c_tests.o [1]
RxBuf                   0x00014b    0xa  Data  Gb  i2c_tests.o [1]
RxLen                   0x00015c    0x1  Data  Gb  i2c_tests.o [1]
SPI_IRQHandler()        0x009348    0x1  Code  Gb  stm8l10x_it.o [1]
SlaveAddress            0x000010    0x1  Data  Gb  i2c_tests.o [1]
Status                  0x000159    0x1  Data  Gb  i2c_tests.o [1]
TIM2_CAP_IRQHandler()   0x009344    0x1  Code  Gb  stm8l10x_it.o [1]
TIM2_UPD_OVF_TRG_BRK_IRQHandler()
                        0x009343    0x1  Code  Gb  stm8l10x_it.o [1]
TIM3_CAP_IRQHandler()   0x009346    0x1  Code  Gb  stm8l10x_it.o [1]
TIM3_UPD_OVF_TRG_BRK_IRQHandler()
                        0x009345    0x1  Code  Gb  stm8l10x_it.o [1]
TIM4_UPD_OVF_IRQHandler()
                        0x009347    0x1  Code  Gb  stm8l10x_it.o [1]
TRAP_IRQHandler()       0x00933d    0x1  Code  Gb  stm8l10x_it.o [1]
Transaction             0x000135    0xc  Data  Gb  i2c_tests.o [1]
TxBuf                   0x000141    0xa  Data  Gb  i2c_tests.o [1]
TxLen                   0x00015b    0x1  Data  Gb  i2c_tests.o [1]
USART_RX_IRQHandler()   0x00934a    0x1  Code  Gb  stm8l10x_it.o [1]
USART_TX_IRQHandler()   0x009349    0x1  Code  Gb  stm8l10x_it.o [1]
__DebugBreak            0x00934c    0x1  Code  Gb  __dbg_break.o [3]
__exit                  0x009037   0x14  Code  Gb  __dbg_xxexit.o [3]
__iar_copy_init2        0x008e5c         Code  Gb  init_small.o [4]
__iar_data_init2        0x009023   0x14  Code  Gb  init.o [4]
__iar_program_start     0x009071         Code  Gb  cstartup.o [4]
__iar_unhandled_exception
                        0x009338         Code  Gb  unhandled_exception.o [4]
__iar_zero_init2        0x008eff         Code  Gb  init_small.o [4]
__intvec                0x008000         Data  Gb  interrupt.o [4]
__low_level_init        0x009332    0x3  Code  Gb  low_level_init.o [4]
_exit                   0x009306         Code  Gb  cexit.o [4]
_interrupt_1            0x00933d         Code  Gb  stm8l10x_it.o [1]
_interrupt_10           0x008f35         Code  Gb  stm8l10x_it.o [1]
_interrupt_11           0x008f4d         Code  Gb  stm8l10x_it.o [1]
_interrupt_12           0x008f65         Code  Gb  stm8l10x_it.o [1]
_interrupt_13           0x008f7d         Code  Gb  stm8l10x_it.o [1]
_interrupt_14           0x008f95         Code  Gb  stm8l10x_it.o [1]
_interrupt_15           0x008fad         Code  Gb  stm8l10x_it.o [1]
_interrupt_16           0x008fc5         Code  Gb  stm8l10x_it.o [1]
_interrupt_17           0x008fdd         Code  Gb  stm8l10x_it.o [1]
_interrupt_20           0x009342         Code  Gb  stm8l10x_it.o [1]
_interrupt_21           0x009343         Code  Gb  stm8l10x_it.o [1]
_interrupt_22           0x009344         Code  Gb  stm8l10x_it.o [1]
_interrupt_23           0x009345         Code  Gb  stm8l10x_it.o [1]
_interrupt_24           0x009346         Code  Gb  stm8l10x_it.o [1]
_interrupt_27           0x009347         Code  Gb  stm8l10x_it.o [1]
_interrupt_28           0x009348         Code  Gb  stm8l10x_it.o [1]
_interrupt_29           0x009349         Code  Gb  stm8l10x_it.o [1]
_interrupt_3            0x00933e         Code  Gb  stm8l10x_it.o [1]
_interrupt_30           0x00934a         Code  Gb  stm8l10x_it.o [1]
_interrupt_31           0x00905e         Code  Gb  stm8l10x_it.o [1]
_interrupt_6            0x00933f         Code  Gb  stm8l10x_it.o [1]
_interrupt_8            0x009340         Code  Gb  stm8l10x_it.o [1]
_interrupt_9            0x009341         Code  Gb  stm8l10x_it.o [1]
assert_failed(unsigned char __near *, unsigned long)
                        0x00933b    0x2  Code  Gb  main.o [1]
exit                    0x009335    0x3  Code  Gb  exit.o [4]
fail                    0x00015f    0x1  Data  Lc  i2c_tests.o [1]
i2c::ADDR_Handler()     0x008cac   0x71  Code  Gb  i2c.o [1]
i2c::HwInit()           0x008da6   0x34  Code  Gb  i2c.o [1]
i2c::I2C_ISR()          0x0082d3  0x21b  Code  Gb  i2c.o [1]
i2c::I2cLogStates(i2c::I2CLogs_t)
                        0x008edf   0x20  Code  Gb  i2c.o [1]
i2c::ScanBus(unsigned char __near *, unsigned char)
                        0x008d1d   0x4a  Code  Gb  i2c.o [1]
i2c::SendSlaveAddress(unsigned char, unsigned char)
                        0x008b3d   0x7f  Code  Gb  i2c.o [1]
i2c::TxnDoneHandler(unsigned char)
                        0x008c37   0x75  Code  Gb  i2c.o [1]
i2c::WaitOnFlag(unsigned char volatile __near *, unsigned char, unsigned char, unsigned short)
                        0x008e34   0x28  Code  Gb  i2c.o [1]
i2c::XferIntr(i2c::Transaction_t __near *)
                        0x008a4d   0xf0  Code  Gb  i2c.o [1]
i2c::XferPoll(unsigned char, unsigned char __near *, unsigned char, unsigned char __near *, unsigned char, unsigned char)
                        0x0084ee  0x1fe  Code  Gb  i2c.o [1]
i2c::m_i2c_this         0x000155    0x2  Data  Gb  i2c.o [1]
main                    0x009095   0x11  Code  Gb  main.o [1]
memcmp                  0x008dda   0x30  Code  Gb  memcmp.o [4]
pass                    0x00015e    0x1  Data  Lc  i2c_tests.o [1]


[1] = C:\Amit_Chaudhary\STM8\STM8L\Code\STM8L101F3_FW\STM8L101F3P6_CPP - I2C_Buf_SW\Debug\Obj
[2] = command line
[3] = dbgstm8smd.a
[4] = dlstm8smn.a

  4 651 bytes of readonly  code memory
    290 bytes of readonly  data memory
    608 bytes of readwrite data memory

Errors: none
Warnings: none
