###############################################################################
#
# IAR ELF Linker V3.11.1.207 for STM8                     07/Oct/2019  06:15:42
# Copyright 2010-2019 IAR Systems AB.
#
#    Output file  =  
#        C:\Amit_Chaudhary\STM8\STM8L\Code\STM8L101F3_FW\STM8L101F3P6_CPP -
#        Txn_SW_AF_CmdSvr_TxBuf_container_I2C_Modular_NewCmdSvr\Debug\Exe\STM8L101F3_FW_CPP.out
#    Map file     =  
#        C:\Amit_Chaudhary\STM8\STM8L\Code\STM8L101F3_FW\STM8L101F3P6_CPP -
#        Txn_SW_AF_CmdSvr_TxBuf_container_I2C_Modular_NewCmdSvr\Debug\List\STM8L101F3_FW_CPP.map
#    Command line =  
#        -f C:\Users\amit4\AppData\Local\Temp\EWACB3.tmp
#        ("C:\Amit_Chaudhary\STM8\STM8L\Code\STM8L101F3_FW\STM8L101F3P6_CPP -
#        Txn_SW_AF_CmdSvr_TxBuf_container_I2C_Modular_NewCmdSvr\Debug\Obj\CmdSvr.o"
#        "C:\Amit_Chaudhary\STM8\STM8L\Code\STM8L101F3_FW\STM8L101F3P6_CPP -
#        Txn_SW_AF_CmdSvr_TxBuf_container_I2C_Modular_NewCmdSvr\Debug\Obj\gpio_tests.o"
#        "C:\Amit_Chaudhary\STM8\STM8L\Code\STM8L101F3_FW\STM8L101F3P6_CPP -
#        Txn_SW_AF_CmdSvr_TxBuf_container_I2C_Modular_NewCmdSvr\Debug\Obj\i2c.o"
#        "C:\Amit_Chaudhary\STM8\STM8L\Code\STM8L101F3_FW\STM8L101F3P6_CPP -
#        Txn_SW_AF_CmdSvr_TxBuf_container_I2C_Modular_NewCmdSvr\Debug\Obj\I2C_Commands.o"
#        "C:\Amit_Chaudhary\STM8\STM8L\Code\STM8L101F3_FW\STM8L101F3P6_CPP -
#        Txn_SW_AF_CmdSvr_TxBuf_container_I2C_Modular_NewCmdSvr\Debug\Obj\i2c_tests.o"
#        "C:\Amit_Chaudhary\STM8\STM8L\Code\STM8L101F3_FW\STM8L101F3P6_CPP -
#        Txn_SW_AF_CmdSvr_TxBuf_container_I2C_Modular_NewCmdSvr\Debug\Obj\main.o"
#        "C:\Amit_Chaudhary\STM8\STM8L\Code\STM8L101F3_FW\STM8L101F3P6_CPP -
#        Txn_SW_AF_CmdSvr_TxBuf_container_I2C_Modular_NewCmdSvr\Debug\Obj\stm8l10x_it.o"
#        "C:\Amit_Chaudhary\STM8\STM8L\Code\STM8L101F3_FW\STM8L101F3P6_CPP -
#        Txn_SW_AF_CmdSvr_TxBuf_container_I2C_Modular_NewCmdSvr\Debug\Obj\system.o"
#        --redirect _Printf=_PrintfFullNoMb --redirect _Scanf=_ScanfFullNoMb
#        --no_out_extension -o
#        "C:\Amit_Chaudhary\STM8\STM8L\Code\STM8L101F3_FW\STM8L101F3P6_CPP -
#        Txn_SW_AF_CmdSvr_TxBuf_container_I2C_Modular_NewCmdSvr\Debug\Exe\STM8L101F3_FW_CPP.out"
#        --map
#        "C:\Amit_Chaudhary\STM8\STM8L\Code\STM8L101F3_FW\STM8L101F3P6_CPP -
#        Txn_SW_AF_CmdSvr_TxBuf_container_I2C_Modular_NewCmdSvr\Debug\List\STM8L101F3_FW_CPP.map"
#        --config "C:\Program Files (x86)\IAR Systems\Embedded Workbench
#        8.0\stm8\config\lnkstm8l101f3.icf" --config_def _CSTACK_SIZE=0x100
#        --config_def _HEAP_SIZE=0x100 --entry __iar_program_start --debug_lib)
#
###############################################################################

*******************************************************************************
*** RUNTIME MODEL ATTRIBUTES
***

__SystemLibrary            = DLib
__code_model               = small
__core                     = stm8
__data_model               = medium
__dlib_file_descriptor     = 0
__dlib_full_locale_support = 0
__rt_version               = 4


*******************************************************************************
*** PLACEMENT SUMMARY
***

"A0":  place at start of [0x000000-0x0000ff] { rw section .vregs };
"A1":  place at end of [0x000000-0x0005ff] { block CSTACK };
"P2":  place in [from 0x000000 to 0x0005ff] {
          block HEAP, rw section __DLIB_PERTHREAD, rw section .far.bss,
          rw section .far.data, rw section .far.noinit,
          rw section .far_func.textrw, rw section .huge.bss,
          rw section .huge.data, rw section .huge.noinit,
          rw section .huge_func.textrw, rw section .iar.dynexit,
          rw section .near.bss, rw section .near.data, rw section .near.noinit,
          rw section .near_func.textrw };
"A2":  place at start of [0x008000-0x009fff] { block INTVEC };
"P3":  place in [from 0x008000 to 0x009fff] {
          ro section __DLIB_PERTHREAD_init, ro section .far.data_init,
          ro section .far_func.textrw_init, ro section .huge.data_init,
          ro section .huge_func.textrw_init, ro section .iar.init_table,
          ro section .init_array, ro section .near.data_init,
          ro section .near.rodata, ro section .near_func.text,
          ro section .near_func.textrw_init, ro section .tiny.data_init,
          ro section .tiny.rodata_init };
"P4":  place in [from 0x008000 to 0x009fff] {
          ro section .far.rodata, ro section .far_func.text };
"P5":  place in [from 0x008000 to 0x009fff] {
          ro section .huge.rodata, ro section .huge_func.text };
do not initialize {
   rw section .far.noinit, rw section .huge.noinit, rw section .near.noinit,
   rw section .tiny.noinit, rw section .vregs };
initialize by copy {
   rw section .far.bss, rw section .far.data, rw section .far_func.textrw,
   rw section .huge.bss, rw section .huge.data, rw section .huge_func.textrw,
   rw section .iar.dynexit, rw section .near.bss, rw section .near.data,
   rw section .near_func.textrw, rw section .tiny.bss, rw section .tiny.data,
   ro section .tiny.rodata };

No sections matched the following patterns:

  ro section .far.data_init          in "P3-P5"
  ro section .far.rodata             in "P3-P5"
  ro section .far_func.text          in "P3-P5"
  ro section .far_func.textrw_init   in "P3-P5"
  ro section .huge.data_init         in "P3-P5"
  ro section .huge.rodata            in "P3-P5"
  ro section .huge_func.text         in "P3-P5"
  ro section .huge_func.textrw_init  in "P3-P5"
  ro section .iar.init_table         in "P3-P5"
  ro section .init_array             in "P3-P5"
  ro section .near_func.textrw_init  in "P3-P5"
  ro section .tiny.data_init         in "P3-P5"
  ro section .tiny.rodata_init       in "P3-P5"
  ro section __DLIB_PERTHREAD_init   in "P3-P5"
  rw section .far.bss                in "P2"
  rw section .far.data               in "P2"
  rw section .far.noinit             in "P2"
  rw section .far_func.textrw        in "P2"
  rw section .huge.bss               in "P2"
  rw section .huge.data              in "P2"
  rw section .huge.noinit            in "P2"
  rw section .huge_func.textrw       in "P2"
  rw section .iar.dynexit            in "P2"
  rw section .near.noinit            in "P2"
  rw section .near_func.textrw       in "P2"
  rw section .tiny.bss               in "P1"
  rw section .tiny.data              in "P1"
  rw section .tiny.noinit            in "P1"
  rw section .tiny.rodata            in "P1"
  rw section __DLIB_PERTHREAD        in "P2"


  Section            Kind      Address   Size  Object
  -------            ----      -------   ----  ------
"A0":                                     0xc
  .vregs             uninit   0x000000    0xc  vregs.o [4]
                            - 0x00000c    0xc

"P2", part 1 of 2:                       0x28
  P2-1                        0x00000c   0x28  <Init block>
    .near.data       inited   0x00000c    0xb  I2C_Commands.o [1]
    .near.data       inited   0x000017    0xd  I2C_Commands.o [1]
    .near.data       inited   0x000024   0x10  system.o [1]
                            - 0x000034   0x28

"P2", part 2 of 2:                      0x118
  .near.bss          zero     0x000034  0x10b  I2C_Commands.o [1]
  .near.bss          zero     0x00013f    0xb  I2C_Commands.o [1]
  .near.bss          zero     0x00014a    0x2  i2c.o [1]
                            - 0x00014c  0x118

"A1":                                   0x100
  CSTACK                      0x000500  0x100  <Block>
    CSTACK           uninit   0x000500  0x100  <Block tail>
                            - 0x000600  0x100

"A2":                                    0x80
  INTVEC                      0x008000   0x80  <Block>
    .intvec          const    0x008000   0x80  interrupt.o [4]
                            - 0x008080   0x80

"P3-P5":                                0x62a
  .near_func.text    ro code  0x008080  0x12e  i2c.o [1]
  .near_func.text    ro code  0x0081ae   0x71  vreg_util.o [4]
  .near_func.text    ro code  0x00821f   0x48  I2C_Commands.o [1]
  .near_func.text    ro code  0x008267   0x3e  I2C_Commands.o [1]
  .near_func.text    ro code  0x0082a5   0x3d  i2c.o [1]
  .near_func.text    ro code  0x0082e2   0x37  i2c.o [1]
  .near_func.text    ro code  0x008319   0x28  init_small.o [4]
  Initializer bytes  const    0x008341   0x28  <for P2-1>
  .near_func.text    ro code  0x008369   0x25  i2c.o [1]
  .near_func.text    ro code  0x00838e   0x24  I2C_Commands.o [1]
  .iar.init_table    const    0x0083b2   0x12  - Linker created -
  .near_func.text    ro code  0x0083c4   0x20  i2c.o [1]
  .near_func.text    ro code  0x0083e4   0x1e  init_small.o [4]
  .near_func.text    ro code  0x008402   0x18  stm8l10x_it.o [1]
  .near_func.text    ro code  0x00841a   0x18  stm8l10x_it.o [1]
  .near_func.text    ro code  0x008432   0x18  stm8l10x_it.o [1]
  .near_func.text    ro code  0x00844a   0x18  stm8l10x_it.o [1]
  .near_func.text    ro code  0x008462   0x18  stm8l10x_it.o [1]
  .near_func.text    ro code  0x00847a   0x18  stm8l10x_it.o [1]
  .near_func.text    ro code  0x008492   0x18  stm8l10x_it.o [1]
  .near_func.text    ro code  0x0084aa   0x18  stm8l10x_it.o [1]
  .near_func.text    ro code  0x0084c2   0x17  CmdSvr.o [1]
  .near_func.text    ro code  0x0084d9   0x15  main.o [1]
  .near_func.text    ro code  0x0084ee   0x14  init.o [4]
  .near_func.text    ro code  0x008502   0x14  __dbg_xxexit.o [3]
  .near_func.text    ro code  0x008516   0x13  stm8l10x_it.o [1]
  .near_func.text    ro code  0x008529   0x13  cstartup.o [4]
  .near_func.text    ro code  0x00853c   0x12  i2c.o [1]
  .near_func.text    ro code  0x00854e   0x12  i2c.o [1]
  .near_func.text    ro code  0x008560   0x11  I2C_Commands.o [1]
  .near_func.text    ro code  0x008571    0xf  i2c.o [1]
  .near_func.text    ro code  0x008580    0xf  i2c.o [1]
  .near_func.text    ro code  0x00858f    0xd  i2c.o [1]
  .near_func.text    ro code  0x00859c    0xd  i2c.o [1]
  .near_func.text    ro code  0x0085a9    0xd  i2c.o [1]
  .near_func.text    ro code  0x0085b6    0xd  i2c.o [1]
  .near_func.text    ro code  0x0085c3    0xc  i2c.o [1]
  .near_func.text    ro code  0x0085cf    0xb  i2c.o [1]
  .near_func.text    ro code  0x0085da    0xb  i2c.o [1]
  .near_func.text    ro code  0x0085e5    0x9  i2c.o [1]
  .near_func.text    ro code  0x0085ee    0x9  i2c.o [1]
  .near_func.text    ro code  0x0085f7    0x9  i2c.o [1]
  .near_func.text    ro code  0x008600    0x9  I2C_Commands.o [1]
  .near_func.text    ro code  0x008609    0x8  i2c.o [1]
  .near_func.text    ro code  0x008611    0x8  i2c.o [1]
  .near_func.text    ro code  0x008619    0x8  i2c.o [1]
  .near_func.text    ro code  0x008621    0x8  i2c.o [1]
  .near_func.text    ro code  0x008629    0x8  i2c.o [1]
  .near_func.text    ro code  0x008631    0x7  i2c.o [1]
  .near_func.text    ro code  0x008638    0x7  i2c.o [1]
  .near_func.text    ro code  0x00863f    0x7  i2c.o [1]
  .near_func.text    ro code  0x008646    0x7  I2C_Commands.o [1]
  .near_func.text    ro code  0x00864d    0x7  stm8l10x_it.o [1]
  .near_func.text    ro code  0x008654    0x6  CmdSvr.o [1]
  .near_func.text    ro code  0x00865a    0x6  i2c.o [1]
  .near_func.text    ro code  0x008660    0x6  i2c.o [1]
  .near_func.text    ro code  0x008666    0x6  i2c.o [1]
  .near_func.text    ro code  0x00866c    0x6  i2c.o [1]
  .near_func.text    ro code  0x008672    0x5  i2c.o [1]
  .near_func.text    ro code  0x008677    0x5  cexit.o [4]
  .near_func.text    ro code  0x00867c    0x4  i2c.o [1]
  .near_func.text    ro code  0x008680    0x4  i2c.o [1]
  .near_func.text    ro code  0x008684    0x4  i2c.o [1]
  .near_func.text    ro code  0x008688    0x4  I2C_Commands.o [1]
  .near_func.text    ro code  0x00868c    0x3  interrupt.o [4]
  .near_func.text    ro code  0x00868f    0x3  low_level_init.o [4]
  .near_func.text    ro code  0x008692    0x3  exit.o [4]
  .near_func.text    ro code  0x008695    0x3  unhandled_exception.o [4]
  .near.rodata       const    0x008698    0x2  CmdSvr.o [1]
  .near_func.text    ro code  0x00869a    0x1  stm8l10x_it.o [1]
  .near_func.text    ro code  0x00869b    0x1  stm8l10x_it.o [1]
  .near_func.text    ro code  0x00869c    0x1  stm8l10x_it.o [1]
  .near_func.text    ro code  0x00869d    0x1  stm8l10x_it.o [1]
  .near_func.text    ro code  0x00869e    0x1  stm8l10x_it.o [1]
  .near_func.text    ro code  0x00869f    0x1  stm8l10x_it.o [1]
  .near_func.text    ro code  0x0086a0    0x1  stm8l10x_it.o [1]
  .near_func.text    ro code  0x0086a1    0x1  stm8l10x_it.o [1]
  .near_func.text    ro code  0x0086a2    0x1  stm8l10x_it.o [1]
  .near_func.text    ro code  0x0086a3    0x1  stm8l10x_it.o [1]
  .near_func.text    ro code  0x0086a4    0x1  stm8l10x_it.o [1]
  .near_func.text    ro code  0x0086a5    0x1  stm8l10x_it.o [1]
  .near_func.text    ro code  0x0086a6    0x1  stm8l10x_it.o [1]
  .near_func.text    ro code  0x0086a7    0x1  stm8l10x_it.o [1]
  .near_func.text    ro code  0x0086a8    0x1  system.o [1]
  .near_func.text    ro code  0x0086a9    0x1  __dbg_break.o [3]
                            - 0x0086aa  0x62a


*******************************************************************************
*** INIT TABLE
***

          Address   Size
          -------   ----
Zero (__iar_zero_init2)
    1 destination range, total size 0x118:
          0x000034  0x118

Copy (__iar_copy_init2)
    1 source range, total size 0x28:
          0x008341   0x28
    1 destination range, total size 0x28:
          0x00000c   0x28



*******************************************************************************
*** MODULE SUMMARY
***

    Module                 ro code  ro data  rw data
    ------                 -------  -------  -------
C:\Amit_Chaudhary\STM8\STM8L\Code\STM8L101F3_FW\STM8L101F3P6_CPP - Txn_SW_AF_CmdSvr_TxBuf_container_I2C_Modular_NewCmdSvr\Debug\Obj: [1]
    CmdSvr.o                    29        2
    I2C_Commands.o             207       24      302
    i2c.o                      768                 2
    main.o                      21
    stm8l10x_it.o              232
    system.o                     1       16       16
    ------------------------------------------------
    Total:                   1 258       42      320

command line: [2]
    ------------------------------------------------
    Total:

dbgstm8smd.a: [3]
    __dbg_break.o                1
    __dbg_xxexit.o              20
    ------------------------------------------------
    Total:                      21

dlstm8smn.a: [4]
    cexit.o                      5
    cstartup.o                  19
    exit.o                       3
    init.o                      20
    init_small.o                70
    interrupt.o                  3      128
    low_level_init.o             3
    unhandled_exception.o        3
    vreg_util.o                113
    vregs.o                                       12
    ------------------------------------------------
    Total:                     239      128       12

    Linker created                       18      256
----------------------------------------------------
    Grand Total:             1 518      188      588


*******************************************************************************
*** ENTRY LIST
***

Entry                    Address   Size  Type      Object
-----                    -------   ----  ----      ------
.iar.init_table$$Base   0x0083b2          --   Gb  - Linker created -
.iar.init_table$$Limit  0x0083c4          --   Gb  - Linker created -
?b0                     0x000000         Data  Gb  vregs.o [4]
?b1                     0x000001         Data  Gb  vregs.o [4]
?b10                    0x00000a         Data  Gb  vregs.o [4]
?b11                    0x00000b         Data  Gb  vregs.o [4]
?b2                     0x000002         Data  Gb  vregs.o [4]
?b3                     0x000003         Data  Gb  vregs.o [4]
?b4                     0x000004         Data  Gb  vregs.o [4]
?b5                     0x000005         Data  Gb  vregs.o [4]
?b6                     0x000006         Data  Gb  vregs.o [4]
?b7                     0x000007         Data  Gb  vregs.o [4]
?b8                     0x000008         Data  Gb  vregs.o [4]
?b9                     0x000009         Data  Gb  vregs.o [4]
?e0                     0x000001         Data  Gb  vregs.o [4]
?e1                     0x000005         Data  Gb  vregs.o [4]
?e2                     0x000009         Data  Gb  vregs.o [4]
?epilogue_l2            0x00821b         Code  Gb  vreg_util.o [4]
?l0                     0x000000         Data  Gb  vregs.o [4]
?l1                     0x000004         Data  Gb  vregs.o [4]
?l2                     0x000008         Data  Gb  vregs.o [4]
?pop_l0                 0x0081f2         Code  Gb  vreg_util.o [4]
?pop_l1                 0x0081fd         Code  Gb  vreg_util.o [4]
?pop_l2                 0x008208         Code  Gb  vreg_util.o [4]
?push_l0                0x0081c6         Code  Gb  vreg_util.o [4]
?push_l1                0x0081cb         Code  Gb  vreg_util.o [4]
?push_l2                0x0081d0         Code  Gb  vreg_util.o [4]
?push_w4                0x0081ae         Code  Gb  vreg_util.o [4]
?w0                     0x000000         Data  Gb  vregs.o [4]
?w1                     0x000002         Data  Gb  vregs.o [4]
?w2                     0x000004         Data  Gb  vregs.o [4]
?w3                     0x000006         Data  Gb  vregs.o [4]
?w4                     0x000008         Data  Gb  vregs.o [4]
?w5                     0x00000a         Data  Gb  vregs.o [4]
AWU_IRQHandler()        0x00869c    0x1  Code  Gb  stm8l10x_it.o [1]
COMP_IRQHandler()       0x00869f    0x1  Code  Gb  stm8l10x_it.o [1]
CSTACK$$Base            0x000500          --   Gb  - Linker created -
CSTACK$$Limit           0x000600          --   Gb  - Linker created -
CmdSvr_Run()            0x0084c2   0x17  Code  Gb  CmdSvr.o [1]
Cmdsvr_Init()           0x008654    0x6  Code  Gb  CmdSvr.o [1]
DigitalOut<(Port_t)20490, (PIN_t)1, (Mode_t)6>::SetOutputMode()
                        0x00858f    0xd  Code  Gb  i2c.o [1]
DigitalOut<(Port_t)20490, (PIN_t)2, (Mode_t)6>::SetOutputMode()
                        0x00859c    0xd  Code  Gb  i2c.o [1]
Dummy_ISR()             0x0086a8    0x1  Code  Gb  system.o [1]
EXTI0_IRQHandler()      0x008402   0x18  Code  Gb  stm8l10x_it.o [1]
EXTI1_IRQHandler()      0x00841a   0x18  Code  Gb  stm8l10x_it.o [1]
EXTI2_IRQHandler()      0x008432   0x18  Code  Gb  stm8l10x_it.o [1]
EXTI3_IRQHandler()      0x00844a   0x18  Code  Gb  stm8l10x_it.o [1]
EXTI4_IRQHandler()      0x008462   0x18  Code  Gb  stm8l10x_it.o [1]
EXTI5_IRQHandler()      0x00847a   0x18  Code  Gb  stm8l10x_it.o [1]
EXTI6_IRQHandler()      0x008492   0x18  Code  Gb  stm8l10x_it.o [1]
EXTI7_IRQHandler()      0x0084aa   0x18  Code  Gb  stm8l10x_it.o [1]
EXTIB_IRQHandler()      0x00869d    0x1  Code  Gb  stm8l10x_it.o [1]
EXTID_IRQHandler()      0x00869e    0x1  Code  Gb  stm8l10x_it.o [1]
EXTI_ISRs               0x000024   0x10  Data  Gb  system.o [1]
FLASH_IRQHandler()      0x00869b    0x1  Code  Gb  stm8l10x_it.o [1]
I2CDevIntr              0x000034  0x10b  Data  Lc  I2C_Commands.o [1]
I2C_CmdHandler()        0x00821f   0x48  Code  Gb  I2C_Commands.o [1]
I2C_CmdSvrCallback()    0x008560   0x11  Code  Gb  I2C_Commands.o [1]
I2C_CmdSvrInterface     0x000017    0xd  Data  Gb  I2C_Commands.o [1]
I2C_CmdSvr_Callback(i2c::I2CStatus_t)
                        0x008267   0x3e  Code  Gb  I2C_Commands.o [1]
I2C_Cmd_Interface_Init()
                        0x00838e   0x24  Code  Gb  I2C_Commands.o [1]
I2C_IRQHandler()        0x008516   0x13  Code  Gb  stm8l10x_it.o [1]
I2c_Cmd_request         0x00013f    0xb  Data  Gb  I2C_Commands.o [1]
I2c_Cmd_response        0x00000c    0xb  Data  Gb  I2C_Commands.o [1]
INTVEC$$Base            0x008000          --   Gb  - Linker created -
INTVEC$$Limit           0x008080          --   Gb  - Linker created -
ModuleHandlerTable      0x008698    0x2  Data  Lc  CmdSvr.o [1]
Region$$Table$$Base     0x0083b2          --   Gb  - Linker created -
Region$$Table$$Limit    0x0083c4          --   Gb  - Linker created -
SPI_IRQHandler()        0x0086a5    0x1  Code  Gb  stm8l10x_it.o [1]
TIM2_CAP_IRQHandler()   0x0086a1    0x1  Code  Gb  stm8l10x_it.o [1]
TIM2_UPD_OVF_TRG_BRK_IRQHandler()
                        0x0086a0    0x1  Code  Gb  stm8l10x_it.o [1]
TIM3_CAP_IRQHandler()   0x0086a3    0x1  Code  Gb  stm8l10x_it.o [1]
TIM3_UPD_OVF_TRG_BRK_IRQHandler()
                        0x0086a2    0x1  Code  Gb  stm8l10x_it.o [1]
TIM4_UPD_OVF_IRQHandler()
                        0x0086a4    0x1  Code  Gb  stm8l10x_it.o [1]
TRAP_IRQHandler()       0x00869a    0x1  Code  Gb  stm8l10x_it.o [1]
USART_RX_IRQHandler()   0x0086a7    0x1  Code  Gb  stm8l10x_it.o [1]
USART_TX_IRQHandler()   0x0086a6    0x1  Code  Gb  stm8l10x_it.o [1]
__DebugBreak            0x0086a9    0x1  Code  Gb  __dbg_break.o [3]
__exit                  0x008502   0x14  Code  Gb  __dbg_xxexit.o [3]
__iar_copy_init2        0x008319         Code  Gb  init_small.o [4]
__iar_data_init2        0x0084ee   0x14  Code  Gb  init.o [4]
__iar_program_start     0x008529         Code  Gb  cstartup.o [4]
__iar_unhandled_exception
                        0x008695         Code  Gb  unhandled_exception.o [4]
__iar_zero_init2        0x0083e4         Code  Gb  init_small.o [4]
__intvec                0x008000         Data  Gb  interrupt.o [4]
__low_level_init        0x00868f    0x3  Code  Gb  low_level_init.o [4]
_exit                   0x008677         Code  Gb  cexit.o [4]
_interrupt_1            0x00869a         Code  Gb  stm8l10x_it.o [1]
_interrupt_10           0x008402         Code  Gb  stm8l10x_it.o [1]
_interrupt_11           0x00841a         Code  Gb  stm8l10x_it.o [1]
_interrupt_12           0x008432         Code  Gb  stm8l10x_it.o [1]
_interrupt_13           0x00844a         Code  Gb  stm8l10x_it.o [1]
_interrupt_14           0x008462         Code  Gb  stm8l10x_it.o [1]
_interrupt_15           0x00847a         Code  Gb  stm8l10x_it.o [1]
_interrupt_16           0x008492         Code  Gb  stm8l10x_it.o [1]
_interrupt_17           0x0084aa         Code  Gb  stm8l10x_it.o [1]
_interrupt_20           0x00869f         Code  Gb  stm8l10x_it.o [1]
_interrupt_21           0x0086a0         Code  Gb  stm8l10x_it.o [1]
_interrupt_22           0x0086a1         Code  Gb  stm8l10x_it.o [1]
_interrupt_23           0x0086a2         Code  Gb  stm8l10x_it.o [1]
_interrupt_24           0x0086a3         Code  Gb  stm8l10x_it.o [1]
_interrupt_27           0x0086a4         Code  Gb  stm8l10x_it.o [1]
_interrupt_28           0x0086a5         Code  Gb  stm8l10x_it.o [1]
_interrupt_29           0x0086a6         Code  Gb  stm8l10x_it.o [1]
_interrupt_3            0x00869b         Code  Gb  stm8l10x_it.o [1]
_interrupt_30           0x0086a7         Code  Gb  stm8l10x_it.o [1]
_interrupt_31           0x008516         Code  Gb  stm8l10x_it.o [1]
_interrupt_6            0x00869c         Code  Gb  stm8l10x_it.o [1]
_interrupt_8            0x00869d         Code  Gb  stm8l10x_it.o [1]
_interrupt_9            0x00869e         Code  Gb  stm8l10x_it.o [1]
exit                    0x008692    0x3  Code  Gb  exit.o [4]
i2c::HwInit()           0x0082a5   0x3d  Code  Gb  i2c.o [1]
i2c::I2C_ISR_Slave()    0x008080  0x12e  Code  Gb  i2c.o [1]
i2c::I2cLogStates(i2c::I2CLogs_t)
                        0x0083c4   0x20  Code  Gb  i2c.o [1]
i2c::SlaveStartListening(Buf_t __near *, Buf_t __near *)
                        0x0082e2   0x37  Code  Gb  i2c.o [1]
i2c::m_i2c_this         0x00014a    0x2  Data  Gb  i2c.o [1]
main                    0x0084d9   0x15  Code  Gb  main.o [1]


[1] = C:\Amit_Chaudhary\STM8\STM8L\Code\STM8L101F3_FW\STM8L101F3P6_CPP - Txn_SW_AF_CmdSvr_TxBuf_container_I2C_Modular_NewCmdSvr\Debug\Obj
[2] = command line
[3] = dbgstm8smd.a
[4] = dlstm8smn.a

  1 518 bytes of readonly  code memory
    188 bytes of readonly  data memory
    588 bytes of readwrite data memory

Errors: none
Warnings: none
