###############################################################################
#
# IAR ELF Linker V3.11.1.207 for STM8                     16/Jun/2020  20:23:08
# Copyright 2010-2019 IAR Systems AB.
#
#    Output file  =  
#        C:\Amit_Chaudhary\STM8\STM8L101\code\STM8L101F3_FW\STM8L101F3P6_CPP -
#        Spi - RTF\Debug\Exe\STM8L101F3_FW_CPP.out
#    Map file     =  
#        C:\Amit_Chaudhary\STM8\STM8L101\code\STM8L101F3_FW\STM8L101F3P6_CPP -
#        Spi - RTF\Debug\List\STM8L101F3_FW_CPP.map
#    Command line =  
#        -f C:\Users\AMITCH~1\AppData\Local\Temp\EW587E.tmp
#        ("C:\Amit_Chaudhary\STM8\STM8L101\code\STM8L101F3_FW\STM8L101F3P6_CPP
#        - Spi - RTF\Debug\Obj\CmdSvr.o"
#        "C:\Amit_Chaudhary\STM8\STM8L101\code\STM8L101F3_FW\STM8L101F3P6_CPP -
#        Spi - RTF\Debug\Obj\gpio_tests.o"
#        "C:\Amit_Chaudhary\STM8\STM8L101\code\STM8L101F3_FW\STM8L101F3P6_CPP -
#        Spi - RTF\Debug\Obj\i2c.o"
#        "C:\Amit_Chaudhary\STM8\STM8L101\code\STM8L101F3_FW\STM8L101F3P6_CPP -
#        Spi - RTF\Debug\Obj\I2C_Commands.o"
#        "C:\Amit_Chaudhary\STM8\STM8L101\code\STM8L101F3_FW\STM8L101F3P6_CPP -
#        Spi - RTF\Debug\Obj\i2c_tests.o"
#        "C:\Amit_Chaudhary\STM8\STM8L101\code\STM8L101F3_FW\STM8L101F3P6_CPP -
#        Spi - RTF\Debug\Obj\main.o"
#        "C:\Amit_Chaudhary\STM8\STM8L101\code\STM8L101F3_FW\STM8L101F3P6_CPP -
#        Spi - RTF\Debug\Obj\RTF.o"
#        "C:\Amit_Chaudhary\STM8\STM8L101\code\STM8L101F3_FW\STM8L101F3P6_CPP -
#        Spi - RTF\Debug\Obj\Spi.o"
#        "C:\Amit_Chaudhary\STM8\STM8L101\code\STM8L101F3_FW\STM8L101F3P6_CPP -
#        Spi - RTF\Debug\Obj\Spi_tests.o"
#        "C:\Amit_Chaudhary\STM8\STM8L101\code\STM8L101F3_FW\STM8L101F3P6_CPP -
#        Spi - RTF\Debug\Obj\stm8l10x_clk.o"
#        "C:\Amit_Chaudhary\STM8\STM8L101\code\STM8L101F3_FW\STM8L101F3P6_CPP -
#        Spi - RTF\Debug\Obj\stm8l10x_i2c.o"
#        "C:\Amit_Chaudhary\STM8\STM8L101\code\STM8L101F3_FW\STM8L101F3P6_CPP -
#        Spi - RTF\Debug\Obj\stm8l10x_it.o"
#        "C:\Amit_Chaudhary\STM8\STM8L101\code\STM8L101F3_FW\STM8L101F3P6_CPP -
#        Spi - RTF\Debug\Obj\stm8l10x_spi.o"
#        "C:\Amit_Chaudhary\STM8\STM8L101\code\STM8L101F3_FW\STM8L101F3P6_CPP -
#        Spi - RTF\Debug\Obj\system.o" --redirect _Printf=_PrintfFullNoMb
#        --redirect _Scanf=_ScanfFullNoMb --no_out_extension -o
#        "C:\Amit_Chaudhary\STM8\STM8L101\code\STM8L101F3_FW\STM8L101F3P6_CPP -
#        Spi - RTF\Debug\Exe\STM8L101F3_FW_CPP.out" --map
#        "C:\Amit_Chaudhary\STM8\STM8L101\code\STM8L101F3_FW\STM8L101F3P6_CPP -
#        Spi - RTF\Debug\List\STM8L101F3_FW_CPP.map" --config "C:\Program Files
#        (x86)\IAR Systems\Embedded Workbench
#        8.3\stm8\config\lnkstm8l101f3.icf" --config_def _CSTACK_SIZE=0x100
#        --config_def _HEAP_SIZE=0x100 --entry __iar_program_start --debug_lib)
#
###############################################################################

*******************************************************************************
*** RUNTIME MODEL ATTRIBUTES
***

__SystemLibrary            = DLib
__code_model               = small
__core                     = stm8
__data_model               = medium
__dlib_file_descriptor     = 0
__dlib_full_locale_support = 0
__rt_version               = 4


*******************************************************************************
*** PLACEMENT SUMMARY
***

"A0":  place at start of [0x000000-0x0000ff] { rw section .vregs };
"A1":  place at end of [0x000000-0x0005ff] { block CSTACK };
"P2":  place in [from 0x000000 to 0x0005ff] {
          block HEAP, rw section __DLIB_PERTHREAD, rw section .far.bss,
          rw section .far.data, rw section .far.noinit,
          rw section .far_func.textrw, rw section .huge.bss,
          rw section .huge.data, rw section .huge.noinit,
          rw section .huge_func.textrw, rw section .iar.dynexit,
          rw section .near.bss, rw section .near.data, rw section .near.noinit,
          rw section .near_func.textrw };
"A2":  place at start of [0x008000-0x009fff] { block INTVEC };
"P3":  place in [from 0x008000 to 0x009fff] {
          ro section __DLIB_PERTHREAD_init, ro section .far.data_init,
          ro section .far_func.textrw_init, ro section .huge.data_init,
          ro section .huge_func.textrw_init, ro section .iar.init_table,
          ro section .init_array, ro section .near.data_init,
          ro section .near.rodata, ro section .near_func.text,
          ro section .near_func.textrw_init, ro section .tiny.data_init,
          ro section .tiny.rodata_init };
"P4":  place in [from 0x008000 to 0x009fff] {
          ro section .far.rodata, ro section .far_func.text };
"P5":  place in [from 0x008000 to 0x009fff] {
          ro section .huge.rodata, ro section .huge_func.text };
do not initialize {
   rw section .far.noinit, rw section .huge.noinit, rw section .near.noinit,
   rw section .tiny.noinit, rw section .vregs };
initialize by copy {
   rw section .far.bss, rw section .far.data, rw section .far_func.textrw,
   rw section .huge.bss, rw section .huge.data, rw section .huge_func.textrw,
   rw section .iar.dynexit, rw section .near.bss, rw section .near.data,
   rw section .near_func.textrw, rw section .tiny.bss, rw section .tiny.data,
   ro section .tiny.rodata };

No sections matched the following patterns:

  ro section .far.data_init          in "P3-P5"
  ro section .far.rodata             in "P3-P5"
  ro section .far_func.text          in "P3-P5"
  ro section .far_func.textrw_init   in "P3-P5"
  ro section .huge.data_init         in "P3-P5"
  ro section .huge.rodata            in "P3-P5"
  ro section .huge_func.text         in "P3-P5"
  ro section .huge_func.textrw_init  in "P3-P5"
  ro section .iar.init_table         in "P3-P5"
  ro section .near_func.textrw_init  in "P3-P5"
  ro section .tiny.data_init         in "P3-P5"
  ro section .tiny.rodata_init       in "P3-P5"
  ro section __DLIB_PERTHREAD_init   in "P3-P5"
  rw section .far.bss                in "P2"
  rw section .far.data               in "P2"
  rw section .far.noinit             in "P2"
  rw section .far_func.textrw        in "P2"
  rw section .huge.bss               in "P2"
  rw section .huge.data              in "P2"
  rw section .huge.noinit            in "P2"
  rw section .huge_func.textrw       in "P2"
  rw section .near.noinit            in "P2"
  rw section .near_func.textrw       in "P2"
  rw section .tiny.bss               in "P1"
  rw section .tiny.data              in "P1"
  rw section .tiny.noinit            in "P1"
  rw section .tiny.rodata            in "P1"
  rw section __DLIB_PERTHREAD        in "P2"


  Section             Kind      Address   Size  Object
  -------             ----      -------   ----  ------
"A0":                                     0x10
  .vregs              uninit   0x000000   0x10  vregs.o [4]
                             - 0x000010   0x10

"P2", part 1 of 3:                        0x29
  P2-1                         0x000010   0x29  <Init block>
    .near.data        inited   0x000010    0x7  CmdSvr.o [1]
    .near.data        inited   0x000017    0x4  CmdSvr.o [1]
    .near.data        inited   0x00001b    0x4  CmdSvr.o [1]
    .near.data        inited   0x00001f    0x8  Spi_tests.o [1]
    .near.data        inited   0x000027   0x10  system.o [1]
    .near.data        inited   0x000037    0x2  cppinit.o [4]
                             - 0x000039   0x29

"P2", part 2 of 3:                        0xc6
  .iar.dynexit                 0x000039   0xc6  <Block>
    .iar.dynexit      uninit   0x000039    0x6  cppinit.o [4]
    .iar.dynexit      uninit   0x00003f   0xc0  <Block tail>
                             - 0x0000ff   0xc6

"P2", part 3 of 3:                        0x2d
  .near.bss           zero     0x0000ff    0xb  Spi.o [1]
  .near.bss           zero     0x00010a    0x6  Spi_tests.o [1]
  .near.bss           zero     0x000110    0x6  Spi_tests.o [1]
  .near.bss           zero     0x000116    0x6  Spi_tests.o [1]
  .near.bss           zero     0x00011c    0x4  CmdSvr.o [1]
  .near.bss           zero     0x000120    0x4  Spi_tests.o [1]
  .near.bss           zero     0x000124    0x2  i2c.o [1]
  .near.bss           zero     0x000126    0x2  stm8l10x_it.o [1]
  .near.bss           zero     0x000128    0x2  cppinit.o [4]
  .near.bss           zero     0x00012a    0x1  main.o [1]
  .near.bss           zero     0x00012b    0x1  Spi_tests.o [1]
                             - 0x00012c   0x2d

"A1":                                    0x100
  CSTACK                       0x000500  0x100  <Block>
    CSTACK            uninit   0x000500  0x100  <Block tail>
                             - 0x000600  0x100

"A2":                                     0x80
  INTVEC                       0x008000   0x80  <Block>
    .intvec           const    0x008000   0x80  interrupt.o [4]
                             - 0x008080   0x80

"P3-P5":                                 0xcc7
  .near_func.text     ro code  0x008080  0x114  Spi_tests.o [1]
  .near_func.text     ro code  0x008194  0x108  i2c.o [1]
  .near_func.text     ro code  0x00829c   0xd8  stm8l10x_spi.o [1]
  .near_func.text     ro code  0x008374   0xa5  vreg_util.o [4]
  .near_func.text     ro code  0x008419   0x80  stm8l10x_it.o [1]
  .near.rodata        const    0x008499   0x7d  stm8l10x_spi.o [1]
  .near_func.text     ro code  0x008516   0x67  Spi.o [1]
  .near_func.text     ro code  0x00857d   0x4e  cppinit.o [4]
  .near_func.text     ro code  0x0085cb   0x4a  Spi.o [1]
  .near_func.text     ro code  0x008615   0x46  Spi.o [1]
  .near_func.text     ro code  0x00865b   0x44  Spi.o [1]
  .near_func.text     ro code  0x00869f   0x41  Spi.o [1]
  .near_func.text     ro code  0x0086e0   0x3e  Spi.o [1]
  .near_func.text     ro code  0x00871e   0x35  cppinit.o [4]
  .near_func.text     ro code  0x008753   0x2e  Spi.o [1]
  Initializer bytes   const    0x008781   0x29  <for P2-1>
  .near_func.text     ro code  0x0087aa   0x28  init_small.o [4]
  .near_func.text     ro code  0x0087d2   0x26  Spi.o [1]
  .near_func.text     ro code  0x0087f8   0x25  i2c.o [1]
  .near_func.text     ro code  0x00881d   0x23  system.o [1]
  .iar.init_table     const    0x008840   0x12  - Linker created -
  .near_func.text     ro code  0x008852   0x20  i2c.o [1]
  .near_func.text     ro code  0x008872   0x1f  Spi.o [1]
  .near_func.text     ro code  0x008891   0x1f  memcpy.o [4]
  .near_func.text     ro code  0x0088b0   0x1e  init_small.o [4]
  .near_func.text     ro code  0x0088ce   0x1d  cstartup.o [4]
  .near_func.text     ro code  0x0088eb   0x1d  cppinit.o [4]
  .near_func.text     ro code  0x008908   0x1b  Spi.o [1]
  .near_func.text     ro code  0x008923   0x1a  long_util.o [4]
  .near_func.text     ro code  0x00893d   0x18  main.o [1]
  .near_func.text     ro code  0x008955   0x18  Spi.o [1]
  .near_func.text     ro code  0x00896d   0x18  stm8l10x_it.o [1]
  .near_func.text     ro code  0x008985   0x18  stm8l10x_it.o [1]
  .near_func.text     ro code  0x00899d   0x18  stm8l10x_it.o [1]
  .near_func.text     ro code  0x0089b5   0x18  stm8l10x_it.o [1]
  .near_func.text     ro code  0x0089cd   0x18  stm8l10x_it.o [1]
  .near_func.text     ro code  0x0089e5   0x18  stm8l10x_it.o [1]
  .near_func.text     ro code  0x0089fd   0x18  stm8l10x_it.o [1]
  .near_func.text     ro code  0x008a15   0x18  stm8l10x_it.o [1]
  .near_func.text     ro code  0x008a2d   0x16  Spi_tests.o [1]
  .near_func.text     ro code  0x008a43   0x14  i2c.o [1]
  .near_func.text     ro code  0x008a57   0x14  Spi.o [1]
  .near_func.text     ro code  0x008a6b   0x14  Spi.o [1]
  .near_func.text     ro code  0x008a7f   0x14  Spi_tests.o [1]
  .near_func.text     ro code  0x008a93   0x14  init.o [4]
  .near_func.text     ro code  0x008aa7   0x14  __dbg_xxexit.o [3]
  .near_func.text     ro code  0x008abb   0x13  Spi.o [1]
  .near_func.text     ro code  0x008ace   0x13  stm8l10x_it.o [1]
  .near_func.text     ro code  0x008ae1   0x13  long.o [4]
  .near_func.text     ro code  0x008af4   0x12  i2c.o [1]
  .near_func.text     ro code  0x008b06   0x12  Spi.o [1]
  .near_func.text     ro code  0x008b18   0x12  Spi.o [1]
  .near_func.text     ro code  0x008b2a   0x12  Spi.o [1]
  .near_func.text     ro code  0x008b3c    0xf  i2c.o [1]
  .near_func.text     ro code  0x008b4b    0xf  i2c.o [1]
  .near_func.text     ro code  0x008b5a    0xf  Spi_tests.o [1]
  .near_func.text     ro code  0x008b69    0xe  i2c.o [1]
  .near_func.text     ro code  0x008b77    0xe  Spi.o [1]
  .near_func.text     ro code  0x008b85    0xd  CmdSvr.o [1]
  .near_func.text     ro code  0x008b92    0xd  i2c.o [1]
  .near_func.text     ro code  0x008b9f    0xd  main.o [1]
  .near_func.text     ro code  0x008bac    0xd  Spi.o [1]
  .near_func.text     ro code  0x008bb9    0xd  Spi.o [1]
  .near_func.text     ro code  0x008bc6    0xd  Spi.o [1]
  .near_func.text     ro code  0x008bd3    0xd  Spi.o [1]
  .near_func.text     ro code  0x008be0    0xd  Spi.o [1]
  .near_func.text     ro code  0x008bed    0xd  Spi.o [1]
  .near_func.text     ro code  0x008bfa    0xd  Spi.o [1]
  .near_func.text     ro code  0x008c07    0xd  Spi_tests.o [1]
  .near_func.text     ro code  0x008c14    0xd  move.o [4]
  .near_func.text     ro code  0x008c21    0xc  Spi.o [1]
  .near_func.text     ro code  0x008c2d    0xc  Spi.o [1]
  .near_func.text     ro code  0x008c39    0xc  Spi_tests.o [1]
  .near_func.text     ro code  0x008c45    0xb  i2c.o [1]
  .near_func.text     ro code  0x008c50    0xb  i2c.o [1]
  .near_func.text     ro code  0x008c5b    0xb  i2c.o [1]
  .near_func.text     ro code  0x008c66    0xb  Spi.o [1]
  .near_func.text     ro code  0x008c71    0xb  Spi.o [1]
  .near_func.text     ro code  0x008c7c    0xb  Spi.o [1]
  .near_func.text     ro code  0x008c87    0xb  stm8l10x_spi.o [1]
  .near_func.text     ro code  0x008c92    0xa  Spi_tests.o [1]
  .near_func.text     ro code  0x008c9c    0x9  i2c.o [1]
  .near_func.text     ro code  0x008ca5    0x9  i2c.o [1]
  .near_func.text     ro code  0x008cae    0x9  i2c.o [1]
  .near_func.text     ro code  0x008cb7    0x9  Spi.o [1]
  .near_func.text     ro code  0x008cc0    0x9  Spi.o [1]
  .near_func.text     ro code  0x008cc9    0x8  i2c.o [1]
  .near_func.text     ro code  0x008cd1    0x8  i2c.o [1]
  .near_func.text     ro code  0x008cd9    0x8  i2c.o [1]
  .near_func.text     ro code  0x008ce1    0x8  cexit.o [4]
  .near_func.text     ro code  0x008ce9    0x7  i2c.o [1]
  .near_func.text     ro code  0x008cf0    0x7  stm8l10x_it.o [1]
  .near_func.text     ro code  0x008cf7    0x6  i2c.o [1]
  .near_func.text     ro code  0x008cfd    0x6  Spi_tests.o [1]
  .near_func.text     ro code  0x008d03    0x6  Spi_tests.o [1]
  .near_func.text     ro code  0x008d09    0x5  i2c.o [1]
  .near_func.text     ro code  0x008d0e    0x5  i2c.o [1]
  .near.rodata        const    0x008d13    0x4  Spi.o [1]
  .near.rodata        const    0x008d17    0x4  Spi.o [1]
  .near_func.text     ro code  0x008d1b    0x4  i2c.o [1]
  .near_func.text     ro code  0x008d1f    0x4  i2c.o [1]
  SHT$$PREINIT_ARRAY           0x008d23    0x0  <Block>
  SHT$$INIT_ARRAY              0x008d23    0x4  <Block>
    .difunct          const    0x008d23    0x2  CmdSvr.o [1]
    .difunct          const    0x008d25    0x2  Spi_tests.o [1]
  .near_func.text     ro code  0x008d27    0x3  interrupt.o [4]
  .near_func.text     ro code  0x008d2a    0x3  low_level_init.o [4]
  .near_func.text     ro code  0x008d2d    0x3  exit.o [4]
  .near_func.text     ro code  0x008d30    0x3  unhandled_exception.o [4]
  .near_func.text     ro code  0x008d33    0x2  main.o [1]
  .near_func.text     ro code  0x008d35    0x2  Spi.o [1]
  .near_func.text     ro code  0x008d37    0x1  Spi_tests.o [1]
  .near_func.text     ro code  0x008d38    0x1  stm8l10x_it.o [1]
  .near_func.text     ro code  0x008d39    0x1  stm8l10x_it.o [1]
  .near_func.text     ro code  0x008d3a    0x1  stm8l10x_it.o [1]
  .near_func.text     ro code  0x008d3b    0x1  stm8l10x_it.o [1]
  .near_func.text     ro code  0x008d3c    0x1  stm8l10x_it.o [1]
  .near_func.text     ro code  0x008d3d    0x1  stm8l10x_it.o [1]
  .near_func.text     ro code  0x008d3e    0x1  stm8l10x_it.o [1]
  .near_func.text     ro code  0x008d3f    0x1  stm8l10x_it.o [1]
  .near_func.text     ro code  0x008d40    0x1  stm8l10x_it.o [1]
  .near_func.text     ro code  0x008d41    0x1  stm8l10x_it.o [1]
  .near_func.text     ro code  0x008d42    0x1  stm8l10x_it.o [1]
  .near_func.text     ro code  0x008d43    0x1  stm8l10x_it.o [1]
  .near_func.text     ro code  0x008d44    0x1  stm8l10x_it.o [1]
  .near_func.text     ro code  0x008d45    0x1  system.o [1]
  .near_func.text     ro code  0x008d46    0x1  __dbg_break.o [3]
                             - 0x008d47  0xcc7


*******************************************************************************
*** INIT TABLE
***

          Address   Size
          -------   ----
Zero (__iar_zero_init2)
    1 destination range, total size 0x2d:
          0x0000ff  0x2d

Copy (__iar_copy_init2)
    1 source range, total size 0x29:
          0x008781  0x29
    1 destination range, total size 0x29:
          0x000010  0x29



*******************************************************************************
*** MODULE SUMMARY
***

    Module                 ro code  ro data  rw data
    ------                 -------  -------  -------
C:\Amit_Chaudhary\STM8\STM8L101\code\STM8L101F3_FW\STM8L101F3P6_CPP - Spi - RTF\Debug\Obj: [1]
    CmdSvr.o                    13       17       19
    Spi.o                      903        8       11
    Spi_tests.o                381       10       31
    i2c.o                      543                 2
    main.o                      39                 1
    stm8l10x_it.o              359                 2
    stm8l10x_spi.o             227      125
    system.o                    36       16       16
    ------------------------------------------------
    Total:                   2 501      176       82

command line: [2]
    ------------------------------------------------
    Total:

dbgstm8smd.a: [3]
    __dbg_break.o                1
    __dbg_xxexit.o              20
    ------------------------------------------------
    Total:                      21

dlstm8smn.a: [4]
    cexit.o                      8
    cppinit.o                  160        2       10
    cstartup.o                  29
    exit.o                       3
    init.o                      20
    init_small.o                70
    interrupt.o                  3      128
    long.o                      19
    long_util.o                 26
    low_level_init.o             3
    memcpy.o                    31
    move.o                      13
    unhandled_exception.o        3
    vreg_util.o                165
    vregs.o                                       16
    ------------------------------------------------
    Total:                     553      130       26

    Linker created                       18      448
----------------------------------------------------
    Grand Total:             3 075      324      556


*******************************************************************************
*** ENTRY LIST
***

Entry                    Address   Size  Type      Object
-----                    -------   ----  ----      ------
.iar.dynexit$$Base      0x000039          --   Gb  - Linker created -
.iar.dynexit$$Limit     0x0000ff          --   Gb  - Linker created -
.iar.init_table$$Base   0x008840          --   Gb  - Linker created -
.iar.init_table$$Limit  0x008852          --   Gb  - Linker created -
??call_ctors            0x0088db         Code  Gb  cstartup.o [4]
?b0                     0x000000         Data  Gb  vregs.o [4]
?b1                     0x000001         Data  Gb  vregs.o [4]
?b10                    0x00000a         Data  Gb  vregs.o [4]
?b11                    0x00000b         Data  Gb  vregs.o [4]
?b12                    0x00000c         Data  Gb  vregs.o [4]
?b13                    0x00000d         Data  Gb  vregs.o [4]
?b14                    0x00000e         Data  Gb  vregs.o [4]
?b15                    0x00000f         Data  Gb  vregs.o [4]
?b2                     0x000002         Data  Gb  vregs.o [4]
?b3                     0x000003         Data  Gb  vregs.o [4]
?b4                     0x000004         Data  Gb  vregs.o [4]
?b5                     0x000005         Data  Gb  vregs.o [4]
?b6                     0x000006         Data  Gb  vregs.o [4]
?b7                     0x000007         Data  Gb  vregs.o [4]
?b8                     0x000008         Data  Gb  vregs.o [4]
?b9                     0x000009         Data  Gb  vregs.o [4]
?e0                     0x000001         Data  Gb  vregs.o [4]
?e1                     0x000005         Data  Gb  vregs.o [4]
?e2                     0x000009         Data  Gb  vregs.o [4]
?e3                     0x00000d         Data  Gb  vregs.o [4]
?epilogue_l2            0x0083fc         Code  Gb  vreg_util.o [4]
?epilogue_l2_w6         0x008400         Code  Gb  vreg_util.o [4]
?epilogue_w4            0x008407         Code  Gb  vreg_util.o [4]
?inc32_0x_0x            0x008ae6         Code  Gb  long.o [4]
?inc32_l0_l0            0x008ae1         Code  Gb  long.o [4]
?l0                     0x000000         Data  Gb  vregs.o [4]
?l1                     0x000004         Data  Gb  vregs.o [4]
?l2                     0x000008         Data  Gb  vregs.o [4]
?l3                     0x00000c         Data  Gb  vregs.o [4]
?load32_0x_l0           0x00892f         Code  Gb  long_util.o [4]
?load32_l0_0x           0x008923         Code  Gb  long_util.o [4]
?mov_w2_w1              0x00840b         Code  Gb  vreg_util.o [4]
?mov_w5_w0              0x008412         Code  Gb  vreg_util.o [4]
?move1616_v_x_y_a       0x008c14         Code  Gb  move.o [4]
?pop_l0                 0x0083d3         Code  Gb  vreg_util.o [4]
?pop_l1                 0x0083de         Code  Gb  vreg_util.o [4]
?pop_l2                 0x0083e9         Code  Gb  vreg_util.o [4]
?pop_w4                 0x008391         Code  Gb  vreg_util.o [4]
?pop_w6                 0x008398         Code  Gb  vreg_util.o [4]
?push_l0                0x0083a7         Code  Gb  vreg_util.o [4]
?push_l1                0x0083ac         Code  Gb  vreg_util.o [4]
?push_l2                0x0083b1         Code  Gb  vreg_util.o [4]
?push_w4                0x008374         Code  Gb  vreg_util.o [4]
?push_w6                0x008379         Code  Gb  vreg_util.o [4]
?w0                     0x000000         Data  Gb  vregs.o [4]
?w1                     0x000002         Data  Gb  vregs.o [4]
?w2                     0x000004         Data  Gb  vregs.o [4]
?w3                     0x000006         Data  Gb  vregs.o [4]
?w4                     0x000008         Data  Gb  vregs.o [4]
?w5                     0x00000a         Data  Gb  vregs.o [4]
?w6                     0x00000c         Data  Gb  vregs.o [4]
?w7                     0x00000e         Data  Gb  vregs.o [4]
AWU_IRQHandler()        0x008d3a    0x1  Code  Gb  stm8l10x_it.o [1]
COMP_IRQHandler()       0x008d3d    0x1  Code  Gb  stm8l10x_it.o [1]
CSTACK$$Base            0x000500          --   Gb  - Linker created -
CSTACK$$Limit           0x000600          --   Gb  - Linker created -
CmdSvrContext           0x00011c    0x4  Data  Gb  CmdSvr.o [1]
CmdSvr_Buf              0x000010    0x7  Data  Gb  CmdSvr.o [1]
CmdSvr_RxBuf            0x00001b    0x4  Data  Gb  CmdSvr.o [1]
CmdSvr_TxBuf            0x000017    0x4  Data  Gb  CmdSvr.o [1]
Cs                      0x00012b    0x1  Data  Gb  Spi_tests.o [1]
DigitalIn<(Port_t)20485, (PIN_t)128, (Mode_t)1, (IntEdge_t)4, (&Dummy_ISR)>::HwInit()
                        0x008b06   0x12  Code  Gb  Spi.o [1]
DigitalIn<(Port_t)20485, (PIN_t)128, (Mode_t)1, (IntEdge_t)4, (&Dummy_ISR)>::SetInputMode()
                        0x008bd3    0xd  Code  Gb  Spi.o [1]
DigitalIn<(Port_t)20485, (PIN_t)128, (Mode_t)1, (IntEdge_t)4, (&Dummy_ISR)>::SetInterrupt()
                        0x008a57   0x14  Code  Gb  Spi.o [1]
DigitalIn<(Port_t)20485, (PIN_t)16, (Mode_t)1, (IntEdge_t)4, (&Dummy_ISR)>::SetInputMode()
                        0x008be0    0xd  Code  Gb  Spi.o [1]
DigitalIn<(Port_t)20485, (PIN_t)32, (Mode_t)1, (IntEdge_t)4, (&Dummy_ISR)>::SetInputMode()
                        0x008bed    0xd  Code  Gb  Spi.o [1]
DigitalIn<(Port_t)20485, (PIN_t)64, (Mode_t)0, (IntEdge_t)4, (&Dummy_ISR)>::SetInputMode()
                        0x008bfa    0xd  Code  Gb  Spi.o [1]
DigitalOut<(Port_t)20485, (PIN_t)128, (Mode_t)7>::SetOutputMode()
                        0x008bc6    0xd  Code  Gb  Spi.o [1]
DigitalOut<(Port_t)20485, (PIN_t)2, (Mode_t)5>::SetOutputMode()
                        0x008b9f    0xd  Code  Gb  main.o [1]
DigitalOut<(Port_t)20485, (PIN_t)32, (Mode_t)7>::SetOutputMode()
                        0x008bac    0xd  Code  Gb  Spi.o [1]
DigitalOut<(Port_t)20485, (PIN_t)64, (Mode_t)7>::SetOutputMode()
                        0x008bb9    0xd  Code  Gb  Spi.o [1]
DigitalOut<(Port_t)20485, (PIN_t)8, (Mode_t)5>::SetOutputMode()
                        0x008c07    0xd  Code  Gb  Spi_tests.o [1]
DtorRecArray            0x000039    0x6  Data  Lc  cppinit.o [4]
Dummy_ISR()             0x008d45    0x1  Code  Gb  system.o [1]
EXTI0_IRQHandler()      0x00896d   0x18  Code  Gb  stm8l10x_it.o [1]
EXTI1_IRQHandler()      0x008985   0x18  Code  Gb  stm8l10x_it.o [1]
EXTI2_IRQHandler()      0x00899d   0x18  Code  Gb  stm8l10x_it.o [1]
EXTI3_IRQHandler()      0x0089b5   0x18  Code  Gb  stm8l10x_it.o [1]
EXTI4_IRQHandler()      0x0089cd   0x18  Code  Gb  stm8l10x_it.o [1]
EXTI5_IRQHandler()      0x0089e5   0x18  Code  Gb  stm8l10x_it.o [1]
EXTI6_IRQHandler()      0x0089fd   0x18  Code  Gb  stm8l10x_it.o [1]
EXTI7_IRQHandler()      0x008a15   0x18  Code  Gb  stm8l10x_it.o [1]
EXTIB_IRQHandler()      0x008d3b    0x1  Code  Gb  stm8l10x_it.o [1]
EXTID_IRQHandler()      0x008d3c    0x1  Code  Gb  stm8l10x_it.o [1]
EXTI_ISRs               0x000027   0x10  Data  Gb  system.o [1]
FLASH_IRQHandler()      0x008d39    0x1  Code  Gb  stm8l10x_it.o [1]
HAL::Spi::CheckAndLoadTxn(HAL::Spi::Transaction_t const __near *)
                        0x008753   0x2e  Code  Gb  Spi.o [1]
HAL::Spi::HwInit(bool)  0x00869f   0x41  Code  Gb  Spi.o [1]
HAL::Spi::Master_Rx_8bit_Isr()
                        0x00856d   0x10  Code  Gb  Spi.o [1]
HAL::Spi::Master_Tx_8bit_Isr()
                        0x008561    0xc  Code  Gb  Spi.o [1]
HAL::Spi::PinsInitMaster()
                        0x008955   0x18  Code  Gb  Spi.o [1]
HAL::Spi::PinsInitSlave()
                        0x008872   0x1f  Code  Gb  Spi.o [1]
HAL::Spi::RxPoll(unsigned char __near *, unsigned short)
                        0x008615   0x46  Code  Gb  Spi.o [1]
HAL::Spi::Spi()         0x008d35    0x2  Code  Gb  Spi.o [1]
HAL::Spi::SrartListeningRXIntr8bit(unsigned char __near *, unsigned char)
                        0x008a6b   0x14  Code  Gb  Spi.o [1]
HAL::Spi::SrartListeningTXIntr8bit(unsigned char __near *, unsigned char)
                        0x008908   0x1b  Code  Gb  Spi.o [1]
HAL::Spi::Tx(unsigned char)
                        0x0087d2   0x26  Code  Gb  Spi.o [1]
HAL::Spi::TxPoll(unsigned char __near *, unsigned short)
                        0x0086e0   0x3e  Code  Gb  Spi.o [1]
HAL::Spi::TxnDoneHandler_INTR()
                        0x008516   0x42  Code  Gb  Spi.o [1]
HAL::Spi::XferIntr(HAL::Spi::Transaction_t const __near *)
                        0x0085cb   0x4a  Code  Gb  Spi.o [1]
HAL::Spi::XferPoll(HAL::Spi::Transaction_t const __near *)
                        0x00865b   0x44  Code  Gb  Spi.o [1]
HAL::Spi::m_Transaction
                        0x0000ff    0xb  Data  Gb  Spi.o [1]
HAL::Spi::~Spi()        0x008d37    0x1  Code  Gb  Spi_tests.o [1]
I2C_IRQHandler()        0x008ace   0x13  Code  Gb  stm8l10x_it.o [1]
INTVEC$$Base            0x008000          --   Gb  - Linker created -
INTVEC$$Limit           0x008080          --   Gb  - Linker created -
PB1                     0x00012a    0x1  Data  Gb  main.o [1]
Pc_Count                0x000120    0x4  Data  Gb  Spi_tests.o [1]
Region$$Table$$Base     0x008840          --   Gb  - Linker created -
Region$$Table$$Limit    0x008852          --   Gb  - Linker created -
SHT$$INIT_ARRAY$$Base   0x008d23          --   Gb  - Linker created -
SHT$$INIT_ARRAY$$Limit  0x008d27          --   Gb  - Linker created -
SHT$$PREINIT_ARRAY$$Base
                        0x008d23          --   Gb  - Linker created -
SHT$$PREINIT_ARRAY$$Limit
                        0x008d23          --   Gb  - Linker created -
SPI_IRQHandler()        0x008419   0x80  Code  Gb  stm8l10x_it.o [1]
SPI_Init(SPI_FirstBit_TypeDef, SPI_BaudRatePrescaler_TypeDef, SPI_Mode_TypeDef, SPI_CPOL_TypeDef, SPI_CPHA_TypeDef, SPI_DirectionMode_TypeDef, SPI_NSS_TypeDef)
                        0x00829c   0xd8  Code  Gb  stm8l10x_spi.o [1]
SPI_RxBuf               0x000110    0x6  Data  Gb  Spi_tests.o [1]
SPI_TxBuf               0x00001f    0x8  Data  Gb  Spi_tests.o [1]
SpiCallback(HAL::Spi::SpiStatus_t)
                        0x008a2d   0x16  Code  Gb  Spi_tests.o [1]
Spi_Tests()             0x008080  0x114  Code  Gb  Spi_tests.o [1]
TIM2_CAP_IRQHandler()   0x008d3f    0x1  Code  Gb  stm8l10x_it.o [1]
TIM2_UPD_OVF_TRG_BRK_IRQHandler()
                        0x008d3e    0x1  Code  Gb  stm8l10x_it.o [1]
TIM3_CAP_IRQHandler()   0x008d41    0x1  Code  Gb  stm8l10x_it.o [1]
TIM3_UPD_OVF_TRG_BRK_IRQHandler()
                        0x008d40    0x1  Code  Gb  stm8l10x_it.o [1]
TIM4_UPD_OVF_IRQHandler()
                        0x008d42    0x1  Code  Gb  stm8l10x_it.o [1]
TRAP_IRQHandler()       0x008d38    0x1  Code  Gb  stm8l10x_it.o [1]
USART_RX_IRQHandler()   0x008d44    0x1  Code  Gb  stm8l10x_it.o [1]
USART_TX_IRQHandler()   0x008d43    0x1  Code  Gb  stm8l10x_it.o [1]
WaitOnFlag(unsigned char volatile __near *, unsigned char, unsigned char, unsigned short)
                        0x00881d   0x23  Code  Gb  system.o [1]
__DebugBreak            0x008d46    0x1  Code  Gb  __dbg_break.o [3]
__call_ctors            0x0088eb   0x1d  Code  Gb  cppinit.o [4]
__call_dtors            0x0085c7    0x4  Code  Gb  cppinit.o [4]
__cstart_call_dtors     0x008ce2         Code  Gb  cexit.o [4]
__cxa_atexit            0x00871e   0x35  Code  Gb  cppinit.o [4]
__cxa_finalize          0x00857d   0x4a  Code  Gb  cppinit.o [4]
__dso_handle            0x000128    0x2  Data  Gb  cppinit.o [4]
__exit                  0x008aa7   0x14  Code  Gb  __dbg_xxexit.o [3]
__iar_copy_init2        0x0087aa         Code  Gb  init_small.o [4]
__iar_cstart_call_ctors
                        0x0088db         Code  Gb  cstartup.o [4]
__iar_data_init2        0x008a93   0x14  Code  Gb  init.o [4]
__iar_program_start     0x0088ce         Code  Gb  cstartup.o [4]
__iar_unhandled_exception
                        0x008d30         Code  Gb  unhandled_exception.o [4]
__iar_zero_init2        0x0088b0         Code  Gb  init_small.o [4]
__intvec                0x008000         Data  Gb  interrupt.o [4]
__low_level_init        0x008d2a    0x3  Code  Gb  low_level_init.o [4]
__sti__routine          0x008b85    0xd  Code  Lc  CmdSvr.o [1]
__sti__routine          0x008a7f   0x14  Code  Lc  Spi_tests.o [1]
_exit                   0x008ce1         Code  Gb  cexit.o [4]
_interrupt_1            0x008d38         Code  Gb  stm8l10x_it.o [1]
_interrupt_10           0x00896d         Code  Gb  stm8l10x_it.o [1]
_interrupt_11           0x008985         Code  Gb  stm8l10x_it.o [1]
_interrupt_12           0x00899d         Code  Gb  stm8l10x_it.o [1]
_interrupt_13           0x0089b5         Code  Gb  stm8l10x_it.o [1]
_interrupt_14           0x0089cd         Code  Gb  stm8l10x_it.o [1]
_interrupt_15           0x0089e5         Code  Gb  stm8l10x_it.o [1]
_interrupt_16           0x0089fd         Code  Gb  stm8l10x_it.o [1]
_interrupt_17           0x008a15         Code  Gb  stm8l10x_it.o [1]
_interrupt_20           0x008d3d         Code  Gb  stm8l10x_it.o [1]
_interrupt_21           0x008d3e         Code  Gb  stm8l10x_it.o [1]
_interrupt_22           0x008d3f         Code  Gb  stm8l10x_it.o [1]
_interrupt_23           0x008d40         Code  Gb  stm8l10x_it.o [1]
_interrupt_24           0x008d41         Code  Gb  stm8l10x_it.o [1]
_interrupt_27           0x008d42         Code  Gb  stm8l10x_it.o [1]
_interrupt_28           0x008419         Code  Gb  stm8l10x_it.o [1]
_interrupt_29           0x008d43         Code  Gb  stm8l10x_it.o [1]
_interrupt_3            0x008d39         Code  Gb  stm8l10x_it.o [1]
_interrupt_30           0x008d44         Code  Gb  stm8l10x_it.o [1]
_interrupt_31           0x008ace         Code  Gb  stm8l10x_it.o [1]
_interrupt_6            0x008d3a         Code  Gb  stm8l10x_it.o [1]
_interrupt_8            0x008d3b         Code  Gb  stm8l10x_it.o [1]
_interrupt_9            0x008d3c         Code  Gb  stm8l10x_it.o [1]
assert_failed(unsigned char __near *, unsigned long)
                        0x008d33    0x2  Code  Gb  main.o [1]
exit                    0x008d2d    0x3  Code  Gb  exit.o [4]
i2c::I2C_ISR_Slave()    0x008194  0x108  Code  Gb  i2c.o [1]
i2c::I2cLogStates(i2c::I2CLogs_t)
                        0x008852   0x20  Code  Gb  i2c.o [1]
i2c::m_i2c_this         0x000124    0x2  Data  Gb  i2c.o [1]
m_Spi_ISR               0x000126    0x2  Data  Gb  stm8l10x_it.o [1]
main                    0x00893d   0x18  Code  Gb  main.o [1]
memcpy                  0x008891   0x1f  Code  Gb  memcpy.o [4]
next_abi_dtor_rec       0x000037    0x2  Data  Lc  cppinit.o [4]
pBuffer                 0x00010a    0x6  Data  Gb  Spi_tests.o [1]
spi                     0x000116    0x6  Data  Gb  Spi_tests.o [1]


[1] = C:\Amit_Chaudhary\STM8\STM8L101\code\STM8L101F3_FW\STM8L101F3P6_CPP - Spi - RTF\Debug\Obj
[2] = command line
[3] = dbgstm8smd.a
[4] = dlstm8smn.a

  3 075 bytes of readonly  code memory
    324 bytes of readonly  data memory
    556 bytes of readwrite data memory

Errors: none
Warnings: none
