###############################################################################
#
# IAR ELF Linker V3.11.1.207 for STM8                     21/Jan/2021  10:17:11
# Copyright 2010-2019 IAR Systems AB.
#
#    Output file  =  
#        C:\Amit_Chaudhary\STM8\STM8L101\code\STM8L101F3_FW\STM8L101F3P6_CPP -
#        PulseOut - Opti - PulseIn_refinement\Debug\Exe\STM8L101F3_FW_CPP.out
#    Map file     =  
#        C:\Amit_Chaudhary\STM8\STM8L101\code\STM8L101F3_FW\STM8L101F3P6_CPP -
#        PulseOut - Opti - PulseIn_refinement\Debug\List\STM8L101F3_FW_CPP.map
#    Command line =  
#        -f C:\Users\AMITCH~1\AppData\Local\Temp\EW967C.tmp
#        ("C:\Amit_Chaudhary\STM8\STM8L101\code\STM8L101F3_FW\STM8L101F3P6_CPP
#        - PulseOut - Opti - PulseIn_refinement\Debug\Obj\CmdSvr.o"
#        "C:\Amit_Chaudhary\STM8\STM8L101\code\STM8L101F3_FW\STM8L101F3P6_CPP -
#        PulseOut - Opti - PulseIn_refinement\Debug\Obj\eeprom.o"
#        "C:\Amit_Chaudhary\STM8\STM8L101\code\STM8L101F3_FW\STM8L101F3P6_CPP -
#        PulseOut - Opti - PulseIn_refinement\Debug\Obj\gpio_tests.o"
#        "C:\Amit_Chaudhary\STM8\STM8L101\code\STM8L101F3_FW\STM8L101F3P6_CPP -
#        PulseOut - Opti - PulseIn_refinement\Debug\Obj\i2c.o"
#        "C:\Amit_Chaudhary\STM8\STM8L101\code\STM8L101F3_FW\STM8L101F3P6_CPP -
#        PulseOut - Opti - PulseIn_refinement\Debug\Obj\I2C_Commands.o"
#        "C:\Amit_Chaudhary\STM8\STM8L101\code\STM8L101F3_FW\STM8L101F3P6_CPP -
#        PulseOut - Opti - PulseIn_refinement\Debug\Obj\i2c_tests.o"
#        "C:\Amit_Chaudhary\STM8\STM8L101\code\STM8L101F3_FW\STM8L101F3P6_CPP -
#        PulseOut - Opti - PulseIn_refinement\Debug\Obj\IWDG.o"
#        "C:\Amit_Chaudhary\STM8\STM8L101\code\STM8L101F3_FW\STM8L101F3P6_CPP -
#        PulseOut - Opti - PulseIn_refinement\Debug\Obj\main.o"
#        "C:\Amit_Chaudhary\STM8\STM8L101\code\STM8L101F3_FW\STM8L101F3P6_CPP -
#        PulseOut - Opti - PulseIn_refinement\Debug\Obj\RTF.o"
#        "C:\Amit_Chaudhary\STM8\STM8L101\code\STM8L101F3_FW\STM8L101F3P6_CPP -
#        PulseOut - Opti - PulseIn_refinement\Debug\Obj\Spi.o"
#        "C:\Amit_Chaudhary\STM8\STM8L101\code\STM8L101F3_FW\STM8L101F3P6_CPP -
#        PulseOut - Opti - PulseIn_refinement\Debug\Obj\Spi_tests.o"
#        "C:\Amit_Chaudhary\STM8\STM8L101\code\STM8L101F3_FW\STM8L101F3P6_CPP -
#        PulseOut - Opti - PulseIn_refinement\Debug\Obj\stm8l10x_clk.o"
#        "C:\Amit_Chaudhary\STM8\STM8L101\code\STM8L101F3_FW\STM8L101F3P6_CPP -
#        PulseOut - Opti - PulseIn_refinement\Debug\Obj\stm8l10x_i2c.o"
#        "C:\Amit_Chaudhary\STM8\STM8L101\code\STM8L101F3_FW\STM8L101F3P6_CPP -
#        PulseOut - Opti - PulseIn_refinement\Debug\Obj\stm8l10x_it.o"
#        "C:\Amit_Chaudhary\STM8\STM8L101\code\STM8L101F3_FW\STM8L101F3P6_CPP -
#        PulseOut - Opti - PulseIn_refinement\Debug\Obj\stm8l10x_spi.o"
#        "C:\Amit_Chaudhary\STM8\STM8L101\code\STM8L101F3_FW\STM8L101F3P6_CPP -
#        PulseOut - Opti - PulseIn_refinement\Debug\Obj\stm8l10x_usart.o"
#        "C:\Amit_Chaudhary\STM8\STM8L101\code\STM8L101F3_FW\STM8L101F3P6_CPP -
#        PulseOut - Opti - PulseIn_refinement\Debug\Obj\system.o"
#        "C:\Amit_Chaudhary\STM8\STM8L101\code\STM8L101F3_FW\STM8L101F3P6_CPP -
#        PulseOut - Opti - PulseIn_refinement\Debug\Obj\Uart.o" --redirect
#        _Printf=_PrintfFullNoMb --redirect _Scanf=_ScanfFullNoMb
#        --no_out_extension -o
#        "C:\Amit_Chaudhary\STM8\STM8L101\code\STM8L101F3_FW\STM8L101F3P6_CPP -
#        PulseOut - Opti - PulseIn_refinement\Debug\Exe\STM8L101F3_FW_CPP.out"
#        --map
#        "C:\Amit_Chaudhary\STM8\STM8L101\code\STM8L101F3_FW\STM8L101F3P6_CPP -
#        PulseOut - Opti - PulseIn_refinement\Debug\List\STM8L101F3_FW_CPP.map"
#        --config "C:\Program Files (x86)\IAR Systems\Embedded Workbench
#        8.3\stm8\config\lnkstm8l101f3.icf" --config_def _CSTACK_SIZE=0x100
#        --config_def _HEAP_SIZE=0x100 --entry __iar_program_start --debug_lib)
#
###############################################################################

*******************************************************************************
*** RUNTIME MODEL ATTRIBUTES
***

__SystemLibrary            = DLib
__code_model               = small
__core                     = stm8
__data_model               = medium
__dlib_file_descriptor     = 0
__dlib_full_locale_support = 0
__rt_version               = 4


*******************************************************************************
*** PLACEMENT SUMMARY
***

"A0":  place at start of [0x000000-0x0000ff] { rw section .vregs };
"A1":  place at end of [0x000000-0x0005ff] { block CSTACK };
"P2":  place in [from 0x000000 to 0x0005ff] {
          block HEAP, rw section __DLIB_PERTHREAD, rw section .far.bss,
          rw section .far.data, rw section .far.noinit,
          rw section .far_func.textrw, rw section .huge.bss,
          rw section .huge.data, rw section .huge.noinit,
          rw section .huge_func.textrw, rw section .iar.dynexit,
          rw section .near.bss, rw section .near.data, rw section .near.noinit,
          rw section .near_func.textrw };
"A2":  place at start of [0x008000-0x009fff] { block INTVEC };
"P3":  place in [from 0x008000 to 0x009fff] {
          ro section __DLIB_PERTHREAD_init, ro section .far.data_init,
          ro section .far_func.textrw_init, ro section .huge.data_init,
          ro section .huge_func.textrw_init, ro section .iar.init_table,
          ro section .init_array, ro section .near.data_init,
          ro section .near.rodata, ro section .near_func.text,
          ro section .near_func.textrw_init, ro section .tiny.data_init,
          ro section .tiny.rodata_init };
"P4":  place in [from 0x008000 to 0x009fff] {
          ro section .far.rodata, ro section .far_func.text };
"P5":  place in [from 0x008000 to 0x009fff] {
          ro section .huge.rodata, ro section .huge_func.text };
do not initialize {
   rw section .far.noinit, rw section .huge.noinit, rw section .near.noinit,
   rw section .tiny.noinit, rw section .vregs };
initialize by copy {
   rw section .far.bss, rw section .far.data, rw section .far_func.textrw,
   rw section .huge.bss, rw section .huge.data, rw section .huge_func.textrw,
   rw section .iar.dynexit, rw section .near.bss, rw section .near.data,
   rw section .near_func.textrw, rw section .tiny.bss, rw section .tiny.data,
   ro section .tiny.rodata };

No sections matched the following patterns:

  ro section .far.data_init          in "P3-P5"
  ro section .far.rodata             in "P3-P5"
  ro section .far_func.text          in "P3-P5"
  ro section .far_func.textrw_init   in "P3-P5"
  ro section .huge.data_init         in "P3-P5"
  ro section .huge.rodata            in "P3-P5"
  ro section .huge_func.text         in "P3-P5"
  ro section .huge_func.textrw_init  in "P3-P5"
  ro section .iar.init_table         in "P3-P5"
  ro section .near.rodata            in "P3-P5"
  ro section .near_func.textrw_init  in "P3-P5"
  ro section .tiny.data_init         in "P3-P5"
  ro section .tiny.rodata_init       in "P3-P5"
  ro section __DLIB_PERTHREAD_init   in "P3-P5"
  rw section .far.bss                in "P2"
  rw section .far.data               in "P2"
  rw section .far.noinit             in "P2"
  rw section .far_func.textrw        in "P2"
  rw section .huge.bss               in "P2"
  rw section .huge.data              in "P2"
  rw section .huge.noinit            in "P2"
  rw section .huge_func.textrw       in "P2"
  rw section .near.noinit            in "P2"
  rw section .near_func.textrw       in "P2"
  rw section .tiny.bss               in "P1"
  rw section .tiny.data              in "P1"
  rw section .tiny.noinit            in "P1"
  rw section .tiny.rodata            in "P1"
  rw section __DLIB_PERTHREAD        in "P2"


  Section             Kind      Address   Size  Object
  -------             ----      -------   ----  ------
"A0":                                      0xc
  .vregs              uninit   0x000000    0xc  vregs.o [4]
                             - 0x00000c    0xc

"P2", part 1 of 3:                        0x25
  P2-1                         0x00000c   0x25  <Init block>
    .near.data        inited   0x00000c    0x7  CmdSvr.o [1]
    .near.data        inited   0x000013    0x4  CmdSvr.o [1]
    .near.data        inited   0x000017    0x4  CmdSvr.o [1]
    .near.data        inited   0x00001b   0x14  system.o [1]
    .near.data        inited   0x00002f    0x2  cppinit.o [4]
                             - 0x000031   0x25

"P2", part 2 of 3:                        0xcc
  .iar.dynexit                 0x000031   0xcc  <Block>
    .iar.dynexit      uninit   0x000031    0x6  cppinit.o [4]
    .iar.dynexit      uninit   0x000037   0xc6  <Block tail>
                             - 0x0000fd   0xcc

"P2", part 3 of 3:                        0x79
  .near.bss           zero     0x0000fd   0x48  main.o [1]
  .near.bss           zero     0x000145    0xb  Spi.o [1]
  .near.bss           zero     0x000150    0x6  main.o [1]
  .near.bss           zero     0x000156    0x6  Spi_tests.o [1]
  .near.bss           zero     0x00015c    0x4  CmdSvr.o [1]
  .near.bss           zero     0x000160    0x4  stm8l10x_it.o [1]
  .near.bss           zero     0x000164    0x4  stm8l10x_it.o [1]
  .near.bss           zero     0x000168    0x4  stm8l10x_it.o [1]
  .near.bss           zero     0x00016c    0x2  i2c.o [1]
  .near.bss           zero     0x00016e    0x2  main.o [1]
  .near.bss           zero     0x000170    0x2  main.o [1]
  .near.bss           zero     0x000172    0x2  cppinit.o [4]
  .near.bss           zero     0x000174    0x1  main.o [1]
  .near.bss           zero     0x000175    0x1  main.o [1]
                             - 0x000176   0x79

"A1":                                    0x100
  CSTACK                       0x000500  0x100  <Block>
    CSTACK            uninit   0x000500  0x100  <Block tail>
                             - 0x000600  0x100

"A2":                                     0x80
  INTVEC                       0x008000   0x80  <Block>
    .intvec           const    0x008000   0x80  interrupt.o [4]
                             - 0x008080   0x80

"P3-P5":                                 0x7fc
  .near_func.text     ro code  0x008080  0x119  i2c.o [1]
  .near_func.text     ro code  0x008199   0x84  vreg_util.o [4]
  .near_func.text     ro code  0x00821d   0x80  stm8l10x_it.o [1]
  .near_func.text     ro code  0x00829d   0x4e  cppinit.o [4]
  .near_func.text     ro code  0x0082eb   0x40  stm8l10x_it.o [1]
  .near_func.text     ro code  0x00832b   0x35  cppinit.o [4]
  .near_func.text     ro code  0x008360   0x34  main.o [1]
  .near_func.text     ro code  0x008394   0x32  main.o [1]
  .near_func.text     ro code  0x0083c6   0x2f  i2c.o [1]
  .near_func.text     ro code  0x0083f5   0x2d  main.o [1]
  .near_func.text     ro code  0x008422   0x29  main.o [1]
  .near_func.text     ro code  0x00844b   0x28  init_small.o [4]
  Initializer bytes   const    0x008473   0x25  <for P2-1>
  .near_func.text     ro code  0x008498   0x23  stm8l10x_it.o [1]
  .near_func.text     ro code  0x0084bb   0x21  main.o [1]
  .iar.init_table     const    0x0084dc   0x12  - Linker created -
  .near_func.text     ro code  0x0084ee   0x20  main.o [1]
  .near_func.text     ro code  0x00850e   0x1f  main.o [1]
  .near_func.text     ro code  0x00852d   0x1e  init_small.o [4]
  .near_func.text     ro code  0x00854b   0x1d  cstartup.o [4]
  .near_func.text     ro code  0x008568   0x1d  cppinit.o [4]
  .near_func.text     ro code  0x008585   0x1b  stm8l10x_it.o [1]
  .near_func.text     ro code  0x0085a0   0x1a  long_util.o [4]
  .near_func.text     ro code  0x0085ba   0x18  stm8l10x_it.o [1]
  .near_func.text     ro code  0x0085d2   0x18  stm8l10x_it.o [1]
  .near_func.text     ro code  0x0085ea   0x18  stm8l10x_it.o [1]
  .near_func.text     ro code  0x008602   0x18  stm8l10x_it.o [1]
  .near_func.text     ro code  0x00861a   0x18  stm8l10x_it.o [1]
  .near_func.text     ro code  0x008632   0x18  stm8l10x_it.o [1]
  .near_func.text     ro code  0x00864a   0x18  stm8l10x_it.o [1]
  .near_func.text     ro code  0x008662   0x18  stm8l10x_it.o [1]
  .near_func.text     ro code  0x00867a   0x18  stm8l10x_it.o [1]
  .near_func.text     ro code  0x008692   0x18  stm8l10x_it.o [1]
  .near_func.text     ro code  0x0086aa   0x17  main.o [1]
  .near_func.text     ro code  0x0086c1   0x17  stm8l10x_it.o [1]
  .near_func.text     ro code  0x0086d8   0x16  main.o [1]
  .near_func.text     ro code  0x0086ee   0x14  Spi_tests.o [1]
  .near_func.text     ro code  0x008702   0x14  init.o [4]
  .near_func.text     ro code  0x008716   0x14  __dbg_xxexit.o [3]
  .near_func.text     ro code  0x00872a   0x13  stm8l10x_it.o [1]
  .near_func.text     ro code  0x00873d   0x13  long.o [4]
  .near_func.text     ro code  0x008750    0xf  i2c.o [1]
  .near_func.text     ro code  0x00875f    0xe  main.o [1]
  .near_func.text     ro code  0x00876d    0xd  CmdSvr.o [1]
  .near_func.text     ro code  0x00877a    0xd  i2c.o [1]
  .near_func.text     ro code  0x008787    0xd  main.o [1]
  .near_func.text     ro code  0x008794    0xd  main.o [1]
  .near_func.text     ro code  0x0087a1    0xd  main.o [1]
  .near_func.text     ro code  0x0087ae    0xd  main.o [1]
  .near_func.text     ro code  0x0087bb    0xc  i2c.o [1]
  .near_func.text     ro code  0x0087c7    0xc  i2c.o [1]
  .near_func.text     ro code  0x0087d3    0xc  main.o [1]
  .near_func.text     ro code  0x0087df    0xb  i2c.o [1]
  .near_func.text     ro code  0x0087ea    0x9  i2c.o [1]
  .near_func.text     ro code  0x0087f3    0x9  main.o [1]
  .near_func.text     ro code  0x0087fc    0x9  main.o [1]
  .near_func.text     ro code  0x008805    0x9  main.o [1]
  .near_func.text     ro code  0x00880e    0x8  i2c.o [1]
  .near_func.text     ro code  0x008816    0x8  main.o [1]
  .near_func.text     ro code  0x00881e    0x8  cexit.o [4]
  .near_func.text     ro code  0x008826    0x7  i2c.o [1]
  .near_func.text     ro code  0x00882d    0x7  stm8l10x_it.o [1]
  .near_func.text     ro code  0x008834    0x6  i2c.o [1]
  .near_func.text     ro code  0x00883a    0x6  main.o [1]
  .near_func.text     ro code  0x008840    0x6  main.o [1]
  .near_func.text     ro code  0x008846    0x6  main.o [1]
  .near_func.text     ro code  0x00884c    0x6  stm8l10x_it.o [1]
  SHT$$PREINIT_ARRAY           0x008852    0x0  <Block>
  SHT$$INIT_ARRAY              0x008852    0x6  <Block>
    .difunct          const    0x008852    0x2  CmdSvr.o [1]
    .difunct          const    0x008854    0x2  main.o [1]
    .difunct          const    0x008856    0x2  Spi_tests.o [1]
  .near_func.text     ro code  0x008858    0x5  i2c.o [1]
  .near_func.text     ro code  0x00885d    0x5  i2c.o [1]
  .near_func.text     ro code  0x008862    0x3  interrupt.o [4]
  .near_func.text     ro code  0x008865    0x3  low_level_init.o [4]
  .near_func.text     ro code  0x008868    0x3  exit.o [4]
  .near_func.text     ro code  0x00886b    0x3  unhandled_exception.o [4]
  .near_func.text     ro code  0x00886e    0x2  Spi.o [1]
  .near_func.text     ro code  0x008870    0x2  Uart.o [1]
  .near_func.text     ro code  0x008872    0x1  main.o [1]
  .near_func.text     ro code  0x008873    0x1  Spi_tests.o [1]
  .near_func.text     ro code  0x008874    0x1  stm8l10x_it.o [1]
  .near_func.text     ro code  0x008875    0x1  stm8l10x_it.o [1]
  .near_func.text     ro code  0x008876    0x1  stm8l10x_it.o [1]
  .near_func.text     ro code  0x008877    0x1  stm8l10x_it.o [1]
  .near_func.text     ro code  0x008878    0x1  stm8l10x_it.o [1]
  .near_func.text     ro code  0x008879    0x1  stm8l10x_it.o [1]
  .near_func.text     ro code  0x00887a    0x1  system.o [1]
  .near_func.text     ro code  0x00887b    0x1  __dbg_break.o [3]
                             - 0x00887c  0x7fc


*******************************************************************************
*** INIT TABLE
***

          Address   Size
          -------   ----
Zero (__iar_zero_init2)
    1 destination range, total size 0x79:
          0x0000fd  0x79

Copy (__iar_copy_init2)
    1 source range, total size 0x25:
          0x008473  0x25
    1 destination range, total size 0x25:
          0x00000c  0x25



*******************************************************************************
*** MODULE SUMMARY
***

    Module                 ro code  ro data  rw data
    ------                 -------  -------  -------
C:\Amit_Chaudhary\STM8\STM8L101\code\STM8L101F3_FW\STM8L101F3P6_CPP - PulseOut - Opti - PulseIn_refinement\Debug\Obj: [1]
    CmdSvr.o                    13       17       19
    Spi.o                        2                11
    Spi_tests.o                 21        2        6
    Uart.o                       2
    i2c.o                      431                 2
    main.o                     461        2       84
    stm8l10x_it.o              555                12
    system.o                     1       20       20
    ------------------------------------------------
    Total:                   1 486       41      154

command line: [2]
    ------------------------------------------------
    Total:

dbgstm8smd.a: [3]
    __dbg_break.o                1
    __dbg_xxexit.o              20
    ------------------------------------------------
    Total:                      21

dlstm8smn.a: [4]
    cexit.o                      8
    cppinit.o                  160        2       10
    cstartup.o                  29
    exit.o                       3
    init.o                      20
    init_small.o                70
    interrupt.o                  3      128
    long.o                      19
    long_util.o                 26
    low_level_init.o             3
    unhandled_exception.o        3
    vreg_util.o                132
    vregs.o                                       12
    ------------------------------------------------
    Total:                     476      130       22

    Linker created                       18      454
----------------------------------------------------
    Grand Total:             1 983      189      630


*******************************************************************************
*** ENTRY LIST
***

Entry                    Address   Size  Type      Object
-----                    -------   ----  ----      ------
.iar.dynexit$$Base      0x000031          --   Gb  - Linker created -
.iar.dynexit$$Limit     0x0000fd          --   Gb  - Linker created -
.iar.init_table$$Base   0x0084dc          --   Gb  - Linker created -
.iar.init_table$$Limit  0x0084ee          --   Gb  - Linker created -
??call_ctors            0x008558         Code  Gb  cstartup.o [4]
?b0                     0x000000         Data  Gb  vregs.o [4]
?b1                     0x000001         Data  Gb  vregs.o [4]
?b10                    0x00000a         Data  Gb  vregs.o [4]
?b11                    0x00000b         Data  Gb  vregs.o [4]
?b2                     0x000002         Data  Gb  vregs.o [4]
?b3                     0x000003         Data  Gb  vregs.o [4]
?b4                     0x000004         Data  Gb  vregs.o [4]
?b5                     0x000005         Data  Gb  vregs.o [4]
?b6                     0x000006         Data  Gb  vregs.o [4]
?b7                     0x000007         Data  Gb  vregs.o [4]
?b8                     0x000008         Data  Gb  vregs.o [4]
?b9                     0x000009         Data  Gb  vregs.o [4]
?e0                     0x000001         Data  Gb  vregs.o [4]
?e1                     0x000005         Data  Gb  vregs.o [4]
?e2                     0x000009         Data  Gb  vregs.o [4]
?epilogue_l2            0x008215         Code  Gb  vreg_util.o [4]
?epilogue_w4            0x008219         Code  Gb  vreg_util.o [4]
?inc32_0x_0x            0x008742         Code  Gb  long.o [4]
?inc32_l0_l0            0x00873d         Code  Gb  long.o [4]
?l0                     0x000000         Data  Gb  vregs.o [4]
?l1                     0x000004         Data  Gb  vregs.o [4]
?l2                     0x000008         Data  Gb  vregs.o [4]
?load32_0x_l0           0x0085ac         Code  Gb  long_util.o [4]
?load32_l0_0x           0x0085a0         Code  Gb  long_util.o [4]
?pop_l0                 0x0081ec         Code  Gb  vreg_util.o [4]
?pop_l1                 0x0081f7         Code  Gb  vreg_util.o [4]
?pop_l2                 0x008202         Code  Gb  vreg_util.o [4]
?pop_w4                 0x0081b1         Code  Gb  vreg_util.o [4]
?push_l0                0x0081c0         Code  Gb  vreg_util.o [4]
?push_l1                0x0081c5         Code  Gb  vreg_util.o [4]
?push_l2                0x0081ca         Code  Gb  vreg_util.o [4]
?push_w4                0x008199         Code  Gb  vreg_util.o [4]
?w0                     0x000000         Data  Gb  vregs.o [4]
?w1                     0x000002         Data  Gb  vregs.o [4]
?w2                     0x000004         Data  Gb  vregs.o [4]
?w3                     0x000006         Data  Gb  vregs.o [4]
?w4                     0x000008         Data  Gb  vregs.o [4]
?w5                     0x00000a         Data  Gb  vregs.o [4]
AWU_IRQHandler()        0x008876    0x1  Code  Gb  stm8l10x_it.o [1]
COMP_IRQHandler()       0x008877    0x1  Code  Gb  stm8l10x_it.o [1]
CSTACK$$Base            0x000500          --   Gb  - Linker created -
CSTACK$$Limit           0x000600          --   Gb  - Linker created -
CmdSvrContext           0x00015c    0x4  Data  Gb  CmdSvr.o [1]
CmdSvr_Buf              0x00000c    0x7  Data  Gb  CmdSvr.o [1]
CmdSvr_RxBuf            0x000017    0x4  Data  Gb  CmdSvr.o [1]
CmdSvr_TxBuf            0x000013    0x4  Data  Gb  CmdSvr.o [1]
DigitalOut<(Port_t)20485, (PIN_t)2, (Mode_t)5>::SetOutputMode()
                        0x008787    0xd  Code  Gb  main.o [1]
DigitalOut<(Port_t)20490, (PIN_t)16, (Mode_t)5>::SetOutputMode()
                        0x0087a1    0xd  Code  Gb  main.o [1]
DigitalOut<(Port_t)20495, (PIN_t)1, (Mode_t)5>::SetOutputMode()
                        0x008794    0xd  Code  Gb  main.o [1]
DtorRecArray            0x000031    0x6  Data  Lc  cppinit.o [4]
Dummy_ISR()             0x00887a    0x1  Code  Gb  system.o [1]
EXTI0_IRQHandler()      0x0085ea   0x18  Code  Gb  stm8l10x_it.o [1]
EXTI1_IRQHandler()      0x008602   0x18  Code  Gb  stm8l10x_it.o [1]
EXTI2_IRQHandler()      0x00861a   0x18  Code  Gb  stm8l10x_it.o [1]
EXTI3_IRQHandler()      0x008632   0x18  Code  Gb  stm8l10x_it.o [1]
EXTI4_IRQHandler()      0x00864a   0x18  Code  Gb  stm8l10x_it.o [1]
EXTI5_IRQHandler()      0x008662   0x18  Code  Gb  stm8l10x_it.o [1]
EXTI6_IRQHandler()      0x00867a   0x18  Code  Gb  stm8l10x_it.o [1]
EXTI7_IRQHandler()      0x008692   0x18  Code  Gb  stm8l10x_it.o [1]
EXTIB_IRQHandler()      0x0085ba   0x18  Code  Gb  stm8l10x_it.o [1]
EXTID_IRQHandler()      0x0085d2   0x18  Code  Gb  stm8l10x_it.o [1]
EXTI_ISRs               0x00001b   0x14  Data  Gb  system.o [1]
FLASH_IRQHandler()      0x008875    0x1  Code  Gb  stm8l10x_it.o [1]
HAL::Spi::Spi()         0x00886e    0x2  Code  Gb  Spi.o [1]
HAL::Spi::m_Transaction
                        0x000145    0xb  Data  Gb  Spi.o [1]
HAL::Spi::~Spi()        0x008873    0x1  Code  Gb  Spi_tests.o [1]
HAL::Uart::Uart(USART_struct __near *)
                        0x008870    0x2  Code  Gb  Uart.o [1]
HAL::Uart::~Uart()      0x008872    0x1  Code  Gb  main.o [1]
I2C_IRQHandler()        0x00872a   0x13  Code  Gb  stm8l10x_it.o [1]
INTVEC$$Base            0x008000          --   Gb  - Linker created -
INTVEC$$Limit           0x008080          --   Gb  - Linker created -
IR_Transmitter()        0x00875f    0xe  Code  Gb  main.o [1]
IrEncoder<(TIMx_t)21120, (Timer_Channel_t)1, (unsigned short)32, (unsigned short)4500, (unsigned short)4500, (unsigned short)560, (unsigned short)1600, (unsigned short)560, (unsigned short)2250>::TxByte(unsigned char)
                        0x008360   0x34  Code  Gb  main.o [1]
Ir_Decoder_Fast         0x0000fd   0x48  Data  Gb  main.o [1]
Ir_Encoder              0x000170    0x2  Data  Gb  main.o [1]
PB1                     0x000174    0x1  Data  Gb  main.o [1]
PC4                     0x000175    0x1  Data  Gb  main.o [1]
Region$$Table$$Base     0x0084dc          --   Gb  - Linker created -
Region$$Table$$Limit    0x0084ee          --   Gb  - Linker created -
SHT$$INIT_ARRAY$$Base   0x008852          --   Gb  - Linker created -
SHT$$INIT_ARRAY$$Limit  0x008858          --   Gb  - Linker created -
SHT$$PREINIT_ARRAY$$Base
                        0x008852          --   Gb  - Linker created -
SHT$$PREINIT_ARRAY$$Limit
                        0x008852          --   Gb  - Linker created -
SPI_IRQHandler()        0x00821d   0x80  Code  Gb  stm8l10x_it.o [1]
TIM2Ticks               0x000160    0x4  Data  Gb  stm8l10x_it.o [1]
TIM2_CAP_IRQHandler()   0x0082eb   0x40  Code  Gb  stm8l10x_it.o [1]
TIM2_UPD_OVF_TRG_BRK_IRQHandler()
                        0x008498   0x23  Code  Gb  stm8l10x_it.o [1]
TIM3Ticks               0x000164    0x4  Data  Gb  stm8l10x_it.o [1]
TIM3_CAP_IRQHandler()   0x008878    0x1  Code  Gb  stm8l10x_it.o [1]
TIM3_UPD_OVF_TRG_BRK_IRQHandler()
                        0x008585   0x1b  Code  Gb  stm8l10x_it.o [1]
TIM4Ticks               0x000168    0x4  Data  Gb  stm8l10x_it.o [1]
TIM4_UPD_OVF_IRQHandler()
                        0x0086c1   0x17  Code  Gb  stm8l10x_it.o [1]
TRAP_IRQHandler()       0x008874    0x1  Code  Gb  stm8l10x_it.o [1]
USART_RX_IRQHandler()   0x008879    0x1  Code  Gb  stm8l10x_it.o [1]
__DebugBreak            0x00887b    0x1  Code  Gb  __dbg_break.o [3]
__call_ctors            0x008568   0x1d  Code  Gb  cppinit.o [4]
__call_dtors            0x0082e7    0x4  Code  Gb  cppinit.o [4]
__cstart_call_dtors     0x00881f         Code  Gb  cexit.o [4]
__cxa_atexit            0x00832b   0x35  Code  Gb  cppinit.o [4]
__cxa_finalize          0x00829d   0x4a  Code  Gb  cppinit.o [4]
__dso_handle            0x000172    0x2  Data  Gb  cppinit.o [4]
__exit                  0x008716   0x14  Code  Gb  __dbg_xxexit.o [3]
__iar_copy_init2        0x00844b         Code  Gb  init_small.o [4]
__iar_cstart_call_ctors
                        0x008558         Code  Gb  cstartup.o [4]
__iar_data_init2        0x008702   0x14  Code  Gb  init.o [4]
__iar_program_start     0x00854b         Code  Gb  cstartup.o [4]
__iar_unhandled_exception
                        0x00886b         Code  Gb  unhandled_exception.o [4]
__iar_zero_init2        0x00852d         Code  Gb  init_small.o [4]
__intvec                0x008000         Data  Gb  interrupt.o [4]
__low_level_init        0x008865    0x3  Code  Gb  low_level_init.o [4]
__sti__routine          0x00876d    0xd  Code  Lc  CmdSvr.o [1]
__sti__routine          0x0086aa   0x17  Code  Lc  main.o [1]
__sti__routine          0x0086ee   0x14  Code  Lc  Spi_tests.o [1]
_exit                   0x00881e         Code  Gb  cexit.o [4]
_interrupt_1            0x008874         Code  Gb  stm8l10x_it.o [1]
_interrupt_10           0x0085ea         Code  Gb  stm8l10x_it.o [1]
_interrupt_11           0x008602         Code  Gb  stm8l10x_it.o [1]
_interrupt_12           0x00861a         Code  Gb  stm8l10x_it.o [1]
_interrupt_13           0x008632         Code  Gb  stm8l10x_it.o [1]
_interrupt_14           0x00864a         Code  Gb  stm8l10x_it.o [1]
_interrupt_15           0x008662         Code  Gb  stm8l10x_it.o [1]
_interrupt_16           0x00867a         Code  Gb  stm8l10x_it.o [1]
_interrupt_17           0x008692         Code  Gb  stm8l10x_it.o [1]
_interrupt_20           0x008877         Code  Gb  stm8l10x_it.o [1]
_interrupt_21           0x008498         Code  Gb  stm8l10x_it.o [1]
_interrupt_22           0x0082eb         Code  Gb  stm8l10x_it.o [1]
_interrupt_23           0x008585         Code  Gb  stm8l10x_it.o [1]
_interrupt_24           0x008878         Code  Gb  stm8l10x_it.o [1]
_interrupt_27           0x0086c1         Code  Gb  stm8l10x_it.o [1]
_interrupt_28           0x00821d         Code  Gb  stm8l10x_it.o [1]
_interrupt_3            0x008875         Code  Gb  stm8l10x_it.o [1]
_interrupt_30           0x008879         Code  Gb  stm8l10x_it.o [1]
_interrupt_31           0x00872a         Code  Gb  stm8l10x_it.o [1]
_interrupt_6            0x008876         Code  Gb  stm8l10x_it.o [1]
_interrupt_8            0x0085ba         Code  Gb  stm8l10x_it.o [1]
_interrupt_9            0x0085d2         Code  Gb  stm8l10x_it.o [1]
delay_ms(unsigned int)  0x00850e   0x1f  Code  Lc  main.o [1]
exit                    0x008868    0x3  Code  Gb  exit.o [4]
gpt4<unsigned long>::Delay_US(unsigned short)
                        0x008422   0x29  Code  Gb  main.o [1]
gpt4<unsigned long>::HwInit(unsigned char, unsigned char)
                        0x0084ee   0x20  Code  Gb  main.o [1]
gpt<(TIMx_t)21120, (Tick_t)1, (unsigned short)209, (unsigned char)1>::HwInit()
                        0x0084bb   0x21  Code  Gb  main.o [1]
gpt<(TIMx_t)21120, (Tick_t)1, (unsigned short)209, (unsigned char)1>::Start()
                        0x0087ae    0xd  Code  Gb  main.o [1]
i2c::I2C_ISR_Slave()    0x008080  0x119  Code  Gb  i2c.o [1]
i2c::m_i2c_this         0x00016c    0x2  Data  Gb  i2c.o [1]
main                    0x0086d8   0x16  Code  Gb  main.o [1]
next_abi_dtor_rec       0x00002f    0x2  Data  Lc  cppinit.o [4]
pulseOut<(TIMx_t)21120, (Timer_Channel_t)1, (unsigned long)38000>::HwInit()
                        0x0083f5   0x2d  Code  Gb  main.o [1]
spi                     0x000156    0x6  Data  Gb  Spi_tests.o [1]
timer4                  0x00016e    0x2  Data  Gb  main.o [1]
uart1                   0x000150    0x6  Data  Lc  main.o [1]


[1] = C:\Amit_Chaudhary\STM8\STM8L101\code\STM8L101F3_FW\STM8L101F3P6_CPP - PulseOut - Opti - PulseIn_refinement\Debug\Obj
[2] = command line
[3] = dbgstm8smd.a
[4] = dlstm8smn.a

  1 983 bytes of readonly  code memory
    189 bytes of readonly  data memory
    630 bytes of readwrite data memory

Errors: none
Warnings: none
