###############################################################################
#
# IAR ELF Linker V3.11.1.207 for STM8                     25/Aug/2019  20:23:01
# Copyright 2010-2019 IAR Systems AB.
#
#    Output file  =  
#        C:\Amit_Chaudhary\STM8\STM8L\Code\STM8L101F3_FW\STM8L101F3P6_CPP -
#        GenericI2c\Debug\Exe\STM8L101F3_FW_CPP.out
#    Map file     =  
#        C:\Amit_Chaudhary\STM8\STM8L\Code\STM8L101F3_FW\STM8L101F3P6_CPP -
#        GenericI2c\Debug\List\STM8L101F3_FW_CPP.map
#    Command line =  
#        -f C:\Users\amit4\AppData\Local\Temp\EWF0C9.tmp
#        ("C:\Amit_Chaudhary\STM8\STM8L\Code\STM8L101F3_FW\STM8L101F3P6_CPP -
#        GenericI2c\Debug\Obj\GenericI2c.o"
#        "C:\Amit_Chaudhary\STM8\STM8L\Code\STM8L101F3_FW\STM8L101F3P6_CPP -
#        GenericI2c\Debug\Obj\gpio_tests.o"
#        "C:\Amit_Chaudhary\STM8\STM8L\Code\STM8L101F3_FW\STM8L101F3P6_CPP -
#        GenericI2c\Debug\Obj\i2c.o"
#        "C:\Amit_Chaudhary\STM8\STM8L\Code\STM8L101F3_FW\STM8L101F3P6_CPP -
#        GenericI2c\Debug\Obj\i2c_tests.o"
#        "C:\Amit_Chaudhary\STM8\STM8L\Code\STM8L101F3_FW\STM8L101F3P6_CPP -
#        GenericI2c\Debug\Obj\main.o"
#        "C:\Amit_Chaudhary\STM8\STM8L\Code\STM8L101F3_FW\STM8L101F3P6_CPP -
#        GenericI2c\Debug\Obj\stm8l10x_clk.o"
#        "C:\Amit_Chaudhary\STM8\STM8L\Code\STM8L101F3_FW\STM8L101F3P6_CPP -
#        GenericI2c\Debug\Obj\stm8l10x_i2c.o"
#        "C:\Amit_Chaudhary\STM8\STM8L\Code\STM8L101F3_FW\STM8L101F3P6_CPP -
#        GenericI2c\Debug\Obj\stm8l10x_it.o"
#        "C:\Amit_Chaudhary\STM8\STM8L\Code\STM8L101F3_FW\STM8L101F3P6_CPP -
#        GenericI2c\Debug\Obj\system.o" --redirect _Printf=_PrintfFullNoMb
#        --redirect _Scanf=_ScanfFullNoMb --no_out_extension -o
#        "C:\Amit_Chaudhary\STM8\STM8L\Code\STM8L101F3_FW\STM8L101F3P6_CPP -
#        GenericI2c\Debug\Exe\STM8L101F3_FW_CPP.out" --map
#        "C:\Amit_Chaudhary\STM8\STM8L\Code\STM8L101F3_FW\STM8L101F3P6_CPP -
#        GenericI2c\Debug\List\STM8L101F3_FW_CPP.map" --config "C:\Program
#        Files (x86)\IAR Systems\Embedded Workbench
#        8.0\stm8\config\lnkstm8l101f3.icf" --config_def _CSTACK_SIZE=0x100
#        --config_def _HEAP_SIZE=0x100 --entry __iar_program_start --debug_lib)
#
###############################################################################

*******************************************************************************
*** RUNTIME MODEL ATTRIBUTES
***

__SystemLibrary            = DLib
__code_model               = small
__core                     = stm8
__data_model               = medium
__dlib_file_descriptor     = 0
__dlib_full_locale_support = 0
__rt_version               = 4


*******************************************************************************
*** PLACEMENT SUMMARY
***

"A0":  place at start of [0x000000-0x0000ff] { rw section .vregs };
"A1":  place at end of [0x000000-0x0005ff] { block CSTACK };
"P2":  place in [from 0x000000 to 0x0005ff] {
          block HEAP, rw section __DLIB_PERTHREAD, rw section .far.bss,
          rw section .far.data, rw section .far.noinit,
          rw section .far_func.textrw, rw section .huge.bss,
          rw section .huge.data, rw section .huge.noinit,
          rw section .huge_func.textrw, rw section .iar.dynexit,
          rw section .near.bss, rw section .near.data, rw section .near.noinit,
          rw section .near_func.textrw };
"A2":  place at start of [0x008000-0x009fff] { block INTVEC };
"P3":  place in [from 0x008000 to 0x009fff] {
          ro section __DLIB_PERTHREAD_init, ro section .far.data_init,
          ro section .far_func.textrw_init, ro section .huge.data_init,
          ro section .huge_func.textrw_init, ro section .iar.init_table,
          ro section .init_array, ro section .near.data_init,
          ro section .near.rodata, ro section .near_func.text,
          ro section .near_func.textrw_init, ro section .tiny.data_init,
          ro section .tiny.rodata_init };
"P4":  place in [from 0x008000 to 0x009fff] {
          ro section .far.rodata, ro section .far_func.text };
"P5":  place in [from 0x008000 to 0x009fff] {
          ro section .huge.rodata, ro section .huge_func.text };
do not initialize {
   rw section .far.noinit, rw section .huge.noinit, rw section .near.noinit,
   rw section .tiny.noinit, rw section .vregs };
initialize by copy {
   rw section .far.bss, rw section .far.data, rw section .far_func.textrw,
   rw section .huge.bss, rw section .huge.data, rw section .huge_func.textrw,
   rw section .iar.dynexit, rw section .near.bss, rw section .near.data,
   rw section .near_func.textrw, rw section .tiny.bss, rw section .tiny.data,
   ro section .tiny.rodata };

No sections matched the following patterns:

  ro section .far.data_init          in "P3-P5"
  ro section .far.rodata             in "P3-P5"
  ro section .far_func.text          in "P3-P5"
  ro section .far_func.textrw_init   in "P3-P5"
  ro section .huge.data_init         in "P3-P5"
  ro section .huge.rodata            in "P3-P5"
  ro section .huge_func.text         in "P3-P5"
  ro section .huge_func.textrw_init  in "P3-P5"
  ro section .iar.init_table         in "P3-P5"
  ro section .init_array             in "P3-P5"
  ro section .near_func.textrw_init  in "P3-P5"
  ro section .tiny.data_init         in "P3-P5"
  ro section .tiny.rodata_init       in "P3-P5"
  ro section __DLIB_PERTHREAD_init   in "P3-P5"
  rw section .far.bss                in "P2"
  rw section .far.data               in "P2"
  rw section .far.noinit             in "P2"
  rw section .far_func.textrw        in "P2"
  rw section .huge.bss               in "P2"
  rw section .huge.data              in "P2"
  rw section .huge.noinit            in "P2"
  rw section .huge_func.textrw       in "P2"
  rw section .iar.dynexit            in "P2"
  rw section .near.noinit            in "P2"
  rw section .near_func.textrw       in "P2"
  rw section .tiny.bss               in "P1"
  rw section .tiny.data              in "P1"
  rw section .tiny.noinit            in "P1"
  rw section .tiny.rodata            in "P1"
  rw section __DLIB_PERTHREAD        in "P2"


  Section            Kind      Address    Size  Object
  -------            ----      -------    ----  ------
"A0":                                     0x10
  .vregs             uninit   0x000000    0x10  vregs.o [4]
                            - 0x000010    0x10

"P2", part 1 of 2:                       0x169
  P2-1                        0x000010   0x169  <Init block>
    .near.data       inited   0x000010   0x158  i2c_tests.o [1]
    .near.data       inited   0x000168     0x1  i2c_tests.o [1]
    .near.data       inited   0x000169    0x10  system.o [1]
                            - 0x000179   0x169

"P2", part 2 of 2:                        0x2b
  .near.bss          zero     0x000179     0xc  i2c_tests.o [1]
  .near.bss          zero     0x000185     0xa  i2c_tests.o [1]
  .near.bss          zero     0x00018f     0xa  i2c_tests.o [1]
  .near.bss          zero     0x000199     0x2  i2c.o [1]
  .near.bss          zero     0x00019b     0x2  i2c.o [1]
  .near.bss          zero     0x00019d     0x1  i2c_tests.o [1]
  .near.bss          zero     0x00019e     0x1  i2c_tests.o [1]
  .near.bss          zero     0x00019f     0x1  i2c_tests.o [1]
  .near.bss          zero     0x0001a0     0x1  i2c_tests.o [1]
  .near.bss          zero     0x0001a1     0x1  i2c_tests.o [1]
  .near.bss          zero     0x0001a2     0x1  i2c_tests.o [1]
  .near.bss          zero     0x0001a3     0x1  i2c_tests.o [1]
                            - 0x0001a4    0x2b

"A1":                                    0x100
  CSTACK                      0x000500   0x100  <Block>
    CSTACK           uninit   0x000500   0x100  <Block tail>
                            - 0x000600   0x100

"A2":                                     0x80
  INTVEC                      0x008000    0x80  <Block>
    .intvec          const    0x008000    0x80  interrupt.o [4]
                            - 0x008080    0x80

"P3-P5":                                0x1474
  .near_func.text    ro code  0x008080   0x253  i2c_tests.o [1]
  .near_func.text    ro code  0x0082d3   0x232  i2c.o [1]
  .near_func.text    ro code  0x008505   0x1fd  i2c.o [1]
  Initializer bytes  const    0x008702   0x169  <for P2-1>
  .near_func.text    ro code  0x00886b   0x15f  stm8l10x_i2c.o [1]
  .near_func.text    ro code  0x0089ca   0x110  long.o [4]
  .near_func.text    ro code  0x008ada    0xf2  vreg_util.o [4]
  .near_func.text    ro code  0x008bcc    0xdc  i2c.o [1]
  .near_func.text    ro code  0x008ca8    0x88  i2c.o [1]
  .near_func.text    ro code  0x008d30    0x7f  i2c.o [1]
  .near_func.text    ro code  0x008daf    0x76  i2c.o [1]
  .near.rodata       const    0x008e25    0x6e  stm8l10x_i2c.o [1]
  .near_func.text    ro code  0x008e93    0x4a  i2c.o [1]
  .near_func.text    ro code  0x008edd    0x3f  short.o [4]
  .near_func.text    ro code  0x008f1c    0x30  i2c.o [1]
  .near_func.text    ro code  0x008f4c    0x30  memcmp.o [4]
  .near_func.text    ro code  0x008f7c    0x2f  i2c.o [1]
  .near_func.text    ro code  0x008fab    0x2b  i2c.o [1]
  .near_func.text    ro code  0x008fd6    0x2a  i2c_tests.o [1]
  .near_func.text    ro code  0x009000    0x28  i2c.o [1]
  .near_func.text    ro code  0x009028    0x28  init_small.o [4]
  .near_func.text    ro code  0x009050    0x25  dc_util.o [4]
  .near_func.text    ro code  0x009075    0x24  i2c_tests.o [1]
  .iar.init_table    const    0x009099    0x12  - Linker created -
  .near_func.text    ro code  0x0090ab    0x20  i2c.o [1]
  .near_func.text    ro code  0x0090cb    0x1e  init_small.o [4]
  .near_func.text    ro code  0x0090e9    0x18  i2c.o [1]
  .near_func.text    ro code  0x009101    0x18  stm8l10x_clk.o [1]
  .near_func.text    ro code  0x009119    0x18  stm8l10x_it.o [1]
  .near_func.text    ro code  0x009131    0x18  stm8l10x_it.o [1]
  .near_func.text    ro code  0x009149    0x18  stm8l10x_it.o [1]
  .near_func.text    ro code  0x009161    0x18  stm8l10x_it.o [1]
  .near_func.text    ro code  0x009179    0x18  stm8l10x_it.o [1]
  .near_func.text    ro code  0x009191    0x18  stm8l10x_it.o [1]
  .near_func.text    ro code  0x0091a9    0x18  stm8l10x_it.o [1]
  .near_func.text    ro code  0x0091c1    0x18  stm8l10x_it.o [1]
  .near_func.text    ro code  0x0091d9    0x18  long_util.o [4]
  .near_func.text    ro code  0x0091f1    0x16  stm8l10x_i2c.o [1]
  .near_func.text    ro code  0x009207    0x14  init.o [4]
  .near_func.text    ro code  0x00921b    0x14  __dbg_xxexit.o [3]
  .near_func.text    ro code  0x00922f    0x13  i2c_tests.o [1]
  .near_func.text    ro code  0x009242    0x13  stm8l10x_it.o [1]
  .near_func.text    ro code  0x009255    0x13  cstartup.o [4]
  .near_func.text    ro code  0x009268    0x11  i2c.o [1]
  .near_func.text    ro code  0x009279    0x11  main.o [1]
  .near_func.text    ro code  0x00928a    0x10  i2c.o [1]
  .near_func.text    ro code  0x00929a    0x10  i2c_tests.o [1]
  .near_func.text    ro code  0x0092aa     0xe  i2c.o [1]
  .near_func.text    ro code  0x0092b8     0xe  i2c.o [1]
  .near_func.text    ro code  0x0092c6     0xe  i2c.o [1]
  .near_func.text    ro code  0x0092d4     0xd  i2c.o [1]
  .near_func.text    ro code  0x0092e1     0xd  i2c.o [1]
  .near_func.text    ro code  0x0092ee     0xd  i2c.o [1]
  .near_func.text    ro code  0x0092fb     0xd  i2c_tests.o [1]
  .near_func.text    ro code  0x009308     0xc  i2c.o [1]
  .near_func.text    ro code  0x009314     0xc  i2c_tests.o [1]
  .near_func.text    ro code  0x009320     0xb  i2c.o [1]
  .near_func.text    ro code  0x00932b     0xb  i2c.o [1]
  .near_func.text    ro code  0x009336     0xb  stm8l10x_i2c.o [1]
  .near_func.text    ro code  0x009341     0xa  i2c.o [1]
  .near_func.text    ro code  0x00934b     0xa  i2c.o [1]
  .near_func.text    ro code  0x009355     0xa  i2c.o [1]
  .near_func.text    ro code  0x00935f     0xa  i2c.o [1]
  .near_func.text    ro code  0x009369     0x9  i2c.o [1]
  .near_func.text    ro code  0x009372     0x9  i2c.o [1]
  .near_func.text    ro code  0x00937b     0x9  i2c.o [1]
  .near_func.text    ro code  0x009384     0x9  i2c.o [1]
  .near_func.text    ro code  0x00938d     0x9  i2c.o [1]
  .near_func.text    ro code  0x009396     0x9  i2c.o [1]
  .near_func.text    ro code  0x00939f     0x9  i2c.o [1]
  .near_func.text    ro code  0x0093a8     0x9  i2c.o [1]
  .near_func.text    ro code  0x0093b1     0x9  i2c.o [1]
  .near_func.text    ro code  0x0093ba     0x9  i2c_tests.o [1]
  .near_func.text    ro code  0x0093c3     0x9  i2c_tests.o [1]
  .near_func.text    ro code  0x0093cc     0x9  i2c_tests.o [1]
  .near_func.text    ro code  0x0093d5     0x9  i2c_tests.o [1]
  .near_func.text    ro code  0x0093de     0x9  i2c_tests.o [1]
  .near_func.text    ro code  0x0093e7     0x9  i2c_tests.o [1]
  .near_func.text    ro code  0x0093f0     0x9  i2c_tests.o [1]
  .near_func.text    ro code  0x0093f9     0x9  stm8l10x_i2c.o [1]
  .near_func.text    ro code  0x009402     0x8  i2c.o [1]
  .near_func.text    ro code  0x00940a     0x8  i2c.o [1]
  .near_func.text    ro code  0x009412     0x8  i2c.o [1]
  .near_func.text    ro code  0x00941a     0x8  i2c.o [1]
  .near_func.text    ro code  0x009422     0x8  i2c.o [1]
  .near_func.text    ro code  0x00942a     0x8  i2c.o [1]
  .near_func.text    ro code  0x009432     0x8  i2c.o [1]
  .near_func.text    ro code  0x00943a     0x8  i2c.o [1]
  .near_func.text    ro code  0x009442     0x7  i2c.o [1]
  .near_func.text    ro code  0x009449     0x7  i2c.o [1]
  .near_func.text    ro code  0x009450     0x7  i2c.o [1]
  .near_func.text    ro code  0x009457     0x7  i2c.o [1]
  .near_func.text    ro code  0x00945e     0x7  i2c.o [1]
  .near_func.text    ro code  0x009465     0x7  stm8l10x_it.o [1]
  .near_func.text    ro code  0x00946c     0x6  i2c.o [1]
  .near_func.text    ro code  0x009472     0x6  i2c.o [1]
  .near_func.text    ro code  0x009478     0x6  i2c.o [1]
  .near_func.text    ro code  0x00947e     0x6  i2c.o [1]
  .near_func.text    ro code  0x009484     0x6  stm8l10x_i2c.o [1]
  .near_func.text    ro code  0x00948a     0x5  i2c.o [1]
  .near_func.text    ro code  0x00948f     0x5  i2c.o [1]
  .near_func.text    ro code  0x009494     0x5  i2c.o [1]
  .near_func.text    ro code  0x009499     0x5  i2c_tests.o [1]
  .near_func.text    ro code  0x00949e     0x5  i2c_tests.o [1]
  .near_func.text    ro code  0x0094a3     0x5  i2c_tests.o [1]
  .near_func.text    ro code  0x0094a8     0x5  i2c_tests.o [1]
  .near_func.text    ro code  0x0094ad     0x5  cexit.o [4]
  .near.rodata       const    0x0094b2     0x4  stm8l10x_clk.o [1]
  .near_func.text    ro code  0x0094b6     0x4  i2c.o [1]
  .near_func.text    ro code  0x0094ba     0x4  i2c.o [1]
  .near_func.text    ro code  0x0094be     0x4  i2c.o [1]
  .near_func.text    ro code  0x0094c2     0x4  i2c.o [1]
  .near_func.text    ro code  0x0094c6     0x4  i2c.o [1]
  .near_func.text    ro code  0x0094ca     0x4  i2c_tests.o [1]
  .near_func.text    ro code  0x0094ce     0x4  i2c_tests.o [1]
  .near_func.text    ro code  0x0094d2     0x4  i2c_tests.o [1]
  .near_func.text    ro code  0x0094d6     0x3  interrupt.o [4]
  .near_func.text    ro code  0x0094d9     0x3  low_level_init.o [4]
  .near_func.text    ro code  0x0094dc     0x3  exit.o [4]
  .near_func.text    ro code  0x0094df     0x3  unhandled_exception.o [4]
  .near_func.text    ro code  0x0094e2     0x2  main.o [1]
  .near_func.text    ro code  0x0094e4     0x1  stm8l10x_it.o [1]
  .near_func.text    ro code  0x0094e5     0x1  stm8l10x_it.o [1]
  .near_func.text    ro code  0x0094e6     0x1  stm8l10x_it.o [1]
  .near_func.text    ro code  0x0094e7     0x1  stm8l10x_it.o [1]
  .near_func.text    ro code  0x0094e8     0x1  stm8l10x_it.o [1]
  .near_func.text    ro code  0x0094e9     0x1  stm8l10x_it.o [1]
  .near_func.text    ro code  0x0094ea     0x1  stm8l10x_it.o [1]
  .near_func.text    ro code  0x0094eb     0x1  stm8l10x_it.o [1]
  .near_func.text    ro code  0x0094ec     0x1  stm8l10x_it.o [1]
  .near_func.text    ro code  0x0094ed     0x1  stm8l10x_it.o [1]
  .near_func.text    ro code  0x0094ee     0x1  stm8l10x_it.o [1]
  .near_func.text    ro code  0x0094ef     0x1  stm8l10x_it.o [1]
  .near_func.text    ro code  0x0094f0     0x1  stm8l10x_it.o [1]
  .near_func.text    ro code  0x0094f1     0x1  stm8l10x_it.o [1]
  .near_func.text    ro code  0x0094f2     0x1  system.o [1]
  .near_func.text    ro code  0x0094f3     0x1  __dbg_break.o [3]
                            - 0x0094f4  0x1474


*******************************************************************************
*** INIT TABLE
***

          Address   Size
          -------   ----
Zero (__iar_zero_init2)
    1 destination range, total size 0x2b:
          0x000179   0x2b

Copy (__iar_copy_init2)
    1 source range, total size 0x169:
          0x008702  0x169
    1 destination range, total size 0x169:
          0x000010  0x169



*******************************************************************************
*** MODULE SUMMARY
***

    Module                 ro code  ro data  rw data
    ------                 -------  -------  -------
C:\Amit_Chaudhary\STM8\STM8L\Code\STM8L101F3_FW\STM8L101F3P6_CPP - GenericI2c\Debug\Obj: [1]
    i2c.o                    2 407                 4
    i2c_tests.o                828      345      384
    main.o                      19
    stm8l10x_clk.o              24        4
    stm8l10x_i2c.o             399      110
    stm8l10x_it.o              232
    system.o                     1       16       16
    ------------------------------------------------
    Total:                   3 910      475      404

command line: [2]
    ------------------------------------------------
    Total:

dbgstm8smd.a: [3]
    __dbg_break.o                1
    __dbg_xxexit.o              20
    ------------------------------------------------
    Total:                      21

dlstm8smn.a: [4]
    cexit.o                      5
    cstartup.o                  19
    dc_util.o                   37
    exit.o                       3
    init.o                      20
    init_small.o                70
    interrupt.o                  3      128
    long.o                     272
    long_util.o                 24
    low_level_init.o             3
    memcmp.o                    48
    short.o                     63
    unhandled_exception.o        3
    vreg_util.o                242
    vregs.o                                       16
    ------------------------------------------------
    Total:                     812      128       16

    Linker created                       18      256
----------------------------------------------------
    Grand Total:             4 743      621      676


*******************************************************************************
*** ENTRY LIST
***

Entry                    Address   Size  Type      Object
-----                    -------   ----  ----      ------
.iar.init_table$$Base   0x009099          --   Gb  - Linker created -
.iar.init_table$$Limit  0x0090ab          --   Gb  - Linker created -
?b0                     0x000000         Data  Gb  vregs.o [4]
?b1                     0x000001         Data  Gb  vregs.o [4]
?b10                    0x00000a         Data  Gb  vregs.o [4]
?b11                    0x00000b         Data  Gb  vregs.o [4]
?b12                    0x00000c         Data  Gb  vregs.o [4]
?b13                    0x00000d         Data  Gb  vregs.o [4]
?b14                    0x00000e         Data  Gb  vregs.o [4]
?b15                    0x00000f         Data  Gb  vregs.o [4]
?b2                     0x000002         Data  Gb  vregs.o [4]
?b3                     0x000003         Data  Gb  vregs.o [4]
?b4                     0x000004         Data  Gb  vregs.o [4]
?b5                     0x000005         Data  Gb  vregs.o [4]
?b6                     0x000006         Data  Gb  vregs.o [4]
?b7                     0x000007         Data  Gb  vregs.o [4]
?b8                     0x000008         Data  Gb  vregs.o [4]
?b9                     0x000009         Data  Gb  vregs.o [4]
?dc32_l0                0x009050         Code  Gb  dc_util.o [4]
?dc32_l1                0x00905d         Code  Gb  dc_util.o [4]
?dc32_px                0x00906a         Code  Gb  dc_util.o [4]
?e0                     0x000001         Data  Gb  vregs.o [4]
?e1                     0x000005         Data  Gb  vregs.o [4]
?e2                     0x000009         Data  Gb  vregs.o [4]
?e3                     0x00000d         Data  Gb  vregs.o [4]
?epilogue_l2            0x008b75         Code  Gb  vreg_util.o [4]
?epilogue_l2_l3         0x008b72         Code  Gb  vreg_util.o [4]
?epilogue_l2_w6         0x008b79         Code  Gb  vreg_util.o [4]
?epilogue_w4            0x008b80         Code  Gb  vreg_util.o [4]
?l0                     0x000000         Data  Gb  vregs.o [4]
?l1                     0x000004         Data  Gb  vregs.o [4]
?l2                     0x000008         Data  Gb  vregs.o [4]
?l3                     0x00000c         Data  Gb  vregs.o [4]
?load32_l0_0x           0x0091d9         Code  Gb  long_util.o [4]
?load32_l1_0x           0x0091e5         Code  Gb  long_util.o [4]
?mov_e0_e2              0x008b8e         Code  Gb  vreg_util.o [4]
?mov_e0_e3              0x008b9b         Code  Gb  vreg_util.o [4]
?mov_e1_e0              0x008ba8         Code  Gb  vreg_util.o [4]
?mov_e2_e0              0x008bb5         Code  Gb  vreg_util.o [4]
?mov_e3_e0              0x008bc2         Code  Gb  vreg_util.o [4]
?mov_l0_l2              0x008b8b         Code  Gb  vreg_util.o [4]
?mov_l0_l3              0x008b98         Code  Gb  vreg_util.o [4]
?mov_l1_l0              0x008ba5         Code  Gb  vreg_util.o [4]
?mov_l2_l0              0x008bb2         Code  Gb  vreg_util.o [4]
?mov_l3_l0              0x008bbf         Code  Gb  vreg_util.o [4]
?mov_w1_w5              0x008b91         Code  Gb  vreg_util.o [4]
?mov_w1_w7              0x008b9e         Code  Gb  vreg_util.o [4]
?mov_w3_w1              0x008bab         Code  Gb  vreg_util.o [4]
?mov_w4_w1              0x008b84         Code  Gb  vreg_util.o [4]
?mov_w5_w1              0x008bb8         Code  Gb  vreg_util.o [4]
?mov_w7_w1              0x008bc5         Code  Gb  vreg_util.o [4]
?mul16_x_x_w0           0x008edd         Code  Gb  short.o [4]
?mul32_l0_l0_0x         0x0089cd         Code  Gb  long.o [4]
?mul32_l0_l0_dl         0x0089ca         Code  Gb  long.o [4]
?mul32_l0_l0_l1         0x0089d6         Code  Gb  long.o [4]
?pop_l0                 0x008b3e         Code  Gb  vreg_util.o [4]
?pop_l1                 0x008b49         Code  Gb  vreg_util.o [4]
?pop_l2                 0x008b54         Code  Gb  vreg_util.o [4]
?pop_l3                 0x008b5f         Code  Gb  vreg_util.o [4]
?pop_w4                 0x008af7         Code  Gb  vreg_util.o [4]
?pop_w6                 0x008afe         Code  Gb  vreg_util.o [4]
?push_l0                0x008b0d         Code  Gb  vreg_util.o [4]
?push_l1                0x008b12         Code  Gb  vreg_util.o [4]
?push_l2                0x008b17         Code  Gb  vreg_util.o [4]
?push_l3                0x008b1c         Code  Gb  vreg_util.o [4]
?push_w4                0x008ada         Code  Gb  vreg_util.o [4]
?push_w6                0x008adf         Code  Gb  vreg_util.o [4]
?sdiv16_x_x_y           0x008efb         Code  Gb  short.o [4]
?sll32_0x_0x_a          0x008acc         Code  Gb  long.o [4]
?sll32_l0_l0_a          0x008ac9         Code  Gb  long.o [4]
?srl16_x_x_4            0x008f17         Code  Gb  short.o [4]
?srl16_x_x_5            0x008f16         Code  Gb  short.o [4]
?srl16_x_x_6            0x008f15         Code  Gb  short.o [4]
?srl16_x_x_7            0x008f14         Code  Gb  short.o [4]
?udiv32_l0_dl_l1        0x008a54         Code  Gb  long.o [4]
?udiv32_l0_l0_dl        0x008a59         Code  Gb  long.o [4]
?udiv32_l0_l0_l1        0x008a5c         Code  Gb  long.o [4]
?umod32_l1_l0_l1        0x008a5c         Code  Gb  long.o [4]
?w0                     0x000000         Data  Gb  vregs.o [4]
?w1                     0x000002         Data  Gb  vregs.o [4]
?w2                     0x000004         Data  Gb  vregs.o [4]
?w3                     0x000006         Data  Gb  vregs.o [4]
?w4                     0x000008         Data  Gb  vregs.o [4]
?w5                     0x00000a         Data  Gb  vregs.o [4]
?w6                     0x00000c         Data  Gb  vregs.o [4]
?w7                     0x00000e         Data  Gb  vregs.o [4]
AWU_IRQHandler()        0x0094e6    0x1  Code  Gb  stm8l10x_it.o [1]
CLK_GetClockFreq()      0x009101   0x18  Code  Gb  stm8l10x_clk.o [1]
COMP_IRQHandler()       0x0094e9    0x1  Code  Gb  stm8l10x_it.o [1]
CSTACK$$Base            0x000500          --   Gb  - Linker created -
CSTACK$$Limit           0x000600          --   Gb  - Linker created -
DigitalOut<(Port_t)20490, (PIN_t)1, (Mode_t)6>::SetOutputMode()
                        0x0092d4    0xd  Code  Gb  i2c.o [1]
DigitalOut<(Port_t)20490, (PIN_t)2, (Mode_t)6>::SetOutputMode()
                        0x0092e1    0xd  Code  Gb  i2c.o [1]
Dummy_ISR()             0x0094f2    0x1  Code  Gb  system.o [1]
EXTI0_IRQHandler()      0x009119   0x18  Code  Gb  stm8l10x_it.o [1]
EXTI1_IRQHandler()      0x009131   0x18  Code  Gb  stm8l10x_it.o [1]
EXTI2_IRQHandler()      0x009149   0x18  Code  Gb  stm8l10x_it.o [1]
EXTI3_IRQHandler()      0x009161   0x18  Code  Gb  stm8l10x_it.o [1]
EXTI4_IRQHandler()      0x009179   0x18  Code  Gb  stm8l10x_it.o [1]
EXTI5_IRQHandler()      0x009191   0x18  Code  Gb  stm8l10x_it.o [1]
EXTI6_IRQHandler()      0x0091a9   0x18  Code  Gb  stm8l10x_it.o [1]
EXTI7_IRQHandler()      0x0091c1   0x18  Code  Gb  stm8l10x_it.o [1]
EXTIB_IRQHandler()      0x0094e7    0x1  Code  Gb  stm8l10x_it.o [1]
EXTID_IRQHandler()      0x0094e8    0x1  Code  Gb  stm8l10x_it.o [1]
EXTI_ISRs               0x000169   0x10  Data  Gb  system.o [1]
Err                     0x00019b    0x2  Data  Gb  i2c.o [1]
FLASH_IRQHandler()      0x0094e5    0x1  Code  Gb  stm8l10x_it.o [1]
HSIDivFactor            0x0094b2    0x4  Data  Lc  stm8l10x_clk.o [1]
I2CCallback()           0x0094a8    0x5  Code  Gb  i2c_tests.o [1]
I2CCallback()::count    0x0001a1    0x1  Data  Lc  i2c_tests.o [1]
I2CDevIntr              0x000010  0x158  Data  Gb  i2c_tests.o [1]
I2C_Cmd(FunctionalState)
                        0x0091f1   0x16  Code  Gb  stm8l10x_i2c.o [1]
I2C_IRQHandler()        0x009242   0x13  Code  Gb  stm8l10x_it.o [1]
I2C_Init(unsigned long, unsigned short, I2C_DutyCycle_TypeDef, I2C_Ack_TypeDef, I2C_AcknowledgedAddress_TypeDef)
                        0x00886b  0x15f  Code  Gb  stm8l10x_i2c.o [1]
I2c_Poll_Tests()        0x008080  0x253  Code  Gb  i2c_tests.o [1]
INTVEC$$Base            0x008000          --   Gb  - Linker created -
INTVEC$$Limit           0x008080          --   Gb  - Linker created -
Region$$Table$$Base     0x009099          --   Gb  - Linker created -
Region$$Table$$Limit    0x0090ab          --   Gb  - Linker created -
RepeatedStart           0x00019e    0x1  Data  Gb  i2c_tests.o [1]
RxBuf                   0x00018f    0xa  Data  Gb  i2c_tests.o [1]
RxLen                   0x0001a0    0x1  Data  Gb  i2c_tests.o [1]
SPI_IRQHandler()        0x0094ef    0x1  Code  Gb  stm8l10x_it.o [1]
SlaveAddress            0x000168    0x1  Data  Gb  i2c_tests.o [1]
Status                  0x00019d    0x1  Data  Gb  i2c_tests.o [1]
TIM2_CAP_IRQHandler()   0x0094eb    0x1  Code  Gb  stm8l10x_it.o [1]
TIM2_UPD_OVF_TRG_BRK_IRQHandler()
                        0x0094ea    0x1  Code  Gb  stm8l10x_it.o [1]
TIM3_CAP_IRQHandler()   0x0094ed    0x1  Code  Gb  stm8l10x_it.o [1]
TIM3_UPD_OVF_TRG_BRK_IRQHandler()
                        0x0094ec    0x1  Code  Gb  stm8l10x_it.o [1]
TIM4_UPD_OVF_IRQHandler()
                        0x0094ee    0x1  Code  Gb  stm8l10x_it.o [1]
TRAP_IRQHandler()       0x0094e4    0x1  Code  Gb  stm8l10x_it.o [1]
Transaction             0x000179    0xc  Data  Gb  i2c_tests.o [1]
TxBuf                   0x000185    0xa  Data  Gb  i2c_tests.o [1]
TxLen                   0x00019f    0x1  Data  Gb  i2c_tests.o [1]
USART_RX_IRQHandler()   0x0094f1    0x1  Code  Gb  stm8l10x_it.o [1]
USART_TX_IRQHandler()   0x0094f0    0x1  Code  Gb  stm8l10x_it.o [1]
__DebugBreak            0x0094f3    0x1  Code  Gb  __dbg_break.o [3]
__exit                  0x00921b   0x14  Code  Gb  __dbg_xxexit.o [3]
__iar_copy_init2        0x009028         Code  Gb  init_small.o [4]
__iar_data_init2        0x009207   0x14  Code  Gb  init.o [4]
__iar_program_start     0x009255         Code  Gb  cstartup.o [4]
__iar_unhandled_exception
                        0x0094df         Code  Gb  unhandled_exception.o [4]
__iar_zero_init2        0x0090cb         Code  Gb  init_small.o [4]
__intvec                0x008000         Data  Gb  interrupt.o [4]
__low_level_init        0x0094d9    0x3  Code  Gb  low_level_init.o [4]
_exit                   0x0094ad         Code  Gb  cexit.o [4]
_interrupt_1            0x0094e4         Code  Gb  stm8l10x_it.o [1]
_interrupt_10           0x009119         Code  Gb  stm8l10x_it.o [1]
_interrupt_11           0x009131         Code  Gb  stm8l10x_it.o [1]
_interrupt_12           0x009149         Code  Gb  stm8l10x_it.o [1]
_interrupt_13           0x009161         Code  Gb  stm8l10x_it.o [1]
_interrupt_14           0x009179         Code  Gb  stm8l10x_it.o [1]
_interrupt_15           0x009191         Code  Gb  stm8l10x_it.o [1]
_interrupt_16           0x0091a9         Code  Gb  stm8l10x_it.o [1]
_interrupt_17           0x0091c1         Code  Gb  stm8l10x_it.o [1]
_interrupt_20           0x0094e9         Code  Gb  stm8l10x_it.o [1]
_interrupt_21           0x0094ea         Code  Gb  stm8l10x_it.o [1]
_interrupt_22           0x0094eb         Code  Gb  stm8l10x_it.o [1]
_interrupt_23           0x0094ec         Code  Gb  stm8l10x_it.o [1]
_interrupt_24           0x0094ed         Code  Gb  stm8l10x_it.o [1]
_interrupt_27           0x0094ee         Code  Gb  stm8l10x_it.o [1]
_interrupt_28           0x0094ef         Code  Gb  stm8l10x_it.o [1]
_interrupt_29           0x0094f0         Code  Gb  stm8l10x_it.o [1]
_interrupt_3            0x0094e5         Code  Gb  stm8l10x_it.o [1]
_interrupt_30           0x0094f1         Code  Gb  stm8l10x_it.o [1]
_interrupt_31           0x009242         Code  Gb  stm8l10x_it.o [1]
_interrupt_6            0x0094e6         Code  Gb  stm8l10x_it.o [1]
_interrupt_8            0x0094e7         Code  Gb  stm8l10x_it.o [1]
_interrupt_9            0x0094e8         Code  Gb  stm8l10x_it.o [1]
assert_failed(unsigned char __near *, unsigned long)
                        0x0094e2    0x2  Code  Gb  main.o [1]
exit                    0x0094dc    0x3  Code  Gb  exit.o [4]
fail                    0x0001a3    0x1  Data  Lc  i2c_tests.o [1]
i2c::ADDR_Handler()     0x008ca8   0x88  Code  Gb  i2c.o [1]
i2c::HwInit()           0x008f1c   0x30  Code  Gb  i2c.o [1]
i2c::I2C_ISR()          0x0082d3  0x232  Code  Gb  i2c.o [1]
i2c::I2cLogStates(i2c::I2CLogs_t)
                        0x0090ab   0x20  Code  Gb  i2c.o [1]
i2c::PinsInit()         0x009268   0x11  Code  Gb  i2c.o [1]
i2c::ScanBus(unsigned char __near *, unsigned char)
                        0x008e93   0x4a  Code  Gb  i2c.o [1]
i2c::SendSlaveAddress(unsigned char, unsigned char)
                        0x008d30   0x7f  Code  Gb  i2c.o [1]
i2c::TxnDoneHandler(unsigned char)
                        0x008daf   0x76  Code  Gb  i2c.o [1]
i2c::WaitOnFlag(unsigned char volatile __near *, unsigned char, unsigned char, unsigned short)
                        0x009000   0x28  Code  Gb  i2c.o [1]
i2c::XferIntr(i2c::Transaction_t __near *)
                        0x008bcc   0xdc  Code  Gb  i2c.o [1]
i2c::XferPoll(unsigned char, unsigned char __near *, unsigned char, unsigned char __near *, unsigned char, unsigned char)
                        0x008505  0x1fd  Code  Gb  i2c.o [1]
i2c::m_i2c_this         0x000199    0x2  Data  Gb  i2c.o [1]
main                    0x009279   0x11  Code  Gb  main.o [1]
memcmp                  0x008f4c   0x30  Code  Gb  memcmp.o [4]
pass                    0x0001a2    0x1  Data  Lc  i2c_tests.o [1]
queue<unsigned char, unsigned char, (unsigned long)32>::Read(unsigned char __near *)
                        0x008f7c   0x2f  Code  Gb  i2c.o [1]
queue<unsigned char, unsigned char, (unsigned long)32>::Write(unsigned char)
                        0x008fab   0x2b  Code  Gb  i2c.o [1]


[1] = C:\Amit_Chaudhary\STM8\STM8L\Code\STM8L101F3_FW\STM8L101F3P6_CPP - GenericI2c\Debug\Obj
[2] = command line
[3] = dbgstm8smd.a
[4] = dlstm8smn.a

  4 743 bytes of readonly  code memory
    621 bytes of readonly  data memory
    676 bytes of readwrite data memory

Errors: none
Warnings: none
