###############################################################################
#
# IAR ELF Linker V3.11.1.207 for STM8                     18/Sep/2019  09:24:37
# Copyright 2010-2019 IAR Systems AB.
#
#    Output file  =  
#        C:\Amit_Chaudhary\STM8\STM8L101\code\STM8L101F3_FW\STM8L101F3P6_CPP -
#        Txn_SW\Debug\Exe\STM8L101F3_FW_CPP.out
#    Map file     =  
#        C:\Amit_Chaudhary\STM8\STM8L101\code\STM8L101F3_FW\STM8L101F3P6_CPP -
#        Txn_SW\Debug\List\STM8L101F3_FW_CPP.map
#    Command line =  
#        -f C:\Users\AMITCH~1\AppData\Local\Temp\EWC9C1.tmp
#        ("C:\Amit_Chaudhary\STM8\STM8L101\code\STM8L101F3_FW\STM8L101F3P6_CPP
#        - Txn_SW\Debug\Obj\CmdSvr.o"
#        "C:\Amit_Chaudhary\STM8\STM8L101\code\STM8L101F3_FW\STM8L101F3P6_CPP -
#        Txn_SW\Debug\Obj\gpio_tests.o"
#        "C:\Amit_Chaudhary\STM8\STM8L101\code\STM8L101F3_FW\STM8L101F3P6_CPP -
#        Txn_SW\Debug\Obj\i2c.o"
#        "C:\Amit_Chaudhary\STM8\STM8L101\code\STM8L101F3_FW\STM8L101F3P6_CPP -
#        Txn_SW\Debug\Obj\i2c_tests.o"
#        "C:\Amit_Chaudhary\STM8\STM8L101\code\STM8L101F3_FW\STM8L101F3P6_CPP -
#        Txn_SW\Debug\Obj\main.o"
#        "C:\Amit_Chaudhary\STM8\STM8L101\code\STM8L101F3_FW\STM8L101F3P6_CPP -
#        Txn_SW\Debug\Obj\stm8l10x_clk.o"
#        "C:\Amit_Chaudhary\STM8\STM8L101\code\STM8L101F3_FW\STM8L101F3P6_CPP -
#        Txn_SW\Debug\Obj\stm8l10x_i2c.o"
#        "C:\Amit_Chaudhary\STM8\STM8L101\code\STM8L101F3_FW\STM8L101F3P6_CPP -
#        Txn_SW\Debug\Obj\stm8l10x_it.o"
#        "C:\Amit_Chaudhary\STM8\STM8L101\code\STM8L101F3_FW\STM8L101F3P6_CPP -
#        Txn_SW\Debug\Obj\system.o" --redirect _Printf=_PrintfFullNoMb
#        --redirect _Scanf=_ScanfFullNoMb --no_out_extension -o
#        "C:\Amit_Chaudhary\STM8\STM8L101\code\STM8L101F3_FW\STM8L101F3P6_CPP -
#        Txn_SW\Debug\Exe\STM8L101F3_FW_CPP.out" --map
#        "C:\Amit_Chaudhary\STM8\STM8L101\code\STM8L101F3_FW\STM8L101F3P6_CPP -
#        Txn_SW\Debug\List\STM8L101F3_FW_CPP.map" --config "C:\Program Files
#        (x86)\IAR Systems\Embedded Workbench
#        8.3\stm8\config\lnkstm8l101f3.icf" --config_def _CSTACK_SIZE=0x100
#        --config_def _HEAP_SIZE=0x100 --entry __iar_program_start --debug_lib)
#
###############################################################################

*******************************************************************************
*** RUNTIME MODEL ATTRIBUTES
***

__SystemLibrary            = DLib
__code_model               = small
__core                     = stm8
__data_model               = medium
__dlib_file_descriptor     = 0
__dlib_full_locale_support = 0
__rt_version               = 4


*******************************************************************************
*** PLACEMENT SUMMARY
***

"A0":  place at start of [0x000000-0x0000ff] { rw section .vregs };
"A1":  place at end of [0x000000-0x0005ff] { block CSTACK };
"P2":  place in [from 0x000000 to 0x0005ff] {
          block HEAP, rw section __DLIB_PERTHREAD, rw section .far.bss,
          rw section .far.data, rw section .far.noinit,
          rw section .far_func.textrw, rw section .huge.bss,
          rw section .huge.data, rw section .huge.noinit,
          rw section .huge_func.textrw, rw section .iar.dynexit,
          rw section .near.bss, rw section .near.data, rw section .near.noinit,
          rw section .near_func.textrw };
"A2":  place at start of [0x008000-0x009fff] { block INTVEC };
"P3":  place in [from 0x008000 to 0x009fff] {
          ro section __DLIB_PERTHREAD_init, ro section .far.data_init,
          ro section .far_func.textrw_init, ro section .huge.data_init,
          ro section .huge_func.textrw_init, ro section .iar.init_table,
          ro section .init_array, ro section .near.data_init,
          ro section .near.rodata, ro section .near_func.text,
          ro section .near_func.textrw_init, ro section .tiny.data_init,
          ro section .tiny.rodata_init };
"P4":  place in [from 0x008000 to 0x009fff] {
          ro section .far.rodata, ro section .far_func.text };
"P5":  place in [from 0x008000 to 0x009fff] {
          ro section .huge.rodata, ro section .huge_func.text };
do not initialize {
   rw section .far.noinit, rw section .huge.noinit, rw section .near.noinit,
   rw section .tiny.noinit, rw section .vregs };
initialize by copy {
   rw section .far.bss, rw section .far.data, rw section .far_func.textrw,
   rw section .huge.bss, rw section .huge.data, rw section .huge_func.textrw,
   rw section .iar.dynexit, rw section .near.bss, rw section .near.data,
   rw section .near_func.textrw, rw section .tiny.bss, rw section .tiny.data,
   ro section .tiny.rodata };

No sections matched the following patterns:

  ro section .far.data_init          in "P3-P5"
  ro section .far.rodata             in "P3-P5"
  ro section .far_func.text          in "P3-P5"
  ro section .far_func.textrw_init   in "P3-P5"
  ro section .huge.data_init         in "P3-P5"
  ro section .huge.rodata            in "P3-P5"
  ro section .huge_func.text         in "P3-P5"
  ro section .huge_func.textrw_init  in "P3-P5"
  ro section .iar.init_table         in "P3-P5"
  ro section .near_func.textrw_init  in "P3-P5"
  ro section .tiny.data_init         in "P3-P5"
  ro section .tiny.rodata_init       in "P3-P5"
  ro section __DLIB_PERTHREAD_init   in "P3-P5"
  rw section .far.bss                in "P2"
  rw section .far.data               in "P2"
  rw section .far.noinit             in "P2"
  rw section .far_func.textrw        in "P2"
  rw section .huge.bss               in "P2"
  rw section .huge.data              in "P2"
  rw section .huge.noinit            in "P2"
  rw section .huge_func.textrw       in "P2"
  rw section .iar.dynexit            in "P2"
  rw section .near.noinit            in "P2"
  rw section .near_func.textrw       in "P2"
  rw section .tiny.bss               in "P1"
  rw section .tiny.data              in "P1"
  rw section .tiny.noinit            in "P1"
  rw section .tiny.rodata            in "P1"
  rw section __DLIB_PERTHREAD        in "P2"


  Section             Kind      Address    Size  Object
  -------             ----      -------    ----  ------
"A0":                                      0x10
  .vregs              uninit   0x000000    0x10  vregs.o [4]
                             - 0x000010    0x10

"P2", part 1 of 2:                         0x10
  P2-1                         0x000010    0x10  <Init block>
    .near.data        inited   0x000010    0x10  system.o [1]
                             - 0x000020    0x10

"P2", part 2 of 2:                        0x13e
  .near.bss           zero     0x000020   0x10a  i2c_tests.o [1]
  .near.bss           zero     0x00012a    0x10  i2c_tests.o [1]
  .near.bss           zero     0x00013a     0xf  i2c_tests.o [1]
  .near.bss           zero     0x000149     0xa  i2c_tests.o [1]
  .near.bss           zero     0x000153     0x6  CmdSvr.o [1]
  .near.bss           zero     0x000159     0x2  i2c.o [1]
  .near.bss           zero     0x00015b     0x2  i2c.o [1]
  .near.bss           zero     0x00015d     0x1  i2c_tests.o [1]
                             - 0x00015e   0x13e

"A1":                                     0x100
  CSTACK                       0x000500   0x100  <Block>
    CSTACK            uninit   0x000500   0x100  <Block tail>
                             - 0x000600   0x100

"A2":                                      0x80
  INTVEC                       0x008000    0x80  <Block>
    .intvec           const    0x008000    0x80  interrupt.o [4]
                             - 0x008080    0x80

"P3-P5":                                 0x1406
  .near_func.text     ro code  0x008080   0x36a  i2c.o [1]
  .near_func.text     ro code  0x0083ea   0x1f9  stm8l10x_i2c.o [1]
  .near_func.text     ro code  0x0085e3   0x1ac  i2c.o [1]
  .near_func.text     ro code  0x00878f   0x130  i2c.o [1]
  .near_func.text     ro code  0x0088bf   0x117  i2c.o [1]
  .near_func.text     ro code  0x0089d6   0x110  long.o [4]
  .near_func.text     ro code  0x008ae6    0xef  i2c.o [1]
  .near_func.text     ro code  0x008bd5    0xcb  vreg_util.o [4]
  .near_func.text     ro code  0x008ca0    0x9b  i2c_tests.o [1]
  .near_func.text     ro code  0x008d3b    0x97  i2c.o [1]
  .near.rodata        const    0x008dd2    0x7a  stm8l10x_i2c.o [1]
  .near_func.text     ro code  0x008e4c    0x6e  i2c.o [1]
  .near_func.text     ro code  0x008eba    0x60  i2c.o [1]
  .near_func.text     ro code  0x008f1a    0x4f  i2c.o [1]
  .near_func.text     ro code  0x008f69    0x47  i2c.o [1]
  .near_func.text     ro code  0x008fb0    0x3f  short.o [4]
  .near_func.text     ro code  0x008fef    0x3d  i2c_tests.o [1]
  .near_func.text     ro code  0x00902c    0x3c  stm8l10x_clk.o [1]
  .near_func.text     ro code  0x009068    0x35  i2c.o [1]
  .near_func.text     ro code  0x00909d    0x33  i2c.o [1]
  .near_func.text     ro code  0x0090d0    0x2f  stm8l10x_i2c.o [1]
  .near_func.text     ro code  0x0090ff    0x2e  i2c.o [1]
  .near_func.text     ro code  0x00912d    0x28  init_small.o [4]
  .near_func.text     ro code  0x009155    0x27  i2c.o [1]
  .near_func.text     ro code  0x00917c    0x25  dc_util.o [4]
  .iar.init_table     const    0x0091a1    0x12  - Linker created -
  .near_func.text     ro code  0x0091b3    0x1e  init_small.o [4]
  .near_func.text     ro code  0x0091d1    0x1d  CmdSvr.o [1]
  .near_func.text     ro code  0x0091ee    0x1d  cstartup.o [4]
  .near_func.text     ro code  0x00920b    0x1d  cppinit.o [4]
  .near_func.text     ro code  0x009228    0x1b  stm8l10x_it.o [1]
  .near_func.text     ro code  0x009243    0x1b  stm8l10x_it.o [1]
  .near_func.text     ro code  0x00925e    0x1b  stm8l10x_it.o [1]
  .near_func.text     ro code  0x009279    0x1b  stm8l10x_it.o [1]
  .near_func.text     ro code  0x009294    0x1b  stm8l10x_it.o [1]
  .near_func.text     ro code  0x0092af    0x1b  stm8l10x_it.o [1]
  .near_func.text     ro code  0x0092ca    0x1b  stm8l10x_it.o [1]
  .near_func.text     ro code  0x0092e5    0x1b  stm8l10x_it.o [1]
  .near_func.text     ro code  0x009300    0x1a  i2c.o [1]
  .near.rodata        const    0x00931a    0x19  CmdSvr.o [1]
  .near.rodata        const    0x009333    0x19  CmdSvr.o [1]
  .near_func.text     ro code  0x00934c    0x18  long_util.o [4]
  .near_func.text     ro code  0x009364    0x16  stm8l10x_it.o [1]
  .near_func.text     ro code  0x00937a    0x14  init.o [4]
  .near_func.text     ro code  0x00938e    0x14  __dbg_xxexit.o [3]
  .near_func.text     ro code  0x0093a2    0x12  main.o [1]
  Initializer bytes   const    0x0093b4    0x10  <for P2-1>
  .near_func.text     ro code  0x0093c4     0xd  i2c.o [1]
  .near_func.text     ro code  0x0093d1     0xd  i2c.o [1]
  .near_func.text     ro code  0x0093de     0xd  i2c.o [1]
  .near_func.text     ro code  0x0093eb     0xd  i2c.o [1]
  .near_func.text     ro code  0x0093f8     0xd  move.o [4]
  .near_func.text     ro code  0x009405     0xb  i2c.o [1]
  .near_func.text     ro code  0x009410     0xb  i2c.o [1]
  .near_func.text     ro code  0x00941b     0x9  i2c.o [1]
  .near_func.text     ro code  0x009424     0x5  i2c.o [1]
  .near_func.text     ro code  0x009429     0x5  i2c.o [1]
  .near_func.text     ro code  0x00942e     0x5  i2c.o [1]
  .near_func.text     ro code  0x009433     0x5  i2c.o [1]
  .near_func.text     ro code  0x009438     0x5  i2c.o [1]
  .near_func.text     ro code  0x00943d     0x5  i2c.o [1]
  .near_func.text     ro code  0x009442     0x5  i2c.o [1]
  .near_func.text     ro code  0x009447     0x5  i2c.o [1]
  .near_func.text     ro code  0x00944c     0x5  i2c.o [1]
  .near_func.text     ro code  0x009451     0x5  i2c_tests.o [1]
  .near_func.text     ro code  0x009456     0x5  cexit.o [4]
  .near.rodata        const    0x00945b     0x4  stm8l10x_clk.o [1]
  .near.rodata        const    0x00945f     0x3  CmdSvr.o [1]
  .near.rodata        const    0x009462     0x3  CmdSvr.o [1]
  .near_func.text     ro code  0x009465     0x3  interrupt.o [4]
  .near_func.text     ro code  0x009468     0x3  low_level_init.o [4]
  .near_func.text     ro code  0x00946b     0x3  exit.o [4]
  .near_func.text     ro code  0x00946e     0x3  unhandled_exception.o [4]
  .near_func.text     ro code  0x009471     0x2  main.o [1]
  SHT$$PREINIT_ARRAY           0x009473     0x0  <Block>
  SHT$$INIT_ARRAY              0x009473     0x2  <Block>
    .difunct          const    0x009473     0x2  CmdSvr.o [1]
  .near_func.text     ro code  0x009475     0x1  i2c.o [1]
  .near_func.text     ro code  0x009476     0x1  stm8l10x_it.o [1]
  .near_func.text     ro code  0x009477     0x1  stm8l10x_it.o [1]
  .near_func.text     ro code  0x009478     0x1  stm8l10x_it.o [1]
  .near_func.text     ro code  0x009479     0x1  stm8l10x_it.o [1]
  .near_func.text     ro code  0x00947a     0x1  stm8l10x_it.o [1]
  .near_func.text     ro code  0x00947b     0x1  stm8l10x_it.o [1]
  .near_func.text     ro code  0x00947c     0x1  stm8l10x_it.o [1]
  .near_func.text     ro code  0x00947d     0x1  stm8l10x_it.o [1]
  .near_func.text     ro code  0x00947e     0x1  stm8l10x_it.o [1]
  .near_func.text     ro code  0x00947f     0x1  stm8l10x_it.o [1]
  .near_func.text     ro code  0x009480     0x1  stm8l10x_it.o [1]
  .near_func.text     ro code  0x009481     0x1  stm8l10x_it.o [1]
  .near_func.text     ro code  0x009482     0x1  stm8l10x_it.o [1]
  .near_func.text     ro code  0x009483     0x1  stm8l10x_it.o [1]
  .near_func.text     ro code  0x009484     0x1  system.o [1]
  .near_func.text     ro code  0x009485     0x1  __dbg_break.o [3]
                             - 0x009486  0x1406


*******************************************************************************
*** INIT TABLE
***

          Address   Size
          -------   ----
Zero (__iar_zero_init2)
    1 destination range, total size 0x13e:
          0x000020  0x13e

Copy (__iar_copy_init2)
    1 source range, total size 0x10:
          0x0093b4   0x10
    1 destination range, total size 0x10:
          0x000010   0x10



*******************************************************************************
*** MODULE SUMMARY
***

    Module                 ro code  ro data  rw data
    ------                 -------  -------  -------
C:\Amit_Chaudhary\STM8\STM8L101\code\STM8L101F3_FW\STM8L101F3P6_CPP - Txn_SW\Debug\Obj: [1]
    CmdSvr.o                    29       58        6
    i2c.o                    2 975                 4
    i2c_tests.o                221               308
    main.o                      20
    stm8l10x_clk.o              60        4
    stm8l10x_i2c.o             552      122
    stm8l10x_it.o              252
    system.o                     1       16       16
    ------------------------------------------------
    Total:                   4 110      200      334

command line: [2]
    ------------------------------------------------
    Total:

dbgstm8smd.a: [3]
    __dbg_break.o                1
    __dbg_xxexit.o              20
    ------------------------------------------------
    Total:                      21

dlstm8smn.a: [4]
    cexit.o                      5
    cppinit.o                   29
    cstartup.o                  29
    dc_util.o                   37
    exit.o                       3
    init.o                      20
    init_small.o                70
    interrupt.o                  3      128
    long.o                     272
    long_util.o                 24
    low_level_init.o             3
    move.o                      13
    short.o                     63
    unhandled_exception.o        3
    vreg_util.o                203
    vregs.o                                       16
    ------------------------------------------------
    Total:                     777      128       16

    Linker created                       18      256
----------------------------------------------------
    Grand Total:             4 908      346      606


*******************************************************************************
*** ENTRY LIST
***

Entry                    Address   Size  Type      Object
-----                    -------   ----  ----      ------
.iar.init_table$$Base   0x0091a1          --   Gb  - Linker created -
.iar.init_table$$Limit  0x0091b3          --   Gb  - Linker created -
??call_ctors            0x0091fb         Code  Gb  cstartup.o [4]
?b0                     0x000000         Data  Gb  vregs.o [4]
?b1                     0x000001         Data  Gb  vregs.o [4]
?b10                    0x00000a         Data  Gb  vregs.o [4]
?b11                    0x00000b         Data  Gb  vregs.o [4]
?b12                    0x00000c         Data  Gb  vregs.o [4]
?b13                    0x00000d         Data  Gb  vregs.o [4]
?b14                    0x00000e         Data  Gb  vregs.o [4]
?b15                    0x00000f         Data  Gb  vregs.o [4]
?b2                     0x000002         Data  Gb  vregs.o [4]
?b3                     0x000003         Data  Gb  vregs.o [4]
?b4                     0x000004         Data  Gb  vregs.o [4]
?b5                     0x000005         Data  Gb  vregs.o [4]
?b6                     0x000006         Data  Gb  vregs.o [4]
?b7                     0x000007         Data  Gb  vregs.o [4]
?b8                     0x000008         Data  Gb  vregs.o [4]
?b9                     0x000009         Data  Gb  vregs.o [4]
?dc32_l0                0x00917c         Code  Gb  dc_util.o [4]
?dc32_l1                0x009189         Code  Gb  dc_util.o [4]
?dc32_px                0x009196         Code  Gb  dc_util.o [4]
?e0                     0x000001         Data  Gb  vregs.o [4]
?e1                     0x000005         Data  Gb  vregs.o [4]
?e2                     0x000009         Data  Gb  vregs.o [4]
?e3                     0x00000d         Data  Gb  vregs.o [4]
?epilogue_l2            0x008c64         Code  Gb  vreg_util.o [4]
?epilogue_l2_l3         0x008c61         Code  Gb  vreg_util.o [4]
?epilogue_w4            0x008c68         Code  Gb  vreg_util.o [4]
?l0                     0x000000         Data  Gb  vregs.o [4]
?l1                     0x000004         Data  Gb  vregs.o [4]
?l2                     0x000008         Data  Gb  vregs.o [4]
?l3                     0x00000c         Data  Gb  vregs.o [4]
?load32_l0_0x           0x00934c         Code  Gb  long_util.o [4]
?load32_l1_0x           0x009358         Code  Gb  long_util.o [4]
?mov_e0_e2              0x008c6f         Code  Gb  vreg_util.o [4]
?mov_e0_e3              0x008c7c         Code  Gb  vreg_util.o [4]
?mov_e2_e0              0x008c89         Code  Gb  vreg_util.o [4]
?mov_e3_e0              0x008c96         Code  Gb  vreg_util.o [4]
?mov_l0_l2              0x008c6c         Code  Gb  vreg_util.o [4]
?mov_l0_l3              0x008c79         Code  Gb  vreg_util.o [4]
?mov_l2_l0              0x008c86         Code  Gb  vreg_util.o [4]
?mov_l3_l0              0x008c93         Code  Gb  vreg_util.o [4]
?mov_w1_w5              0x008c72         Code  Gb  vreg_util.o [4]
?mov_w1_w7              0x008c7f         Code  Gb  vreg_util.o [4]
?mov_w5_w1              0x008c8c         Code  Gb  vreg_util.o [4]
?mov_w7_w1              0x008c99         Code  Gb  vreg_util.o [4]
?move1616_v_x_y_a       0x0093f8         Code  Gb  move.o [4]
?mul16_x_x_w0           0x008fb0         Code  Gb  short.o [4]
?mul32_l0_l0_0x         0x0089d9         Code  Gb  long.o [4]
?mul32_l0_l0_dl         0x0089d6         Code  Gb  long.o [4]
?mul32_l0_l0_l1         0x0089e2         Code  Gb  long.o [4]
?pop_l0                 0x008c2d         Code  Gb  vreg_util.o [4]
?pop_l1                 0x008c38         Code  Gb  vreg_util.o [4]
?pop_l2                 0x008c43         Code  Gb  vreg_util.o [4]
?pop_l3                 0x008c4e         Code  Gb  vreg_util.o [4]
?pop_w4                 0x008bed         Code  Gb  vreg_util.o [4]
?push_l0                0x008bfc         Code  Gb  vreg_util.o [4]
?push_l1                0x008c01         Code  Gb  vreg_util.o [4]
?push_l2                0x008c06         Code  Gb  vreg_util.o [4]
?push_l3                0x008c0b         Code  Gb  vreg_util.o [4]
?push_w4                0x008bd5         Code  Gb  vreg_util.o [4]
?sdiv16_x_x_y           0x008fce         Code  Gb  short.o [4]
?sll32_0x_0x_a          0x008ad8         Code  Gb  long.o [4]
?sll32_l0_l0_a          0x008ad5         Code  Gb  long.o [4]
?srl16_x_x_4            0x008fea         Code  Gb  short.o [4]
?srl16_x_x_5            0x008fe9         Code  Gb  short.o [4]
?srl16_x_x_6            0x008fe8         Code  Gb  short.o [4]
?srl16_x_x_7            0x008fe7         Code  Gb  short.o [4]
?udiv32_l0_dl_l1        0x008a60         Code  Gb  long.o [4]
?udiv32_l0_l0_dl        0x008a65         Code  Gb  long.o [4]
?udiv32_l0_l0_l1        0x008a68         Code  Gb  long.o [4]
?umod32_l1_l0_l1        0x008a68         Code  Gb  long.o [4]
?w0                     0x000000         Data  Gb  vregs.o [4]
?w1                     0x000002         Data  Gb  vregs.o [4]
?w2                     0x000004         Data  Gb  vregs.o [4]
?w3                     0x000006         Data  Gb  vregs.o [4]
?w4                     0x000008         Data  Gb  vregs.o [4]
?w5                     0x00000a         Data  Gb  vregs.o [4]
?w6                     0x00000c         Data  Gb  vregs.o [4]
?w7                     0x00000e         Data  Gb  vregs.o [4]
AWU_IRQHandler()        0x009478    0x1  Code  Gb  stm8l10x_it.o [1]
CLK_GetClockFreq()      0x00902c   0x3c  Code  Gb  stm8l10x_clk.o [1]
COMP_IRQHandler()       0x00947b    0x1  Code  Gb  stm8l10x_it.o [1]
CSTACK$$Base            0x000500          --   Gb  - Linker created -
CSTACK$$Limit           0x000600          --   Gb  - Linker created -
CmdTables               0x000153    0x6  Data  Gb  CmdSvr.o [1]
DigitalOut<(Port_t)20490, (PIN_t)1, (Mode_t)6>::HwInit()
                        0x0093c4    0xd  Code  Gb  i2c.o [1]
DigitalOut<(Port_t)20490, (PIN_t)1, (Mode_t)6>::SetOutputMode()
                        0x0093de    0xd  Code  Gb  i2c.o [1]
DigitalOut<(Port_t)20490, (PIN_t)2, (Mode_t)6>::HwInit()
                        0x0093d1    0xd  Code  Gb  i2c.o [1]
DigitalOut<(Port_t)20490, (PIN_t)2, (Mode_t)6>::SetOutputMode()
                        0x0093eb    0xd  Code  Gb  i2c.o [1]
Dummy_ISR()             0x009484    0x1  Code  Gb  system.o [1]
EXTI0_IRQHandler()      0x009228   0x1b  Code  Gb  stm8l10x_it.o [1]
EXTI1_IRQHandler()      0x009243   0x1b  Code  Gb  stm8l10x_it.o [1]
EXTI2_IRQHandler()      0x00925e   0x1b  Code  Gb  stm8l10x_it.o [1]
EXTI3_IRQHandler()      0x009279   0x1b  Code  Gb  stm8l10x_it.o [1]
EXTI4_IRQHandler()      0x009294   0x1b  Code  Gb  stm8l10x_it.o [1]
EXTI5_IRQHandler()      0x0092af   0x1b  Code  Gb  stm8l10x_it.o [1]
EXTI6_IRQHandler()      0x0092ca   0x1b  Code  Gb  stm8l10x_it.o [1]
EXTI7_IRQHandler()      0x0092e5   0x1b  Code  Gb  stm8l10x_it.o [1]
EXTIB_IRQHandler()      0x009479    0x1  Code  Gb  stm8l10x_it.o [1]
EXTID_IRQHandler()      0x00947a    0x1  Code  Gb  stm8l10x_it.o [1]
EXTI_ISRs               0x000010   0x10  Data  Gb  system.o [1]
Err                     0x00015b    0x2  Data  Gb  i2c.o [1]
FLASH_IRQHandler()      0x009477    0x1  Code  Gb  stm8l10x_it.o [1]
HSIDivFactor            0x00945b    0x4  Data  Lc  stm8l10x_clk.o [1]
I2CDevIntr              0x000020  0x10a  Data  Gb  i2c_tests.o [1]
I2C_Cmd(FunctionalState)
                        0x0090d0   0x2f  Code  Gb  stm8l10x_i2c.o [1]
I2C_CmdTable            0x00945f    0x3  Data  Lc  CmdSvr.o [1]
I2C_Cmds                0x00931a   0x19  Data  Lc  CmdSvr.o [1]
I2C_IRQHandler()        0x009364   0x16  Code  Gb  stm8l10x_it.o [1]
I2C_Init(unsigned long, unsigned short, I2C_DutyCycle_TypeDef, I2C_Ack_TypeDef, I2C_AcknowledgedAddress_TypeDef)
                        0x0083ea  0x1f9  Code  Gb  stm8l10x_i2c.o [1]
I2C_Slave_Callback(i2c::I2CStatus_t)
                        0x008ca0   0x9b  Code  Gb  i2c_tests.o [1]
I2C_Slave_Callback(i2c::I2CStatus_t)::Ack_Fail_Count
                        0x00015d    0x1  Data  Lc  i2c_tests.o [1]
I2C_Slave_Tests()       0x008fef   0x3d  Code  Gb  i2c_tests.o [1]
INTVEC$$Base            0x008000          --   Gb  - Linker created -
INTVEC$$Limit           0x008080          --   Gb  - Linker created -
Region$$Table$$Base     0x0091a1          --   Gb  - Linker created -
Region$$Table$$Limit    0x0091b3          --   Gb  - Linker created -
RxBuf                   0x00013a    0xf  Data  Gb  i2c_tests.o [1]
SHT$$INIT_ARRAY$$Base   0x009473          --   Gb  - Linker created -
SHT$$INIT_ARRAY$$Limit  0x009475          --   Gb  - Linker created -
SHT$$PREINIT_ARRAY$$Base
                        0x009473          --   Gb  - Linker created -
SHT$$PREINIT_ARRAY$$Limit
                        0x009473          --   Gb  - Linker created -
SPI_CmdTable            0x009462    0x3  Data  Lc  CmdSvr.o [1]
SPI_Cmds                0x009333   0x19  Data  Lc  CmdSvr.o [1]
SPI_IRQHandler()        0x009481    0x1  Code  Gb  stm8l10x_it.o [1]
SlaveTxn                0x000149    0xa  Data  Gb  i2c_tests.o [1]
TIM2_CAP_IRQHandler()   0x00947d    0x1  Code  Gb  stm8l10x_it.o [1]
TIM2_UPD_OVF_TRG_BRK_IRQHandler()
                        0x00947c    0x1  Code  Gb  stm8l10x_it.o [1]
TIM3_CAP_IRQHandler()   0x00947f    0x1  Code  Gb  stm8l10x_it.o [1]
TIM3_UPD_OVF_TRG_BRK_IRQHandler()
                        0x00947e    0x1  Code  Gb  stm8l10x_it.o [1]
TIM4_UPD_OVF_IRQHandler()
                        0x009480    0x1  Code  Gb  stm8l10x_it.o [1]
TRAP_IRQHandler()       0x009476    0x1  Code  Gb  stm8l10x_it.o [1]
TxBuf                   0x00012a   0x10  Data  Gb  i2c_tests.o [1]
USART_RX_IRQHandler()   0x009483    0x1  Code  Gb  stm8l10x_it.o [1]
USART_TX_IRQHandler()   0x009482    0x1  Code  Gb  stm8l10x_it.o [1]
__DebugBreak            0x009485    0x1  Code  Gb  __dbg_break.o [3]
__call_ctors            0x00920b   0x1d  Code  Gb  cppinit.o [4]
__exit                  0x00938e   0x14  Code  Gb  __dbg_xxexit.o [3]
__iar_copy_init2        0x00912d         Code  Gb  init_small.o [4]
__iar_cstart_call_ctors
                        0x0091fb         Code  Gb  cstartup.o [4]
__iar_data_init2        0x00937a   0x14  Code  Gb  init.o [4]
__iar_program_start     0x0091ee         Code  Gb  cstartup.o [4]
__iar_unhandled_exception
                        0x00946e         Code  Gb  unhandled_exception.o [4]
__iar_zero_init2        0x0091b3         Code  Gb  init_small.o [4]
__intvec                0x008000         Data  Gb  interrupt.o [4]
__low_level_init        0x009468    0x3  Code  Gb  low_level_init.o [4]
__sti__routine          0x0091d1   0x1d  Code  Lc  CmdSvr.o [1]
_exit                   0x009456         Code  Gb  cexit.o [4]
_interrupt_1            0x009476         Code  Gb  stm8l10x_it.o [1]
_interrupt_10           0x009228         Code  Gb  stm8l10x_it.o [1]
_interrupt_11           0x009243         Code  Gb  stm8l10x_it.o [1]
_interrupt_12           0x00925e         Code  Gb  stm8l10x_it.o [1]
_interrupt_13           0x009279         Code  Gb  stm8l10x_it.o [1]
_interrupt_14           0x009294         Code  Gb  stm8l10x_it.o [1]
_interrupt_15           0x0092af         Code  Gb  stm8l10x_it.o [1]
_interrupt_16           0x0092ca         Code  Gb  stm8l10x_it.o [1]
_interrupt_17           0x0092e5         Code  Gb  stm8l10x_it.o [1]
_interrupt_20           0x00947b         Code  Gb  stm8l10x_it.o [1]
_interrupt_21           0x00947c         Code  Gb  stm8l10x_it.o [1]
_interrupt_22           0x00947d         Code  Gb  stm8l10x_it.o [1]
_interrupt_23           0x00947e         Code  Gb  stm8l10x_it.o [1]
_interrupt_24           0x00947f         Code  Gb  stm8l10x_it.o [1]
_interrupt_27           0x009480         Code  Gb  stm8l10x_it.o [1]
_interrupt_28           0x009481         Code  Gb  stm8l10x_it.o [1]
_interrupt_29           0x009482         Code  Gb  stm8l10x_it.o [1]
_interrupt_3            0x009477         Code  Gb  stm8l10x_it.o [1]
_interrupt_30           0x009483         Code  Gb  stm8l10x_it.o [1]
_interrupt_31           0x009364         Code  Gb  stm8l10x_it.o [1]
_interrupt_6            0x009478         Code  Gb  stm8l10x_it.o [1]
_interrupt_8            0x009479         Code  Gb  stm8l10x_it.o [1]
_interrupt_9            0x00947a         Code  Gb  stm8l10x_it.o [1]
assert_failed(unsigned char __near *, unsigned long)
                        0x009471    0x2  Code  Gb  main.o [1]
exit                    0x00946b    0x3  Code  Gb  exit.o [4]
i2c::ADD10_Handler()    0x009475    0x1  Code  Gb  i2c.o [1]
i2c::ADDR_Handler()     0x0088bf  0x117  Code  Gb  i2c.o [1]
i2c::AF_Handler()       0x008eba   0x60  Code  Gb  i2c.o [1]
i2c::BTF_Handler()      0x008080  0x36a  Code  Gb  i2c.o [1]
i2c::ClearADDR()        0x009405    0xb  Code  Gb  i2c.o [1]
i2c::ClearAF()          0x009438    0x5  Code  Gb  i2c.o [1]
i2c::ClearSTOPF()       0x009410    0xb  Code  Gb  i2c.o [1]
i2c::ClockEnable()      0x00944c    0x5  Code  Gb  i2c.o [1]
i2c::DisableACK()       0x009433    0x5  Code  Gb  i2c.o [1]
i2c::Disable_BUF_Interrupt()
                        0x009447    0x5  Code  Gb  i2c.o [1]
i2c::Disable_EVT_BUF_ERR_Interrupt()
                        0x00941b    0x9  Code  Gb  i2c.o [1]
i2c::EnableACK()        0x00942e    0x5  Code  Gb  i2c.o [1]
i2c::Enable_BUF_Interrupt()
                        0x009442    0x5  Code  Gb  i2c.o [1]
i2c::Enable_EVT_BUF_ERR_Interrupt()
                        0x00943d    0x5  Code  Gb  i2c.o [1]
i2c::GenerateStart()    0x009424    0x5  Code  Gb  i2c.o [1]
i2c::GenerateStop()     0x009429    0x5  Code  Gb  i2c.o [1]
i2c::GetState()         0x009451    0x5  Code  Gb  i2c_tests.o [1]
i2c::HwInit()           0x00909d   0x33  Code  Gb  i2c.o [1]
i2c::I2C_ISR()          0x008d3b   0x97  Code  Gb  i2c.o [1]
i2c::I2cLogStates(i2c::I2CLogs_t)
                        0x009068   0x35  Code  Gb  i2c.o [1]
i2c::PinsInit()         0x009300   0x1a  Code  Gb  i2c.o [1]
i2c::RXNE_Handler()     0x0085e3  0x1ac  Code  Gb  i2c.o [1]
i2c::SB_Handler()       0x008e4c   0x6e  Code  Gb  i2c.o [1]
i2c::STOPF_Handler()    0x008f69   0x47  Code  Gb  i2c.o [1]
i2c::SlaveStartListening(i2c::SlaveTxn_t __near *)
                        0x008f1a   0x4f  Code  Gb  i2c.o [1]
i2c::SwitchSlaveBuf(i2c::SlaveTxn_t __near *)
                        0x009155   0x27  Code  Gb  i2c.o [1]
i2c::TXE_Handler()      0x00878f  0x130  Code  Gb  i2c.o [1]
i2c::TxnDoneHandler(unsigned char)
                        0x008ae6   0xef  Code  Gb  i2c.o [1]
i2c::WaitOnFlag(unsigned char volatile __near *, unsigned char, unsigned char, unsigned short)
                        0x0090ff   0x2e  Code  Gb  i2c.o [1]
i2c::m_i2c_this         0x000159    0x2  Data  Gb  i2c.o [1]
main                    0x0093a2   0x12  Code  Gb  main.o [1]


[1] = C:\Amit_Chaudhary\STM8\STM8L101\code\STM8L101F3_FW\STM8L101F3P6_CPP - Txn_SW\Debug\Obj
[2] = command line
[3] = dbgstm8smd.a
[4] = dlstm8smn.a

  4 908 bytes of readonly  code memory
    346 bytes of readonly  data memory
    606 bytes of readwrite data memory

Errors: none
Warnings: none
